2026-05-30 16:04:27.667 [info] [main] Log level: Info
2026-05-30 16:04:27.667 [info] [main] Validating found git in: "git"
2026-05-30 16:04:27.667 [info] [main] Using git "2.54.0" from "git"
2026-05-30 16:04:27.667 [info] [Model][doInitialScan] Initial repository scan started
2026-05-30 16:04:27.667 [info] > git rev-parse --show-toplevel [20ms]
2026-05-30 16:04:27.667 [info] fatal: not a git repository (or any parent up to mount point /)
Stopping at filesystem boundary (GIT_DISCOVERY_ACROSS_FILESYSTEM not set).
2026-05-30 16:04:27.667 [info] > git rev-parse --show-toplevel [1ms]
2026-05-30 16:04:27.667 [info] fatal: not a git repository (or any parent up to mount point /)
Stopping at filesystem boundary (GIT_DISCOVERY_ACROSS_FILESYSTEM not set).
2026-05-30 16:04:27.671 [info] > git rev-parse --show-toplevel [21ms]
2026-05-30 16:04:27.671 [info] fatal: not a git repository (or any parent up to mount point /)
Stopping at filesystem boundary (GIT_DISCOVERY_ACROSS_FILESYSTEM not set).
2026-05-30 16:04:27.678 [info] > git rev-parse --show-toplevel [2ms]
2026-05-30 16:04:27.678 [info] fatal: not a git repository (or any parent up to mount point /)
Stopping at filesystem boundary (GIT_DISCOVERY_ACROSS_FILESYSTEM not set).
2026-05-30 16:04:27.683 [info] > git rev-parse --show-toplevel [1ms]
2026-05-30 16:04:27.683 [info] fatal: not a git repository (or any parent up to mount point /)
Stopping at filesystem boundary (GIT_DISCOVERY_ACROSS_FILESYSTEM not set).
2026-05-30 16:04:27.687 [info] > git rev-parse --show-toplevel [0ms]
2026-05-30 16:04:27.687 [info] fatal: not a git repository (or any parent up to mount point /)
Stopping at filesystem boundary (GIT_DISCOVERY_ACROSS_FILESYSTEM not set).
2026-05-30 16:04:27.690 [info] > git rev-parse --show-toplevel [1ms]
2026-05-30 16:04:27.690 [info] fatal: not a git repository (or any parent up to mount point /)
Stopping at filesystem boundary (GIT_DISCOVERY_ACROSS_FILESYSTEM not set).
2026-05-30 16:04:27.694 [info] > git rev-parse --show-toplevel [1ms]
2026-05-30 16:04:27.694 [info] fatal: not a git repository (or any parent up to mount point /)
Stopping at filesystem boundary (GIT_DISCOVERY_ACROSS_FILESYSTEM not set).
2026-05-30 16:04:27.700 [info] > git rev-parse --show-toplevel [3ms]
2026-05-30 16:04:27.700 [info] fatal: not a git repository (or any parent up to mount point /)
Stopping at filesystem boundary (GIT_DISCOVERY_ACROSS_FILESYSTEM not set).
2026-05-30 16:04:27.704 [info] > git rev-parse --show-toplevel [1ms]
2026-05-30 16:04:27.704 [info] fatal: not a git repository (or any parent up to mount point /)
Stopping at filesystem boundary (GIT_DISCOVERY_ACROSS_FILESYSTEM not set).
2026-05-30 16:04:27.704 [info] [Model][doInitialScan] Initial repository scan completed - repositories (0), closed repositories (0), parent repositories (0), unsafe repositories (0)
2026-05-30 16:04:27.738 [info] > git rev-parse --show-toplevel [1ms]
2026-05-30 16:04:27.738 [info] fatal: not a git repository (or any parent up to mount point /)
Stopping at filesystem boundary (GIT_DISCOVERY_ACROSS_FILESYSTEM not set).
2026-05-30 16:04:28.336 [info] > git rev-parse --show-toplevel [2ms]
2026-05-30 16:04:28.336 [info] fatal: not a git repository (or any parent up to mount point /)
Stopping at filesystem boundary (GIT_DISCOVERY_ACROSS_FILESYSTEM not set).
2026-05-30 16:10:24.157 [info] > git rev-parse --show-toplevel [1ms]
2026-05-30 16:10:24.157 [info] fatal: not a git repository (or any parent up to mount point /)
Stopping at filesystem boundary (GIT_DISCOVERY_ACROSS_FILESYSTEM not set).
2026-05-30 16:10:34.519 [info] > git rev-parse --show-toplevel [1ms]
2026-05-30 16:10:34.519 [info] fatal: not a git repository (or any parent up to mount point /)
Stopping at filesystem boundary (GIT_DISCOVERY_ACROSS_FILESYSTEM not set).
2026-05-30 16:10:35.791 [info] > git rev-parse --show-toplevel [1ms]
2026-05-30 16:10:35.791 [info] fatal: not a git repository (or any parent up to mount point /)
Stopping at filesystem boundary (GIT_DISCOVERY_ACROSS_FILESYSTEM not set).
2026-05-30 16:10:36.213 [info] > git rev-parse --show-toplevel [1ms]
2026-05-30 16:10:36.213 [info] fatal: not a git repository (or any parent up to mount point /)
Stopping at filesystem boundary (GIT_DISCOVERY_ACROSS_FILESYSTEM not set).
2026-05-30 16:12:41.043 [info] > git rev-parse --show-toplevel [1ms]
2026-05-30 16:12:41.043 [info] fatal: not a git repository (or any parent up to mount point /)
Stopping at filesystem boundary (GIT_DISCOVERY_ACROSS_FILESYSTEM not set).
2026-05-30 16:12:41.385 [info] > git rev-parse --show-toplevel [1ms]
2026-05-30 16:12:41.385 [info] fatal: not a git repository (or any parent up to mount point /)
Stopping at filesystem boundary (GIT_DISCOVERY_ACROSS_FILESYSTEM not set).
2026-05-30 16:13:06.219 [info] > git rev-parse --show-toplevel [1ms]
2026-05-30 16:13:06.219 [info] fatal: not a git repository (or any parent up to mount point /)
Stopping at filesystem boundary (GIT_DISCOVERY_ACROSS_FILESYSTEM not set).
2026-05-30 16:13:22.620 [info] > git rev-parse --show-toplevel [1ms]
2026-05-30 16:13:22.620 [info] fatal: not a git repository (or any parent up to mount point /)
Stopping at filesystem boundary (GIT_DISCOVERY_ACROSS_FILESYSTEM not set).
2026-05-30 16:18:56.641 [info] > git rev-parse --show-toplevel [1ms]
2026-05-30 16:18:56.641 [info] fatal: not a git repository (or any parent up to mount point /)
Stopping at filesystem boundary (GIT_DISCOVERY_ACROSS_FILESYSTEM not set).
2026-05-30 16:19:23.160 [info] > git rev-parse --show-toplevel [1ms]
2026-05-30 16:19:23.160 [info] fatal: not a git repository (or any parent up to mount point /)
Stopping at filesystem boundary (GIT_DISCOVERY_ACROSS_FILESYSTEM not set).
2026-05-30 16:19:26.070 [info] > git rev-parse --show-toplevel [1ms]
2026-05-30 16:19:26.070 [info] fatal: not a git repository (or any parent up to mount point /)
Stopping at filesystem boundary (GIT_DISCOVERY_ACROSS_FILESYSTEM not set).
2026-05-30 16:19:39.495 [info] > git rev-parse --show-toplevel [0ms]
2026-05-30 16:19:39.496 [info] fatal: not a git repository (or any parent up to mount point /)
Stopping at filesystem boundary (GIT_DISCOVERY_ACROSS_FILESYSTEM not set).
2026-05-30 16:19:41.196 [info] > git rev-parse --show-toplevel [1ms]
2026-05-30 16:19:41.196 [info] fatal: not a git repository (or any parent up to mount point /)
Stopping at filesystem boundary (GIT_DISCOVERY_ACROSS_FILESYSTEM not set).
2026-05-30 16:19:44.561 [info] > git rev-parse --show-toplevel [1ms]
2026-05-30 16:19:44.561 [info] fatal: not a git repository (or any parent up to mount point /)
Stopping at filesystem boundary (GIT_DISCOVERY_ACROSS_FILESYSTEM not set).
2026-05-30 16:19:51.415 [info] > git rev-parse --show-toplevel [1ms]
2026-05-30 16:19:51.415 [info] fatal: not a git repository (or any parent up to mount point /)
Stopping at filesystem boundary (GIT_DISCOVERY_ACROSS_FILESYSTEM not set).
2026-05-30 16:19:53.268 [info] > git rev-parse --show-toplevel [0ms]
2026-05-30 16:19:53.269 [info] fatal: not a git repository (or any parent up to mount point /)
Stopping at filesystem boundary (GIT_DISCOVERY_ACROSS_FILESYSTEM not set).
2026-05-30 16:20:29.290 [info] > git rev-parse --show-toplevel [1ms]
2026-05-30 16:20:29.290 [info] fatal: not a git repository (or any parent up to mount point /)
Stopping at filesystem boundary (GIT_DISCOVERY_ACROSS_FILESYSTEM not set).
2026-05-30 16:20:31.912 [info] > git rev-parse --show-toplevel [1ms]
2026-05-30 16:20:31.912 [info] fatal: not a git repository (or any parent up to mount point /)
Stopping at filesystem boundary (GIT_DISCOVERY_ACROSS_FILESYSTEM not set).
2026-05-30 16:20:40.616 [info] > git rev-parse --show-toplevel [1ms]
2026-05-30 16:20:40.616 [info] fatal: not a git repository (or any parent up to mount point /)
Stopping at filesystem boundary (GIT_DISCOVERY_ACROSS_FILESYSTEM not set).
2026-05-30 16:20:41.391 [info] > git rev-parse --show-toplevel [1ms]
2026-05-30 16:20:41.391 [info] fatal: not a git repository (or any parent up to mount point /)
Stopping at filesystem boundary (GIT_DISCOVERY_ACROSS_FILESYSTEM not set).
2026-05-30 16:20:42.298 [info] > git rev-parse --show-toplevel [0ms]
2026-05-30 16:20:42.298 [info] fatal: not a git repository (or any parent up to mount point /)
Stopping at filesystem boundary (GIT_DISCOVERY_ACROSS_FILESYSTEM not set).
2026-05-30 16:20:44.066 [info] > git rev-parse --show-toplevel [1ms]
2026-05-30 16:20:44.066 [info] fatal: not a git repository (or any parent up to mount point /)
Stopping at filesystem boundary (GIT_DISCOVERY_ACROSS_FILESYSTEM not set).
2026-05-30 16:20:46.167 [info] > git rev-parse --show-toplevel [1ms]
2026-05-30 16:20:46.167 [info] fatal: not a git repository (or any parent up to mount point /)
Stopping at filesystem boundary (GIT_DISCOVERY_ACROSS_FILESYSTEM not set).
2026-05-30 16:23:15.091 [info] > git rev-parse --show-toplevel [0ms]
2026-05-30 16:23:15.091 [info] fatal: not a git repository (or any parent up to mount point /)
Stopping at filesystem boundary (GIT_DISCOVERY_ACROSS_FILESYSTEM not set).
2026-05-30 16:27:12.919 [info] > git rev-parse --show-toplevel [1ms]
2026-05-30 16:27:12.919 [info] fatal: not a git repository (or any parent up to mount point /)
Stopping at filesystem boundary (GIT_DISCOVERY_ACROSS_FILESYSTEM not set).
2026-05-30 16:27:14.344 [info] > git rev-parse --show-toplevel [1ms]
2026-05-30 16:27:14.344 [info] fatal: not a git repository (or any parent up to mount point /)
Stopping at filesystem boundary (GIT_DISCOVERY_ACROSS_FILESYSTEM not set).
2026-05-30 16:27:19.072 [info] > git rev-parse --show-toplevel [1ms]
2026-05-30 16:27:19.082 [info] fatal: not a git repository (or any parent up to mount point /)
Stopping at filesystem boundary (GIT_DISCOVERY_ACROSS_FILESYSTEM not set).
2026-05-30 16:27:27.407 [info] > git rev-parse --show-toplevel [1ms]
2026-05-30 16:27:27.407 [info] fatal: not a git repository (or any parent up to mount point /)
Stopping at filesystem boundary (GIT_DISCOVERY_ACROSS_FILESYSTEM not set).
2026-05-30 16:27:28.830 [info] > git rev-parse --show-toplevel [1ms]
2026-05-30 16:27:28.830 [info] fatal: not a git repository (or any parent up to mount point /)
Stopping at filesystem boundary (GIT_DISCOVERY_ACROSS_FILESYSTEM not set).
2026-05-30 16:27:41.185 [info] > git rev-parse --show-toplevel [1ms]
2026-05-30 16:27:41.185 [info] fatal: not a git repository (or any parent up to mount point /)
Stopping at filesystem boundary (GIT_DISCOVERY_ACROSS_FILESYSTEM not set).
2026-05-30 16:27:48.237 [info] > git rev-parse --show-toplevel [0ms]
2026-05-30 16:27:48.237 [info] fatal: not a git repository (or any parent up to mount point /)
Stopping at filesystem boundary (GIT_DISCOVERY_ACROSS_FILESYSTEM not set).
2026-05-30 16:27:57.566 [info] > git rev-parse --show-toplevel [1ms]
2026-05-30 16:27:57.566 [info] fatal: not a git repository (or any parent up to mount point /)
Stopping at filesystem boundary (GIT_DISCOVERY_ACROSS_FILESYSTEM not set).
2026-05-30 16:28:08.117 [info] > git rev-parse --show-toplevel [1ms]
2026-05-30 16:28:08.117 [info] fatal: not a git repository (or any parent up to mount point /)
Stopping at filesystem boundary (GIT_DISCOVERY_ACROSS_FILESYSTEM not set).
2026-05-30 16:28:23.318 [info] > git rev-parse --show-toplevel [1ms]
2026-05-30 16:28:23.318 [info] fatal: not a git repository (or any parent up to mount point /)
Stopping at filesystem boundary (GIT_DISCOVERY_ACROSS_FILESYSTEM not set).
2026-05-30 16:28:31.429 [info] > git rev-parse --show-toplevel [0ms]
2026-05-30 16:28:31.429 [info] fatal: not a git repository (or any parent up to mount point /)
Stopping at filesystem boundary (GIT_DISCOVERY_ACROSS_FILESYSTEM not set).
2026-05-30 16:28:38.712 [info] > git rev-parse --show-toplevel [1ms]
2026-05-30 16:28:38.712 [info] fatal: not a git repository (or any parent up to mount point /)
Stopping at filesystem boundary (GIT_DISCOVERY_ACROSS_FILESYSTEM not set).
2026-05-30 16:28:51.519 [info] > git rev-parse --show-toplevel [1ms]
2026-05-30 16:28:51.520 [info] fatal: not a git repository (or any parent up to mount point /)
Stopping at filesystem boundary (GIT_DISCOVERY_ACROSS_FILESYSTEM not set).
2026-05-30 16:29:18.558 [info] > git rev-parse --show-toplevel [1ms]
2026-05-30 16:29:18.558 [info] fatal: not a git repository (or any parent up to mount point /)
Stopping at filesystem boundary (GIT_DISCOVERY_ACROSS_FILESYSTEM not set).
2026-05-30 16:29:36.323 [info] > git rev-parse --show-toplevel [2ms]
2026-05-30 16:29:36.323 [info] fatal: not a git repository (or any parent up to mount point /)
Stopping at filesystem boundary (GIT_DISCOVERY_ACROSS_FILESYSTEM not set).
2026-05-30 16:29:42.061 [info] > git rev-parse --show-toplevel [1ms]
2026-05-30 16:29:42.061 [info] fatal: not a git repository (or any parent up to mount point /)
Stopping at filesystem boundary (GIT_DISCOVERY_ACROSS_FILESYSTEM not set).
2026-05-30 16:29:47.238 [info] > git rev-parse --show-toplevel [1ms]
2026-05-30 16:29:47.238 [info] fatal: not a git repository (or any parent up to mount point /)
Stopping at filesystem boundary (GIT_DISCOVERY_ACROSS_FILESYSTEM not set).
2026-05-30 16:31:13.908 [info] > git rev-parse --show-toplevel [2ms]
2026-05-30 16:31:13.908 [info] fatal: not a git repository (or any parent up to mount point /)
Stopping at filesystem boundary (GIT_DISCOVERY_ACROSS_FILESYSTEM not set).
2026-05-30 16:32:30.571 [info] > git rev-parse --show-toplevel [1ms]
2026-05-30 16:32:30.571 [info] fatal: not a git repository (or any parent up to mount point /)
Stopping at filesystem boundary (GIT_DISCOVERY_ACROSS_FILESYSTEM not set).
2026-05-30 16:32:32.512 [info] > git rev-parse --show-toplevel [1ms]
2026-05-30 16:32:32.512 [info] fatal: not a git repository (or any parent up to mount point /)
Stopping at filesystem boundary (GIT_DISCOVERY_ACROSS_FILESYSTEM not set).
2026-05-30 16:32:34.003 [info] > git rev-parse --show-toplevel [1ms]
2026-05-30 16:32:34.003 [info] fatal: not a git repository (or any parent up to mount point /)
Stopping at filesystem boundary (GIT_DISCOVERY_ACROSS_FILESYSTEM not set).
2026-05-30 16:32:36.351 [info] > git rev-parse --show-toplevel [1ms]
2026-05-30 16:32:36.351 [info] fatal: not a git repository (or any parent up to mount point /)
Stopping at filesystem boundary (GIT_DISCOVERY_ACROSS_FILESYSTEM not set).
2026-05-30 16:32:38.135 [info] > git rev-parse --show-toplevel [1ms]
2026-05-30 16:32:38.135 [info] fatal: not a git repository (or any parent up to mount point /)
Stopping at filesystem boundary (GIT_DISCOVERY_ACROSS_FILESYSTEM not set).
2026-05-30 16:32:40.976 [info] > git rev-parse --show-toplevel [1ms]
2026-05-30 16:32:40.976 [info] fatal: not a git repository (or any parent up to mount point /)
Stopping at filesystem boundary (GIT_DISCOVERY_ACROSS_FILESYSTEM not set).
2026-05-30 16:32:43.409 [info] > git rev-parse --show-toplevel [1ms]
2026-05-30 16:32:43.409 [info] fatal: not a git repository (or any parent up to mount point /)
Stopping at filesystem boundary (GIT_DISCOVERY_ACROSS_FILESYSTEM not set).
2026-05-30 16:32:45.147 [info] > git rev-parse --show-toplevel [1ms]
2026-05-30 16:32:45.147 [info] fatal: not a git repository (or any parent up to mount point /)
Stopping at filesystem boundary (GIT_DISCOVERY_ACROSS_FILESYSTEM not set).
2026-05-30 16:32:47.169 [info] > git rev-parse --show-toplevel [1ms]
2026-05-30 16:32:47.169 [info] fatal: not a git repository (or any parent up to mount point /)
Stopping at filesystem boundary (GIT_DISCOVERY_ACROSS_FILESYSTEM not set).
2026-05-30 16:33:41.949 [info] > git rev-parse --show-toplevel [1ms]
2026-05-30 16:33:41.949 [info] fatal: not a git repository (or any parent up to mount point /)
Stopping at filesystem boundary (GIT_DISCOVERY_ACROSS_FILESYSTEM not set).
2026-05-30 16:33:44.016 [info] > git rev-parse --show-toplevel [1ms]
2026-05-30 16:33:44.016 [info] fatal: not a git repository (or any parent up to mount point /)
Stopping at filesystem boundary (GIT_DISCOVERY_ACROSS_FILESYSTEM not set).
2026-05-30 16:34:07.228 [info] > git rev-parse --show-toplevel [2ms]
2026-05-30 16:34:07.228 [info] fatal: not a git repository (or any parent up to mount point /)
Stopping at filesystem boundary (GIT_DISCOVERY_ACROSS_FILESYSTEM not set).
2026-05-30 16:34:37.481 [info] > git rev-parse --show-toplevel [1ms]
2026-05-30 16:34:37.481 [info] fatal: not a git repository (or any parent up to mount point /)
Stopping at filesystem boundary (GIT_DISCOVERY_ACROSS_FILESYSTEM not set).
2026-05-30 16:35:28.040 [info] > git rev-parse --show-toplevel [1ms]
2026-05-30 16:35:28.040 [info] fatal: not a git repository (or any parent up to mount point /)
Stopping at filesystem boundary (GIT_DISCOVERY_ACROSS_FILESYSTEM not set).
2026-05-30 16:35:28.681 [info] > git rev-parse --show-toplevel [2ms]
2026-05-30 16:35:28.681 [info] fatal: not a git repository (or any parent up to mount point /)
Stopping at filesystem boundary (GIT_DISCOVERY_ACROSS_FILESYSTEM not set).
2026-05-30 16:36:45.391 [info] > git rev-parse --show-toplevel [1ms]
2026-05-30 16:36:45.391 [info] fatal: not a git repository (or any parent up to mount point /)
Stopping at filesystem boundary (GIT_DISCOVERY_ACROSS_FILESYSTEM not set).
2026-05-30 16:36:54.841 [info] > git rev-parse --show-toplevel [1ms]
2026-05-30 16:36:54.841 [info] fatal: not a git repository (or any parent up to mount point /)
Stopping at filesystem boundary (GIT_DISCOVERY_ACROSS_FILESYSTEM not set).
2026-05-30 16:37:40.254 [info] > git rev-parse --show-toplevel [1ms]
2026-05-30 16:37:40.254 [info] fatal: not a git repository (or any parent up to mount point /)
Stopping at filesystem boundary (GIT_DISCOVERY_ACROSS_FILESYSTEM not set).
2026-05-30 16:37:41.513 [info] > git rev-parse --show-toplevel [1ms]
2026-05-30 16:37:41.513 [info] fatal: not a git repository (or any parent up to mount point /)
Stopping at filesystem boundary (GIT_DISCOVERY_ACROSS_FILESYSTEM not set).
2026-05-30 16:37:43.094 [info] > git rev-parse --show-toplevel [1ms]
2026-05-30 16:37:43.094 [info] fatal: not a git repository (or any parent up to mount point /)
Stopping at filesystem boundary (GIT_DISCOVERY_ACROSS_FILESYSTEM not set).
2026-05-30 16:37:43.684 [info] > git rev-parse --show-toplevel [1ms]
2026-05-30 16:37:43.684 [info] fatal: not a git repository (or any parent up to mount point /)
Stopping at filesystem boundary (GIT_DISCOVERY_ACROSS_FILESYSTEM not set).
2026-05-30 16:39:30.567 [info] > git rev-parse --show-toplevel [1ms]
2026-05-30 16:39:30.567 [info] fatal: not a git repository (or any parent up to mount point /)
Stopping at filesystem boundary (GIT_DISCOVERY_ACROSS_FILESYSTEM not set).
2026-05-30 16:40:40.497 [info] > git rev-parse --show-toplevel [1ms]
2026-05-30 16:40:40.497 [info] fatal: not a git repository (or any parent up to mount point /)
Stopping at filesystem boundary (GIT_DISCOVERY_ACROSS_FILESYSTEM not set).
2026-05-30 16:41:03.268 [info] > git rev-parse --show-toplevel [1ms]
2026-05-30 16:41:03.268 [info] fatal: not a git repository (or any parent up to mount point /)
Stopping at filesystem boundary (GIT_DISCOVERY_ACROSS_FILESYSTEM not set).
