2026-05-31 20:05:48.928 [info] Reading sessions from keychain...
2026-05-31 20:05:48.928 [info] Getting sessions for all scopes...
2026-05-31 20:05:48.928 [info] Got stored sessions!
2026-05-31 20:05:48.928 [info] Got 1 verified sessions.
2026-05-31 20:05:48.928 [info] Got 1 sessions for ...
2026-05-31 20:05:48.928 [info] Getting sessions for all scopes...
2026-05-31 20:05:48.928 [info] Got 1 sessions for ...
2026-05-31 20:05:48.929 [info] Getting sessions for all scopes...
2026-05-31 20:05:48.929 [info] Got 1 sessions for ...
2026-05-31 20:05:49.548 [info] Getting sessions for read:user,repo,user:email,workflow...
2026-05-31 20:05:49.548 [info] Got 1 sessions for read:user,repo,user:email,workflow...
2026-05-31 20:06:00.712 [info] Getting sessions for all scopes...
2026-05-31 20:06:00.712 [info] Got 1 sessions for ...
2026-05-31 20:06:00.736 [info] Getting sessions for all scopes...
2026-05-31 20:06:00.736 [info] Got 1 sessions for ...
2026-05-31 20:06:00.786 [info] Getting sessions for all scopes...
2026-05-31 20:06:00.786 [info] Got 1 sessions for ...
2026-05-31 20:06:01.178 [info] Getting sessions for all scopes...
2026-05-31 20:06:01.178 [info] Got 1 sessions for ...
2026-05-31 20:08:18.684 [info] Getting sessions for all scopes...
2026-05-31 20:08:18.684 [info] Got 1 sessions for ...
2026-05-31 20:08:18.684 [info] Getting sessions for all scopes...
2026-05-31 20:08:18.684 [info] Got 1 sessions for ...
2026-05-31 20:13:10.133 [info] Getting sessions for all scopes...
2026-05-31 20:13:10.133 [info] Got 1 sessions for ...
2026-05-31 20:13:10.133 [info] Getting sessions for all scopes...
2026-05-31 20:13:10.133 [info] Got 1 sessions for ...
2026-05-31 20:14:15.487 [info] Getting sessions for all scopes...
2026-05-31 20:14:15.487 [info] Got 1 sessions for ...
2026-05-31 20:14:15.487 [info] Getting sessions for all scopes...
2026-05-31 20:14:15.487 [info] Got 1 sessions for ...
2026-05-31 20:14:59.435 [info] Getting sessions for all scopes...
2026-05-31 20:14:59.436 [info] Got 1 sessions for ...
2026-05-31 20:14:59.436 [info] Getting sessions for all scopes...
2026-05-31 20:14:59.436 [info] Got 1 sessions for ...
2026-05-31 20:15:20.636 [info] Getting sessions for all scopes...
2026-05-31 20:15:20.636 [info] Got 1 sessions for ...
2026-05-31 20:15:20.637 [info] Getting sessions for all scopes...
2026-05-31 20:15:20.637 [info] Got 1 sessions for ...
2026-05-31 20:15:27.003 [info] Getting sessions for all scopes...
2026-05-31 20:15:27.003 [info] Got 1 sessions for ...
2026-05-31 20:15:27.004 [info] Getting sessions for all scopes...
2026-05-31 20:15:27.004 [info] Got 1 sessions for ...
2026-05-31 20:15:59.407 [info] Getting sessions for all scopes...
2026-05-31 20:15:59.407 [info] Got 1 sessions for ...
2026-05-31 20:15:59.407 [info] Getting sessions for all scopes...
2026-05-31 20:15:59.407 [info] Got 1 sessions for ...
2026-05-31 20:16:11.963 [info] Getting sessions for all scopes...
2026-05-31 20:16:11.963 [info] Got 1 sessions for ...
2026-05-31 20:16:11.964 [info] Getting sessions for all scopes...
2026-05-31 20:16:11.964 [info] Got 1 sessions for ...
2026-05-31 20:18:37.304 [info] Getting sessions for all scopes...
2026-05-31 20:18:37.304 [info] Got 1 sessions for ...
2026-05-31 20:18:37.304 [info] Getting sessions for all scopes...
2026-05-31 20:18:37.304 [info] Got 1 sessions for ...
2026-05-31 20:18:37.976 [info] Getting sessions for all scopes...
2026-05-31 20:18:37.976 [info] Got 1 sessions for ...
2026-05-31 20:18:37.976 [info] Getting sessions for all scopes...
2026-05-31 20:18:37.976 [info] Got 1 sessions for ...
2026-05-31 20:19:12.702 [info] Getting sessions for all scopes...
2026-05-31 20:19:12.702 [info] Got 1 sessions for ...
2026-05-31 20:19:12.702 [info] Getting sessions for all scopes...
2026-05-31 20:19:12.702 [info] Got 1 sessions for ...
2026-05-31 20:19:49.244 [info] Getting sessions for all scopes...
2026-05-31 20:19:49.244 [info] Got 1 sessions for ...
2026-05-31 20:19:49.244 [info] Getting sessions for all scopes...
2026-05-31 20:19:49.244 [info] Got 1 sessions for ...
2026-05-31 20:20:30.260 [info] Getting sessions for all scopes...
2026-05-31 20:20:30.260 [info] Got 1 sessions for ...
2026-05-31 20:20:30.261 [info] Getting sessions for all scopes...
2026-05-31 20:20:30.261 [info] Got 1 sessions for ...
2026-05-31 20:20:36.592 [info] Getting sessions for all scopes...
2026-05-31 20:20:36.592 [info] Got 1 sessions for ...
2026-05-31 20:20:36.593 [info] Getting sessions for all scopes...
2026-05-31 20:20:36.593 [info] Got 1 sessions for ...
2026-05-31 20:21:05.000 [info] Getting sessions for all scopes...
2026-05-31 20:21:05.000 [info] Got 1 sessions for ...
2026-05-31 20:21:05.001 [info] Getting sessions for all scopes...
2026-05-31 20:21:05.001 [info] Got 1 sessions for ...
2026-05-31 20:21:25.203 [info] Getting sessions for all scopes...
2026-05-31 20:21:25.203 [info] Got 1 sessions for ...
2026-05-31 20:21:25.204 [info] Getting sessions for all scopes...
2026-05-31 20:21:25.204 [info] Got 1 sessions for ...
2026-05-31 20:21:35.395 [info] Getting sessions for all scopes...
2026-05-31 20:21:35.395 [info] Got 1 sessions for ...
2026-05-31 20:21:35.395 [info] Getting sessions for all scopes...
2026-05-31 20:21:35.395 [info] Got 1 sessions for ...
2026-05-31 20:22:25.588 [info] Getting sessions for all scopes...
2026-05-31 20:22:25.588 [info] Got 1 sessions for ...
2026-05-31 20:22:25.589 [info] Getting sessions for all scopes...
2026-05-31 20:22:25.589 [info] Got 1 sessions for ...
2026-05-31 20:22:31.008 [info] Getting sessions for all scopes...
2026-05-31 20:22:31.008 [info] Got 1 sessions for ...
2026-05-31 20:22:31.008 [info] Getting sessions for all scopes...
2026-05-31 20:22:31.008 [info] Got 1 sessions for ...
2026-05-31 20:22:36.414 [info] Getting sessions for all scopes...
2026-05-31 20:22:36.414 [info] Got 1 sessions for ...
2026-05-31 20:22:36.414 [info] Getting sessions for all scopes...
2026-05-31 20:22:36.414 [info] Got 1 sessions for ...
2026-05-31 20:22:49.522 [info] Getting sessions for all scopes...
2026-05-31 20:22:49.523 [info] Got 1 sessions for ...
2026-05-31 20:22:49.523 [info] Getting sessions for all scopes...
2026-05-31 20:22:49.523 [info] Got 1 sessions for ...
2026-05-31 20:23:08.285 [info] Getting sessions for all scopes...
2026-05-31 20:23:08.285 [info] Got 1 sessions for ...
2026-05-31 20:23:08.285 [info] Getting sessions for all scopes...
2026-05-31 20:23:08.285 [info] Got 1 sessions for ...
2026-05-31 20:23:55.661 [info] Getting sessions for all scopes...
2026-05-31 20:23:55.661 [info] Got 1 sessions for ...
2026-05-31 20:23:55.661 [info] Getting sessions for all scopes...
2026-05-31 20:23:55.661 [info] Got 1 sessions for ...
2026-05-31 20:23:58.963 [info] Getting sessions for all scopes...
2026-05-31 20:23:58.963 [info] Got 1 sessions for ...
2026-05-31 20:23:58.963 [info] Getting sessions for all scopes...
2026-05-31 20:23:58.963 [info] Got 1 sessions for ...
2026-05-31 20:24:27.516 [info] Getting sessions for all scopes...
2026-05-31 20:24:27.516 [info] Got 1 sessions for ...
2026-05-31 20:24:27.517 [info] Getting sessions for all scopes...
2026-05-31 20:24:27.517 [info] Got 1 sessions for ...
2026-05-31 20:24:28.857 [info] Getting sessions for all scopes...
2026-05-31 20:24:28.857 [info] Got 1 sessions for ...
2026-05-31 20:24:28.857 [info] Getting sessions for all scopes...
2026-05-31 20:24:28.857 [info] Got 1 sessions for ...
2026-05-31 20:24:49.046 [info] Getting sessions for all scopes...
2026-05-31 20:24:49.046 [info] Got 1 sessions for ...
2026-05-31 20:24:49.046 [info] Getting sessions for all scopes...
2026-05-31 20:24:49.046 [info] Got 1 sessions for ...
2026-05-31 20:25:25.755 [info] Getting sessions for all scopes...
2026-05-31 20:25:25.755 [info] Got 1 sessions for ...
2026-05-31 20:25:25.755 [info] Getting sessions for all scopes...
2026-05-31 20:25:25.755 [info] Got 1 sessions for ...
2026-05-31 20:25:25.892 [info] Getting sessions for all scopes...
2026-05-31 20:25:25.892 [info] Got 1 sessions for ...
2026-05-31 20:25:25.892 [info] Getting sessions for all scopes...
2026-05-31 20:25:25.892 [info] Got 1 sessions for ...
2026-05-31 20:25:29.051 [info] Getting sessions for all scopes...
2026-05-31 20:25:29.051 [info] Got 1 sessions for ...
2026-05-31 20:25:29.052 [info] Getting sessions for all scopes...
2026-05-31 20:25:29.052 [info] Got 1 sessions for ...
2026-05-31 20:25:43.340 [info] Getting sessions for all scopes...
2026-05-31 20:25:43.340 [info] Got 1 sessions for ...
2026-05-31 20:25:43.340 [info] Getting sessions for all scopes...
2026-05-31 20:25:43.340 [info] Got 1 sessions for ...
2026-05-31 20:27:50.731 [info] Getting sessions for all scopes...
2026-05-31 20:27:50.731 [info] Got 1 sessions for ...
2026-05-31 20:27:50.731 [info] Getting sessions for all scopes...
2026-05-31 20:27:50.731 [info] Got 1 sessions for ...
2026-05-31 20:27:54.002 [info] Getting sessions for all scopes...
2026-05-31 20:27:54.002 [info] Got 1 sessions for ...
2026-05-31 20:27:54.002 [info] Getting sessions for all scopes...
2026-05-31 20:27:54.002 [info] Got 1 sessions for ...
2026-05-31 20:28:35.869 [info] Getting sessions for all scopes...
2026-05-31 20:28:35.869 [info] Got 1 sessions for ...
2026-05-31 20:28:35.869 [info] Getting sessions for all scopes...
2026-05-31 20:28:35.869 [info] Got 1 sessions for ...
2026-05-31 20:28:50.636 [info] Getting sessions for all scopes...
2026-05-31 20:28:50.636 [info] Got 1 sessions for ...
2026-05-31 20:28:50.636 [info] Getting sessions for all scopes...
2026-05-31 20:28:50.636 [info] Got 1 sessions for ...
2026-05-31 20:28:56.777 [info] Getting sessions for all scopes...
2026-05-31 20:28:56.777 [info] Got 1 sessions for ...
2026-05-31 20:28:56.777 [info] Getting sessions for all scopes...
2026-05-31 20:28:56.777 [info] Got 1 sessions for ...
2026-05-31 20:29:04.148 [info] Getting sessions for all scopes...
2026-05-31 20:29:04.148 [info] Got 1 sessions for ...
2026-05-31 20:29:04.148 [info] Getting sessions for all scopes...
2026-05-31 20:29:04.148 [info] Got 1 sessions for ...
2026-05-31 20:29:36.350 [info] Getting sessions for all scopes...
2026-05-31 20:29:36.350 [info] Got 1 sessions for ...
2026-05-31 20:29:36.350 [info] Getting sessions for all scopes...
2026-05-31 20:29:36.350 [info] Got 1 sessions for ...
2026-05-31 20:31:38.442 [info] Getting sessions for all scopes...
2026-05-31 20:31:38.442 [info] Got 1 sessions for ...
2026-05-31 20:31:38.443 [info] Getting sessions for all scopes...
2026-05-31 20:31:38.443 [info] Got 1 sessions for ...
2026-05-31 20:32:36.251 [info] Getting sessions for all scopes...
2026-05-31 20:32:36.251 [info] Got 1 sessions for ...
2026-05-31 20:32:36.251 [info] Getting sessions for all scopes...
2026-05-31 20:32:36.251 [info] Got 1 sessions for ...
2026-05-31 20:32:38.888 [info] Getting sessions for all scopes...
2026-05-31 20:32:38.888 [info] Got 1 sessions for ...
2026-05-31 20:32:38.888 [info] Getting sessions for all scopes...
2026-05-31 20:32:38.888 [info] Got 1 sessions for ...
2026-05-31 20:32:54.015 [info] Getting sessions for all scopes...
2026-05-31 20:32:54.015 [info] Got 1 sessions for ...
2026-05-31 20:32:54.015 [info] Getting sessions for all scopes...
2026-05-31 20:32:54.015 [info] Got 1 sessions for ...
2026-05-31 20:33:28.832 [info] Getting sessions for all scopes...
2026-05-31 20:33:28.832 [info] Got 1 sessions for ...
2026-05-31 20:33:28.832 [info] Getting sessions for all scopes...
2026-05-31 20:33:28.832 [info] Got 1 sessions for ...
2026-05-31 20:33:43.098 [info] Getting sessions for all scopes...
2026-05-31 20:33:43.098 [info] Got 1 sessions for ...
2026-05-31 20:33:43.098 [info] Getting sessions for all scopes...
2026-05-31 20:33:43.098 [info] Got 1 sessions for ...
2026-05-31 20:33:48.605 [info] Getting sessions for all scopes...
2026-05-31 20:33:48.605 [info] Got 1 sessions for ...
2026-05-31 20:33:48.605 [info] Getting sessions for all scopes...
2026-05-31 20:33:48.605 [info] Got 1 sessions for ...
2026-05-31 20:34:19.198 [info] Getting sessions for all scopes...
2026-05-31 20:34:19.198 [info] Got 1 sessions for ...
2026-05-31 20:34:19.198 [info] Getting sessions for all scopes...
2026-05-31 20:34:19.198 [info] Got 1 sessions for ...
2026-05-31 20:34:23.104 [info] Getting sessions for all scopes...
2026-05-31 20:34:23.104 [info] Got 1 sessions for ...
2026-05-31 20:34:23.111 [info] Getting sessions for all scopes...
2026-05-31 20:34:23.111 [info] Got 1 sessions for ...
2026-05-31 20:34:25.902 [info] Getting sessions for all scopes...
2026-05-31 20:34:25.902 [info] Got 1 sessions for ...
2026-05-31 20:34:25.902 [info] Getting sessions for all scopes...
2026-05-31 20:34:25.902 [info] Got 1 sessions for ...
2026-05-31 20:36:53.079 [info] Getting sessions for all scopes...
2026-05-31 20:36:53.079 [info] Got 1 sessions for ...
2026-05-31 20:36:53.080 [info] Getting sessions for all scopes...
2026-05-31 20:36:53.080 [info] Got 1 sessions for ...
2026-05-31 20:37:06.064 [info] Getting sessions for all scopes...
2026-05-31 20:37:06.064 [info] Got 1 sessions for ...
2026-05-31 20:37:06.064 [info] Getting sessions for all scopes...
2026-05-31 20:37:06.064 [info] Got 1 sessions for ...
2026-05-31 20:39:06.005 [info] Getting sessions for all scopes...
2026-05-31 20:39:06.005 [info] Got 1 sessions for ...
2026-05-31 20:39:06.006 [info] Getting sessions for all scopes...
2026-05-31 20:39:06.006 [info] Got 1 sessions for ...
2026-05-31 20:41:09.027 [info] Getting sessions for all scopes...
2026-05-31 20:41:09.027 [info] Got 1 sessions for ...
2026-05-31 20:41:09.028 [info] Getting sessions for all scopes...
2026-05-31 20:41:09.028 [info] Got 1 sessions for ...
2026-05-31 20:41:40.809 [info] Getting sessions for all scopes...
2026-05-31 20:41:40.809 [info] Got 1 sessions for ...
2026-05-31 20:41:40.809 [info] Getting sessions for all scopes...
2026-05-31 20:41:40.809 [info] Got 1 sessions for ...
2026-05-31 20:41:41.415 [info] Getting sessions for all scopes...
2026-05-31 20:41:41.415 [info] Got 1 sessions for ...
2026-05-31 20:41:41.415 [info] Getting sessions for all scopes...
2026-05-31 20:41:41.415 [info] Got 1 sessions for ...
2026-05-31 20:42:00.124 [info] Getting sessions for all scopes...
2026-05-31 20:42:00.124 [info] Got 1 sessions for ...
2026-05-31 20:42:00.125 [info] Getting sessions for all scopes...
2026-05-31 20:42:00.125 [info] Got 1 sessions for ...
2026-05-31 20:43:35.976 [info] Getting sessions for all scopes...
2026-05-31 20:43:35.976 [info] Got 1 sessions for ...
2026-05-31 20:43:35.977 [info] Getting sessions for all scopes...
2026-05-31 20:43:35.977 [info] Got 1 sessions for ...
2026-05-31 20:43:48.787 [info] Getting sessions for all scopes...
2026-05-31 20:43:48.787 [info] Got 1 sessions for ...
2026-05-31 20:43:48.788 [info] Getting sessions for all scopes...
2026-05-31 20:43:48.788 [info] Got 1 sessions for ...
2026-05-31 20:44:55.503 [info] Getting sessions for all scopes...
2026-05-31 20:44:55.503 [info] Got 1 sessions for ...
2026-05-31 20:44:55.503 [info] Getting sessions for all scopes...
2026-05-31 20:44:55.503 [info] Got 1 sessions for ...
2026-05-31 20:45:32.625 [info] Getting sessions for all scopes...
2026-05-31 20:45:32.625 [info] Got 1 sessions for ...
2026-05-31 20:45:32.625 [info] Getting sessions for all scopes...
2026-05-31 20:45:32.625 [info] Got 1 sessions for ...
2026-05-31 20:45:43.292 [info] Getting sessions for all scopes...
2026-05-31 20:45:43.292 [info] Got 1 sessions for ...
2026-05-31 20:45:43.292 [info] Getting sessions for all scopes...
2026-05-31 20:45:43.292 [info] Got 1 sessions for ...
2026-05-31 20:45:54.722 [info] Getting sessions for all scopes...
2026-05-31 20:45:54.722 [info] Got 1 sessions for ...
2026-05-31 20:45:54.722 [info] Getting sessions for all scopes...
2026-05-31 20:45:54.722 [info] Got 1 sessions for ...
2026-05-31 20:46:05.868 [info] Getting sessions for all scopes...
2026-05-31 20:46:05.868 [info] Got 1 sessions for ...
2026-05-31 20:46:05.868 [info] Getting sessions for all scopes...
2026-05-31 20:46:05.868 [info] Got 1 sessions for ...
2026-05-31 20:46:18.705 [info] Getting sessions for all scopes...
2026-05-31 20:46:18.705 [info] Got 1 sessions for ...
2026-05-31 20:46:18.706 [info] Getting sessions for all scopes...
2026-05-31 20:46:18.706 [info] Got 1 sessions for ...
2026-05-31 20:46:48.638 [info] Getting sessions for all scopes...
2026-05-31 20:46:48.638 [info] Got 1 sessions for ...
2026-05-31 20:46:48.638 [info] Getting sessions for all scopes...
2026-05-31 20:46:48.638 [info] Got 1 sessions for ...
2026-05-31 20:50:30.023 [info] Getting sessions for all scopes...
2026-05-31 20:50:30.023 [info] Got 1 sessions for ...
2026-05-31 20:50:30.023 [info] Getting sessions for all scopes...
2026-05-31 20:50:30.023 [info] Got 1 sessions for ...
2026-05-31 20:50:30.621 [info] Getting sessions for all scopes...
2026-05-31 20:50:30.621 [info] Got 1 sessions for ...
2026-05-31 20:50:30.621 [info] Getting sessions for all scopes...
2026-05-31 20:50:30.622 [info] Got 1 sessions for ...
2026-05-31 20:50:37.883 [info] Getting sessions for all scopes...
2026-05-31 20:50:37.883 [info] Got 1 sessions for ...
2026-05-31 20:50:37.883 [info] Getting sessions for all scopes...
2026-05-31 20:50:37.883 [info] Got 1 sessions for ...
2026-05-31 20:53:08.447 [info] Getting sessions for all scopes...
2026-05-31 20:53:08.447 [info] Got 1 sessions for ...
2026-05-31 20:53:08.448 [info] Getting sessions for all scopes...
2026-05-31 20:53:08.448 [info] Got 1 sessions for ...
2026-05-31 20:53:18.602 [info] Getting sessions for all scopes...
2026-05-31 20:53:18.602 [info] Got 1 sessions for ...
2026-05-31 20:53:18.603 [info] Getting sessions for all scopes...
2026-05-31 20:53:18.603 [info] Got 1 sessions for ...
2026-05-31 20:54:38.022 [info] Getting sessions for all scopes...
2026-05-31 20:54:38.022 [info] Got 1 sessions for ...
2026-05-31 20:54:38.023 [info] Getting sessions for all scopes...
2026-05-31 20:54:38.023 [info] Got 1 sessions for ...
2026-05-31 20:54:43.570 [info] Getting sessions for all scopes...
2026-05-31 20:54:43.570 [info] Got 1 sessions for ...
2026-05-31 20:54:43.570 [info] Getting sessions for all scopes...
2026-05-31 20:54:43.570 [info] Got 1 sessions for ...
2026-05-31 20:55:00.589 [info] Getting sessions for all scopes...
2026-05-31 20:55:00.589 [info] Got 1 sessions for ...
2026-05-31 20:55:00.590 [info] Getting sessions for all scopes...
2026-05-31 20:55:00.590 [info] Got 1 sessions for ...
2026-05-31 20:55:00.973 [info] Getting sessions for all scopes...
2026-05-31 20:55:00.973 [info] Got 1 sessions for ...
2026-05-31 20:55:00.974 [info] Getting sessions for all scopes...
2026-05-31 20:55:00.974 [info] Got 1 sessions for ...
2026-05-31 20:55:01.638 [info] Getting sessions for all scopes...
2026-05-31 20:55:01.638 [info] Got 1 sessions for ...
2026-05-31 20:55:01.639 [info] Getting sessions for all scopes...
2026-05-31 20:55:01.639 [info] Got 1 sessions for ...
