[Info  - 11:57:29 AM] 2026/05/31 11:57:29 Created View (#1)
	directory=/home/maksim/Projects/Go/Project/sso
	view_type="GoMod"
	root_dir="file:///home/maksim/Projects/Go/Project/sso"
	go_version="go version go1.26.3-X:nodwarf5 linux/amd64"
	build_flags=[]
	env={GOOS:linux GOARCH:amd64 GOCACHE:/home/maksim/.cache/go-build GOMODCACHE:/home/maksim/go/pkg/mod GOPATH:/home/maksim/go GOPRIVATE:github.com/Testkivypython/* GOFLAGS: GO111MODULE: GOTOOLCHAIN:auto GOROOT:/usr/lib/go GoVersion:26 GoVersionOutput:go version go1.26.3-X:nodwarf5 linux/amd64
 ExplicitGOWORK: EffectiveGOPACKAGESDRIVER:}
	env_overlay=[]

[Info  - 11:57:30 AM] 2026/05/31 11:57:30 go/packages.Load #1
	view_id="1"
	snapshot=0
	directory=/home/maksim/Projects/Go/Project/sso
	query=[/home/maksim/Projects/Go/Project/sso/... builtin]
	packages=20
	duration=396.197807ms

[Info  - 11:57:30 AM] 2026/05/31 11:57:30 go/packages.Load #2
	view_id="1"
	snapshot=1
	directory=/home/maksim/Projects/Go/Project/sso
	query=[file=/home/maksim/Projects/Go/Project/sso/internal/services/permissions/permissions.go]
	packages=1
	duration=39.168501ms

[Info  - 11:57:30 AM] 2026/05/31 11:57:30 go/packages.Load #3
	view_id="1"
	snapshot=1
	directory=/home/maksim/Projects/Go/Project/sso
	query=[file=/home/maksim/Projects/Go/Project/sso/internal/services/permissions/permissions.go]
	packages=1
	duration=39.150431ms

[Info  - 11:57:59 AM] 2026/05/31 11:57:59 background imports cache refresh starting

[Info  - 11:57:59 AM] 2026/05/31 11:57:59 background refresh finished after 234.972428ms

[Error - 12:00:09 PM] 2026/05/31 12:00:09 warning: while diagnosing orphaned files: session is shut down

[Info  - 12:00:09 PM] 2026/05/31 12:00:09 Shutdown session
	shutdown_session=1

