2026-05-31 13:05:19.964 [info] [main] Log level: Info
2026-05-31 13:05:19.964 [info] [main] Validating found git in: "git"
2026-05-31 13:05:19.964 [info] [main] Using git "2.54.0" from "git"
2026-05-31 13:05:19.964 [info] [Model][doInitialScan] Initial repository scan started
2026-05-31 13:05:19.964 [info] [Model][doInitialScan] Initial repository scan completed - repositories (0), closed repositories (0), parent repositories (0), unsafe repositories (0)
2026-05-31 13:05:23.082 [info] [main] Log level: Info
2026-05-31 13:05:23.082 [info] [main] Validating found git in: "git"
2026-05-31 13:05:23.082 [info] [main] Using git "2.54.0" from "git"
2026-05-31 13:05:23.082 [info] [Model][doInitialScan] Initial repository scan started
2026-05-31 13:05:23.084 [info] > git rev-parse --show-toplevel [5ms]
2026-05-31 13:05:23.084 [info] fatal: not a git repository (or any parent up to mount point /)
Stopping at filesystem boundary (GIT_DISCOVERY_ACROSS_FILESYSTEM not set).
2026-05-31 13:05:23.091 [info] > git rev-parse --show-toplevel [2ms]
2026-05-31 13:05:23.091 [info] fatal: not a git repository (or any parent up to mount point /)
Stopping at filesystem boundary (GIT_DISCOVERY_ACROSS_FILESYSTEM not set).
2026-05-31 13:05:23.097 [info] > git rev-parse --show-toplevel [1ms]
2026-05-31 13:05:23.097 [info] fatal: not a git repository (or any parent up to mount point /)
Stopping at filesystem boundary (GIT_DISCOVERY_ACROSS_FILESYSTEM not set).
2026-05-31 13:05:23.118 [info] > git rev-parse --show-toplevel [18ms]
2026-05-31 13:05:23.118 [info] fatal: not a git repository (or any parent up to mount point /)
Stopping at filesystem boundary (GIT_DISCOVERY_ACROSS_FILESYSTEM not set).
2026-05-31 13:05:23.125 [info] > git rev-parse --show-toplevel [1ms]
2026-05-31 13:05:23.125 [info] fatal: not a git repository (or any parent up to mount point /)
Stopping at filesystem boundary (GIT_DISCOVERY_ACROSS_FILESYSTEM not set).
2026-05-31 13:05:23.129 [info] > git rev-parse --show-toplevel [1ms]
2026-05-31 13:05:23.129 [info] fatal: not a git repository (or any parent up to mount point /)
Stopping at filesystem boundary (GIT_DISCOVERY_ACROSS_FILESYSTEM not set).
2026-05-31 13:05:23.133 [info] > git rev-parse --show-toplevel [1ms]
2026-05-31 13:05:23.133 [info] fatal: not a git repository (or any parent up to mount point /)
Stopping at filesystem boundary (GIT_DISCOVERY_ACROSS_FILESYSTEM not set).
2026-05-31 13:05:23.138 [info] > git rev-parse --show-toplevel [1ms]
2026-05-31 13:05:23.138 [info] fatal: not a git repository (or any parent up to mount point /)
Stopping at filesystem boundary (GIT_DISCOVERY_ACROSS_FILESYSTEM not set).
2026-05-31 13:05:23.142 [info] > git rev-parse --show-toplevel [1ms]
2026-05-31 13:05:23.142 [info] fatal: not a git repository (or any parent up to mount point /)
Stopping at filesystem boundary (GIT_DISCOVERY_ACROSS_FILESYSTEM not set).
2026-05-31 13:05:23.143 [info] [Model][doInitialScan] Initial repository scan completed - repositories (0), closed repositories (0), parent repositories (0), unsafe repositories (0)
2026-05-31 13:05:23.271 [info] > git rev-parse --show-toplevel [2ms]
2026-05-31 13:05:23.271 [info] fatal: not a git repository (or any parent up to mount point /)
Stopping at filesystem boundary (GIT_DISCOVERY_ACROSS_FILESYSTEM not set).
2026-05-31 13:05:23.733 [info] > git rev-parse --show-toplevel [1ms]
2026-05-31 13:05:23.733 [info] fatal: not a git repository (or any parent up to mount point /)
Stopping at filesystem boundary (GIT_DISCOVERY_ACROSS_FILESYSTEM not set).
2026-05-31 13:05:24.474 [info] > git rev-parse --show-toplevel [2ms]
2026-05-31 13:05:24.474 [info] fatal: not a git repository (or any parent up to mount point /)
Stopping at filesystem boundary (GIT_DISCOVERY_ACROSS_FILESYSTEM not set).
2026-05-31 13:05:25.451 [info] > git rev-parse --show-toplevel [1ms]
2026-05-31 13:05:25.451 [info] fatal: not a git repository (or any parent up to mount point /)
Stopping at filesystem boundary (GIT_DISCOVERY_ACROSS_FILESYSTEM not set).
2026-05-31 13:05:27.728 [info] > git rev-parse --show-toplevel [1ms]
2026-05-31 13:05:27.728 [info] fatal: not a git repository (or any parent up to mount point /)
Stopping at filesystem boundary (GIT_DISCOVERY_ACROSS_FILESYSTEM not set).
2026-05-31 13:13:23.971 [info] > git rev-parse --show-toplevel [0ms]
2026-05-31 13:13:23.971 [info] fatal: not a git repository (or any parent up to mount point /)
Stopping at filesystem boundary (GIT_DISCOVERY_ACROSS_FILESYSTEM not set).
2026-05-31 13:14:06.836 [info] > git rev-parse --show-toplevel [1ms]
2026-05-31 13:14:06.836 [info] fatal: not a git repository (or any parent up to mount point /)
Stopping at filesystem boundary (GIT_DISCOVERY_ACROSS_FILESYSTEM not set).
2026-05-31 13:30:08.298 [info] > git rev-parse --show-toplevel [2ms]
2026-05-31 13:30:08.298 [info] fatal: not a git repository (or any parent up to mount point /)
Stopping at filesystem boundary (GIT_DISCOVERY_ACROSS_FILESYSTEM not set).
2026-05-31 13:57:50.582 [info] > git rev-parse --show-toplevel [1ms]
2026-05-31 13:57:50.582 [info] fatal: not a git repository (or any parent up to mount point /)
Stopping at filesystem boundary (GIT_DISCOVERY_ACROSS_FILESYSTEM not set).
2026-05-31 13:57:51.170 [info] > git rev-parse --show-toplevel [1ms]
2026-05-31 13:57:51.170 [info] fatal: not a git repository (or any parent up to mount point /)
Stopping at filesystem boundary (GIT_DISCOVERY_ACROSS_FILESYSTEM not set).
2026-05-31 14:00:24.490 [info] > git rev-parse --show-toplevel [1ms]
2026-05-31 14:00:24.490 [info] fatal: not a git repository (or any parent up to mount point /)
Stopping at filesystem boundary (GIT_DISCOVERY_ACROSS_FILESYSTEM not set).
2026-05-31 14:01:45.077 [info] > git rev-parse --show-toplevel [1ms]
2026-05-31 14:01:45.077 [info] fatal: not a git repository (or any parent up to mount point /)
Stopping at filesystem boundary (GIT_DISCOVERY_ACROSS_FILESYSTEM not set).
2026-05-31 14:02:48.030 [info] > git rev-parse --show-toplevel [2ms]
2026-05-31 14:02:48.030 [info] fatal: not a git repository (or any parent up to mount point /)
Stopping at filesystem boundary (GIT_DISCOVERY_ACROSS_FILESYSTEM not set).
2026-05-31 14:04:14.692 [info] > git rev-parse --show-toplevel [1ms]
2026-05-31 14:04:14.692 [info] fatal: not a git repository (or any parent up to mount point /)
Stopping at filesystem boundary (GIT_DISCOVERY_ACROSS_FILESYSTEM not set).
2026-05-31 14:06:07.091 [info] > git rev-parse --show-toplevel [1ms]
2026-05-31 14:06:07.091 [info] fatal: not a git repository (or any parent up to mount point /)
Stopping at filesystem boundary (GIT_DISCOVERY_ACROSS_FILESYSTEM not set).
2026-05-31 14:19:02.704 [info] > git rev-parse --show-toplevel [1ms]
2026-05-31 14:19:02.704 [info] fatal: not a git repository (or any parent up to mount point /)
Stopping at filesystem boundary (GIT_DISCOVERY_ACROSS_FILESYSTEM not set).
2026-05-31 15:00:02.402 [info] > git rev-parse --show-toplevel [1ms]
2026-05-31 15:00:02.407 [info] > git rev-parse --git-dir --git-common-dir --show-superproject-working-tree [2ms]
2026-05-31 15:00:02.416 [info] [Model][openRepository] Opened repository (path): /home/maksim/Projects/Go/Project/sso
2026-05-31 15:00:02.416 [info] [Model][openRepository] Opened repository (real path): /home/maksim/Projects/Go/Project/sso
2026-05-31 15:00:02.416 [info] [Model][openRepository] Opened repository (kind): repository
2026-05-31 15:00:02.424 [info] > git config --get commit.template [1ms]
2026-05-31 15:00:02.424 [info] > git config --get --local core.virtualfilesystem [5ms]
2026-05-31 15:00:02.424 [warning] [Git][config] git config failed: Failed to execute git
2026-05-31 15:00:02.427 [info] [Git][getRemotes] No remotes found in the git config file
2026-05-31 15:00:02.429 [info] > git for-each-ref --format=%(refname)%00%(upstream:short)%00%(objectname)%00%(upstream:track)%00%(upstream:remotename)%00%(upstream:remoteref) refs/heads/master refs/remotes/master [2ms]
2026-05-31 15:00:02.430 [warning] [Git][getBranch] No such branch: master
2026-05-31 15:00:02.436 [info] > git status -z -uall [4ms]
2026-05-31 15:00:02.436 [info] > git for-each-ref --sort -committerdate --format %(refname)%00%(objectname)%00%(*objectname) [1ms]
2026-05-31 15:00:02.447 [info] > git for-each-ref --format=%(refname)%00%(upstream:short)%00%(objectname)%00%(upstream:track)%00%(upstream:remotename)%00%(upstream:remoteref) refs/heads/master refs/remotes/master [5ms]
2026-05-31 15:00:02.447 [warning] [Git][getBranch] No such branch: master
2026-05-31 15:00:02.447 [error] [GitHistoryProvider][resolveHEADMergeBase] Failed to resolve merge base for master: Error: No such branch: master.
2026-05-31 15:00:02.449 [info] > git config --get commit.template [3ms]
2026-05-31 15:00:02.452 [info] [Git][getRemotes] No remotes found in the git config file
2026-05-31 15:00:02.453 [info] > git for-each-ref --format=%(refname)%00%(upstream:short)%00%(objectname)%00%(upstream:track)%00%(upstream:remotename)%00%(upstream:remoteref) refs/heads/master refs/remotes/master [1ms]
2026-05-31 15:00:02.453 [warning] [Git][getBranch] No such branch: master
2026-05-31 15:00:02.458 [info] > git status -z -uall [3ms]
2026-05-31 15:00:02.459 [info] > git for-each-ref --sort -committerdate --format %(refname)%00%(objectname)%00%(*objectname) [1ms]
2026-05-31 15:00:02.935 [info] > git check-ignore -v -z --stdin [1ms]
2026-05-31 15:01:31.551 [info] > git config --get commit.template [4ms]
2026-05-31 15:01:31.551 [info] > git for-each-ref --format=%(refname)%00%(upstream:short)%00%(objectname)%00%(upstream:track)%00%(upstream:remotename)%00%(upstream:remoteref) refs/heads/main refs/remotes/main [1ms]
2026-05-31 15:01:31.557 [info] > git status -z -uall [3ms]
2026-05-31 15:01:31.558 [info] > git for-each-ref --sort -committerdate --format %(refname)%00%(objectname)%00%(*objectname) [1ms]
2026-05-31 15:01:31.563 [info] > git for-each-ref --format=%(refname)%00%(upstream:short)%00%(objectname)%00%(upstream:track)%00%(upstream:remotename)%00%(upstream:remoteref) refs/heads/main refs/remotes/main [1ms]
2026-05-31 15:01:31.567 [info] > git config --get --local branch.main.vscode-merge-base [1ms]
2026-05-31 15:01:31.567 [warning] [Git][config] git config failed: Failed to execute git
2026-05-31 15:01:31.574 [info] > git reflog main --grep-reflog=branch: Created from *. [3ms]
2026-05-31 15:01:31.580 [info] > git symbolic-ref --short refs/remotes/origin/HEAD [2ms]
2026-05-31 15:01:31.580 [info] fatal: ref refs/remotes/origin/HEAD is not a symbolic ref
2026-05-31 15:01:31.580 [warning] [Repository][getDefaultBranch] Failed to get default branch details: Failed to execute git.
2026-05-31 15:01:31.866 [info] > git check-ignore -v -z --stdin [1ms]
2026-05-31 15:01:31.875 [info] > git show --textconv :internal/config/config.go [4ms]
2026-05-31 15:01:31.876 [info] > git ls-files --stage -- internal/config/config.go [1ms]
2026-05-31 15:01:31.879 [info] > git cat-file -s a330363d7c1baa6780ac3e957752ade9d1e3adf4 [0ms]
2026-05-31 15:01:31.921 [info] > git blame --root --incremental 705843d5156756eef72d02bb815a464468e8659a -- internal/config/config.go [2ms]
2026-05-31 15:01:36.573 [info] > git config --get commit.template [3ms]
2026-05-31 15:01:36.574 [info] > git for-each-ref --format=%(refname)%00%(upstream:short)%00%(objectname)%00%(upstream:track)%00%(upstream:remotename)%00%(upstream:remoteref) refs/heads/main refs/remotes/main [1ms]
2026-05-31 15:01:36.579 [info] > git status -z -uall [3ms]
2026-05-31 15:01:36.580 [info] > git for-each-ref --sort -committerdate --format %(refname)%00%(objectname)%00%(*objectname) [1ms]
2026-05-31 15:01:39.715 [info] > git check-ignore -v -z --stdin [1ms]
2026-05-31 15:06:29.159 [info] > git config --get commit.template [3ms]
2026-05-31 15:06:29.160 [info] > git for-each-ref --format=%(refname)%00%(upstream:short)%00%(objectname)%00%(upstream:track)%00%(upstream:remotename)%00%(upstream:remoteref) refs/heads/main refs/remotes/main [1ms]
2026-05-31 15:06:29.166 [info] > git status -z -uall [3ms]
2026-05-31 15:06:29.167 [info] > git for-each-ref --sort -committerdate --format %(refname)%00%(objectname)%00%(*objectname) [1ms]
2026-05-31 15:06:30.628 [info] > git ls-files --stage -- internal/config/config.go [1ms]
2026-05-31 15:06:30.632 [info] > git cat-file -s a330363d7c1baa6780ac3e957752ade9d1e3adf4 [1ms]
2026-05-31 15:06:30.636 [info] > git show --textconv :internal/config/config.go [1ms]
2026-05-31 15:06:34.177 [info] > git config --get commit.template [3ms]
2026-05-31 15:06:34.178 [info] > git for-each-ref --format=%(refname)%00%(upstream:short)%00%(objectname)%00%(upstream:track)%00%(upstream:remotename)%00%(upstream:remoteref) refs/heads/main refs/remotes/main [1ms]
2026-05-31 15:06:34.184 [info] > git status -z -uall [3ms]
2026-05-31 15:06:34.185 [info] > git for-each-ref --sort -committerdate --format %(refname)%00%(objectname)%00%(*objectname) [1ms]
2026-05-31 15:06:42.467 [info] > git config --get commit.template [4ms]
2026-05-31 15:06:42.467 [info] > git for-each-ref --format=%(refname)%00%(upstream:short)%00%(objectname)%00%(upstream:track)%00%(upstream:remotename)%00%(upstream:remoteref) refs/heads/main refs/remotes/main [0ms]
2026-05-31 15:06:42.473 [info] > git status -z -uall [3ms]
2026-05-31 15:06:42.474 [info] > git for-each-ref --sort -committerdate --format %(refname)%00%(objectname)%00%(*objectname) [1ms]
2026-05-31 15:06:51.809 [info] > git check-ignore -v -z --stdin [1ms]
2026-05-31 15:06:55.834 [info] > git check-ignore -v -z --stdin [1ms]
2026-05-31 15:06:56.406 [info] > git config --get commit.template [3ms]
2026-05-31 15:06:56.406 [info] > git for-each-ref --format=%(refname)%00%(upstream:short)%00%(objectname)%00%(upstream:track)%00%(upstream:remotename)%00%(upstream:remoteref) refs/heads/main refs/remotes/main [1ms]
2026-05-31 15:06:56.412 [info] > git status -z -uall [3ms]
2026-05-31 15:06:56.413 [info] > git for-each-ref --sort -committerdate --format %(refname)%00%(objectname)%00%(*objectname) [2ms]
2026-05-31 15:07:02.703 [info] > git check-ignore -v -z --stdin [1ms]
2026-05-31 15:07:02.711 [info] > git show --textconv :internal/Clients/permissions.go [4ms]
2026-05-31 15:07:02.714 [info] > git ls-files --stage -- internal/Clients/permissions.go [3ms]
2026-05-31 15:07:02.717 [info] > git hash-object -t tree /dev/null [3ms]
2026-05-31 15:07:02.717 [warning] [GitFileSystemProvider][readFile] File not found - git:/home/maksim/Projects/Go/Project/sso/internal/Clients/permissions.go.git?%7B%22path%22%3A%22%2Fhome%2Fmaksim%2FProjects%2FGo%2FProject%2Fsso%2Finternal%2FClients%2Fpermissions.go%22%2C%22ref%22%3A%22%22%7D
2026-05-31 15:07:02.718 [info] > git hash-object -t tree /dev/null [1ms]
2026-05-31 15:07:02.718 [warning] [GitFileSystemProvider][stat] File not found - git:/home/maksim/Projects/Go/Project/sso/internal/Clients/permissions.go.git?%7B%22path%22%3A%22%2Fhome%2Fmaksim%2FProjects%2FGo%2FProject%2Fsso%2Finternal%2FClients%2Fpermissions.go%22%2C%22ref%22%3A%22%22%7D
2026-05-31 15:07:02.723 [info] > git blame --root --incremental 705843d5156756eef72d02bb815a464468e8659a -- internal/Clients/permissions.go [1ms]
2026-05-31 15:07:02.723 [info] fatal: no such path internal/Clients/permissions.go in 705843d5156756eef72d02bb815a464468e8659a
2026-05-31 15:07:02.972 [info] > git check-ignore -v -z --stdin [0ms]
2026-05-31 15:07:03.526 [info] > git config --get commit.template [4ms]
2026-05-31 15:07:03.527 [info] > git for-each-ref --format=%(refname)%00%(upstream:short)%00%(objectname)%00%(upstream:track)%00%(upstream:remotename)%00%(upstream:remoteref) refs/heads/main refs/remotes/main [1ms]
2026-05-31 15:07:03.533 [info] > git status -z -uall [4ms]
2026-05-31 15:07:03.533 [info] > git for-each-ref --sort -committerdate --format %(refname)%00%(objectname)%00%(*objectname) [1ms]
2026-05-31 15:07:05.796 [info] > git check-ignore -v -z --stdin [1ms]
2026-05-31 15:07:13.562 [info] > git check-ignore -v -z --stdin [1ms]
2026-05-31 15:07:13.569 [info] > git show --textconv :internal/clients/permissions.go [3ms]
2026-05-31 15:07:13.569 [warning] [GitFileSystemProvider][readFile] File not found - git:/home/maksim/Projects/Go/Project/sso/internal/clients/permissions.go.git?%7B%22path%22%3A%22%2Fhome%2Fmaksim%2FProjects%2FGo%2FProject%2Fsso%2Finternal%2Fclients%2Fpermissions.go%22%2C%22ref%22%3A%22%22%7D
2026-05-31 15:07:13.570 [info] > git ls-files --stage -- internal/clients/permissions.go [1ms]
2026-05-31 15:07:13.570 [warning] [GitFileSystemProvider][stat] File not found - git:/home/maksim/Projects/Go/Project/sso/internal/clients/permissions.go.git?%7B%22path%22%3A%22%2Fhome%2Fmaksim%2FProjects%2FGo%2FProject%2Fsso%2Finternal%2Fclients%2Fpermissions.go%22%2C%22ref%22%3A%22%22%7D
2026-05-31 15:07:13.575 [info] > git blame --root --incremental 705843d5156756eef72d02bb815a464468e8659a -- internal/clients/permissions.go [1ms]
2026-05-31 15:07:13.575 [info] fatal: no such path internal/clients/permissions.go in 705843d5156756eef72d02bb815a464468e8659a
2026-05-31 15:07:13.858 [info] > git check-ignore -v -z --stdin [1ms]
2026-05-31 15:07:32.184 [info] > git config --get commit.template [4ms]
2026-05-31 15:07:32.185 [info] > git for-each-ref --format=%(refname)%00%(upstream:short)%00%(objectname)%00%(upstream:track)%00%(upstream:remotename)%00%(upstream:remoteref) refs/heads/main refs/remotes/main [1ms]
2026-05-31 15:07:32.191 [info] > git status -z -uall [3ms]
2026-05-31 15:07:32.192 [info] > git for-each-ref --sort -committerdate --format %(refname)%00%(objectname)%00%(*objectname) [1ms]
2026-05-31 15:07:38.125 [info] > git check-ignore -v -z --stdin [1ms]
2026-05-31 15:07:38.696 [info] > git config --get commit.template [4ms]
2026-05-31 15:07:38.696 [info] > git for-each-ref --format=%(refname)%00%(upstream:short)%00%(objectname)%00%(upstream:track)%00%(upstream:remotename)%00%(upstream:remoteref) refs/heads/main refs/remotes/main [1ms]
2026-05-31 15:07:38.702 [info] > git status -z -uall [3ms]
2026-05-31 15:07:38.703 [info] > git for-each-ref --sort -committerdate --format %(refname)%00%(objectname)%00%(*objectname) [1ms]
2026-05-31 15:07:40.448 [info] > git check-ignore -v -z --stdin [1ms]
2026-05-31 15:07:40.455 [info] > git show --textconv :internal/clients/permissions/permissions.go [4ms]
2026-05-31 15:07:40.455 [warning] [GitFileSystemProvider][readFile] File not found - git:/home/maksim/Projects/Go/Project/sso/internal/clients/permissions/permissions.go.git?%7B%22path%22%3A%22%2Fhome%2Fmaksim%2FProjects%2FGo%2FProject%2Fsso%2Finternal%2Fclients%2Fpermissions%2Fpermissions.go%22%2C%22ref%22%3A%22%22%7D
2026-05-31 15:07:40.456 [info] > git ls-files --stage -- internal/clients/permissions/permissions.go [1ms]
2026-05-31 15:07:40.456 [warning] [GitFileSystemProvider][stat] File not found - git:/home/maksim/Projects/Go/Project/sso/internal/clients/permissions/permissions.go.git?%7B%22path%22%3A%22%2Fhome%2Fmaksim%2FProjects%2FGo%2FProject%2Fsso%2Finternal%2Fclients%2Fpermissions%2Fpermissions.go%22%2C%22ref%22%3A%22%22%7D
2026-05-31 15:07:40.462 [info] > git blame --root --incremental 705843d5156756eef72d02bb815a464468e8659a -- internal/clients/permissions/permissions.go [1ms]
2026-05-31 15:07:40.462 [info] fatal: no such path internal/clients/permissions/permissions.go in 705843d5156756eef72d02bb815a464468e8659a
2026-05-31 15:07:40.740 [info] > git check-ignore -v -z --stdin [1ms]
2026-05-31 15:07:43.713 [info] > git config --get commit.template [3ms]
2026-05-31 15:07:43.714 [info] > git for-each-ref --format=%(refname)%00%(upstream:short)%00%(objectname)%00%(upstream:track)%00%(upstream:remotename)%00%(upstream:remoteref) refs/heads/main refs/remotes/main [1ms]
2026-05-31 15:07:43.720 [info] > git status -z -uall [4ms]
2026-05-31 15:07:43.720 [info] > git for-each-ref --sort -committerdate --format %(refname)%00%(objectname)%00%(*objectname) [1ms]
2026-05-31 15:07:46.531 [info] > git check-ignore -v -z --stdin [1ms]
2026-05-31 15:07:46.538 [info] > git show --textconv :internal/clients/permissions/client.go [4ms]
2026-05-31 15:07:46.538 [warning] [GitFileSystemProvider][readFile] File not found - git:/home/maksim/Projects/Go/Project/sso/internal/clients/permissions/client.go.git?%7B%22path%22%3A%22%2Fhome%2Fmaksim%2FProjects%2FGo%2FProject%2Fsso%2Finternal%2Fclients%2Fpermissions%2Fclient.go%22%2C%22ref%22%3A%22%22%7D
2026-05-31 15:07:46.538 [info] > git ls-files --stage -- internal/clients/permissions/client.go [1ms]
2026-05-31 15:07:46.538 [warning] [GitFileSystemProvider][stat] File not found - git:/home/maksim/Projects/Go/Project/sso/internal/clients/permissions/client.go.git?%7B%22path%22%3A%22%2Fhome%2Fmaksim%2FProjects%2FGo%2FProject%2Fsso%2Finternal%2Fclients%2Fpermissions%2Fclient.go%22%2C%22ref%22%3A%22%22%7D
2026-05-31 15:07:46.543 [info] > git blame --root --incremental 705843d5156756eef72d02bb815a464468e8659a -- internal/clients/permissions/client.go [1ms]
2026-05-31 15:07:46.543 [info] fatal: no such path internal/clients/permissions/client.go in 705843d5156756eef72d02bb815a464468e8659a
2026-05-31 15:07:46.825 [info] > git check-ignore -v -z --stdin [1ms]
2026-05-31 15:07:53.269 [info] > git config --get commit.template [4ms]
2026-05-31 15:07:53.269 [info] > git for-each-ref --format=%(refname)%00%(upstream:short)%00%(objectname)%00%(upstream:track)%00%(upstream:remotename)%00%(upstream:remoteref) refs/heads/main refs/remotes/main [1ms]
2026-05-31 15:07:53.276 [info] > git status -z -uall [4ms]
2026-05-31 15:07:53.277 [info] > git for-each-ref --sort -committerdate --format %(refname)%00%(objectname)%00%(*objectname) [1ms]
2026-05-31 15:12:49.354 [info] > git check-ignore -v -z --stdin [1ms]
2026-05-31 15:12:49.361 [info] > git show --textconv :internal/storage/postgresql/apps.go [3ms]
2026-05-31 15:12:49.362 [info] > git ls-files --stage -- internal/storage/postgresql/apps.go [1ms]
2026-05-31 15:12:49.365 [info] > git cat-file -s 97363a0de66322b0dd20689845ae5ff72e90ef83 [0ms]
2026-05-31 15:12:49.373 [info] > git blame --root --incremental 705843d5156756eef72d02bb815a464468e8659a -- internal/storage/postgresql/apps.go [2ms]
2026-05-31 15:12:50.695 [info] > git check-ignore -v -z --stdin [1ms]
2026-05-31 15:12:50.706 [info] > git show --textconv :internal/services/auth/auth.go [3ms]
2026-05-31 15:12:50.706 [info] > git ls-files --stage -- internal/services/auth/auth.go [0ms]
2026-05-31 15:12:50.710 [info] > git cat-file -s f3d71e55d6600d5718a118279a198ed2f0c4789a [1ms]
2026-05-31 15:12:50.722 [info] > git blame --root --incremental 705843d5156756eef72d02bb815a464468e8659a -- internal/services/auth/auth.go [1ms]
2026-05-31 15:12:50.988 [info] > git check-ignore -v -z --stdin [1ms]
2026-05-31 15:12:53.028 [info] > git check-ignore -v -z --stdin [1ms]
2026-05-31 15:14:50.205 [info] > git config --get commit.template [3ms]
2026-05-31 15:14:50.206 [info] > git for-each-ref --format=%(refname)%00%(upstream:short)%00%(objectname)%00%(upstream:track)%00%(upstream:remotename)%00%(upstream:remoteref) refs/heads/main refs/remotes/main [1ms]
2026-05-31 15:14:50.212 [info] > git status -z -uall [3ms]
2026-05-31 15:14:50.213 [info] > git for-each-ref --sort -committerdate --format %(refname)%00%(objectname)%00%(*objectname) [1ms]
2026-05-31 15:14:50.519 [info] > git check-ignore -v -z --stdin [1ms]
2026-05-31 15:21:31.354 [info] > git config --get commit.template [6ms]
2026-05-31 15:21:31.355 [info] > git for-each-ref --format=%(refname)%00%(upstream:short)%00%(objectname)%00%(upstream:track)%00%(upstream:remotename)%00%(upstream:remoteref) refs/heads/main refs/remotes/main [1ms]
2026-05-31 15:21:31.362 [info] > git status -z -uall [4ms]
2026-05-31 15:21:31.362 [info] > git for-each-ref --sort -committerdate --format %(refname)%00%(objectname)%00%(*objectname) [1ms]
2026-05-31 15:22:13.333 [info] > git config --get commit.template [4ms]
2026-05-31 15:22:13.333 [info] > git for-each-ref --format=%(refname)%00%(upstream:short)%00%(objectname)%00%(upstream:track)%00%(upstream:remotename)%00%(upstream:remoteref) refs/heads/main refs/remotes/main [1ms]
2026-05-31 15:22:13.339 [info] > git status -z -uall [2ms]
2026-05-31 15:22:13.340 [info] > git for-each-ref --sort -committerdate --format %(refname)%00%(objectname)%00%(*objectname) [1ms]
2026-05-31 15:22:58.302 [info] > git config --get commit.template [3ms]
2026-05-31 15:22:58.302 [info] > git for-each-ref --format=%(refname)%00%(upstream:short)%00%(objectname)%00%(upstream:track)%00%(upstream:remotename)%00%(upstream:remoteref) refs/heads/main refs/remotes/main [1ms]
2026-05-31 15:22:58.308 [info] > git status -z -uall [3ms]
2026-05-31 15:22:58.309 [info] > git for-each-ref --sort -committerdate --format %(refname)%00%(objectname)%00%(*objectname) [1ms]
2026-05-31 15:23:11.305 [info] > git check-ignore -v -z --stdin [1ms]
2026-05-31 15:23:11.313 [info] > git show --textconv :internal/services/auth/auth.go [4ms]
2026-05-31 15:23:11.313 [info] > git ls-files --stage -- internal/services/auth/auth.go [1ms]
2026-05-31 15:23:11.317 [info] > git cat-file -s f3d71e55d6600d5718a118279a198ed2f0c4789a [1ms]
2026-05-31 15:23:15.515 [info] > git check-ignore -v -z --stdin [1ms]
2026-05-31 15:23:17.432 [info] > git check-ignore -v -z --stdin [1ms]
2026-05-31 15:23:18.296 [info] > git check-ignore -v -z --stdin [1ms]
2026-05-31 15:23:18.745 [info] > git check-ignore -v -z --stdin [1ms]
2026-05-31 15:23:19.297 [info] > git check-ignore -v -z --stdin [1ms]
2026-05-31 15:23:25.146 [info] > git check-ignore -v -z --stdin [1ms]
2026-05-31 15:23:32.800 [info] > git config --get commit.template [4ms]
2026-05-31 15:23:32.801 [info] > git for-each-ref --format=%(refname)%00%(upstream:short)%00%(objectname)%00%(upstream:track)%00%(upstream:remotename)%00%(upstream:remoteref) refs/heads/main refs/remotes/main [1ms]
2026-05-31 15:23:32.806 [info] > git status -z -uall [3ms]
2026-05-31 15:23:32.807 [info] > git for-each-ref --sort -committerdate --format %(refname)%00%(objectname)%00%(*objectname) [1ms]
2026-05-31 15:23:33.114 [info] > git check-ignore -v -z --stdin [1ms]
2026-05-31 15:23:37.683 [info] > git check-ignore -v -z --stdin [1ms]
2026-05-31 15:23:38.550 [info] > git check-ignore -v -z --stdin [1ms]
2026-05-31 15:23:39.460 [info] > git config --get commit.template [3ms]
2026-05-31 15:23:39.461 [info] > git for-each-ref --format=%(refname)%00%(upstream:short)%00%(objectname)%00%(upstream:track)%00%(upstream:remotename)%00%(upstream:remoteref) refs/heads/main refs/remotes/main [1ms]
2026-05-31 15:23:39.467 [info] > git status -z -uall [3ms]
2026-05-31 15:23:39.468 [info] > git for-each-ref --sort -committerdate --format %(refname)%00%(objectname)%00%(*objectname) [1ms]
2026-05-31 15:23:39.775 [info] > git check-ignore -v -z --stdin [1ms]
2026-05-31 15:24:04.041 [info] > git check-ignore -v -z --stdin [1ms]
2026-05-31 15:24:07.667 [info] > git check-ignore -v -z --stdin [0ms]
2026-05-31 15:24:11.825 [info] > git check-ignore -v -z --stdin [1ms]
2026-05-31 15:24:12.117 [info] > git check-ignore -v -z --stdin [1ms]
2026-05-31 15:24:13.899 [info] > git config --get commit.template [3ms]
2026-05-31 15:24:13.899 [info] > git for-each-ref --format=%(refname)%00%(upstream:short)%00%(objectname)%00%(upstream:track)%00%(upstream:remotename)%00%(upstream:remoteref) refs/heads/main refs/remotes/main [1ms]
2026-05-31 15:24:13.905 [info] > git status -z -uall [3ms]
2026-05-31 15:24:13.906 [info] > git for-each-ref --sort -committerdate --format %(refname)%00%(objectname)%00%(*objectname) [1ms]
2026-05-31 15:24:14.212 [info] > git check-ignore -v -z --stdin [1ms]
2026-05-31 15:24:39.403 [info] > git config --get commit.template [3ms]
2026-05-31 15:24:39.404 [info] > git for-each-ref --format=%(refname)%00%(upstream:short)%00%(objectname)%00%(upstream:track)%00%(upstream:remotename)%00%(upstream:remoteref) refs/heads/main refs/remotes/main [1ms]
2026-05-31 15:24:39.410 [info] > git status -z -uall [3ms]
2026-05-31 15:24:39.411 [info] > git for-each-ref --sort -committerdate --format %(refname)%00%(objectname)%00%(*objectname) [1ms]
2026-05-31 15:24:39.720 [info] > git check-ignore -v -z --stdin [1ms]
2026-05-31 15:24:56.549 [info] > git check-ignore -v -z --stdin [1ms]
2026-05-31 15:24:56.556 [info] > git show --textconv :internal/app/grpc/app.go [3ms]
2026-05-31 15:24:56.557 [info] > git ls-files --stage -- internal/app/grpc/app.go [1ms]
2026-05-31 15:24:56.561 [info] > git cat-file -s 7264738e42de0ca31f3e040847164e03f26c694c [1ms]
2026-05-31 15:24:56.568 [info] > git blame --root --incremental 705843d5156756eef72d02bb815a464468e8659a -- internal/app/grpc/app.go [1ms]
2026-05-31 15:25:06.616 [info] > git check-ignore -v -z --stdin [1ms]
2026-05-31 15:25:06.623 [info] > git show --textconv :internal/app/app.go [3ms]
2026-05-31 15:25:06.624 [info] > git ls-files --stage -- internal/app/app.go [1ms]
2026-05-31 15:25:06.628 [info] > git cat-file -s 820398fc9797a5cf3a683d287dab2a4159219553 [1ms]
2026-05-31 15:25:06.634 [info] > git blame --root --incremental 705843d5156756eef72d02bb815a464468e8659a -- internal/app/app.go [1ms]
2026-05-31 15:26:45.272 [info] > git check-ignore -v -z --stdin [1ms]
2026-05-31 15:26:45.281 [info] > git show --textconv :internal/config/config.go [3ms]
2026-05-31 15:26:45.281 [info] > git ls-files --stage -- internal/config/config.go [1ms]
2026-05-31 15:26:45.285 [info] > git cat-file -s a330363d7c1baa6780ac3e957752ade9d1e3adf4 [1ms]
2026-05-31 15:26:48.365 [info] > git check-ignore -v -z --stdin [1ms]
2026-05-31 15:26:49.364 [info] > git check-ignore -v -z --stdin [1ms]
2026-05-31 15:26:50.250 [info] > git config --get commit.template [4ms]
2026-05-31 15:26:50.250 [info] > git for-each-ref --format=%(refname)%00%(upstream:short)%00%(objectname)%00%(upstream:track)%00%(upstream:remotename)%00%(upstream:remoteref) refs/heads/main refs/remotes/main [1ms]
2026-05-31 15:26:50.256 [info] > git status -z -uall [3ms]
2026-05-31 15:26:50.257 [info] > git for-each-ref --sort -committerdate --format %(refname)%00%(objectname)%00%(*objectname) [1ms]
2026-05-31 15:26:50.564 [info] > git check-ignore -v -z --stdin [1ms]
2026-05-31 15:26:59.047 [info] > git check-ignore -v -z --stdin [1ms]
2026-05-31 15:26:59.054 [info] > git show --textconv :internal/app/app.go [3ms]
2026-05-31 15:26:59.055 [info] > git ls-files --stage -- internal/app/app.go [1ms]
2026-05-31 15:26:59.059 [info] > git cat-file -s 820398fc9797a5cf3a683d287dab2a4159219553 [2ms]
2026-05-31 15:27:19.428 [info] > git check-ignore -v -z --stdin [1ms]
2026-05-31 15:27:19.661 [info] > git check-ignore -v -z --stdin [1ms]
2026-05-31 15:27:20.487 [info] > git check-ignore -v -z --stdin [0ms]
2026-05-31 15:27:20.802 [info] > git check-ignore -v -z --stdin [1ms]
2026-05-31 15:27:26.185 [info] > git check-ignore -v -z --stdin [1ms]
2026-05-31 15:27:26.470 [info] > git check-ignore -v -z --stdin [1ms]
2026-05-31 15:27:26.873 [info] > git check-ignore -v -z --stdin [1ms]
2026-05-31 15:27:29.071 [info] > git check-ignore -v -z --stdin [1ms]
2026-05-31 15:27:31.886 [info] > git check-ignore -v -z --stdin [1ms]
2026-05-31 15:27:32.175 [info] > git check-ignore -v -z --stdin [1ms]
2026-05-31 15:27:32.931 [info] > git check-ignore -v -z --stdin [1ms]
2026-05-31 15:27:36.703 [info] > git check-ignore -v -z --stdin [0ms]
2026-05-31 15:27:37.424 [info] > git check-ignore -v -z --stdin [1ms]
2026-05-31 15:27:37.662 [info] > git check-ignore -v -z --stdin [1ms]
2026-05-31 15:27:38.958 [info] > git check-ignore -v -z --stdin [1ms]
2026-05-31 15:27:40.104 [info] > git check-ignore -v -z --stdin [1ms]
2026-05-31 15:27:41.233 [info] > git check-ignore -v -z --stdin [2ms]
2026-05-31 15:27:46.177 [info] > git check-ignore -v -z --stdin [1ms]
2026-05-31 15:28:02.210 [info] > git check-ignore -v -z --stdin [1ms]
2026-05-31 15:28:19.081 [info] > git check-ignore -v -z --stdin [1ms]
2026-05-31 15:28:20.012 [info] > git check-ignore -v -z --stdin [1ms]
2026-05-31 15:28:21.588 [info] > git check-ignore -v -z --stdin [1ms]
2026-05-31 15:28:24.048 [info] > git check-ignore -v -z --stdin [1ms]
2026-05-31 15:28:25.469 [info] > git check-ignore -v -z --stdin [1ms]
2026-05-31 15:28:25.782 [info] > git check-ignore -v -z --stdin [1ms]
2026-05-31 15:28:26.076 [info] > git check-ignore -v -z --stdin [1ms]
2026-05-31 15:28:26.404 [info] > git check-ignore -v -z --stdin [2ms]
2026-05-31 15:28:26.638 [info] > git check-ignore -v -z --stdin [1ms]
2026-05-31 15:28:47.548 [info] > git check-ignore -v -z --stdin [1ms]
2026-05-31 15:28:47.555 [info] > git show --textconv :internal/services/auth/auth.go [3ms]
2026-05-31 15:28:47.556 [info] > git ls-files --stage -- internal/services/auth/auth.go [1ms]
2026-05-31 15:28:47.559 [info] > git cat-file -s f3d71e55d6600d5718a118279a198ed2f0c4789a [0ms]
2026-05-31 15:28:54.081 [info] > git check-ignore -v -z --stdin [1ms]
2026-05-31 15:28:54.766 [info] > git check-ignore -v -z --stdin [1ms]
2026-05-31 15:28:55.388 [info] > git check-ignore -v -z --stdin [1ms]
2026-05-31 15:28:55.774 [info] > git check-ignore -v -z --stdin [1ms]
2026-05-31 15:28:58.434 [info] > git check-ignore -v -z --stdin [1ms]
2026-05-31 15:28:58.996 [info] > git check-ignore -v -z --stdin [2ms]
2026-05-31 15:28:59.749 [info] > git check-ignore -v -z --stdin [1ms]
2026-05-31 15:29:00.277 [info] > git check-ignore -v -z --stdin [1ms]
2026-05-31 15:29:01.158 [info] > git check-ignore -v -z --stdin [1ms]
2026-05-31 15:29:02.196 [info] > git check-ignore -v -z --stdin [1ms]
2026-05-31 15:29:04.181 [info] > git check-ignore -v -z --stdin [1ms]
2026-05-31 15:29:04.698 [info] > git check-ignore -v -z --stdin [1ms]
2026-05-31 15:29:05.053 [info] > git check-ignore -v -z --stdin [1ms]
2026-05-31 15:29:07.586 [info] > git check-ignore -v -z --stdin [1ms]
2026-05-31 15:29:08.400 [info] > git check-ignore -v -z --stdin [1ms]
2026-05-31 15:29:08.820 [info] > git check-ignore -v -z --stdin [1ms]
2026-05-31 15:29:09.349 [info] > git check-ignore -v -z --stdin [2ms]
2026-05-31 15:29:09.871 [info] > git check-ignore -v -z --stdin [1ms]
2026-05-31 15:29:10.756 [info] > git config --get commit.template [3ms]
2026-05-31 15:29:10.756 [info] > git for-each-ref --format=%(refname)%00%(upstream:short)%00%(objectname)%00%(upstream:track)%00%(upstream:remotename)%00%(upstream:remoteref) refs/heads/main refs/remotes/main [0ms]
2026-05-31 15:29:10.762 [info] > git status -z -uall [3ms]
2026-05-31 15:29:10.763 [info] > git for-each-ref --sort -committerdate --format %(refname)%00%(objectname)%00%(*objectname) [1ms]
2026-05-31 15:29:10.844 [info] > git check-ignore -v -z --stdin [1ms]
2026-05-31 15:29:10.851 [info] > git show --textconv :internal/app/app.go [4ms]
2026-05-31 15:29:10.852 [info] > git ls-files --stage -- internal/app/app.go [1ms]
2026-05-31 15:29:10.855 [info] > git cat-file -s 820398fc9797a5cf3a683d287dab2a4159219553 [1ms]
2026-05-31 15:29:11.069 [info] > git check-ignore -v -z --stdin [1ms]
2026-05-31 15:29:13.217 [info] > git check-ignore -v -z --stdin [1ms]
2026-05-31 15:29:14.010 [info] > git check-ignore -v -z --stdin [1ms]
2026-05-31 15:29:14.599 [info] > git check-ignore -v -z --stdin [1ms]
2026-05-31 15:29:15.918 [info] > git check-ignore -v -z --stdin [1ms]
2026-05-31 15:29:19.287 [info] > git config --get commit.template [1ms]
2026-05-31 15:29:19.291 [info] > git for-each-ref --format=%(refname)%00%(upstream:short)%00%(objectname)%00%(upstream:track)%00%(upstream:remotename)%00%(upstream:remoteref) refs/heads/main refs/remotes/main [1ms]
2026-05-31 15:29:19.297 [info] > git status -z -uall [3ms]
2026-05-31 15:29:19.298 [info] > git for-each-ref --sort -committerdate --format %(refname)%00%(objectname)%00%(*objectname) [1ms]
2026-05-31 15:29:19.604 [info] > git check-ignore -v -z --stdin [1ms]
2026-05-31 15:29:24.814 [info] > git check-ignore -v -z --stdin [1ms]
2026-05-31 15:29:25.034 [info] > git check-ignore -v -z --stdin [1ms]
2026-05-31 15:29:26.924 [info] > git config --get commit.template [4ms]
2026-05-31 15:29:26.924 [info] > git for-each-ref --format=%(refname)%00%(upstream:short)%00%(objectname)%00%(upstream:track)%00%(upstream:remotename)%00%(upstream:remoteref) refs/heads/main refs/remotes/main [1ms]
2026-05-31 15:29:26.930 [info] > git status -z -uall [3ms]
2026-05-31 15:29:26.931 [info] > git for-each-ref --sort -committerdate --format %(refname)%00%(objectname)%00%(*objectname) [1ms]
2026-05-31 15:29:27.236 [info] > git check-ignore -v -z --stdin [0ms]
2026-05-31 15:29:46.292 [info] > git check-ignore -v -z --stdin [1ms]
2026-05-31 15:29:46.300 [info] > git show --textconv :config/config_local.yaml [3ms]
2026-05-31 15:29:46.300 [info] > git ls-files --stage -- config/config_local.yaml [1ms]
2026-05-31 15:29:46.304 [info] > git cat-file -s e8ed4b779f148f2f6f848e2c351dc0a89d95b423 [1ms]
2026-05-31 15:29:46.310 [info] > git blame --root --incremental 705843d5156756eef72d02bb815a464468e8659a -- config/config_local.yaml [1ms]
2026-05-31 15:29:48.782 [info] > git check-ignore -v -z --stdin [2ms]
2026-05-31 15:29:50.427 [info] > git config --get commit.template [4ms]
2026-05-31 15:29:50.428 [info] > git for-each-ref --format=%(refname)%00%(upstream:short)%00%(objectname)%00%(upstream:track)%00%(upstream:remotename)%00%(upstream:remoteref) refs/heads/main refs/remotes/main [1ms]
2026-05-31 15:29:50.434 [info] > git status -z -uall [4ms]
2026-05-31 15:29:50.434 [info] > git for-each-ref --sort -committerdate --format %(refname)%00%(objectname)%00%(*objectname) [1ms]
2026-05-31 15:29:50.741 [info] > git check-ignore -v -z --stdin [1ms]
2026-05-31 15:30:17.391 [info] > git check-ignore -v -z --stdin [1ms]
2026-05-31 15:30:17.398 [info] > git show --textconv :cmd/sso/main.go [4ms]
2026-05-31 15:30:17.398 [info] > git ls-files --stage -- cmd/sso/main.go [1ms]
2026-05-31 15:30:17.402 [info] > git cat-file -s 00c10eaa8a5a1875e4005225c9778c5bcdf4f990 [1ms]
2026-05-31 15:30:17.409 [info] > git blame --root --incremental 705843d5156756eef72d02bb815a464468e8659a -- cmd/sso/main.go [2ms]
2026-05-31 15:30:22.018 [info] > git check-ignore -v -z --stdin [1ms]
2026-05-31 15:30:22.599 [info] > git check-ignore -v -z --stdin [1ms]
2026-05-31 15:30:22.834 [info] > git check-ignore -v -z --stdin [1ms]
2026-05-31 15:30:23.501 [info] > git check-ignore -v -z --stdin [1ms]
2026-05-31 15:30:23.754 [info] > git check-ignore -v -z --stdin [1ms]
2026-05-31 15:30:27.371 [info] > git check-ignore -v -z --stdin [1ms]
2026-05-31 15:30:28.137 [info] > git check-ignore -v -z --stdin [1ms]
2026-05-31 15:30:29.741 [info] > git config --get commit.template [4ms]
2026-05-31 15:30:29.741 [info] > git for-each-ref --format=%(refname)%00%(upstream:short)%00%(objectname)%00%(upstream:track)%00%(upstream:remotename)%00%(upstream:remoteref) refs/heads/main refs/remotes/main [1ms]
2026-05-31 15:30:29.747 [info] > git status -z -uall [3ms]
2026-05-31 15:30:29.748 [info] > git for-each-ref --sort -committerdate --format %(refname)%00%(objectname)%00%(*objectname) [1ms]
2026-05-31 15:30:30.055 [info] > git check-ignore -v -z --stdin [2ms]
2026-05-31 15:32:35.827 [info] > git check-ignore -v -z --stdin [1ms]
2026-05-31 15:32:35.839 [info] > git show --textconv :config/config_local.yaml [3ms]
2026-05-31 15:32:35.859 [info] > git ls-files --stage -- config/config_local.yaml [20ms]
2026-05-31 15:32:35.863 [info] > git cat-file -s e8ed4b779f148f2f6f848e2c351dc0a89d95b423 [1ms]
2026-05-31 15:38:45.620 [info] > git check-ignore -v -z --stdin [1ms]
2026-05-31 15:42:39.607 [info] > git check-ignore -v -z --stdin [1ms]
2026-05-31 15:43:39.265 [info] > git config --get commit.template [6ms]
2026-05-31 15:43:39.265 [info] > git for-each-ref --format=%(refname)%00%(upstream:short)%00%(objectname)%00%(upstream:track)%00%(upstream:remotename)%00%(upstream:remoteref) refs/heads/main refs/remotes/main [1ms]
2026-05-31 15:43:39.273 [info] > git status -z -uall [4ms]
2026-05-31 15:43:39.274 [info] > git for-each-ref --sort -committerdate --format %(refname)%00%(objectname)%00%(*objectname) [1ms]
2026-05-31 15:43:39.586 [info] > git check-ignore -v -z --stdin [1ms]
2026-05-31 15:43:44.285 [info] > git config --get commit.template [3ms]
2026-05-31 15:43:44.286 [info] > git for-each-ref --format=%(refname)%00%(upstream:short)%00%(objectname)%00%(upstream:track)%00%(upstream:remotename)%00%(upstream:remoteref) refs/heads/main refs/remotes/main [1ms]
2026-05-31 15:43:44.292 [info] > git status -z -uall [4ms]
2026-05-31 15:43:44.292 [info] > git for-each-ref --sort -committerdate --format %(refname)%00%(objectname)%00%(*objectname) [1ms]
2026-05-31 15:43:44.600 [info] > git check-ignore -v -z --stdin [1ms]
2026-05-31 15:44:13.773 [info] > git config --get commit.template [3ms]
2026-05-31 15:44:13.774 [info] > git for-each-ref --format=%(refname)%00%(upstream:short)%00%(objectname)%00%(upstream:track)%00%(upstream:remotename)%00%(upstream:remoteref) refs/heads/main refs/remotes/main [1ms]
2026-05-31 15:44:13.780 [info] > git status -z -uall [4ms]
2026-05-31 15:44:13.780 [info] > git for-each-ref --sort -committerdate --format %(refname)%00%(objectname)%00%(*objectname) [1ms]
2026-05-31 15:44:14.086 [info] > git check-ignore -v -z --stdin [1ms]
2026-05-31 15:44:45.453 [info] > git check-ignore -v -z --stdin [1ms]
2026-05-31 15:44:45.459 [info] > git show --textconv :.gitignore [3ms]
2026-05-31 15:44:45.460 [info] > git ls-files --stage -- .gitignore [1ms]
2026-05-31 15:44:45.464 [info] > git cat-file -s 4fb944a7c611fd3bb9b27020f76d228e5d331879 [1ms]
2026-05-31 15:44:46.115 [info] > git blame --root --incremental adba3c97f455c74df1dde0fb77e193946c4dd6f3 -- .gitignore [2ms]
2026-05-31 15:44:47.180 [info] > git check-ignore -v -z --stdin [1ms]
2026-05-31 15:44:47.835 [info] > git check-ignore -v -z --stdin [0ms]
2026-05-31 15:44:48.718 [info] > git check-ignore -v -z --stdin [1ms]
2026-05-31 15:44:49.152 [info] > git config --get commit.template [3ms]
2026-05-31 15:44:49.153 [info] > git for-each-ref --format=%(refname)%00%(upstream:short)%00%(objectname)%00%(upstream:track)%00%(upstream:remotename)%00%(upstream:remoteref) refs/heads/main refs/remotes/main [1ms]
2026-05-31 15:44:49.158 [info] > git status -z -uall [3ms]
2026-05-31 15:44:49.159 [info] > git for-each-ref --sort -committerdate --format %(refname)%00%(objectname)%00%(*objectname) [1ms]
2026-05-31 15:44:49.467 [info] > git check-ignore -v -z --stdin [1ms]
2026-05-31 15:45:07.522 [info] > git config --get commit.template [3ms]
2026-05-31 15:45:07.523 [info] > git for-each-ref --format=%(refname)%00%(upstream:short)%00%(objectname)%00%(upstream:track)%00%(upstream:remotename)%00%(upstream:remoteref) refs/heads/main refs/remotes/main [1ms]
2026-05-31 15:45:07.529 [info] > git status -z -uall [4ms]
2026-05-31 15:45:07.530 [info] > git for-each-ref --sort -committerdate --format %(refname)%00%(objectname)%00%(*objectname) [2ms]
2026-05-31 15:45:07.619 [info] > git ls-files --stage -- .gitignore [1ms]
2026-05-31 15:45:07.623 [info] > git cat-file -s 65d7bf492b64cb32a82d3644d23e1fbd64224806 [1ms]
2026-05-31 15:45:07.627 [info] > git show --textconv :.gitignore [1ms]
2026-05-31 15:45:07.836 [info] > git check-ignore -v -z --stdin [1ms]
2026-05-31 15:45:28.177 [info] > git check-ignore -v -z --stdin [1ms]
2026-05-31 15:45:28.187 [info] > git show --textconv :Makefile [3ms]
2026-05-31 15:45:28.188 [info] > git ls-files --stage -- Makefile [1ms]
2026-05-31 15:45:28.191 [info] > git cat-file -s 37dfff5ea73661519f5454e69e8fee38fc477982 [0ms]
2026-05-31 15:45:28.200 [info] > git blame --root --incremental 5b2db1e70ce0e871df7482b3915eca0d35bd6ba1 -- Makefile [2ms]
2026-05-31 15:45:30.481 [info] > git check-ignore -v -z --stdin [1ms]
2026-05-31 15:45:30.908 [info] > git check-ignore -v -z --stdin [1ms]
2026-05-31 15:45:31.648 [info] > git check-ignore -v -z --stdin [1ms]
2026-05-31 15:45:32.014 [info] > git check-ignore -v -z --stdin [1ms]
2026-05-31 15:45:32.342 [info] > git check-ignore -v -z --stdin [1ms]
2026-05-31 15:45:32.568 [info] > git check-ignore -v -z --stdin [1ms]
2026-05-31 15:45:33.070 [info] > git check-ignore -v -z --stdin [1ms]
2026-05-31 15:45:33.369 [info] > git check-ignore -v -z --stdin [1ms]
2026-05-31 15:45:33.943 [info] > git check-ignore -v -z --stdin [1ms]
2026-05-31 15:45:34.149 [info] > git check-ignore -v -z --stdin [1ms]
2026-05-31 15:45:34.857 [info] > git check-ignore -v -z --stdin [1ms]
2026-05-31 15:45:35.406 [info] > git check-ignore -v -z --stdin [1ms]
2026-05-31 15:45:35.851 [info] > git check-ignore -v -z --stdin [1ms]
2026-05-31 15:45:36.632 [info] > git check-ignore -v -z --stdin [1ms]
2026-05-31 15:45:39.760 [info] > git check-ignore -v -z --stdin [1ms]
2026-05-31 15:45:41.214 [info] > git check-ignore -v -z --stdin [1ms]
2026-05-31 15:45:46.916 [info] > git check-ignore -v -z --stdin [1ms]
2026-05-31 15:45:47.149 [info] > git check-ignore -v -z --stdin [1ms]
2026-05-31 15:45:47.963 [info] > git check-ignore -v -z --stdin [1ms]
2026-05-31 15:45:49.330 [info] > git check-ignore -v -z --stdin [1ms]
2026-05-31 15:45:49.710 [info] > git check-ignore -v -z --stdin [1ms]
2026-05-31 15:45:52.479 [info] > git config --get commit.template [4ms]
2026-05-31 15:45:52.479 [info] > git for-each-ref --format=%(refname)%00%(upstream:short)%00%(objectname)%00%(upstream:track)%00%(upstream:remotename)%00%(upstream:remoteref) refs/heads/main refs/remotes/main [1ms]
2026-05-31 15:45:52.485 [info] > git status -z -uall [3ms]
2026-05-31 15:45:52.486 [info] > git for-each-ref --sort -committerdate --format %(refname)%00%(objectname)%00%(*objectname) [1ms]
2026-05-31 15:45:52.793 [info] > git check-ignore -v -z --stdin [1ms]
2026-05-31 15:46:02.386 [info] > git check-ignore -v -z --stdin [1ms]
2026-05-31 15:46:02.673 [info] > git check-ignore -v -z --stdin [1ms]
2026-05-31 15:46:03.118 [info] > git check-ignore -v -z --stdin [1ms]
2026-05-31 15:46:04.892 [info] > git config --get commit.template [4ms]
2026-05-31 15:46:04.892 [info] > git for-each-ref --format=%(refname)%00%(upstream:short)%00%(objectname)%00%(upstream:track)%00%(upstream:remotename)%00%(upstream:remoteref) refs/heads/main refs/remotes/main [1ms]
2026-05-31 15:46:04.898 [info] > git status -z -uall [3ms]
2026-05-31 15:46:04.899 [info] > git for-each-ref --sort -committerdate --format %(refname)%00%(objectname)%00%(*objectname) [1ms]
2026-05-31 15:46:05.205 [info] > git check-ignore -v -z --stdin [1ms]
2026-05-31 15:48:20.111 [info] > git check-ignore -v -z --stdin [1ms]
