2026-05-31 13:05:19.887 [info] Reading sessions from keychain...
2026-05-31 13:05:19.887 [info] Getting sessions for all scopes...
2026-05-31 13:05:19.887 [info] Got stored sessions!
2026-05-31 13:05:19.887 [info] Got 1 verified sessions.
2026-05-31 13:05:19.887 [info] Got 1 sessions for ...
2026-05-31 13:05:19.887 [info] Getting sessions for all scopes...
2026-05-31 13:05:19.887 [info] Got 1 sessions for ...
2026-05-31 13:05:19.887 [info] Getting sessions for all scopes...
2026-05-31 13:05:19.887 [info] Got 1 sessions for ...
2026-05-31 13:05:19.887 [info] Getting sessions for all scopes...
2026-05-31 13:05:19.887 [info] Got 1 sessions for ...
2026-05-31 13:05:19.887 [info] Getting sessions for all scopes...
2026-05-31 13:05:19.887 [info] Got 1 sessions for ...
2026-05-31 13:05:22.798 [info] Reading sessions from keychain...
2026-05-31 13:05:22.798 [info] Getting sessions for all scopes...
2026-05-31 13:05:22.798 [info] Got stored sessions!
2026-05-31 13:05:22.798 [info] Got 1 verified sessions.
2026-05-31 13:05:22.798 [info] Got 1 sessions for ...
2026-05-31 13:05:22.798 [info] Getting sessions for all scopes...
2026-05-31 13:05:22.798 [info] Got 1 sessions for ...
2026-05-31 13:05:22.798 [info] Getting sessions for all scopes...
2026-05-31 13:05:22.798 [info] Got 1 sessions for ...
2026-05-31 13:05:22.798 [info] Getting sessions for all scopes...
2026-05-31 13:05:22.798 [info] Got 1 sessions for ...
2026-05-31 13:05:22.798 [info] Getting sessions for all scopes...
2026-05-31 13:05:22.798 [info] Got 1 sessions for ...
2026-05-31 13:05:24.501 [info] Getting sessions for all scopes...
2026-05-31 13:05:24.501 [info] Got 1 sessions for ...
2026-05-31 13:05:45.433 [info] Getting sessions for all scopes...
2026-05-31 13:05:45.433 [info] Got 1 sessions for ...
2026-05-31 13:05:45.434 [info] Getting sessions for all scopes...
2026-05-31 13:05:45.434 [info] Got 1 sessions for ...
2026-05-31 13:06:05.300 [info] Getting sessions for all scopes...
2026-05-31 13:06:05.300 [info] Got 1 sessions for ...
2026-05-31 13:06:05.300 [info] Getting sessions for all scopes...
2026-05-31 13:06:05.300 [info] Got 1 sessions for ...
2026-05-31 13:06:59.149 [info] Getting sessions for all scopes...
2026-05-31 13:06:59.149 [info] Got 1 sessions for ...
2026-05-31 13:06:59.150 [info] Getting sessions for all scopes...
2026-05-31 13:06:59.150 [info] Got 1 sessions for ...
2026-05-31 13:07:23.937 [info] Getting sessions for all scopes...
2026-05-31 13:07:23.937 [info] Got 1 sessions for ...
2026-05-31 13:07:23.937 [info] Getting sessions for all scopes...
2026-05-31 13:07:23.937 [info] Got 1 sessions for ...
2026-05-31 13:07:38.475 [info] Getting sessions for all scopes...
2026-05-31 13:07:38.475 [info] Got 1 sessions for ...
2026-05-31 13:07:38.476 [info] Getting sessions for all scopes...
2026-05-31 13:07:38.476 [info] Got 1 sessions for ...
2026-05-31 13:08:09.079 [info] Getting sessions for all scopes...
2026-05-31 13:08:09.079 [info] Got 1 sessions for ...
2026-05-31 13:08:09.080 [info] Getting sessions for all scopes...
2026-05-31 13:08:09.080 [info] Got 1 sessions for ...
2026-05-31 13:08:09.850 [info] Getting sessions for all scopes...
2026-05-31 13:08:09.850 [info] Got 1 sessions for ...
2026-05-31 13:08:09.851 [info] Getting sessions for all scopes...
2026-05-31 13:08:09.851 [info] Got 1 sessions for ...
2026-05-31 13:08:45.582 [info] Getting sessions for all scopes...
2026-05-31 13:08:45.582 [info] Got 1 sessions for ...
2026-05-31 13:08:45.582 [info] Getting sessions for all scopes...
2026-05-31 13:08:45.582 [info] Got 1 sessions for ...
2026-05-31 13:09:26.956 [info] Getting sessions for all scopes...
2026-05-31 13:09:26.956 [info] Got 1 sessions for ...
2026-05-31 13:09:26.957 [info] Getting sessions for all scopes...
2026-05-31 13:09:26.957 [info] Got 1 sessions for ...
2026-05-31 13:13:22.420 [info] Getting sessions for all scopes...
2026-05-31 13:13:22.420 [info] Got 1 sessions for ...
2026-05-31 13:13:22.420 [info] Getting sessions for all scopes...
2026-05-31 13:13:22.420 [info] Got 1 sessions for ...
2026-05-31 13:14:02.034 [info] Getting sessions for all scopes...
2026-05-31 13:14:02.034 [info] Got 1 sessions for ...
2026-05-31 13:14:02.034 [info] Getting sessions for all scopes...
2026-05-31 13:14:02.034 [info] Got 1 sessions for ...
2026-05-31 13:26:41.622 [info] Getting sessions for all scopes...
2026-05-31 13:26:41.622 [info] Got 1 sessions for ...
2026-05-31 13:26:41.622 [info] Getting sessions for all scopes...
2026-05-31 13:26:41.622 [info] Got 1 sessions for ...
2026-05-31 13:26:54.850 [info] Getting sessions for all scopes...
2026-05-31 13:26:54.850 [info] Got 1 sessions for ...
2026-05-31 13:26:54.851 [info] Getting sessions for all scopes...
2026-05-31 13:26:54.851 [info] Got 1 sessions for ...
2026-05-31 13:26:56.434 [info] Getting sessions for all scopes...
2026-05-31 13:26:56.434 [info] Got 1 sessions for ...
2026-05-31 13:26:56.435 [info] Getting sessions for all scopes...
2026-05-31 13:26:56.435 [info] Got 1 sessions for ...
2026-05-31 13:26:58.602 [info] Getting sessions for all scopes...
2026-05-31 13:26:58.602 [info] Got 1 sessions for ...
2026-05-31 13:26:58.603 [info] Getting sessions for all scopes...
2026-05-31 13:26:58.603 [info] Got 1 sessions for ...
2026-05-31 13:27:43.007 [info] Getting sessions for all scopes...
2026-05-31 13:27:43.007 [info] Got 1 sessions for ...
2026-05-31 13:27:43.007 [info] Getting sessions for all scopes...
2026-05-31 13:27:43.007 [info] Got 1 sessions for ...
2026-05-31 13:27:57.020 [info] Getting sessions for all scopes...
2026-05-31 13:27:57.020 [info] Got 1 sessions for ...
2026-05-31 13:27:57.020 [info] Getting sessions for all scopes...
2026-05-31 13:27:57.020 [info] Got 1 sessions for ...
2026-05-31 13:30:04.474 [info] Getting sessions for all scopes...
2026-05-31 13:30:04.474 [info] Got 1 sessions for ...
2026-05-31 13:30:04.475 [info] Getting sessions for all scopes...
2026-05-31 13:30:04.475 [info] Got 1 sessions for ...
2026-05-31 13:30:35.016 [info] Getting sessions for all scopes...
2026-05-31 13:30:35.016 [info] Got 1 sessions for ...
2026-05-31 13:30:35.016 [info] Getting sessions for all scopes...
2026-05-31 13:30:35.016 [info] Got 1 sessions for ...
2026-05-31 13:32:52.434 [info] Getting sessions for all scopes...
2026-05-31 13:32:52.434 [info] Got 1 sessions for ...
2026-05-31 13:32:52.434 [info] Getting sessions for all scopes...
2026-05-31 13:32:52.434 [info] Got 1 sessions for ...
2026-05-31 13:57:45.984 [info] Getting sessions for all scopes...
2026-05-31 13:57:45.984 [info] Got 1 sessions for ...
2026-05-31 13:57:45.984 [info] Getting sessions for all scopes...
2026-05-31 13:57:45.984 [info] Got 1 sessions for ...
2026-05-31 13:57:46.885 [info] Getting sessions for all scopes...
2026-05-31 13:57:46.885 [info] Got 1 sessions for ...
2026-05-31 13:57:46.885 [info] Getting sessions for all scopes...
2026-05-31 13:57:46.885 [info] Got 1 sessions for ...
2026-05-31 13:58:15.584 [info] Getting sessions for all scopes...
2026-05-31 13:58:15.584 [info] Got 1 sessions for ...
2026-05-31 13:58:15.584 [info] Getting sessions for all scopes...
2026-05-31 13:58:15.584 [info] Got 1 sessions for ...
2026-05-31 13:58:35.224 [info] Getting sessions for all scopes...
2026-05-31 13:58:35.224 [info] Got 1 sessions for ...
2026-05-31 13:58:35.225 [info] Getting sessions for all scopes...
2026-05-31 13:58:35.225 [info] Got 1 sessions for ...
2026-05-31 13:59:40.611 [info] Getting sessions for all scopes...
2026-05-31 13:59:40.611 [info] Got 1 sessions for ...
2026-05-31 13:59:40.611 [info] Getting sessions for all scopes...
2026-05-31 13:59:40.611 [info] Got 1 sessions for ...
2026-05-31 14:00:00.211 [info] Getting sessions for all scopes...
2026-05-31 14:00:00.211 [info] Got 1 sessions for ...
2026-05-31 14:00:00.212 [info] Getting sessions for all scopes...
2026-05-31 14:00:00.212 [info] Got 1 sessions for ...
2026-05-31 14:00:23.115 [info] Getting sessions for all scopes...
2026-05-31 14:00:23.115 [info] Got 1 sessions for ...
2026-05-31 14:00:23.115 [info] Getting sessions for all scopes...
2026-05-31 14:00:23.115 [info] Got 1 sessions for ...
2026-05-31 14:01:38.496 [info] Getting sessions for all scopes...
2026-05-31 14:01:38.496 [info] Got 1 sessions for ...
2026-05-31 14:01:38.497 [info] Getting sessions for all scopes...
2026-05-31 14:01:38.497 [info] Got 1 sessions for ...
2026-05-31 14:02:11.385 [info] Getting sessions for all scopes...
2026-05-31 14:02:11.385 [info] Got 1 sessions for ...
2026-05-31 14:02:11.386 [info] Getting sessions for all scopes...
2026-05-31 14:02:11.386 [info] Got 1 sessions for ...
2026-05-31 14:02:46.238 [info] Getting sessions for all scopes...
2026-05-31 14:02:46.238 [info] Got 1 sessions for ...
2026-05-31 14:02:46.238 [info] Getting sessions for all scopes...
2026-05-31 14:02:46.238 [info] Got 1 sessions for ...
2026-05-31 14:03:24.837 [info] Getting sessions for all scopes...
2026-05-31 14:03:24.837 [info] Got 1 sessions for ...
2026-05-31 14:03:24.837 [info] Getting sessions for all scopes...
2026-05-31 14:03:24.837 [info] Got 1 sessions for ...
2026-05-31 14:04:11.413 [info] Getting sessions for all scopes...
2026-05-31 14:04:11.413 [info] Got 1 sessions for ...
2026-05-31 14:04:11.414 [info] Getting sessions for all scopes...
2026-05-31 14:04:11.414 [info] Got 1 sessions for ...
2026-05-31 14:06:04.461 [info] Getting sessions for all scopes...
2026-05-31 14:06:04.461 [info] Got 1 sessions for ...
2026-05-31 14:06:04.462 [info] Getting sessions for all scopes...
2026-05-31 14:06:04.462 [info] Got 1 sessions for ...
2026-05-31 14:14:10.941 [info] Getting sessions for all scopes...
2026-05-31 14:14:10.941 [info] Got 1 sessions for ...
2026-05-31 14:14:10.942 [info] Getting sessions for all scopes...
2026-05-31 14:14:10.942 [info] Got 1 sessions for ...
2026-05-31 14:19:00.346 [info] Getting sessions for all scopes...
2026-05-31 14:19:00.346 [info] Got 1 sessions for ...
2026-05-31 14:19:00.347 [info] Getting sessions for all scopes...
2026-05-31 14:19:00.347 [info] Got 1 sessions for ...
2026-05-31 14:22:12.614 [info] Getting sessions for all scopes...
2026-05-31 14:22:12.614 [info] Got 1 sessions for ...
2026-05-31 14:22:12.614 [info] Getting sessions for all scopes...
2026-05-31 14:22:12.614 [info] Got 1 sessions for ...
2026-05-31 14:22:16.936 [info] Getting sessions for all scopes...
2026-05-31 14:22:16.936 [info] Got 1 sessions for ...
2026-05-31 14:22:16.937 [info] Getting sessions for all scopes...
2026-05-31 14:22:16.937 [info] Got 1 sessions for ...
2026-05-31 14:22:20.470 [info] Getting sessions for all scopes...
2026-05-31 14:22:20.470 [info] Got 1 sessions for ...
2026-05-31 14:22:20.470 [info] Getting sessions for all scopes...
2026-05-31 14:22:20.470 [info] Got 1 sessions for ...
2026-05-31 14:24:03.709 [info] Getting sessions for all scopes...
2026-05-31 14:24:03.710 [info] Got 1 sessions for ...
2026-05-31 14:24:03.710 [info] Getting sessions for all scopes...
2026-05-31 14:24:03.710 [info] Got 1 sessions for ...
2026-05-31 14:31:47.810 [info] Getting sessions for all scopes...
2026-05-31 14:31:47.810 [info] Got 1 sessions for ...
2026-05-31 14:31:47.810 [info] Getting sessions for all scopes...
2026-05-31 14:31:47.810 [info] Got 1 sessions for ...
2026-05-31 14:31:48.445 [info] Getting sessions for all scopes...
2026-05-31 14:31:48.445 [info] Got 1 sessions for ...
2026-05-31 14:31:48.445 [info] Getting sessions for all scopes...
2026-05-31 14:31:48.445 [info] Got 1 sessions for ...
2026-05-31 14:44:00.575 [info] Getting sessions for all scopes...
2026-05-31 14:44:00.575 [info] Got 1 sessions for ...
2026-05-31 14:44:00.576 [info] Getting sessions for all scopes...
2026-05-31 14:44:00.576 [info] Got 1 sessions for ...
2026-05-31 14:44:06.222 [info] Getting sessions for all scopes...
2026-05-31 14:44:06.222 [info] Got 1 sessions for ...
2026-05-31 14:44:06.223 [info] Getting sessions for all scopes...
2026-05-31 14:44:06.223 [info] Got 1 sessions for ...
2026-05-31 14:44:59.623 [info] Getting sessions for all scopes...
2026-05-31 14:44:59.623 [info] Got 1 sessions for ...
2026-05-31 14:44:59.623 [info] Getting sessions for all scopes...
2026-05-31 14:44:59.623 [info] Got 1 sessions for ...
2026-05-31 14:47:58.731 [info] Getting sessions for all scopes...
2026-05-31 14:47:58.731 [info] Got 1 sessions for ...
2026-05-31 14:47:58.732 [info] Getting sessions for all scopes...
2026-05-31 14:47:58.732 [info] Got 1 sessions for ...
2026-05-31 14:51:27.423 [info] Getting sessions for all scopes...
2026-05-31 14:51:27.423 [info] Got 1 sessions for ...
2026-05-31 14:51:27.423 [info] Getting sessions for all scopes...
2026-05-31 14:51:27.423 [info] Got 1 sessions for ...
2026-05-31 14:51:28.744 [info] Getting sessions for all scopes...
2026-05-31 14:51:28.744 [info] Got 1 sessions for ...
2026-05-31 14:51:28.744 [info] Getting sessions for all scopes...
2026-05-31 14:51:28.744 [info] Got 1 sessions for ...
2026-05-31 14:51:36.708 [info] Getting sessions for all scopes...
2026-05-31 14:51:36.708 [info] Got 1 sessions for ...
2026-05-31 14:51:36.708 [info] Getting sessions for all scopes...
2026-05-31 14:51:36.708 [info] Got 1 sessions for ...
2026-05-31 14:51:50.862 [info] Getting sessions for all scopes...
2026-05-31 14:51:50.862 [info] Got 1 sessions for ...
2026-05-31 14:51:50.863 [info] Getting sessions for all scopes...
2026-05-31 14:51:50.863 [info] Got 1 sessions for ...
2026-05-31 14:52:10.765 [info] Getting sessions for all scopes...
2026-05-31 14:52:10.765 [info] Got 1 sessions for ...
2026-05-31 14:52:10.766 [info] Getting sessions for all scopes...
2026-05-31 14:52:10.766 [info] Got 1 sessions for ...
2026-05-31 14:52:11.342 [info] Getting sessions for all scopes...
2026-05-31 14:52:11.342 [info] Got 1 sessions for ...
2026-05-31 14:52:11.342 [info] Getting sessions for all scopes...
2026-05-31 14:52:11.342 [info] Got 1 sessions for ...
2026-05-31 14:52:59.091 [info] Getting sessions for all scopes...
2026-05-31 14:52:59.092 [info] Got 1 sessions for ...
2026-05-31 14:52:59.092 [info] Getting sessions for all scopes...
2026-05-31 14:52:59.092 [info] Got 1 sessions for ...
2026-05-31 14:56:36.908 [info] Getting sessions for all scopes...
2026-05-31 14:56:36.908 [info] Got 1 sessions for ...
2026-05-31 14:56:36.908 [info] Getting sessions for all scopes...
2026-05-31 14:56:36.908 [info] Got 1 sessions for ...
2026-05-31 14:58:07.706 [info] Getting sessions for all scopes...
2026-05-31 14:58:07.706 [info] Got 1 sessions for ...
2026-05-31 14:58:07.707 [info] Getting sessions for all scopes...
2026-05-31 14:58:07.707 [info] Got 1 sessions for ...
2026-05-31 14:58:17.426 [info] Getting sessions for all scopes...
2026-05-31 14:58:17.426 [info] Got 1 sessions for ...
2026-05-31 14:58:17.426 [info] Getting sessions for all scopes...
2026-05-31 14:58:17.426 [info] Got 1 sessions for ...
2026-05-31 14:58:57.531 [info] Getting sessions for all scopes...
2026-05-31 14:58:57.531 [info] Got 1 sessions for ...
2026-05-31 14:58:57.531 [info] Getting sessions for all scopes...
2026-05-31 14:58:57.531 [info] Got 1 sessions for ...
2026-05-31 15:01:31.642 [info] Getting sessions for all scopes...
2026-05-31 15:01:31.642 [info] Got 1 sessions for ...
2026-05-31 15:01:31.643 [info] Getting sessions for all scopes...
2026-05-31 15:01:31.643 [info] Got 1 sessions for ...
2026-05-31 15:01:35.820 [info] Getting sessions for all scopes...
2026-05-31 15:01:35.820 [info] Got 1 sessions for ...
2026-05-31 15:01:35.821 [info] Getting sessions for all scopes...
2026-05-31 15:01:35.821 [info] Got 1 sessions for ...
2026-05-31 15:02:05.021 [info] Getting sessions for all scopes...
2026-05-31 15:02:05.021 [info] Got 1 sessions for ...
2026-05-31 15:02:05.022 [info] Getting sessions for all scopes...
2026-05-31 15:02:05.022 [info] Got 1 sessions for ...
2026-05-31 15:03:16.523 [info] Getting sessions for all scopes...
2026-05-31 15:03:16.523 [info] Got 1 sessions for ...
2026-05-31 15:03:16.524 [info] Getting sessions for all scopes...
2026-05-31 15:03:16.524 [info] Got 1 sessions for ...
2026-05-31 15:04:25.629 [info] Getting sessions for all scopes...
2026-05-31 15:04:25.629 [info] Got 1 sessions for ...
2026-05-31 15:04:25.629 [info] Getting sessions for all scopes...
2026-05-31 15:04:25.629 [info] Got 1 sessions for ...
2026-05-31 15:04:56.766 [info] Getting sessions for all scopes...
2026-05-31 15:04:56.766 [info] Got 1 sessions for ...
2026-05-31 15:04:56.766 [info] Getting sessions for all scopes...
2026-05-31 15:04:56.766 [info] Got 1 sessions for ...
2026-05-31 15:05:45.719 [info] Getting sessions for all scopes...
2026-05-31 15:05:45.719 [info] Got 1 sessions for ...
2026-05-31 15:05:45.719 [info] Getting sessions for all scopes...
2026-05-31 15:05:45.719 [info] Got 1 sessions for ...
2026-05-31 15:05:59.925 [info] Getting sessions for all scopes...
2026-05-31 15:05:59.925 [info] Got 1 sessions for ...
2026-05-31 15:05:59.925 [info] Getting sessions for all scopes...
2026-05-31 15:05:59.925 [info] Got 1 sessions for ...
2026-05-31 15:06:04.894 [info] Getting sessions for all scopes...
2026-05-31 15:06:04.894 [info] Got 1 sessions for ...
2026-05-31 15:06:04.894 [info] Getting sessions for all scopes...
2026-05-31 15:06:04.894 [info] Got 1 sessions for ...
2026-05-31 15:06:13.304 [info] Getting sessions for all scopes...
2026-05-31 15:06:13.304 [info] Got 1 sessions for ...
2026-05-31 15:06:13.304 [info] Getting sessions for all scopes...
2026-05-31 15:06:13.336 [info] Got 1 sessions for ...
2026-05-31 15:07:05.368 [info] Getting sessions for all scopes...
2026-05-31 15:07:05.368 [info] Got 1 sessions for ...
2026-05-31 15:07:05.368 [info] Getting sessions for all scopes...
2026-05-31 15:07:05.368 [info] Got 1 sessions for ...
2026-05-31 15:07:07.337 [info] Getting sessions for all scopes...
2026-05-31 15:07:07.337 [info] Got 1 sessions for ...
2026-05-31 15:07:07.338 [info] Getting sessions for all scopes...
2026-05-31 15:07:07.338 [info] Got 1 sessions for ...
2026-05-31 15:07:08.048 [info] Getting sessions for all scopes...
2026-05-31 15:07:08.048 [info] Got 1 sessions for ...
2026-05-31 15:07:08.048 [info] Getting sessions for all scopes...
2026-05-31 15:07:08.048 [info] Got 1 sessions for ...
2026-05-31 15:07:32.275 [info] Getting sessions for all scopes...
2026-05-31 15:07:32.275 [info] Got 1 sessions for ...
2026-05-31 15:07:32.276 [info] Getting sessions for all scopes...
2026-05-31 15:07:32.276 [info] Got 1 sessions for ...
2026-05-31 15:07:40.298 [info] Getting sessions for all scopes...
2026-05-31 15:07:40.298 [info] Got 1 sessions for ...
2026-05-31 15:07:40.299 [info] Getting sessions for all scopes...
2026-05-31 15:07:40.299 [info] Got 1 sessions for ...
2026-05-31 15:07:53.361 [info] Getting sessions for all scopes...
2026-05-31 15:07:53.361 [info] Got 1 sessions for ...
2026-05-31 15:07:53.361 [info] Getting sessions for all scopes...
2026-05-31 15:07:53.361 [info] Got 1 sessions for ...
2026-05-31 15:09:31.531 [info] Getting sessions for all scopes...
2026-05-31 15:09:31.531 [info] Got 1 sessions for ...
2026-05-31 15:09:31.531 [info] Getting sessions for all scopes...
2026-05-31 15:09:31.531 [info] Got 1 sessions for ...
2026-05-31 15:10:04.366 [info] Getting sessions for all scopes...
2026-05-31 15:10:04.366 [info] Got 1 sessions for ...
2026-05-31 15:10:04.367 [info] Getting sessions for all scopes...
2026-05-31 15:10:04.367 [info] Got 1 sessions for ...
2026-05-31 15:10:17.120 [info] Getting sessions for all scopes...
2026-05-31 15:10:17.120 [info] Got 1 sessions for ...
2026-05-31 15:10:17.120 [info] Getting sessions for all scopes...
2026-05-31 15:10:17.120 [info] Got 1 sessions for ...
2026-05-31 15:12:18.755 [info] Getting sessions for all scopes...
2026-05-31 15:12:18.755 [info] Got 1 sessions for ...
2026-05-31 15:12:18.755 [info] Getting sessions for all scopes...
2026-05-31 15:12:18.755 [info] Got 1 sessions for ...
2026-05-31 15:12:42.609 [info] Getting sessions for all scopes...
2026-05-31 15:12:42.609 [info] Got 1 sessions for ...
2026-05-31 15:12:42.610 [info] Getting sessions for all scopes...
2026-05-31 15:12:42.610 [info] Got 1 sessions for ...
2026-05-31 15:12:44.688 [info] Getting sessions for all scopes...
2026-05-31 15:12:44.688 [info] Got 1 sessions for ...
2026-05-31 15:12:44.689 [info] Getting sessions for all scopes...
2026-05-31 15:12:44.689 [info] Got 1 sessions for ...
2026-05-31 15:12:47.257 [info] Getting sessions for all scopes...
2026-05-31 15:12:47.257 [info] Got 1 sessions for ...
2026-05-31 15:12:47.258 [info] Getting sessions for all scopes...
2026-05-31 15:12:47.258 [info] Got 1 sessions for ...
2026-05-31 15:13:02.573 [info] Getting sessions for all scopes...
2026-05-31 15:13:02.573 [info] Got 1 sessions for ...
2026-05-31 15:13:02.574 [info] Getting sessions for all scopes...
2026-05-31 15:13:02.574 [info] Got 1 sessions for ...
2026-05-31 15:13:03.693 [info] Getting sessions for all scopes...
2026-05-31 15:13:03.693 [info] Got 1 sessions for ...
2026-05-31 15:13:03.693 [info] Getting sessions for all scopes...
2026-05-31 15:13:03.693 [info] Got 1 sessions for ...
2026-05-31 15:13:10.025 [info] Getting sessions for all scopes...
2026-05-31 15:13:10.025 [info] Got 1 sessions for ...
2026-05-31 15:13:10.026 [info] Getting sessions for all scopes...
2026-05-31 15:13:10.026 [info] Got 1 sessions for ...
2026-05-31 15:14:31.739 [info] Getting sessions for all scopes...
2026-05-31 15:14:31.739 [info] Got 1 sessions for ...
2026-05-31 15:14:31.739 [info] Getting sessions for all scopes...
2026-05-31 15:14:31.739 [info] Got 1 sessions for ...
2026-05-31 15:14:38.372 [info] Getting sessions for all scopes...
2026-05-31 15:14:38.372 [info] Got 1 sessions for ...
2026-05-31 15:14:38.372 [info] Getting sessions for all scopes...
2026-05-31 15:14:38.372 [info] Got 1 sessions for ...
2026-05-31 15:14:46.512 [info] Getting sessions for all scopes...
2026-05-31 15:14:46.512 [info] Got 1 sessions for ...
2026-05-31 15:14:46.513 [info] Getting sessions for all scopes...
2026-05-31 15:14:46.513 [info] Got 1 sessions for ...
2026-05-31 15:14:47.121 [info] Getting sessions for all scopes...
2026-05-31 15:14:47.121 [info] Got 1 sessions for ...
2026-05-31 15:14:47.121 [info] Getting sessions for all scopes...
2026-05-31 15:14:47.121 [info] Got 1 sessions for ...
2026-05-31 15:15:07.786 [info] Getting sessions for all scopes...
2026-05-31 15:15:07.787 [info] Got 1 sessions for ...
2026-05-31 15:15:07.787 [info] Getting sessions for all scopes...
2026-05-31 15:15:07.787 [info] Got 1 sessions for ...
2026-05-31 15:16:24.917 [info] Getting sessions for all scopes...
2026-05-31 15:16:24.917 [info] Got 1 sessions for ...
2026-05-31 15:16:24.917 [info] Getting sessions for all scopes...
2026-05-31 15:16:24.917 [info] Got 1 sessions for ...
2026-05-31 15:18:00.820 [info] Getting sessions for all scopes...
2026-05-31 15:18:00.820 [info] Got 1 sessions for ...
2026-05-31 15:18:00.821 [info] Getting sessions for all scopes...
2026-05-31 15:18:00.821 [info] Got 1 sessions for ...
2026-05-31 15:20:28.411 [info] Getting sessions for all scopes...
2026-05-31 15:20:28.411 [info] Got 1 sessions for ...
2026-05-31 15:20:28.411 [info] Getting sessions for all scopes...
2026-05-31 15:20:28.411 [info] Got 1 sessions for ...
2026-05-31 15:20:35.595 [info] Getting sessions for all scopes...
2026-05-31 15:20:35.595 [info] Got 1 sessions for ...
2026-05-31 15:20:35.596 [info] Getting sessions for all scopes...
2026-05-31 15:20:35.596 [info] Got 1 sessions for ...
2026-05-31 15:21:05.406 [info] Getting sessions for all scopes...
2026-05-31 15:21:05.406 [info] Got 1 sessions for ...
2026-05-31 15:21:05.406 [info] Getting sessions for all scopes...
2026-05-31 15:21:05.406 [info] Got 1 sessions for ...
2026-05-31 15:21:13.123 [info] Getting sessions for all scopes...
2026-05-31 15:21:13.123 [info] Got 1 sessions for ...
2026-05-31 15:21:13.124 [info] Getting sessions for all scopes...
2026-05-31 15:21:13.124 [info] Got 1 sessions for ...
2026-05-31 15:21:14.571 [info] Getting sessions for all scopes...
2026-05-31 15:21:14.571 [info] Got 1 sessions for ...
2026-05-31 15:21:14.572 [info] Getting sessions for all scopes...
2026-05-31 15:21:14.572 [info] Got 1 sessions for ...
2026-05-31 15:22:13.425 [info] Getting sessions for all scopes...
2026-05-31 15:22:13.425 [info] Got 1 sessions for ...
2026-05-31 15:22:13.425 [info] Getting sessions for all scopes...
2026-05-31 15:22:13.425 [info] Got 1 sessions for ...
2026-05-31 15:23:09.218 [info] Getting sessions for all scopes...
2026-05-31 15:23:09.218 [info] Got 1 sessions for ...
2026-05-31 15:23:09.218 [info] Getting sessions for all scopes...
2026-05-31 15:23:09.218 [info] Got 1 sessions for ...
2026-05-31 15:23:24.091 [info] Getting sessions for all scopes...
2026-05-31 15:23:24.091 [info] Got 1 sessions for ...
2026-05-31 15:23:24.091 [info] Getting sessions for all scopes...
2026-05-31 15:23:24.091 [info] Got 1 sessions for ...
2026-05-31 15:23:32.892 [info] Getting sessions for all scopes...
2026-05-31 15:23:32.892 [info] Got 1 sessions for ...
2026-05-31 15:23:32.893 [info] Getting sessions for all scopes...
2026-05-31 15:23:32.893 [info] Got 1 sessions for ...
2026-05-31 15:23:58.519 [info] Getting sessions for all scopes...
2026-05-31 15:23:58.519 [info] Got 1 sessions for ...
2026-05-31 15:23:58.519 [info] Getting sessions for all scopes...
2026-05-31 15:23:58.519 [info] Got 1 sessions for ...
2026-05-31 15:24:53.355 [info] Getting sessions for all scopes...
2026-05-31 15:24:53.355 [info] Got 1 sessions for ...
2026-05-31 15:24:53.356 [info] Getting sessions for all scopes...
2026-05-31 15:24:53.356 [info] Got 1 sessions for ...
2026-05-31 15:25:01.590 [info] Getting sessions for all scopes...
2026-05-31 15:25:01.590 [info] Got 1 sessions for ...
2026-05-31 15:25:01.590 [info] Getting sessions for all scopes...
2026-05-31 15:25:01.590 [info] Got 1 sessions for ...
2026-05-31 15:26:39.359 [info] Getting sessions for all scopes...
2026-05-31 15:26:39.359 [info] Got 1 sessions for ...
2026-05-31 15:26:39.360 [info] Getting sessions for all scopes...
2026-05-31 15:26:39.360 [info] Got 1 sessions for ...
2026-05-31 15:26:57.297 [info] Getting sessions for all scopes...
2026-05-31 15:26:57.297 [info] Got 1 sessions for ...
2026-05-31 15:26:57.297 [info] Getting sessions for all scopes...
2026-05-31 15:26:57.297 [info] Got 1 sessions for ...
2026-05-31 15:27:14.446 [info] Getting sessions for all scopes...
2026-05-31 15:27:14.446 [info] Got 1 sessions for ...
2026-05-31 15:27:14.446 [info] Getting sessions for all scopes...
2026-05-31 15:27:14.446 [info] Got 1 sessions for ...
2026-05-31 15:27:23.916 [info] Getting sessions for all scopes...
2026-05-31 15:27:23.917 [info] Got 1 sessions for ...
2026-05-31 15:27:23.917 [info] Getting sessions for all scopes...
2026-05-31 15:27:23.917 [info] Got 1 sessions for ...
2026-05-31 15:28:17.858 [info] Getting sessions for all scopes...
2026-05-31 15:28:17.858 [info] Got 1 sessions for ...
2026-05-31 15:28:17.859 [info] Getting sessions for all scopes...
2026-05-31 15:28:17.859 [info] Got 1 sessions for ...
2026-05-31 15:28:40.681 [info] Getting sessions for all scopes...
2026-05-31 15:28:40.681 [info] Got 1 sessions for ...
2026-05-31 15:28:40.681 [info] Getting sessions for all scopes...
2026-05-31 15:28:40.681 [info] Got 1 sessions for ...
2026-05-31 15:29:37.987 [info] Getting sessions for all scopes...
2026-05-31 15:29:37.987 [info] Got 1 sessions for ...
2026-05-31 15:29:37.987 [info] Getting sessions for all scopes...
2026-05-31 15:29:37.987 [info] Got 1 sessions for ...
2026-05-31 15:30:01.470 [info] Getting sessions for all scopes...
2026-05-31 15:30:01.470 [info] Got 1 sessions for ...
2026-05-31 15:30:01.470 [info] Getting sessions for all scopes...
2026-05-31 15:30:01.470 [info] Got 1 sessions for ...
2026-05-31 15:30:15.405 [info] Getting sessions for all scopes...
2026-05-31 15:30:15.405 [info] Got 1 sessions for ...
2026-05-31 15:30:15.405 [info] Getting sessions for all scopes...
2026-05-31 15:30:15.405 [info] Got 1 sessions for ...
2026-05-31 15:30:35.904 [info] Getting sessions for all scopes...
2026-05-31 15:30:35.904 [info] Got 1 sessions for ...
2026-05-31 15:30:35.904 [info] Getting sessions for all scopes...
2026-05-31 15:30:35.904 [info] Got 1 sessions for ...
2026-05-31 15:32:18.824 [info] Getting sessions for all scopes...
2026-05-31 15:32:18.824 [info] Got 1 sessions for ...
2026-05-31 15:32:18.824 [info] Getting sessions for all scopes...
2026-05-31 15:32:18.824 [info] Got 1 sessions for ...
2026-05-31 15:32:32.370 [info] Getting sessions for all scopes...
2026-05-31 15:32:32.370 [info] Got 1 sessions for ...
2026-05-31 15:32:32.370 [info] Getting sessions for all scopes...
2026-05-31 15:32:32.370 [info] Got 1 sessions for ...
2026-05-31 15:32:43.525 [info] Getting sessions for all scopes...
2026-05-31 15:32:43.525 [info] Got 1 sessions for ...
2026-05-31 15:32:43.525 [info] Getting sessions for all scopes...
2026-05-31 15:32:43.526 [info] Got 1 sessions for ...
2026-05-31 15:34:41.588 [info] Getting sessions for all scopes...
2026-05-31 15:34:41.588 [info] Got 1 sessions for ...
2026-05-31 15:34:41.588 [info] Getting sessions for all scopes...
2026-05-31 15:34:41.588 [info] Got 1 sessions for ...
2026-05-31 15:35:37.586 [info] Getting sessions for all scopes...
2026-05-31 15:35:37.586 [info] Got 1 sessions for ...
2026-05-31 15:35:37.587 [info] Getting sessions for all scopes...
2026-05-31 15:35:37.587 [info] Got 1 sessions for ...
2026-05-31 15:36:35.997 [info] Getting sessions for all scopes...
2026-05-31 15:36:35.998 [info] Got 1 sessions for ...
2026-05-31 15:36:35.998 [info] Getting sessions for all scopes...
2026-05-31 15:36:35.998 [info] Got 1 sessions for ...
2026-05-31 15:37:59.959 [info] Getting sessions for all scopes...
2026-05-31 15:37:59.959 [info] Got 1 sessions for ...
2026-05-31 15:37:59.960 [info] Getting sessions for all scopes...
2026-05-31 15:37:59.960 [info] Got 1 sessions for ...
2026-05-31 15:38:41.796 [info] Getting sessions for all scopes...
2026-05-31 15:38:41.796 [info] Got 1 sessions for ...
2026-05-31 15:38:41.797 [info] Getting sessions for all scopes...
2026-05-31 15:38:41.797 [info] Got 1 sessions for ...
2026-05-31 15:38:49.874 [info] Getting sessions for all scopes...
2026-05-31 15:38:49.874 [info] Got 1 sessions for ...
2026-05-31 15:38:49.874 [info] Getting sessions for all scopes...
2026-05-31 15:38:49.874 [info] Got 1 sessions for ...
2026-05-31 15:43:39.353 [info] Getting sessions for all scopes...
2026-05-31 15:43:39.353 [info] Got 1 sessions for ...
2026-05-31 15:43:39.354 [info] Getting sessions for all scopes...
2026-05-31 15:43:39.354 [info] Got 1 sessions for ...
2026-05-31 15:43:56.156 [info] Getting sessions for all scopes...
2026-05-31 15:43:56.156 [info] Got 1 sessions for ...
2026-05-31 15:43:56.156 [info] Getting sessions for all scopes...
2026-05-31 15:43:56.156 [info] Got 1 sessions for ...
2026-05-31 15:44:41.557 [info] Getting sessions for all scopes...
2026-05-31 15:44:41.557 [info] Got 1 sessions for ...
2026-05-31 15:44:41.557 [info] Getting sessions for all scopes...
2026-05-31 15:44:41.557 [info] Got 1 sessions for ...
2026-05-31 15:45:16.963 [info] Getting sessions for all scopes...
2026-05-31 15:45:16.963 [info] Got 1 sessions for ...
2026-05-31 15:45:16.963 [info] Getting sessions for all scopes...
2026-05-31 15:45:16.963 [info] Got 1 sessions for ...
2026-05-31 15:46:47.688 [info] Getting sessions for all scopes...
2026-05-31 15:46:47.688 [info] Got 1 sessions for ...
2026-05-31 15:46:47.688 [info] Getting sessions for all scopes...
2026-05-31 15:46:47.688 [info] Got 1 sessions for ...
2026-05-31 15:47:46.152 [info] Getting sessions for all scopes...
2026-05-31 15:47:46.152 [info] Got 1 sessions for ...
2026-05-31 15:47:46.152 [info] Getting sessions for all scopes...
2026-05-31 15:47:46.152 [info] Got 1 sessions for ...
2026-05-31 15:48:18.742 [info] Getting sessions for all scopes...
2026-05-31 15:48:18.742 [info] Got 1 sessions for ...
2026-05-31 15:48:18.742 [info] Getting sessions for all scopes...
2026-05-31 15:48:18.742 [info] Got 1 sessions for ...
