2026-05-30 16:04:27.046 [info] Reading sessions from keychain...
2026-05-30 16:04:27.046 [info] Getting sessions for all scopes...
2026-05-30 16:04:27.064 [info] Got stored sessions!
2026-05-30 16:04:27.064 [info] Got 1 verified sessions.
2026-05-30 16:04:27.064 [info] Got 1 sessions for ...
2026-05-30 16:04:27.064 [info] Getting sessions for all scopes...
2026-05-30 16:04:27.064 [info] Got 1 sessions for ...
2026-05-30 16:04:27.130 [info] Getting sessions for all scopes...
2026-05-30 16:04:27.130 [info] Got 1 sessions for ...
2026-05-30 16:04:27.223 [info] Getting sessions for all scopes...
2026-05-30 16:04:27.223 [info] Got 1 sessions for ...
2026-05-30 16:04:28.379 [info] Getting sessions for all scopes...
2026-05-30 16:04:28.379 [info] Got 1 sessions for ...
2026-05-30 16:09:53.412 [info] Getting sessions for all scopes...
2026-05-30 16:09:53.412 [info] Got 1 sessions for ...
2026-05-30 16:09:53.412 [info] Getting sessions for all scopes...
2026-05-30 16:09:53.413 [info] Got 1 sessions for ...
2026-05-30 16:10:56.442 [info] Getting sessions for all scopes...
2026-05-30 16:10:56.442 [info] Got 1 sessions for ...
2026-05-30 16:10:56.443 [info] Getting sessions for all scopes...
2026-05-30 16:10:56.443 [info] Got 1 sessions for ...
2026-05-30 16:11:33.672 [info] Getting sessions for all scopes...
2026-05-30 16:11:33.672 [info] Got 1 sessions for ...
2026-05-30 16:11:33.673 [info] Getting sessions for all scopes...
2026-05-30 16:11:33.673 [info] Got 1 sessions for ...
2026-05-30 16:12:39.348 [info] Getting sessions for all scopes...
2026-05-30 16:12:39.349 [info] Got 1 sessions for ...
2026-05-30 16:12:39.349 [info] Getting sessions for all scopes...
2026-05-30 16:12:39.349 [info] Got 1 sessions for ...
2026-05-30 16:16:11.801 [info] Getting sessions for all scopes...
2026-05-30 16:16:11.801 [info] Got 1 sessions for ...
2026-05-30 16:16:11.801 [info] Getting sessions for all scopes...
2026-05-30 16:16:11.801 [info] Got 1 sessions for ...
2026-05-30 16:16:53.205 [info] Getting sessions for all scopes...
2026-05-30 16:16:53.205 [info] Got 1 sessions for ...
2026-05-30 16:16:53.206 [info] Getting sessions for all scopes...
2026-05-30 16:16:53.206 [info] Got 1 sessions for ...
2026-05-30 16:17:18.043 [info] Getting sessions for all scopes...
2026-05-30 16:17:18.043 [info] Got 1 sessions for ...
2026-05-30 16:17:18.043 [info] Getting sessions for all scopes...
2026-05-30 16:17:18.043 [info] Got 1 sessions for ...
2026-05-30 16:17:22.579 [info] Getting sessions for all scopes...
2026-05-30 16:17:22.579 [info] Got 1 sessions for ...
2026-05-30 16:17:22.579 [info] Getting sessions for all scopes...
2026-05-30 16:17:22.579 [info] Got 1 sessions for ...
2026-05-30 16:21:53.399 [info] Getting sessions for all scopes...
2026-05-30 16:21:53.399 [info] Got 1 sessions for ...
2026-05-30 16:21:53.400 [info] Getting sessions for all scopes...
2026-05-30 16:21:53.400 [info] Got 1 sessions for ...
2026-05-30 16:22:02.603 [info] Getting sessions for all scopes...
2026-05-30 16:22:02.603 [info] Got 1 sessions for ...
2026-05-30 16:22:02.603 [info] Getting sessions for all scopes...
2026-05-30 16:22:02.603 [info] Got 1 sessions for ...
2026-05-30 16:23:13.316 [info] Getting sessions for all scopes...
2026-05-30 16:23:13.316 [info] Got 1 sessions for ...
2026-05-30 16:23:13.316 [info] Getting sessions for all scopes...
2026-05-30 16:23:13.316 [info] Got 1 sessions for ...
2026-05-30 16:24:08.404 [info] Getting sessions for all scopes...
2026-05-30 16:24:08.404 [info] Got 1 sessions for ...
2026-05-30 16:24:08.405 [info] Getting sessions for all scopes...
2026-05-30 16:24:08.405 [info] Got 1 sessions for ...
2026-05-30 16:25:12.793 [info] Getting sessions for all scopes...
2026-05-30 16:25:12.793 [info] Got 1 sessions for ...
2026-05-30 16:25:12.794 [info] Getting sessions for all scopes...
2026-05-30 16:25:12.794 [info] Got 1 sessions for ...
2026-05-30 16:25:35.052 [info] Getting sessions for all scopes...
2026-05-30 16:25:35.052 [info] Got 1 sessions for ...
2026-05-30 16:25:35.052 [info] Getting sessions for all scopes...
2026-05-30 16:25:35.052 [info] Got 1 sessions for ...
2026-05-30 16:26:41.327 [info] Getting sessions for all scopes...
2026-05-30 16:26:41.327 [info] Got 1 sessions for ...
2026-05-30 16:26:41.327 [info] Getting sessions for all scopes...
2026-05-30 16:26:41.327 [info] Got 1 sessions for ...
2026-05-30 16:26:42.238 [info] Getting sessions for all scopes...
2026-05-30 16:26:42.238 [info] Got 1 sessions for ...
2026-05-30 16:26:42.238 [info] Getting sessions for all scopes...
2026-05-30 16:26:42.238 [info] Got 1 sessions for ...
2026-05-30 16:29:40.570 [info] Getting sessions for all scopes...
2026-05-30 16:29:40.570 [info] Got 1 sessions for ...
2026-05-30 16:29:40.570 [info] Getting sessions for all scopes...
2026-05-30 16:29:40.570 [info] Got 1 sessions for ...
2026-05-30 16:29:42.124 [info] Getting sessions for all scopes...
2026-05-30 16:29:42.124 [info] Got 1 sessions for ...
2026-05-30 16:29:42.129 [info] Getting sessions for all scopes...
2026-05-30 16:29:42.129 [info] Got 1 sessions for ...
2026-05-30 16:30:20.986 [info] Getting sessions for all scopes...
2026-05-30 16:30:20.986 [info] Got 1 sessions for ...
2026-05-30 16:30:20.987 [info] Getting sessions for all scopes...
2026-05-30 16:30:20.987 [info] Got 1 sessions for ...
2026-05-30 16:30:24.203 [info] Getting sessions for all scopes...
2026-05-30 16:30:24.203 [info] Got 1 sessions for ...
2026-05-30 16:30:24.203 [info] Getting sessions for all scopes...
2026-05-30 16:30:24.204 [info] Got 1 sessions for ...
2026-05-30 16:31:02.866 [info] Getting sessions for all scopes...
2026-05-30 16:31:02.866 [info] Got 1 sessions for ...
2026-05-30 16:31:02.867 [info] Getting sessions for all scopes...
2026-05-30 16:31:02.867 [info] Got 1 sessions for ...
2026-05-30 16:32:26.823 [info] Getting sessions for all scopes...
2026-05-30 16:32:26.823 [info] Got 1 sessions for ...
2026-05-30 16:32:26.823 [info] Getting sessions for all scopes...
2026-05-30 16:32:26.823 [info] Got 1 sessions for ...
2026-05-30 16:32:27.650 [info] Getting sessions for all scopes...
2026-05-30 16:32:27.650 [info] Got 1 sessions for ...
2026-05-30 16:32:27.651 [info] Getting sessions for all scopes...
2026-05-30 16:32:27.651 [info] Got 1 sessions for ...
2026-05-30 16:32:28.432 [info] Getting sessions for all scopes...
2026-05-30 16:32:28.432 [info] Got 1 sessions for ...
2026-05-30 16:32:28.432 [info] Getting sessions for all scopes...
2026-05-30 16:32:28.432 [info] Got 1 sessions for ...
2026-05-30 16:33:39.310 [info] Getting sessions for all scopes...
2026-05-30 16:33:39.310 [info] Got 1 sessions for ...
2026-05-30 16:33:39.311 [info] Getting sessions for all scopes...
2026-05-30 16:33:39.311 [info] Got 1 sessions for ...
2026-05-30 16:34:06.264 [info] Getting sessions for all scopes...
2026-05-30 16:34:06.264 [info] Got 1 sessions for ...
2026-05-30 16:34:06.264 [info] Getting sessions for all scopes...
2026-05-30 16:34:06.264 [info] Got 1 sessions for ...
2026-05-30 16:36:41.976 [info] Getting sessions for all scopes...
2026-05-30 16:36:41.976 [info] Got 1 sessions for ...
2026-05-30 16:36:41.976 [info] Getting sessions for all scopes...
2026-05-30 16:36:41.976 [info] Got 1 sessions for ...
2026-05-30 16:37:02.538 [info] Getting sessions for all scopes...
2026-05-30 16:37:02.538 [info] Got 1 sessions for ...
2026-05-30 16:37:02.538 [info] Getting sessions for all scopes...
2026-05-30 16:37:02.538 [info] Got 1 sessions for ...
2026-05-30 16:37:03.130 [info] Getting sessions for all scopes...
2026-05-30 16:37:03.130 [info] Got 1 sessions for ...
2026-05-30 16:37:03.130 [info] Getting sessions for all scopes...
2026-05-30 16:37:03.130 [info] Got 1 sessions for ...
2026-05-30 16:37:28.037 [info] Getting sessions for all scopes...
2026-05-30 16:37:28.037 [info] Got 1 sessions for ...
2026-05-30 16:37:28.038 [info] Getting sessions for all scopes...
2026-05-30 16:37:28.038 [info] Got 1 sessions for ...
2026-05-30 16:37:28.343 [info] Getting sessions for all scopes...
2026-05-30 16:37:28.343 [info] Got 1 sessions for ...
2026-05-30 16:37:28.343 [info] Getting sessions for all scopes...
2026-05-30 16:37:28.343 [info] Got 1 sessions for ...
2026-05-30 16:37:28.982 [info] Getting sessions for all scopes...
2026-05-30 16:37:28.982 [info] Got 1 sessions for ...
2026-05-30 16:37:28.983 [info] Getting sessions for all scopes...
2026-05-30 16:37:28.983 [info] Got 1 sessions for ...
2026-05-30 16:37:32.427 [info] Getting sessions for all scopes...
2026-05-30 16:37:32.427 [info] Got 1 sessions for ...
2026-05-30 16:37:32.427 [info] Getting sessions for all scopes...
2026-05-30 16:37:32.427 [info] Got 1 sessions for ...
2026-05-30 16:37:33.271 [info] Getting sessions for all scopes...
2026-05-30 16:37:33.271 [info] Got 1 sessions for ...
2026-05-30 16:37:33.272 [info] Getting sessions for all scopes...
2026-05-30 16:37:33.272 [info] Got 1 sessions for ...
2026-05-30 16:39:25.313 [info] Getting sessions for all scopes...
2026-05-30 16:39:25.313 [info] Got 1 sessions for ...
2026-05-30 16:39:25.313 [info] Getting sessions for all scopes...
2026-05-30 16:39:25.314 [info] Got 1 sessions for ...
2026-05-30 16:40:36.254 [info] Getting sessions for all scopes...
2026-05-30 16:40:36.254 [info] Got 1 sessions for ...
2026-05-30 16:40:36.255 [info] Getting sessions for all scopes...
2026-05-30 16:40:36.255 [info] Got 1 sessions for ...
2026-05-30 16:41:16.614 [info] Getting sessions for all scopes...
2026-05-30 16:41:16.614 [info] Got 1 sessions for ...
2026-05-30 16:41:16.615 [info] Getting sessions for all scopes...
2026-05-30 16:41:16.615 [info] Got 1 sessions for ...
2026-05-30 16:42:28.134 [info] Getting sessions for all scopes...
2026-05-30 16:42:28.134 [info] Got 1 sessions for ...
2026-05-30 16:42:28.134 [info] Getting sessions for all scopes...
2026-05-30 16:42:28.134 [info] Got 1 sessions for ...
2026-05-30 16:42:58.254 [info] Getting sessions for all scopes...
2026-05-30 16:42:58.254 [info] Got 1 sessions for ...
2026-05-30 16:42:58.254 [info] Getting sessions for all scopes...
2026-05-30 16:42:58.254 [info] Got 1 sessions for ...
2026-05-30 16:43:17.990 [info] Getting sessions for all scopes...
2026-05-30 16:43:17.990 [info] Got 1 sessions for ...
2026-05-30 16:43:17.991 [info] Getting sessions for all scopes...
2026-05-30 16:43:17.991 [info] Got 1 sessions for ...
2026-05-30 16:43:25.433 [info] Getting sessions for all scopes...
2026-05-30 16:43:25.433 [info] Got 1 sessions for ...
2026-05-30 16:43:25.434 [info] Getting sessions for all scopes...
2026-05-30 16:43:25.434 [info] Got 1 sessions for ...
2026-05-30 16:46:55.947 [info] Getting sessions for all scopes...
2026-05-30 16:46:55.947 [info] Got 1 sessions for ...
2026-05-30 16:46:55.948 [info] Getting sessions for all scopes...
2026-05-30 16:46:55.948 [info] Got 1 sessions for ...
2026-05-30 16:47:35.426 [info] Getting sessions for all scopes...
2026-05-30 16:47:35.426 [info] Got 1 sessions for ...
2026-05-30 16:47:35.426 [info] Getting sessions for all scopes...
2026-05-30 16:47:35.426 [info] Got 1 sessions for ...
2026-05-30 16:47:36.291 [info] Getting sessions for all scopes...
2026-05-30 16:47:36.291 [info] Got 1 sessions for ...
2026-05-30 16:47:36.291 [info] Getting sessions for all scopes...
2026-05-30 16:47:36.291 [info] Got 1 sessions for ...
2026-05-30 16:49:06.267 [info] Getting sessions for all scopes...
2026-05-30 16:49:06.267 [info] Got 1 sessions for ...
2026-05-30 16:49:06.268 [info] Getting sessions for all scopes...
2026-05-30 16:49:06.268 [info] Got 1 sessions for ...
