2026-05-31 15:09:40.458 [info] Started local extension host with pid 146809.
2026-05-31 15:09:40.680 [info] [AccountPolicyGate] apply: state=inactive, reason=undefined, isRestricted=false
2026-05-31 15:09:42.744 [info] Started local extension host with pid 146855.
2026-05-31 15:09:43.274 [info] [AccountPolicyGate] apply: state=inactive, reason=undefined, isRestricted=false
2026-05-31 15:09:43.332 [error] [Extension Host] (node:146855) [DEP0040] DeprecationWarning: The `punycode` module is deprecated. Please use a userland alternative instead.
(Use `exe --trace-deprecation ...` to show where the warning was created)
2026-05-31 15:09:45.371 [info] [perf] Render performance baseline is 20ms
2026-05-31 15:09:48.072 [error] /home/maksim/Projects/Go/Project/permissions/go.mod:1: unknown directive: github.com/PoinkCorporation/Permissions-service: Error: /home/maksim/Projects/Go/Project/permissions/go.mod:1: unknown directive: github.com/PoinkCorporation/Permissions-service
	at handleResponse (/home/maksim/.vscode-oss/extensions/golang.go-0.52.2-universal/dist/goMain.js:8978:40)
	at handleMessage (/home/maksim/.vscode-oss/extensions/golang.go-0.52.2-universal/dist/goMain.js:8788:11)
	at processMessageQueue (/home/maksim/.vscode-oss/extensions/golang.go-0.52.2-universal/dist/goMain.js:8803:13)
	at Immediate.<anonymous> (/home/maksim/.vscode-oss/extensions/golang.go-0.52.2-universal/dist/goMain.js:8779:11)
	at process.processImmediate (node:internal/timers:484:21)
2026-05-31 15:09:48.275 [info] [AccountPolicyGate] apply: state=inactive, reason=undefined, isRestricted=false
2026-05-31 15:09:48.286 [error] can't find definitions for file type go.mod: Error: can't find definitions for file type go.mod
	at handleResponse (/home/maksim/.vscode-oss/extensions/golang.go-0.52.2-universal/dist/goMain.js:8978:40)
	at handleMessage (/home/maksim/.vscode-oss/extensions/golang.go-0.52.2-universal/dist/goMain.js:8788:11)
	at processMessageQueue (/home/maksim/.vscode-oss/extensions/golang.go-0.52.2-universal/dist/goMain.js:8803:13)
	at Immediate.<anonymous> (/home/maksim/.vscode-oss/extensions/golang.go-0.52.2-universal/dist/goMain.js:8779:11)
	at process.processImmediate (node:internal/timers:484:21)
2026-05-31 15:09:48.323 [error] /home/maksim/Projects/Go/Project/permissions/go.mod:1: unknown directive: github.com/PoinkCorporation/Permissions-service: Error: /home/maksim/Projects/Go/Project/permissions/go.mod:1: unknown directive: github.com/PoinkCorporation/Permissions-service
	at handleResponse (/home/maksim/.vscode-oss/extensions/golang.go-0.52.2-universal/dist/goMain.js:8978:40)
	at handleMessage (/home/maksim/.vscode-oss/extensions/golang.go-0.52.2-universal/dist/goMain.js:8788:11)
	at processMessageQueue (/home/maksim/.vscode-oss/extensions/golang.go-0.52.2-universal/dist/goMain.js:8803:13)
	at Immediate.<anonymous> (/home/maksim/.vscode-oss/extensions/golang.go-0.52.2-universal/dist/goMain.js:8779:11)
	at process.processImmediate (node:internal/timers:484:21)
2026-05-31 15:09:49.838 [error] getting modfile handle: /home/maksim/Projects/Go/Project/permissions/go.mod:1: unknown directive: github.com/PoinkCorporation/Permissions-service: Error: getting modfile handle: /home/maksim/Projects/Go/Project/permissions/go.mod:1: unknown directive: github.com/PoinkCorporation/Permissions-service
	at handleResponse (/home/maksim/.vscode-oss/extensions/golang.go-0.52.2-universal/dist/goMain.js:8978:40)
	at handleMessage (/home/maksim/.vscode-oss/extensions/golang.go-0.52.2-universal/dist/goMain.js:8788:11)
	at processMessageQueue (/home/maksim/.vscode-oss/extensions/golang.go-0.52.2-universal/dist/goMain.js:8803:13)
	at Immediate.<anonymous> (/home/maksim/.vscode-oss/extensions/golang.go-0.52.2-universal/dist/goMain.js:8779:11)
	at process.processImmediate (node:internal/timers:484:21)
2026-05-31 15:09:50.714 [error] /home/maksim/Projects/Go/Project/permissions/go.mod:1: unknown directive: mgithub.com/PoinkCorporation/Permissions-service: Error: /home/maksim/Projects/Go/Project/permissions/go.mod:1: unknown directive: mgithub.com/PoinkCorporation/Permissions-service
	at handleResponse (/home/maksim/.vscode-oss/extensions/golang.go-0.52.2-universal/dist/goMain.js:8978:40)
	at handleMessage (/home/maksim/.vscode-oss/extensions/golang.go-0.52.2-universal/dist/goMain.js:8788:11)
	at processMessageQueue (/home/maksim/.vscode-oss/extensions/golang.go-0.52.2-universal/dist/goMain.js:8803:13)
	at Immediate.<anonymous> (/home/maksim/.vscode-oss/extensions/golang.go-0.52.2-universal/dist/goMain.js:8779:11)
	at process.processImmediate (node:internal/timers:484:21)
2026-05-31 15:09:50.919 [error] /home/maksim/Projects/Go/Project/permissions/go.mod:1: unknown directive: mogithub.com/PoinkCorporation/Permissions-service: Error: /home/maksim/Projects/Go/Project/permissions/go.mod:1: unknown directive: mogithub.com/PoinkCorporation/Permissions-service
	at handleResponse (/home/maksim/.vscode-oss/extensions/golang.go-0.52.2-universal/dist/goMain.js:8978:40)
	at handleMessage (/home/maksim/.vscode-oss/extensions/golang.go-0.52.2-universal/dist/goMain.js:8788:11)
	at processMessageQueue (/home/maksim/.vscode-oss/extensions/golang.go-0.52.2-universal/dist/goMain.js:8803:13)
	at Immediate.<anonymous> (/home/maksim/.vscode-oss/extensions/golang.go-0.52.2-universal/dist/goMain.js:8779:11)
	at process.processImmediate (node:internal/timers:484:21)
2026-05-31 15:09:51.059 [error] /home/maksim/Projects/Go/Project/permissions/go.mod:1: unknown directive: modgithub.com/PoinkCorporation/Permissions-service: Error: /home/maksim/Projects/Go/Project/permissions/go.mod:1: unknown directive: modgithub.com/PoinkCorporation/Permissions-service
	at handleResponse (/home/maksim/.vscode-oss/extensions/golang.go-0.52.2-universal/dist/goMain.js:8978:40)
	at handleMessage (/home/maksim/.vscode-oss/extensions/golang.go-0.52.2-universal/dist/goMain.js:8788:11)
	at processMessageQueue (/home/maksim/.vscode-oss/extensions/golang.go-0.52.2-universal/dist/goMain.js:8803:13)
	at Immediate.<anonymous> (/home/maksim/.vscode-oss/extensions/golang.go-0.52.2-universal/dist/goMain.js:8779:11)
	at process.processImmediate (node:internal/timers:484:21)
2026-05-31 15:09:51.432 [error] /home/maksim/Projects/Go/Project/permissions/go.mod:1: unknown directive: modugithub.com/PoinkCorporation/Permissions-service: Error: /home/maksim/Projects/Go/Project/permissions/go.mod:1: unknown directive: modugithub.com/PoinkCorporation/Permissions-service
	at handleResponse (/home/maksim/.vscode-oss/extensions/golang.go-0.52.2-universal/dist/goMain.js:8978:40)
	at handleMessage (/home/maksim/.vscode-oss/extensions/golang.go-0.52.2-universal/dist/goMain.js:8788:11)
	at processMessageQueue (/home/maksim/.vscode-oss/extensions/golang.go-0.52.2-universal/dist/goMain.js:8803:13)
	at Immediate.<anonymous> (/home/maksim/.vscode-oss/extensions/golang.go-0.52.2-universal/dist/goMain.js:8779:11)
	at process.processImmediate (node:internal/timers:484:21)
2026-05-31 15:09:51.725 [error] /home/maksim/Projects/Go/Project/permissions/go.mod:1: unknown directive: modulgithub.com/PoinkCorporation/Permissions-service: Error: /home/maksim/Projects/Go/Project/permissions/go.mod:1: unknown directive: modulgithub.com/PoinkCorporation/Permissions-service
	at handleResponse (/home/maksim/.vscode-oss/extensions/golang.go-0.52.2-universal/dist/goMain.js:8978:40)
	at handleMessage (/home/maksim/.vscode-oss/extensions/golang.go-0.52.2-universal/dist/goMain.js:8788:11)
	at processMessageQueue (/home/maksim/.vscode-oss/extensions/golang.go-0.52.2-universal/dist/goMain.js:8803:13)
	at Immediate.<anonymous> (/home/maksim/.vscode-oss/extensions/golang.go-0.52.2-universal/dist/goMain.js:8779:11)
	at process.processImmediate (node:internal/timers:484:21)
2026-05-31 15:09:51.839 [error] /home/maksim/Projects/Go/Project/permissions/go.mod:1: unknown directive: modulegithub.com/PoinkCorporation/Permissions-service: Error: /home/maksim/Projects/Go/Project/permissions/go.mod:1: unknown directive: modulegithub.com/PoinkCorporation/Permissions-service
	at handleResponse (/home/maksim/.vscode-oss/extensions/golang.go-0.52.2-universal/dist/goMain.js:8978:40)
	at handleMessage (/home/maksim/.vscode-oss/extensions/golang.go-0.52.2-universal/dist/goMain.js:8788:11)
	at processMessageQueue (/home/maksim/.vscode-oss/extensions/golang.go-0.52.2-universal/dist/goMain.js:8803:13)
	at Immediate.<anonymous> (/home/maksim/.vscode-oss/extensions/golang.go-0.52.2-universal/dist/goMain.js:8779:11)
	at process.processImmediate (node:internal/timers:484:21)
2026-05-31 15:09:52.473 [error] can't find definitions for file type go.mod: Error: can't find definitions for file type go.mod
	at handleResponse (/home/maksim/.vscode-oss/extensions/golang.go-0.52.2-universal/dist/goMain.js:8978:40)
	at handleMessage (/home/maksim/.vscode-oss/extensions/golang.go-0.52.2-universal/dist/goMain.js:8788:11)
	at processMessageQueue (/home/maksim/.vscode-oss/extensions/golang.go-0.52.2-universal/dist/goMain.js:8803:13)
	at Immediate.<anonymous> (/home/maksim/.vscode-oss/extensions/golang.go-0.52.2-universal/dist/goMain.js:8779:11)
	at process.processImmediate (node:internal/timers:484:21)
2026-05-31 15:10:02.438 [error] no package data for import "permissions/gen/go/permissions": Error: no package data for import "permissions/gen/go/permissions"
	at handleResponse (/home/maksim/.vscode-oss/extensions/golang.go-0.52.2-universal/dist/goMain.js:8978:40)
	at handleMessage (/home/maksim/.vscode-oss/extensions/golang.go-0.52.2-universal/dist/goMain.js:8788:11)
	at processMessageQueue (/home/maksim/.vscode-oss/extensions/golang.go-0.52.2-universal/dist/goMain.js:8803:13)
	at Immediate.<anonymous> (/home/maksim/.vscode-oss/extensions/golang.go-0.52.2-universal/dist/goMain.js:8779:11)
	at process.processImmediate (node:internal/timers:484:21)
2026-05-31 15:10:22.502 [error] no package data for import "permissions/gen/go/permissions": Error: no package data for import "permissions/gen/go/permissions"
	at handleResponse (/home/maksim/.vscode-oss/extensions/golang.go-0.52.2-universal/dist/goMain.js:8978:40)
	at handleMessage (/home/maksim/.vscode-oss/extensions/golang.go-0.52.2-universal/dist/goMain.js:8788:11)
	at processMessageQueue (/home/maksim/.vscode-oss/extensions/golang.go-0.52.2-universal/dist/goMain.js:8803:13)
	at Immediate.<anonymous> (/home/maksim/.vscode-oss/extensions/golang.go-0.52.2-universal/dist/goMain.js:8779:11)
	at process.processImmediate (node:internal/timers:484:21)
2026-05-31 15:10:36.903 [error] no package data for import "permissions/gen/go/permissions": Error: no package data for import "permissions/gen/go/permissions"
	at handleResponse (/home/maksim/.vscode-oss/extensions/golang.go-0.52.2-universal/dist/goMain.js:8978:40)
	at handleMessage (/home/maksim/.vscode-oss/extensions/golang.go-0.52.2-universal/dist/goMain.js:8788:11)
	at processMessageQueue (/home/maksim/.vscode-oss/extensions/golang.go-0.52.2-universal/dist/goMain.js:8803:13)
	at Immediate.<anonymous> (/home/maksim/.vscode-oss/extensions/golang.go-0.52.2-universal/dist/goMain.js:8779:11)
	at process.processImmediate (node:internal/timers:484:21)
2026-05-31 15:10:47.702 [error] no package data for import "github/gen/go/permissions": Error: no package data for import "github/gen/go/permissions"
	at handleResponse (/home/maksim/.vscode-oss/extensions/golang.go-0.52.2-universal/dist/goMain.js:8978:40)
	at handleMessage (/home/maksim/.vscode-oss/extensions/golang.go-0.52.2-universal/dist/goMain.js:8788:11)
	at processMessageQueue (/home/maksim/.vscode-oss/extensions/golang.go-0.52.2-universal/dist/goMain.js:8803:13)
	at Immediate.<anonymous> (/home/maksim/.vscode-oss/extensions/golang.go-0.52.2-universal/dist/goMain.js:8779:11)
	at process.processImmediate (node:internal/timers:484:21)
2026-05-31 15:11:06.887 [error] failed to resolve import "permissions/tests/suite": Error: failed to resolve import "permissions/tests/suite"
	at handleResponse (/home/maksim/.vscode-oss/extensions/golang.go-0.52.2-universal/dist/goMain.js:8978:40)
	at handleMessage (/home/maksim/.vscode-oss/extensions/golang.go-0.52.2-universal/dist/goMain.js:8788:11)
	at processMessageQueue (/home/maksim/.vscode-oss/extensions/golang.go-0.52.2-universal/dist/goMain.js:8803:13)
	at Immediate.<anonymous> (/home/maksim/.vscode-oss/extensions/golang.go-0.52.2-universal/dist/goMain.js:8779:11)
	at process.processImmediate (node:internal/timers:484:21)
2026-05-31 15:11:07.101 [error] no package data for import "permissions/tests/suite": Error: no package data for import "permissions/tests/suite"
	at handleResponse (/home/maksim/.vscode-oss/extensions/golang.go-0.52.2-universal/dist/goMain.js:8978:40)
	at handleMessage (/home/maksim/.vscode-oss/extensions/golang.go-0.52.2-universal/dist/goMain.js:8788:11)
	at processMessageQueue (/home/maksim/.vscode-oss/extensions/golang.go-0.52.2-universal/dist/goMain.js:8803:13)
	at Immediate.<anonymous> (/home/maksim/.vscode-oss/extensions/golang.go-0.52.2-universal/dist/goMain.js:8779:11)
	at process.processImmediate (node:internal/timers:484:21)
2026-05-31 15:11:07.171 [error] failed to resolve import "permissions/tests/suite": Error: failed to resolve import "permissions/tests/suite"
	at handleResponse (/home/maksim/.vscode-oss/extensions/golang.go-0.52.2-universal/dist/goMain.js:8978:40)
	at handleMessage (/home/maksim/.vscode-oss/extensions/golang.go-0.52.2-universal/dist/goMain.js:8788:11)
	at processMessageQueue (/home/maksim/.vscode-oss/extensions/golang.go-0.52.2-universal/dist/goMain.js:8803:13)
	at Immediate.<anonymous> (/home/maksim/.vscode-oss/extensions/golang.go-0.52.2-universal/dist/goMain.js:8779:11)
	at process.processImmediate (node:internal/timers:484:21)
2026-05-31 15:11:07.412 [error] no package data for import "permissions/tests/suite": Error: no package data for import "permissions/tests/suite"
	at handleResponse (/home/maksim/.vscode-oss/extensions/golang.go-0.52.2-universal/dist/goMain.js:8978:40)
	at handleMessage (/home/maksim/.vscode-oss/extensions/golang.go-0.52.2-universal/dist/goMain.js:8788:11)
	at processMessageQueue (/home/maksim/.vscode-oss/extensions/golang.go-0.52.2-universal/dist/goMain.js:8803:13)
	at Immediate.<anonymous> (/home/maksim/.vscode-oss/extensions/golang.go-0.52.2-universal/dist/goMain.js:8779:11)
	at process.processImmediate (node:internal/timers:484:21)
2026-05-31 15:11:08.869 [error] failed to resolve import "permissions/tests/suite": Error: failed to resolve import "permissions/tests/suite"
	at handleResponse (/home/maksim/.vscode-oss/extensions/golang.go-0.52.2-universal/dist/goMain.js:8978:40)
	at handleMessage (/home/maksim/.vscode-oss/extensions/golang.go-0.52.2-universal/dist/goMain.js:8788:11)
	at processMessageQueue (/home/maksim/.vscode-oss/extensions/golang.go-0.52.2-universal/dist/goMain.js:8803:13)
	at Immediate.<anonymous> (/home/maksim/.vscode-oss/extensions/golang.go-0.52.2-universal/dist/goMain.js:8779:11)
	at process.processImmediate (node:internal/timers:484:21)
2026-05-31 15:11:12.517 [error] no package data for import "permissions/gen/go/permissions": Error: no package data for import "permissions/gen/go/permissions"
	at handleResponse (/home/maksim/.vscode-oss/extensions/golang.go-0.52.2-universal/dist/goMain.js:8978:40)
	at handleMessage (/home/maksim/.vscode-oss/extensions/golang.go-0.52.2-universal/dist/goMain.js:8788:11)
	at processMessageQueue (/home/maksim/.vscode-oss/extensions/golang.go-0.52.2-universal/dist/goMain.js:8803:13)
	at Immediate.<anonymous> (/home/maksim/.vscode-oss/extensions/golang.go-0.52.2-universal/dist/goMain.js:8779:11)
	at process.processImmediate (node:internal/timers:484:21)
2026-05-31 15:11:15.133 [error] failed to resolve import "permissions/gen/go/permissions": Error: failed to resolve import "permissions/gen/go/permissions"
	at handleResponse (/home/maksim/.vscode-oss/extensions/golang.go-0.52.2-universal/dist/goMain.js:8978:40)
	at handleMessage (/home/maksim/.vscode-oss/extensions/golang.go-0.52.2-universal/dist/goMain.js:8788:11)
	at processMessageQueue (/home/maksim/.vscode-oss/extensions/golang.go-0.52.2-universal/dist/goMain.js:8803:13)
	at Immediate.<anonymous> (/home/maksim/.vscode-oss/extensions/golang.go-0.52.2-universal/dist/goMain.js:8779:11)
	at process.processImmediate (node:internal/timers:484:21)
2026-05-31 15:11:15.598 [error] failed to resolve import "permissions/internal/config": Error: failed to resolve import "permissions/internal/config"
	at handleResponse (/home/maksim/.vscode-oss/extensions/golang.go-0.52.2-universal/dist/goMain.js:8978:40)
	at handleMessage (/home/maksim/.vscode-oss/extensions/golang.go-0.52.2-universal/dist/goMain.js:8788:11)
	at processMessageQueue (/home/maksim/.vscode-oss/extensions/golang.go-0.52.2-universal/dist/goMain.js:8803:13)
	at Immediate.<anonymous> (/home/maksim/.vscode-oss/extensions/golang.go-0.52.2-universal/dist/goMain.js:8779:11)
	at process.processImmediate (node:internal/timers:484:21)
2026-05-31 15:11:15.705 [error] no package data for import "permissions/internal/config": Error: no package data for import "permissions/internal/config"
	at handleResponse (/home/maksim/.vscode-oss/extensions/golang.go-0.52.2-universal/dist/goMain.js:8978:40)
	at handleMessage (/home/maksim/.vscode-oss/extensions/golang.go-0.52.2-universal/dist/goMain.js:8788:11)
	at processMessageQueue (/home/maksim/.vscode-oss/extensions/golang.go-0.52.2-universal/dist/goMain.js:8803:13)
	at Immediate.<anonymous> (/home/maksim/.vscode-oss/extensions/golang.go-0.52.2-universal/dist/goMain.js:8779:11)
	at process.processImmediate (node:internal/timers:484:21)
2026-05-31 15:11:17.561 [error] failed to resolve import "permissions/internal/config": Error: failed to resolve import "permissions/internal/config"
	at handleResponse (/home/maksim/.vscode-oss/extensions/golang.go-0.52.2-universal/dist/goMain.js:8978:40)
	at handleMessage (/home/maksim/.vscode-oss/extensions/golang.go-0.52.2-universal/dist/goMain.js:8788:11)
	at processMessageQueue (/home/maksim/.vscode-oss/extensions/golang.go-0.52.2-universal/dist/goMain.js:8803:13)
	at Immediate.<anonymous> (/home/maksim/.vscode-oss/extensions/golang.go-0.52.2-universal/dist/goMain.js:8779:11)
	at process.processImmediate (node:internal/timers:484:21)
2026-05-31 15:11:22.783 [error] no package data for import "permissions/internal/storage": Error: no package data for import "permissions/internal/storage"
	at handleResponse (/home/maksim/.vscode-oss/extensions/golang.go-0.52.2-universal/dist/goMain.js:8978:40)
	at handleMessage (/home/maksim/.vscode-oss/extensions/golang.go-0.52.2-universal/dist/goMain.js:8788:11)
	at processMessageQueue (/home/maksim/.vscode-oss/extensions/golang.go-0.52.2-universal/dist/goMain.js:8803:13)
	at Immediate.<anonymous> (/home/maksim/.vscode-oss/extensions/golang.go-0.52.2-universal/dist/goMain.js:8779:11)
	at process.processImmediate (node:internal/timers:484:21)
2026-05-31 15:11:24.555 [error] failed to resolve import "permissions/internal/storage": Error: failed to resolve import "permissions/internal/storage"
	at handleResponse (/home/maksim/.vscode-oss/extensions/golang.go-0.52.2-universal/dist/goMain.js:8978:40)
	at handleMessage (/home/maksim/.vscode-oss/extensions/golang.go-0.52.2-universal/dist/goMain.js:8788:11)
	at processMessageQueue (/home/maksim/.vscode-oss/extensions/golang.go-0.52.2-universal/dist/goMain.js:8803:13)
	at Immediate.<anonymous> (/home/maksim/.vscode-oss/extensions/golang.go-0.52.2-universal/dist/goMain.js:8779:11)
	at process.processImmediate (node:internal/timers:484:21)
2026-05-31 15:11:27.749 [error] no package data for import "permissions/internal/storage": Error: no package data for import "permissions/internal/storage"
	at handleResponse (/home/maksim/.vscode-oss/extensions/golang.go-0.52.2-universal/dist/goMain.js:8978:40)
	at handleMessage (/home/maksim/.vscode-oss/extensions/golang.go-0.52.2-universal/dist/goMain.js:8788:11)
	at processMessageQueue (/home/maksim/.vscode-oss/extensions/golang.go-0.52.2-universal/dist/goMain.js:8803:13)
	at Immediate.<anonymous> (/home/maksim/.vscode-oss/extensions/golang.go-0.52.2-universal/dist/goMain.js:8779:11)
	at process.processImmediate (node:internal/timers:484:21)
2026-05-31 15:11:28.144 [error] no package data for import "permissions/internal/lib/logger/sl": Error: no package data for import "permissions/internal/lib/logger/sl"
	at handleResponse (/home/maksim/.vscode-oss/extensions/golang.go-0.52.2-universal/dist/goMain.js:8978:40)
	at handleMessage (/home/maksim/.vscode-oss/extensions/golang.go-0.52.2-universal/dist/goMain.js:8788:11)
	at processMessageQueue (/home/maksim/.vscode-oss/extensions/golang.go-0.52.2-universal/dist/goMain.js:8803:13)
	at Immediate.<anonymous> (/home/maksim/.vscode-oss/extensions/golang.go-0.52.2-universal/dist/goMain.js:8779:11)
	at process.processImmediate (node:internal/timers:484:21)
2026-05-31 15:11:29.836 [error] failed to resolve import "permissions/internal/lib/logger/sl": Error: failed to resolve import "permissions/internal/lib/logger/sl"
	at handleResponse (/home/maksim/.vscode-oss/extensions/golang.go-0.52.2-universal/dist/goMain.js:8978:40)
	at handleMessage (/home/maksim/.vscode-oss/extensions/golang.go-0.52.2-universal/dist/goMain.js:8788:11)
	at processMessageQueue (/home/maksim/.vscode-oss/extensions/golang.go-0.52.2-universal/dist/goMain.js:8803:13)
	at Immediate.<anonymous> (/home/maksim/.vscode-oss/extensions/golang.go-0.52.2-universal/dist/goMain.js:8779:11)
	at process.processImmediate (node:internal/timers:484:21)
2026-05-31 15:11:29.973 [error] failed to resolve import "permissions/internal/storage": Error: failed to resolve import "permissions/internal/storage"
	at handleResponse (/home/maksim/.vscode-oss/extensions/golang.go-0.52.2-universal/dist/goMain.js:8978:40)
	at handleMessage (/home/maksim/.vscode-oss/extensions/golang.go-0.52.2-universal/dist/goMain.js:8788:11)
	at processMessageQueue (/home/maksim/.vscode-oss/extensions/golang.go-0.52.2-universal/dist/goMain.js:8803:13)
	at Immediate.<anonymous> (/home/maksim/.vscode-oss/extensions/golang.go-0.52.2-universal/dist/goMain.js:8779:11)
	at process.processImmediate (node:internal/timers:484:21)
2026-05-31 15:11:30.366 [error] no package data for import "permissions/internal/storage": Error: no package data for import "permissions/internal/storage"
	at handleResponse (/home/maksim/.vscode-oss/extensions/golang.go-0.52.2-universal/dist/goMain.js:8978:40)
	at handleMessage (/home/maksim/.vscode-oss/extensions/golang.go-0.52.2-universal/dist/goMain.js:8788:11)
	at processMessageQueue (/home/maksim/.vscode-oss/extensions/golang.go-0.52.2-universal/dist/goMain.js:8803:13)
	at Immediate.<anonymous> (/home/maksim/.vscode-oss/extensions/golang.go-0.52.2-universal/dist/goMain.js:8779:11)
	at process.processImmediate (node:internal/timers:484:21)
2026-05-31 15:11:31.934 [error] failed to resolve import "permissions/internal/storage": Error: failed to resolve import "permissions/internal/storage"
	at handleResponse (/home/maksim/.vscode-oss/extensions/golang.go-0.52.2-universal/dist/goMain.js:8978:40)
	at handleMessage (/home/maksim/.vscode-oss/extensions/golang.go-0.52.2-universal/dist/goMain.js:8788:11)
	at processMessageQueue (/home/maksim/.vscode-oss/extensions/golang.go-0.52.2-universal/dist/goMain.js:8803:13)
	at Immediate.<anonymous> (/home/maksim/.vscode-oss/extensions/golang.go-0.52.2-universal/dist/goMain.js:8779:11)
	at process.processImmediate (node:internal/timers:484:21)
2026-05-31 15:11:33.717 [error] no package data for import "permissions/internal/services/permissions": Error: no package data for import "permissions/internal/services/permissions"
	at handleResponse (/home/maksim/.vscode-oss/extensions/golang.go-0.52.2-universal/dist/goMain.js:8978:40)
	at handleMessage (/home/maksim/.vscode-oss/extensions/golang.go-0.52.2-universal/dist/goMain.js:8788:11)
	at processMessageQueue (/home/maksim/.vscode-oss/extensions/golang.go-0.52.2-universal/dist/goMain.js:8803:13)
	at Immediate.<anonymous> (/home/maksim/.vscode-oss/extensions/golang.go-0.52.2-universal/dist/goMain.js:8779:11)
	at process.processImmediate (node:internal/timers:484:21)
2026-05-31 15:11:33.932 [error] no package data for import "permissions/gen/go/permissions": Error: no package data for import "permissions/gen/go/permissions"
	at handleResponse (/home/maksim/.vscode-oss/extensions/golang.go-0.52.2-universal/dist/goMain.js:8978:40)
	at handleMessage (/home/maksim/.vscode-oss/extensions/golang.go-0.52.2-universal/dist/goMain.js:8788:11)
	at processMessageQueue (/home/maksim/.vscode-oss/extensions/golang.go-0.52.2-universal/dist/goMain.js:8803:13)
	at Immediate.<anonymous> (/home/maksim/.vscode-oss/extensions/golang.go-0.52.2-universal/dist/goMain.js:8779:11)
	at process.processImmediate (node:internal/timers:484:21)
2026-05-31 15:11:35.289 [error] failed to resolve import "permissions/gen/go/permissions": Error: failed to resolve import "permissions/gen/go/permissions"
	at handleResponse (/home/maksim/.vscode-oss/extensions/golang.go-0.52.2-universal/dist/goMain.js:8978:40)
	at handleMessage (/home/maksim/.vscode-oss/extensions/golang.go-0.52.2-universal/dist/goMain.js:8788:11)
	at processMessageQueue (/home/maksim/.vscode-oss/extensions/golang.go-0.52.2-universal/dist/goMain.js:8803:13)
	at Immediate.<anonymous> (/home/maksim/.vscode-oss/extensions/golang.go-0.52.2-universal/dist/goMain.js:8779:11)
	at process.processImmediate (node:internal/timers:484:21)
2026-05-31 15:11:35.355 [error] failed to resolve import "permissions/internal/services/permissions": Error: failed to resolve import "permissions/internal/services/permissions"
	at handleResponse (/home/maksim/.vscode-oss/extensions/golang.go-0.52.2-universal/dist/goMain.js:8978:40)
	at handleMessage (/home/maksim/.vscode-oss/extensions/golang.go-0.52.2-universal/dist/goMain.js:8788:11)
	at processMessageQueue (/home/maksim/.vscode-oss/extensions/golang.go-0.52.2-universal/dist/goMain.js:8803:13)
	at Immediate.<anonymous> (/home/maksim/.vscode-oss/extensions/golang.go-0.52.2-universal/dist/goMain.js:8779:11)
	at process.processImmediate (node:internal/timers:484:21)
2026-05-31 15:11:35.601 [error] no package data for import "permissions/internal/services/permissions": Error: no package data for import "permissions/internal/services/permissions"
	at handleResponse (/home/maksim/.vscode-oss/extensions/golang.go-0.52.2-universal/dist/goMain.js:8978:40)
	at handleMessage (/home/maksim/.vscode-oss/extensions/golang.go-0.52.2-universal/dist/goMain.js:8788:11)
	at processMessageQueue (/home/maksim/.vscode-oss/extensions/golang.go-0.52.2-universal/dist/goMain.js:8803:13)
	at Immediate.<anonymous> (/home/maksim/.vscode-oss/extensions/golang.go-0.52.2-universal/dist/goMain.js:8779:11)
	at process.processImmediate (node:internal/timers:484:21)
2026-05-31 15:11:36.869 [error] failed to resolve import "permissions/internal/services/permissions": Error: failed to resolve import "permissions/internal/services/permissions"
	at handleResponse (/home/maksim/.vscode-oss/extensions/golang.go-0.52.2-universal/dist/goMain.js:8978:40)
	at handleMessage (/home/maksim/.vscode-oss/extensions/golang.go-0.52.2-universal/dist/goMain.js:8788:11)
	at processMessageQueue (/home/maksim/.vscode-oss/extensions/golang.go-0.52.2-universal/dist/goMain.js:8803:13)
	at Immediate.<anonymous> (/home/maksim/.vscode-oss/extensions/golang.go-0.52.2-universal/dist/goMain.js:8779:11)
	at process.processImmediate (node:internal/timers:484:21)
2026-05-31 15:11:39.683 [error] no package data for import "permissions/internal/app/grpc": Error: no package data for import "permissions/internal/app/grpc"
	at handleResponse (/home/maksim/.vscode-oss/extensions/golang.go-0.52.2-universal/dist/goMain.js:8978:40)
	at handleMessage (/home/maksim/.vscode-oss/extensions/golang.go-0.52.2-universal/dist/goMain.js:8788:11)
	at processMessageQueue (/home/maksim/.vscode-oss/extensions/golang.go-0.52.2-universal/dist/goMain.js:8803:13)
	at Immediate.<anonymous> (/home/maksim/.vscode-oss/extensions/golang.go-0.52.2-universal/dist/goMain.js:8779:11)
	at process.processImmediate (node:internal/timers:484:21)
2026-05-31 15:11:40.792 [error] failed to resolve import "permissions/internal/app/grpc": Error: failed to resolve import "permissions/internal/app/grpc"
	at handleResponse (/home/maksim/.vscode-oss/extensions/golang.go-0.52.2-universal/dist/goMain.js:8978:40)
	at handleMessage (/home/maksim/.vscode-oss/extensions/golang.go-0.52.2-universal/dist/goMain.js:8788:11)
	at processMessageQueue (/home/maksim/.vscode-oss/extensions/golang.go-0.52.2-universal/dist/goMain.js:8803:13)
	at Immediate.<anonymous> (/home/maksim/.vscode-oss/extensions/golang.go-0.52.2-universal/dist/goMain.js:8779:11)
	at process.processImmediate (node:internal/timers:484:21)
2026-05-31 15:11:40.960 [error] failed to resolve import "permissions/internal/services/permissions": Error: failed to resolve import "permissions/internal/services/permissions"
	at handleResponse (/home/maksim/.vscode-oss/extensions/golang.go-0.52.2-universal/dist/goMain.js:8978:40)
	at handleMessage (/home/maksim/.vscode-oss/extensions/golang.go-0.52.2-universal/dist/goMain.js:8788:11)
	at processMessageQueue (/home/maksim/.vscode-oss/extensions/golang.go-0.52.2-universal/dist/goMain.js:8803:13)
	at Immediate.<anonymous> (/home/maksim/.vscode-oss/extensions/golang.go-0.52.2-universal/dist/goMain.js:8779:11)
	at process.processImmediate (node:internal/timers:484:21)
2026-05-31 15:11:41.033 [error] no package data for import "permissions/internal/services/permissions": Error: no package data for import "permissions/internal/services/permissions"
	at handleResponse (/home/maksim/.vscode-oss/extensions/golang.go-0.52.2-universal/dist/goMain.js:8978:40)
	at handleMessage (/home/maksim/.vscode-oss/extensions/golang.go-0.52.2-universal/dist/goMain.js:8788:11)
	at processMessageQueue (/home/maksim/.vscode-oss/extensions/golang.go-0.52.2-universal/dist/goMain.js:8803:13)
	at Immediate.<anonymous> (/home/maksim/.vscode-oss/extensions/golang.go-0.52.2-universal/dist/goMain.js:8779:11)
	at process.processImmediate (node:internal/timers:484:21)
2026-05-31 15:11:42.593 [error] failed to resolve import "permissions/internal/services/permissions": Error: failed to resolve import "permissions/internal/services/permissions"
	at handleResponse (/home/maksim/.vscode-oss/extensions/golang.go-0.52.2-universal/dist/goMain.js:8978:40)
	at handleMessage (/home/maksim/.vscode-oss/extensions/golang.go-0.52.2-universal/dist/goMain.js:8788:11)
	at processMessageQueue (/home/maksim/.vscode-oss/extensions/golang.go-0.52.2-universal/dist/goMain.js:8803:13)
	at Immediate.<anonymous> (/home/maksim/.vscode-oss/extensions/golang.go-0.52.2-universal/dist/goMain.js:8779:11)
	at process.processImmediate (node:internal/timers:484:21)
2026-05-31 15:11:42.886 [error] failed to resolve import "permissions/internal/storage/postgresql": Error: failed to resolve import "permissions/internal/storage/postgresql"
	at handleResponse (/home/maksim/.vscode-oss/extensions/golang.go-0.52.2-universal/dist/goMain.js:8978:40)
	at handleMessage (/home/maksim/.vscode-oss/extensions/golang.go-0.52.2-universal/dist/goMain.js:8788:11)
	at processMessageQueue (/home/maksim/.vscode-oss/extensions/golang.go-0.52.2-universal/dist/goMain.js:8803:13)
	at Immediate.<anonymous> (/home/maksim/.vscode-oss/extensions/golang.go-0.52.2-universal/dist/goMain.js:8779:11)
	at process.processImmediate (node:internal/timers:484:21)
2026-05-31 15:11:43.099 [error] no package data for import "permissions/internal/storage/postgresql": Error: no package data for import "permissions/internal/storage/postgresql"
	at handleResponse (/home/maksim/.vscode-oss/extensions/golang.go-0.52.2-universal/dist/goMain.js:8978:40)
	at handleMessage (/home/maksim/.vscode-oss/extensions/golang.go-0.52.2-universal/dist/goMain.js:8788:11)
	at processMessageQueue (/home/maksim/.vscode-oss/extensions/golang.go-0.52.2-universal/dist/goMain.js:8803:13)
	at Immediate.<anonymous> (/home/maksim/.vscode-oss/extensions/golang.go-0.52.2-universal/dist/goMain.js:8779:11)
	at process.processImmediate (node:internal/timers:484:21)
2026-05-31 15:11:44.282 [error] no package data for import "permissions/internal/storage/postgresql": Error: no package data for import "permissions/internal/storage/postgresql"
	at handleResponse (/home/maksim/.vscode-oss/extensions/golang.go-0.52.2-universal/dist/goMain.js:8978:40)
	at handleMessage (/home/maksim/.vscode-oss/extensions/golang.go-0.52.2-universal/dist/goMain.js:8788:11)
	at processMessageQueue (/home/maksim/.vscode-oss/extensions/golang.go-0.52.2-universal/dist/goMain.js:8803:13)
	at Immediate.<anonymous> (/home/maksim/.vscode-oss/extensions/golang.go-0.52.2-universal/dist/goMain.js:8779:11)
	at process.processImmediate (node:internal/timers:484:21)
2026-05-31 15:12:14.188 [error] /home/maksim/Projects/Go/Project/permissions/go.mod:2: unknown directive: r: Error: /home/maksim/Projects/Go/Project/permissions/go.mod:2: unknown directive: r
	at handleResponse (/home/maksim/.vscode-oss/extensions/golang.go-0.52.2-universal/dist/goMain.js:8978:40)
	at handleMessage (/home/maksim/.vscode-oss/extensions/golang.go-0.52.2-universal/dist/goMain.js:8788:11)
	at processMessageQueue (/home/maksim/.vscode-oss/extensions/golang.go-0.52.2-universal/dist/goMain.js:8803:13)
	at Immediate.<anonymous> (/home/maksim/.vscode-oss/extensions/golang.go-0.52.2-universal/dist/goMain.js:8779:11)
	at process.processImmediate (node:internal/timers:484:21)
2026-05-31 15:12:14.313 [error] /home/maksim/Projects/Go/Project/permissions/go.mod:2: unknown directive: re: Error: /home/maksim/Projects/Go/Project/permissions/go.mod:2: unknown directive: re
	at handleResponse (/home/maksim/.vscode-oss/extensions/golang.go-0.52.2-universal/dist/goMain.js:8978:40)
	at handleMessage (/home/maksim/.vscode-oss/extensions/golang.go-0.52.2-universal/dist/goMain.js:8788:11)
	at processMessageQueue (/home/maksim/.vscode-oss/extensions/golang.go-0.52.2-universal/dist/goMain.js:8803:13)
	at Immediate.<anonymous> (/home/maksim/.vscode-oss/extensions/golang.go-0.52.2-universal/dist/goMain.js:8779:11)
	at process.processImmediate (node:internal/timers:484:21)
2026-05-31 15:12:14.468 [error] /home/maksim/Projects/Go/Project/permissions/go.mod:2: unknown directive: rep: Error: /home/maksim/Projects/Go/Project/permissions/go.mod:2: unknown directive: rep
	at handleResponse (/home/maksim/.vscode-oss/extensions/golang.go-0.52.2-universal/dist/goMain.js:8978:40)
	at handleMessage (/home/maksim/.vscode-oss/extensions/golang.go-0.52.2-universal/dist/goMain.js:8788:11)
	at processMessageQueue (/home/maksim/.vscode-oss/extensions/golang.go-0.52.2-universal/dist/goMain.js:8803:13)
	at Immediate.<anonymous> (/home/maksim/.vscode-oss/extensions/golang.go-0.52.2-universal/dist/goMain.js:8779:11)
	at process.processImmediate (node:internal/timers:484:21)
2026-05-31 15:12:14.627 [error] /home/maksim/Projects/Go/Project/permissions/go.mod:2: unknown directive: repl: Error: /home/maksim/Projects/Go/Project/permissions/go.mod:2: unknown directive: repl
	at handleResponse (/home/maksim/.vscode-oss/extensions/golang.go-0.52.2-universal/dist/goMain.js:8978:40)
	at handleMessage (/home/maksim/.vscode-oss/extensions/golang.go-0.52.2-universal/dist/goMain.js:8788:11)
	at processMessageQueue (/home/maksim/.vscode-oss/extensions/golang.go-0.52.2-universal/dist/goMain.js:8803:13)
	at Immediate.<anonymous> (/home/maksim/.vscode-oss/extensions/golang.go-0.52.2-universal/dist/goMain.js:8779:11)
	at process.processImmediate (node:internal/timers:484:21)
2026-05-31 15:12:14.747 [error] /home/maksim/Projects/Go/Project/permissions/go.mod:2: unknown directive: repla: Error: /home/maksim/Projects/Go/Project/permissions/go.mod:2: unknown directive: repla
	at handleResponse (/home/maksim/.vscode-oss/extensions/golang.go-0.52.2-universal/dist/goMain.js:8978:40)
	at handleMessage (/home/maksim/.vscode-oss/extensions/golang.go-0.52.2-universal/dist/goMain.js:8788:11)
	at processMessageQueue (/home/maksim/.vscode-oss/extensions/golang.go-0.52.2-universal/dist/goMain.js:8803:13)
	at Immediate.<anonymous> (/home/maksim/.vscode-oss/extensions/golang.go-0.52.2-universal/dist/goMain.js:8779:11)
	at process.processImmediate (node:internal/timers:484:21)
2026-05-31 15:12:15.017 [error] /home/maksim/Projects/Go/Project/permissions/go.mod:2: unknown directive: replac: Error: /home/maksim/Projects/Go/Project/permissions/go.mod:2: unknown directive: replac
	at handleResponse (/home/maksim/.vscode-oss/extensions/golang.go-0.52.2-universal/dist/goMain.js:8978:40)
	at handleMessage (/home/maksim/.vscode-oss/extensions/golang.go-0.52.2-universal/dist/goMain.js:8788:11)
	at processMessageQueue (/home/maksim/.vscode-oss/extensions/golang.go-0.52.2-universal/dist/goMain.js:8803:13)
	at Immediate.<anonymous> (/home/maksim/.vscode-oss/extensions/golang.go-0.52.2-universal/dist/goMain.js:8779:11)
	at process.processImmediate (node:internal/timers:484:21)
2026-05-31 15:12:15.187 [error] /home/maksim/Projects/Go/Project/permissions/go.mod:2: usage: replace module/path [v1.2.3] => other/module v1.4
	 or replace module/path [v1.2.3] => ../local/directory: Error: /home/maksim/Projects/Go/Project/permissions/go.mod:2: usage: replace module/path [v1.2.3] => other/module v1.4
	 or replace module/path [v1.2.3] => ../local/directory
	at handleResponse (/home/maksim/.vscode-oss/extensions/golang.go-0.52.2-universal/dist/goMain.js:8978:40)
	at handleMessage (/home/maksim/.vscode-oss/extensions/golang.go-0.52.2-universal/dist/goMain.js:8788:11)
	at processMessageQueue (/home/maksim/.vscode-oss/extensions/golang.go-0.52.2-universal/dist/goMain.js:8803:13)
	at Immediate.<anonymous> (/home/maksim/.vscode-oss/extensions/golang.go-0.52.2-universal/dist/goMain.js:8779:11)
	at process.processImmediate (node:internal/timers:484:21)
2026-05-31 15:12:16.288 [error] /home/maksim/Projects/Go/Project/permissions/go.mod:2: usage: replace module/path [v1.2.3] => other/module v1.4
	 or replace module/path [v1.2.3] => ../local/directory: Error: /home/maksim/Projects/Go/Project/permissions/go.mod:2: usage: replace module/path [v1.2.3] => other/module v1.4
	 or replace module/path [v1.2.3] => ../local/directory
	at handleResponse (/home/maksim/.vscode-oss/extensions/golang.go-0.52.2-universal/dist/goMain.js:8978:40)
	at handleMessage (/home/maksim/.vscode-oss/extensions/golang.go-0.52.2-universal/dist/goMain.js:8788:11)
	at processMessageQueue (/home/maksim/.vscode-oss/extensions/golang.go-0.52.2-universal/dist/goMain.js:8803:13)
	at Immediate.<anonymous> (/home/maksim/.vscode-oss/extensions/golang.go-0.52.2-universal/dist/goMain.js:8779:11)
	at process.processImmediate (node:internal/timers:484:21)
2026-05-31 15:12:17.388 [error] /home/maksim/Projects/Go/Project/permissions/go.mod:2: usage: replace module/path [v1.2.3] => other/module v1.4
	 or replace module/path [v1.2.3] => ../local/directory: Error: /home/maksim/Projects/Go/Project/permissions/go.mod:2: usage: replace module/path [v1.2.3] => other/module v1.4
	 or replace module/path [v1.2.3] => ../local/directory
	at handleResponse (/home/maksim/.vscode-oss/extensions/golang.go-0.52.2-universal/dist/goMain.js:8978:40)
	at handleMessage (/home/maksim/.vscode-oss/extensions/golang.go-0.52.2-universal/dist/goMain.js:8788:11)
	at processMessageQueue (/home/maksim/.vscode-oss/extensions/golang.go-0.52.2-universal/dist/goMain.js:8803:13)
	at Immediate.<anonymous> (/home/maksim/.vscode-oss/extensions/golang.go-0.52.2-universal/dist/goMain.js:8779:11)
	at process.processImmediate (node:internal/timers:484:21)
2026-05-31 15:12:19.037 [error] /home/maksim/Projects/Go/Project/permissions/go.mod:2: usage: replace module/path [v1.2.3] => other/module v1.4
	 or replace module/path [v1.2.3] => ../local/directory: Error: /home/maksim/Projects/Go/Project/permissions/go.mod:2: usage: replace module/path [v1.2.3] => other/module v1.4
	 or replace module/path [v1.2.3] => ../local/directory
	at handleResponse (/home/maksim/.vscode-oss/extensions/golang.go-0.52.2-universal/dist/goMain.js:8978:40)
	at handleMessage (/home/maksim/.vscode-oss/extensions/golang.go-0.52.2-universal/dist/goMain.js:8788:11)
	at processMessageQueue (/home/maksim/.vscode-oss/extensions/golang.go-0.52.2-universal/dist/goMain.js:8803:13)
	at Immediate.<anonymous> (/home/maksim/.vscode-oss/extensions/golang.go-0.52.2-universal/dist/goMain.js:8779:11)
	at process.processImmediate (node:internal/timers:484:21)
2026-05-31 15:12:29.897 [error] getting modfile handle: /home/maksim/Projects/Go/Project/permissions/go.mod:2: usage: replace module/path [v1.2.3] => other/module v1.4
	 or replace module/path [v1.2.3] => ../local/directory: Error: getting modfile handle: /home/maksim/Projects/Go/Project/permissions/go.mod:2: usage: replace module/path [v1.2.3] => other/module v1.4
	 or replace module/path [v1.2.3] => ../local/directory
	at handleResponse (/home/maksim/.vscode-oss/extensions/golang.go-0.52.2-universal/dist/goMain.js:8978:40)
	at handleMessage (/home/maksim/.vscode-oss/extensions/golang.go-0.52.2-universal/dist/goMain.js:8788:11)
	at processMessageQueue (/home/maksim/.vscode-oss/extensions/golang.go-0.52.2-universal/dist/goMain.js:8803:13)
	at Immediate.<anonymous> (/home/maksim/.vscode-oss/extensions/golang.go-0.52.2-universal/dist/goMain.js:8779:11)
	at process.processImmediate (node:internal/timers:484:21)
2026-05-31 15:12:32.531 [error] /home/maksim/Projects/Go/Project/permissions/go.mod:2: usage: replace module/path [v1.2.3] => other/module v1.4
	 or replace module/path [v1.2.3] => ../local/directory: Error: /home/maksim/Projects/Go/Project/permissions/go.mod:2: usage: replace module/path [v1.2.3] => other/module v1.4
	 or replace module/path [v1.2.3] => ../local/directory
	at handleResponse (/home/maksim/.vscode-oss/extensions/golang.go-0.52.2-universal/dist/goMain.js:8978:40)
	at handleMessage (/home/maksim/.vscode-oss/extensions/golang.go-0.52.2-universal/dist/goMain.js:8788:11)
	at processMessageQueue (/home/maksim/.vscode-oss/extensions/golang.go-0.52.2-universal/dist/goMain.js:8803:13)
	at Immediate.<anonymous> (/home/maksim/.vscode-oss/extensions/golang.go-0.52.2-universal/dist/goMain.js:8779:11)
	at process.processImmediate (node:internal/timers:484:21)
2026-05-31 15:12:33.959 [error] /home/maksim/Projects/Go/Project/permissions/go.mod:2: usage: replace module/path [v1.2.3] => other/module v1.4
	 or replace module/path [v1.2.3] => ../local/directory: Error: /home/maksim/Projects/Go/Project/permissions/go.mod:2: usage: replace module/path [v1.2.3] => other/module v1.4
	 or replace module/path [v1.2.3] => ../local/directory
	at handleResponse (/home/maksim/.vscode-oss/extensions/golang.go-0.52.2-universal/dist/goMain.js:8978:40)
	at handleMessage (/home/maksim/.vscode-oss/extensions/golang.go-0.52.2-universal/dist/goMain.js:8788:11)
	at processMessageQueue (/home/maksim/.vscode-oss/extensions/golang.go-0.52.2-universal/dist/goMain.js:8803:13)
	at Immediate.<anonymous> (/home/maksim/.vscode-oss/extensions/golang.go-0.52.2-universal/dist/goMain.js:8779:11)
	at process.processImmediate (node:internal/timers:484:21)
2026-05-31 15:12:36.514 [error] can't find definitions for file type go.mod: Error: can't find definitions for file type go.mod
	at handleResponse (/home/maksim/.vscode-oss/extensions/golang.go-0.52.2-universal/dist/goMain.js:8978:40)
	at handleMessage (/home/maksim/.vscode-oss/extensions/golang.go-0.52.2-universal/dist/goMain.js:8788:11)
	at processMessageQueue (/home/maksim/.vscode-oss/extensions/golang.go-0.52.2-universal/dist/goMain.js:8803:13)
	at Immediate.<anonymous> (/home/maksim/.vscode-oss/extensions/golang.go-0.52.2-universal/dist/goMain.js:8779:11)
	at process.processImmediate (node:internal/timers:484:21)
2026-05-31 15:12:37.603 [error] can't find definitions for file type go.mod: Error: can't find definitions for file type go.mod
	at handleResponse (/home/maksim/.vscode-oss/extensions/golang.go-0.52.2-universal/dist/goMain.js:8978:40)
	at handleMessage (/home/maksim/.vscode-oss/extensions/golang.go-0.52.2-universal/dist/goMain.js:8788:11)
	at processMessageQueue (/home/maksim/.vscode-oss/extensions/golang.go-0.52.2-universal/dist/goMain.js:8803:13)
	at Immediate.<anonymous> (/home/maksim/.vscode-oss/extensions/golang.go-0.52.2-universal/dist/goMain.js:8779:11)
	at process.processImmediate (node:internal/timers:484:21)
2026-05-31 15:12:37.615 [error] /home/maksim/Projects/Go/Project/permissions/go.mod:2: replacement module without version must be directory path (rooted or starting with . or ..): Error: /home/maksim/Projects/Go/Project/permissions/go.mod:2: replacement module without version must be directory path (rooted or starting with . or ..)
	at handleResponse (/home/maksim/.vscode-oss/extensions/golang.go-0.52.2-universal/dist/goMain.js:8978:40)
	at handleMessage (/home/maksim/.vscode-oss/extensions/golang.go-0.52.2-universal/dist/goMain.js:8788:11)
	at processMessageQueue (/home/maksim/.vscode-oss/extensions/golang.go-0.52.2-universal/dist/goMain.js:8803:13)
	at Immediate.<anonymous> (/home/maksim/.vscode-oss/extensions/golang.go-0.52.2-universal/dist/goMain.js:8779:11)
	at process.processImmediate (node:internal/timers:484:21)
2026-05-31 15:12:38.348 [error] getting modfile handle: /home/maksim/Projects/Go/Project/permissions/go.mod:2: replacement module without version must be directory path (rooted or starting with . or ..): Error: getting modfile handle: /home/maksim/Projects/Go/Project/permissions/go.mod:2: replacement module without version must be directory path (rooted or starting with . or ..)
	at handleResponse (/home/maksim/.vscode-oss/extensions/golang.go-0.52.2-universal/dist/goMain.js:8978:40)
	at handleMessage (/home/maksim/.vscode-oss/extensions/golang.go-0.52.2-universal/dist/goMain.js:8788:11)
	at processMessageQueue (/home/maksim/.vscode-oss/extensions/golang.go-0.52.2-universal/dist/goMain.js:8803:13)
	at Immediate.<anonymous> (/home/maksim/.vscode-oss/extensions/golang.go-0.52.2-universal/dist/goMain.js:8779:11)
	at process.processImmediate (node:internal/timers:484:21)
2026-05-31 15:12:38.391 [error] /home/maksim/Projects/Go/Project/permissions/go.mod:2: replacement module without version must be directory path (rooted or starting with . or ..): Error: /home/maksim/Projects/Go/Project/permissions/go.mod:2: replacement module without version must be directory path (rooted or starting with . or ..)
	at handleResponse (/home/maksim/.vscode-oss/extensions/golang.go-0.52.2-universal/dist/goMain.js:8978:40)
	at handleMessage (/home/maksim/.vscode-oss/extensions/golang.go-0.52.2-universal/dist/goMain.js:8788:11)
	at processMessageQueue (/home/maksim/.vscode-oss/extensions/golang.go-0.52.2-universal/dist/goMain.js:8803:13)
	at Immediate.<anonymous> (/home/maksim/.vscode-oss/extensions/golang.go-0.52.2-universal/dist/goMain.js:8779:11)
	at process.processImmediate (node:internal/timers:484:21)
2026-05-31 15:12:38.581 [error] getting modfile handle: /home/maksim/Projects/Go/Project/permissions/go.mod:2: replacement module without version must be directory path (rooted or starting with . or ..): Error: getting modfile handle: /home/maksim/Projects/Go/Project/permissions/go.mod:2: replacement module without version must be directory path (rooted or starting with . or ..)
	at handleResponse (/home/maksim/.vscode-oss/extensions/golang.go-0.52.2-universal/dist/goMain.js:8978:40)
	at handleMessage (/home/maksim/.vscode-oss/extensions/golang.go-0.52.2-universal/dist/goMain.js:8788:11)
	at processMessageQueue (/home/maksim/.vscode-oss/extensions/golang.go-0.52.2-universal/dist/goMain.js:8803:13)
	at Immediate.<anonymous> (/home/maksim/.vscode-oss/extensions/golang.go-0.52.2-universal/dist/goMain.js:8779:11)
	at process.processImmediate (node:internal/timers:484:21)
2026-05-31 15:12:40.477 [error] getting modfile handle: /home/maksim/Projects/Go/Project/permissions/go.mod:2: replacement module without version must be directory path (rooted or starting with . or ..): Error: getting modfile handle: /home/maksim/Projects/Go/Project/permissions/go.mod:2: replacement module without version must be directory path (rooted or starting with . or ..)
	at handleResponse (/home/maksim/.vscode-oss/extensions/golang.go-0.52.2-universal/dist/goMain.js:8978:40)
	at handleMessage (/home/maksim/.vscode-oss/extensions/golang.go-0.52.2-universal/dist/goMain.js:8788:11)
	at processMessageQueue (/home/maksim/.vscode-oss/extensions/golang.go-0.52.2-universal/dist/goMain.js:8803:13)
	at Immediate.<anonymous> (/home/maksim/.vscode-oss/extensions/golang.go-0.52.2-universal/dist/goMain.js:8779:11)
	at process.processImmediate (node:internal/timers:484:21)
2026-05-31 15:12:58.545 [error] /home/maksim/Projects/Go/Project/permissions/go.mod:2: replacement module without version must be directory path (rooted or starting with . or ..): Error: /home/maksim/Projects/Go/Project/permissions/go.mod:2: replacement module without version must be directory path (rooted or starting with . or ..)
	at handleResponse (/home/maksim/.vscode-oss/extensions/golang.go-0.52.2-universal/dist/goMain.js:8978:40)
	at handleMessage (/home/maksim/.vscode-oss/extensions/golang.go-0.52.2-universal/dist/goMain.js:8788:11)
	at processMessageQueue (/home/maksim/.vscode-oss/extensions/golang.go-0.52.2-universal/dist/goMain.js:8803:13)
	at Immediate.<anonymous> (/home/maksim/.vscode-oss/extensions/golang.go-0.52.2-universal/dist/goMain.js:8779:11)
	at process.processImmediate (node:internal/timers:484:21)
2026-05-31 15:12:58.991 [error] /home/maksim/Projects/Go/Project/permissions/go.mod:2: usage: replace module/path [v1.2.3] => other/module v1.4
	 or replace module/path [v1.2.3] => ../local/directory: Error: /home/maksim/Projects/Go/Project/permissions/go.mod:2: usage: replace module/path [v1.2.3] => other/module v1.4
	 or replace module/path [v1.2.3] => ../local/directory
	at handleResponse (/home/maksim/.vscode-oss/extensions/golang.go-0.52.2-universal/dist/goMain.js:8978:40)
	at handleMessage (/home/maksim/.vscode-oss/extensions/golang.go-0.52.2-universal/dist/goMain.js:8788:11)
	at processMessageQueue (/home/maksim/.vscode-oss/extensions/golang.go-0.52.2-universal/dist/goMain.js:8803:13)
	at Immediate.<anonymous> (/home/maksim/.vscode-oss/extensions/golang.go-0.52.2-universal/dist/goMain.js:8779:11)
	at process.processImmediate (node:internal/timers:484:21)
2026-05-31 15:13:00.037 [error] /home/maksim/Projects/Go/Project/permissions/go.mod:1: unknown directive: modulegithub.com/PoinkCorporation/Permissions-service: Error: /home/maksim/Projects/Go/Project/permissions/go.mod:1: unknown directive: modulegithub.com/PoinkCorporation/Permissions-service
	at handleResponse (/home/maksim/.vscode-oss/extensions/golang.go-0.52.2-universal/dist/goMain.js:8978:40)
	at handleMessage (/home/maksim/.vscode-oss/extensions/golang.go-0.52.2-universal/dist/goMain.js:8788:11)
	at processMessageQueue (/home/maksim/.vscode-oss/extensions/golang.go-0.52.2-universal/dist/goMain.js:8803:13)
	at Immediate.<anonymous> (/home/maksim/.vscode-oss/extensions/golang.go-0.52.2-universal/dist/goMain.js:8779:11)
	at process.processImmediate (node:internal/timers:484:21)
2026-05-31 15:13:00.545 [error] /home/maksim/Projects/Go/Project/permissions/go.mod:1: unknown directive: github.com/PoinkCorporation/Permissions-service: Error: /home/maksim/Projects/Go/Project/permissions/go.mod:1: unknown directive: github.com/PoinkCorporation/Permissions-service
	at handleResponse (/home/maksim/.vscode-oss/extensions/golang.go-0.52.2-universal/dist/goMain.js:8978:40)
	at handleMessage (/home/maksim/.vscode-oss/extensions/golang.go-0.52.2-universal/dist/goMain.js:8788:11)
	at processMessageQueue (/home/maksim/.vscode-oss/extensions/golang.go-0.52.2-universal/dist/goMain.js:8803:13)
	at Immediate.<anonymous> (/home/maksim/.vscode-oss/extensions/golang.go-0.52.2-universal/dist/goMain.js:8779:11)
	at process.processImmediate (node:internal/timers:484:21)
2026-05-31 15:14:37.544 [error] can't find definitions for file type go.mod: Error: can't find definitions for file type go.mod
	at handleResponse (/home/maksim/.vscode-oss/extensions/golang.go-0.52.2-universal/dist/goMain.js:8978:40)
	at handleMessage (/home/maksim/.vscode-oss/extensions/golang.go-0.52.2-universal/dist/goMain.js:8788:11)
	at processMessageQueue (/home/maksim/.vscode-oss/extensions/golang.go-0.52.2-universal/dist/goMain.js:8803:13)
	at Immediate.<anonymous> (/home/maksim/.vscode-oss/extensions/golang.go-0.52.2-universal/dist/goMain.js:8779:11)
	at process.processImmediate (node:internal/timers:484:21)
2026-05-31 15:17:43.952 [error] [text file model] handleSaveError(71) - exit - resulted in a save error: Error: Unable to write file '/home/maksim/Projects/Go/Project/permissions/tests/permission_test.go' (Error: File Modified Since) file:///home/maksim/Projects/Go/Project/permissions/tests/permission_test.go
2026-05-31 15:17:43.955 [error] [text file model] handleSaveError(3) - exit - resulted in a save error: Error: Unable to write file '/home/maksim/Projects/Go/Project/permissions/tests/suite/suite.go' (Error: File Modified Since) file:///home/maksim/Projects/Go/Project/permissions/tests/suite/suite.go
2026-05-31 15:31:10.953 [error] An unknown error occurred. Please consult the log for more details.
2026-05-31 15:38:32.025 [error] [text file model] handleSaveError(71) - exit - resulted in a save error: Error: Unable to write file '/home/maksim/Projects/Go/Project/permissions/tests/permission_test.go' (Error: File Modified Since) file:///home/maksim/Projects/Go/Project/permissions/tests/permission_test.go
2026-05-31 15:38:32.685 [error] [text file model] handleSaveError(3) - exit - resulted in a save error: Error: Unable to write file '/home/maksim/Projects/Go/Project/permissions/tests/suite/suite.go' (Error: File Modified Since) file:///home/maksim/Projects/Go/Project/permissions/tests/suite/suite.go
2026-05-31 15:38:40.724 [warning] [backup tracker] suspended, ignoring dirty change event file:///home/maksim/Projects/Go/Project/permissions/tests/permission_test.go 
2026-05-31 15:38:40.725 [warning] [backup tracker] suspended, ignoring dirty change event file:///home/maksim/Projects/Go/Project/permissions/tests/suite/suite.go 
2026-05-31 15:38:40.777 [warning] [backup tracker] suspended, ignoring content change event file:///home/maksim/Projects/Go/Project/permissions/tests/permission_test.go 
2026-05-31 15:38:40.840 [warning] [DefaultAccount] Attempt 1 to get sessions failed: Canceled
