[Info  - 4:31:00 PM] 2026/05/31 16:31:00 Created View (#1)
	directory=/home/maksim/Projects/Go/Project/sso
	view_type="GoMod"
	root_dir="file:///home/maksim/Projects/Go/Project/sso"
	go_version="go version go1.26.3-X:nodwarf5 linux/amd64"
	build_flags=[]
	env={GOOS:linux GOARCH:amd64 GOCACHE:/home/maksim/.cache/go-build GOMODCACHE:/home/maksim/go/pkg/mod GOPATH:/home/maksim/go GOPRIVATE:github.com/PoinkCorporation/* GOFLAGS: GO111MODULE: GOTOOLCHAIN:auto GOROOT:/usr/lib/go GoVersion:26 GoVersionOutput:go version go1.26.3-X:nodwarf5 linux/amd64
 ExplicitGOWORK: EffectiveGOPACKAGESDRIVER:}
	env_overlay=[]

[Info  - 4:31:01 PM] 2026/05/31 16:31:01 go/packages.Load #1
	view_id="1"
	snapshot=0
	directory=/home/maksim/Projects/Go/Project/sso
	query=[/home/maksim/Projects/Go/Project/sso/... builtin]
	packages=19
	duration=401.734874ms

[Info  - 4:31:30 PM] 2026/05/31 16:31:30 background imports cache refresh starting

[Info  - 4:31:31 PM] 2026/05/31 16:31:31 background refresh finished after 246.169935ms

[Error - 4:36:50 PM] Request textDocument/hover failed.
  Message: context canceled
  Code: 0 
[Error - 4:40:52 PM] 2026/05/31 16:40:52 imports fixes: allImportsFixes: /home/maksim/Projects/Go/Project/sso/tests/auth_register_login_test.go:68:8: expected '(', found newline (and 11 more errors)
	file="/home/maksim/Projects/Go/Project/sso/tests/auth_register_login_test.go"

[Error - 4:40:52 PM] 2026/05/31 16:40:52 imports fixes: allImportsFixes: /home/maksim/Projects/Go/Project/sso/tests/auth_register_login_test.go:68:12: expected '(', found newline (and 11 more errors)
	file="/home/maksim/Projects/Go/Project/sso/tests/auth_register_login_test.go"

[Error - 4:40:53 PM] 2026/05/31 16:40:53 imports fixes: allImportsFixes: /home/maksim/Projects/Go/Project/sso/tests/auth_register_login_test.go:68:15: expected '(', found newline (and 11 more errors)
	file="/home/maksim/Projects/Go/Project/sso/tests/auth_register_login_test.go"

[Info  - 4:41:26 PM] 2026/05/31 16:41:26 background imports cache refresh starting

[Info  - 4:41:26 PM] 2026/05/31 16:41:26 background refresh finished after 8.533498ms

