2026-05-31 12:15:17.378 [info] Started local extension host with pid 61579.
2026-05-31 12:15:17.605 [info] [AccountPolicyGate] apply: state=inactive, reason=undefined, isRestricted=false
2026-05-31 12:15:20.049 [info] [perf] Render performance baseline is 19ms
2026-05-31 12:15:21.541 [info] Started local extension host with pid 61628.
2026-05-31 12:15:22.112 [error] [Extension Host] (node:61628) [DEP0040] DeprecationWarning: The `punycode` module is deprecated. Please use a userland alternative instead.
(Use `exe --trace-deprecation ...` to show where the warning was created)
2026-05-31 12:15:22.127 [info] [AccountPolicyGate] apply: state=inactive, reason=undefined, isRestricted=false
2026-05-31 12:15:24.194 [info] [perf] Render performance baseline is 19ms
2026-05-31 12:15:27.128 [info] [AccountPolicyGate] apply: state=inactive, reason=undefined, isRestricted=false
2026-05-31 12:40:17.289 [error] no package data for import "permissions/internal/config": Error: no package data for import "permissions/internal/config"
	at handleResponse (/home/maksim/.vscode-oss/extensions/golang.go-0.52.2-universal/dist/goMain.js:8978:40)
	at handleMessage (/home/maksim/.vscode-oss/extensions/golang.go-0.52.2-universal/dist/goMain.js:8788:11)
	at processMessageQueue (/home/maksim/.vscode-oss/extensions/golang.go-0.52.2-universal/dist/goMain.js:8803:13)
	at Immediate.<anonymous> (/home/maksim/.vscode-oss/extensions/golang.go-0.52.2-universal/dist/goMain.js:8779:11)
	at process.processImmediate (node:internal/timers:484:21)
2026-05-31 12:40:44.865 [error] An unknown error occurred. Please consult the log for more details.
2026-05-31 12:50:33.490 [error] no package data for import "sso/internal/config": Error: no package data for import "sso/internal/config"
	at handleResponse (/home/maksim/.vscode-oss/extensions/golang.go-0.52.2-universal/dist/goMain.js:8978:40)
	at handleMessage (/home/maksim/.vscode-oss/extensions/golang.go-0.52.2-universal/dist/goMain.js:8788:11)
	at processMessageQueue (/home/maksim/.vscode-oss/extensions/golang.go-0.52.2-universal/dist/goMain.js:8803:13)
	at Immediate.<anonymous> (/home/maksim/.vscode-oss/extensions/golang.go-0.52.2-universal/dist/goMain.js:8779:11)
	at process.processImmediate (node:internal/timers:484:21)
