[Info  - 4:04:27 PM] 2026/05/30 16:04:27 Created View (#1)
	directory=/home/maksim/Projects/Go/Project/sso
	view_type="GoMod"
	root_dir="file:///home/maksim/Projects/Go/Project/sso"
	go_version="go version go1.26.3-X:nodwarf5 linux/amd64"
	build_flags=[]
	env={GOOS:linux GOARCH:amd64 GOCACHE:/home/maksim/.cache/go-build GOMODCACHE:/home/maksim/go/pkg/mod GOPATH:/home/maksim/go GOPRIVATE:github.com/Testkivypython/* GOFLAGS: GO111MODULE: GOTOOLCHAIN:auto GOROOT:/usr/lib/go GoVersion:26 GoVersionOutput:go version go1.26.3-X:nodwarf5 linux/amd64
 ExplicitGOWORK: EffectiveGOPACKAGESDRIVER:}
	env_overlay=[]

[Info  - 4:04:27 PM] 2026/05/30 16:04:27 go/packages.Load #1
	view_id="1"
	snapshot=0
	directory=/home/maksim/Projects/Go/Project/sso
	query=[/home/maksim/Projects/Go/Project/sso/... builtin]
	packages=18
	duration=407.870888ms

[Info  - 4:04:57 PM] 2026/05/30 16:04:57 background imports cache refresh starting

[Info  - 4:04:57 PM] 2026/05/30 16:04:57 background refresh finished after 197.555641ms

[Info  - 4:25:46 PM] 2026/05/30 16:25:46 go/packages.Load #2
	view_id="1"
	snapshot=7
	directory=/home/maksim/Projects/Go/Project/sso
	query=[sso/cmd/sso sso/gen/go/sso sso/internal/app sso/internal/app/grpc sso/internal/grpc/auth sso/tests sso/tests/suite]
	packages=9
	duration=105.147442ms

[Info  - 4:26:36 PM] 2026/05/30 16:26:36 go/packages.Load #3
	view_id="1"
	snapshot=8
	directory=/home/maksim/Projects/Go/Project/sso
	query=[sso/cmd/sso sso/gen/go/sso sso/internal/app sso/internal/app/grpc sso/internal/grpc/auth sso/tests sso/tests/suite]
	packages=9
	duration=78.841826ms

[Info  - 4:28:47 PM] 2026/05/30 16:28:47 go/packages.Load #4
	view_id="1"
	snapshot=9
	directory=/home/maksim/Projects/Go/Project/sso
	query=[sso/cmd/sso sso/internal/app sso/internal/app/grpc sso/internal/grpc/auth sso/tests sso/tests/suite]
	packages=8
	duration=107.085566ms

[Error - 4:28:54 PM] Request textDocument/hover failed.
  Message: no package data for import "sso/gen/go/sso"
  Code: 0 
[Error - 4:28:59 PM] Request textDocument/hover failed.
  Message: no package data for import "sso/gen/go/sso"
  Code: 0 
[Error - 4:29:00 PM] Request textDocument/hover failed.
  Message: no package data for import "sso/gen/go/sso"
  Code: 0 
[Error - 4:29:00 PM] Request textDocument/hover failed.
  Message: no package data for import "sso/gen/go/sso"
  Code: 0 
[Error - 4:29:01 PM] Request textDocument/hover failed.
  Message: no package data for import "sso/gen/go/sso"
  Code: 0 
[Info  - 4:29:18 PM] 2026/05/30 16:29:18 go/packages.Load #5
	view_id="1"
	snapshot=13
	directory=/home/maksim/Projects/Go/Project/sso
	query=[file=/home/maksim/Projects/Go/Project/sso/gen/go/sso/sso_grpc.pb.go]
	packages=1
	duration=74.498584ms

[Info  - 4:29:18 PM] 2026/05/30 16:29:18 go/packages.Load #6
	view_id="1"
	snapshot=13
	directory=/home/maksim/Projects/Go/Project/sso
	query=[file=/home/maksim/Projects/Go/Project/sso/gen/go/sso/sso_grpc.pb.go]
	packages=1
	duration=74.539313ms

[Error - 4:29:18 PM] Request textDocument/codeAction failed.
  Message: no package metadata for file file:///home/maksim/Projects/Go/Project/sso/gen/go/sso/sso_grpc.pb.go
  Code: 0 
[Error - 4:29:18 PM] Request textDocument/inlayHint failed.
  Message: getting file for InlayHint: no package metadata for file file:///home/maksim/Projects/Go/Project/sso/gen/go/sso/sso_grpc.pb.go
  Code: 0 
[Error - 4:29:18 PM] Request textDocument/codeAction failed.
  Message: no package metadata for file file:///home/maksim/Projects/Go/Project/sso/gen/go/sso/sso_grpc.pb.go
  Code: 0 
[Error - 4:29:19 PM] Request textDocument/codeAction failed.
  Message: no package metadata for file file:///home/maksim/Projects/Go/Project/sso/gen/go/sso/sso_grpc.pb.go
  Code: 0 
[Error - 4:29:21 PM] Request textDocument/hover failed.
  Message: no package metadata for file file:///home/maksim/Projects/Go/Project/sso/gen/go/sso/sso_grpc.pb.go
  Code: 0 
[Error - 4:29:21 PM] Request textDocument/codeAction failed.
  Message: no package metadata for file file:///home/maksim/Projects/Go/Project/sso/gen/go/sso/sso_grpc.pb.go
  Code: 0 
[Info  - 4:29:22 PM] 2026/05/30 16:29:22 background imports cache refresh starting

[Info  - 4:29:22 PM] 2026/05/30 16:29:22 background refresh finished after 5.254484ms

[Error - 4:29:24 PM] Request textDocument/hover failed.
  Message: no package metadata for file file:///home/maksim/Projects/Go/Project/sso/gen/go/sso/sso_grpc.pb.go
  Code: 0 
[Error - 4:29:24 PM] Request textDocument/codeAction failed.
  Message: no package metadata for file file:///home/maksim/Projects/Go/Project/sso/gen/go/sso/sso_grpc.pb.go
  Code: 0 
[Error - 4:29:24 PM] Request textDocument/hover failed.
  Message: no package metadata for file file:///home/maksim/Projects/Go/Project/sso/gen/go/sso/sso_grpc.pb.go
  Code: 0 
[Error - 4:29:25 PM] Request textDocument/codeAction failed.
  Message: no package metadata for file file:///home/maksim/Projects/Go/Project/sso/gen/go/sso/sso_grpc.pb.go
  Code: 0 
[Error - 4:29:25 PM] Request textDocument/hover failed.
  Message: no package metadata for file file:///home/maksim/Projects/Go/Project/sso/gen/go/sso/sso_grpc.pb.go
  Code: 0 
[Error - 4:29:25 PM] Request textDocument/codeAction failed.
  Message: no package metadata for file file:///home/maksim/Projects/Go/Project/sso/gen/go/sso/sso_grpc.pb.go
  Code: 0 
[Info  - 4:29:36 PM] 2026/05/30 16:29:36 go/packages.Load #8
	view_id="1"
	snapshot=15
	directory=/home/maksim/Projects/Go/Project/sso
	query=[file=/home/maksim/Projects/Go/Project/sso/gen/go/sso/sso.pb.go]
	packages=1
	duration=68.366784ms

[Error - 4:29:36 PM] Request textDocument/codeAction failed.
  Message: no package metadata for file file:///home/maksim/Projects/Go/Project/sso/gen/go/sso/sso.pb.go
  Code: 0 
[Error - 4:29:36 PM] Request textDocument/inlayHint failed.
  Message: getting file for InlayHint: no package metadata for file file:///home/maksim/Projects/Go/Project/sso/gen/go/sso/sso.pb.go
  Code: 0 
[Error - 4:29:36 PM] Request textDocument/codeAction failed.
  Message: no package metadata for file file:///home/maksim/Projects/Go/Project/sso/gen/go/sso/sso.pb.go
  Code: 0 
[Info  - 4:29:36 PM] 2026/05/30 16:29:36 go/packages.Load #7
	view_id="1"
	snapshot=15
	directory=/home/maksim/Projects/Go/Project/sso
	query=[file=/home/maksim/Projects/Go/Project/sso/gen/go/sso/sso.pb.go]
	packages=1
	duration=97.856043ms

[Error - 4:29:37 PM] Request textDocument/codeAction failed.
  Message: no package metadata for file file:///home/maksim/Projects/Go/Project/sso/gen/go/sso/sso.pb.go
  Code: 0 
[Info  - 4:29:43 PM] 2026/05/30 16:29:43 go/packages.Load #9
	view_id="1"
	snapshot=16
	directory=/home/maksim/Projects/Go/Project/sso
	query=[sso/cmd/sso sso/gen/go/sso sso/internal/app sso/internal/app/grpc sso/internal/grpc/auth sso/tests sso/tests/suite]
	packages=9
	duration=77.302976ms

[Info  - 4:31:09 PM] 2026/05/30 16:31:09 go/packages.Load #10
	view_id="1"
	snapshot=18
	directory=/home/maksim/Projects/Go/Project/sso
	query=[sso/cmd/sso sso/internal/app sso/internal/app/grpc sso/internal/grpc/auth sso/tests sso/tests/suite]
	packages=8
	duration=75.945077ms

[Error - 4:31:13 PM] Request textDocument/codeAction failed.
  Message: no package metadata for file file:///home/maksim/Projects/Go/Project/sso/gen/go/sso/sso_grpc.pb.go
  Code: 0 
[Error - 4:31:13 PM] Request textDocument/inlayHint failed.
  Message: getting file for InlayHint: no package metadata for file file:///home/maksim/Projects/Go/Project/sso/gen/go/sso/sso_grpc.pb.go
  Code: 0 
[Error - 4:31:13 PM] Request textDocument/codeAction failed.
  Message: no package metadata for file file:///home/maksim/Projects/Go/Project/sso/gen/go/sso/sso_grpc.pb.go
  Code: 0 
[Error - 4:31:15 PM] Request textDocument/codeAction failed.
  Message: no package metadata for file file:///home/maksim/Projects/Go/Project/sso/gen/go/sso/sso_grpc.pb.go
  Code: 0 
[Error - 4:31:16 PM] Request textDocument/hover failed.
  Message: no package metadata for file file:///home/maksim/Projects/Go/Project/sso/gen/go/sso/sso_grpc.pb.go
  Code: 0 
[Error - 4:31:16 PM] Request textDocument/hover failed.
  Message: no package metadata for file file:///home/maksim/Projects/Go/Project/sso/gen/go/sso/sso_grpc.pb.go
  Code: 0 
[Error - 4:31:16 PM] Request textDocument/codeAction failed.
  Message: no package metadata for file file:///home/maksim/Projects/Go/Project/sso/gen/go/sso/sso_grpc.pb.go
  Code: 0 
[Error - 4:31:17 PM] Request textDocument/hover failed.
  Message: no package metadata for file file:///home/maksim/Projects/Go/Project/sso/gen/go/sso/sso_grpc.pb.go
  Code: 0 
[Error - 4:31:17 PM] Request textDocument/codeAction failed.
  Message: no package metadata for file file:///home/maksim/Projects/Go/Project/sso/gen/go/sso/sso_grpc.pb.go
  Code: 0 
[Error - 4:32:28 PM] Request textDocument/hover failed.
  Message: no package metadata for file file:///home/maksim/Projects/Go/Project/sso/gen/go/sso/sso_grpc.pb.go
  Code: 0 
[Info  - 4:32:30 PM] 2026/05/30 16:32:30 go/packages.Load #11
	view_id="1"
	snapshot=21
	directory=/home/maksim/Projects/Go/Project/sso
	query=[file=/home/maksim/Projects/Go/Project/sso/gen/go/sso/sso.pb.go]
	packages=1
	duration=68.777094ms

[Info  - 4:32:30 PM] 2026/05/30 16:32:30 go/packages.Load #12
	view_id="1"
	snapshot=21
	directory=/home/maksim/Projects/Go/Project/sso
	query=[file=/home/maksim/Projects/Go/Project/sso/gen/go/sso/sso.pb.go]
	packages=1
	duration=71.15283ms

[Error - 4:32:30 PM] Request textDocument/codeAction failed.
  Message: no package metadata for file file:///home/maksim/Projects/Go/Project/sso/gen/go/sso/sso.pb.go
  Code: 0 
[Error - 4:32:30 PM] Request textDocument/inlayHint failed.
  Message: getting file for InlayHint: no package metadata for file file:///home/maksim/Projects/Go/Project/sso/gen/go/sso/sso.pb.go
  Code: 0 
[Error - 4:32:30 PM] Request textDocument/codeAction failed.
  Message: no package metadata for file file:///home/maksim/Projects/Go/Project/sso/gen/go/sso/sso.pb.go
  Code: 0 
[Error - 4:32:31 PM] Request textDocument/codeAction failed.
  Message: no package metadata for file file:///home/maksim/Projects/Go/Project/sso/gen/go/sso/sso.pb.go
  Code: 0 
[Info  - 4:32:34 PM] 2026/05/30 16:32:34 go/packages.Load #14
	view_id="1"
	snapshot=23
	directory=/home/maksim/Projects/Go/Project/sso
	query=[file=/home/maksim/Projects/Go/Project/sso/gen/go/permissions/permissions_grpc.pb.go]
	packages=1
	duration=68.210825ms

[Error - 4:32:34 PM] Request textDocument/codeAction failed.
  Message: context canceled
  Code: 0 
[Info  - 4:32:34 PM] 2026/05/30 16:32:34 go/packages.Load #13
	view_id="1"
	snapshot=23
	directory=/home/maksim/Projects/Go/Project/sso
	query=[file=/home/maksim/Projects/Go/Project/sso/gen/go/permissions/permissions_grpc.pb.go]
	packages=1
	duration=103.361229ms

[Error - 4:34:09 PM] Request textDocument/hover failed.
  Message: no package data for import "context"
  Code: 0 
[Error - 4:34:14 PM] Request textDocument/hover failed.
  Message: no package data for import "context"
  Code: 0 
[Error - 4:34:14 PM] Request textDocument/hover failed.
  Message: no package data for import "google.golang.org/grpc"
  Code: 0 
[Error - 4:34:16 PM] Request textDocument/hover failed.
  Message: no package data for import "sso/gen/go/sso"
  Code: 0 
[Info  - 4:34:32 PM] 2026/05/30 16:34:32 go/packages.Load #15
	view_id="1"
	snapshot=28
	directory=/home/maksim/Projects/Go/Project/sso
	query=[/home/maksim/Projects/Go/Project/sso/... builtin]
	packages=19
	duration=83.133806ms

[Info  - 4:34:37 PM] 2026/05/30 16:34:37 background imports cache refresh starting

[Info  - 4:34:37 PM] 2026/05/30 16:34:37 background refresh finished after 5.464734ms

[Info  - 4:37:29 PM] 2026/05/30 16:37:29 go/packages.Load #16
	view_id="1"
	snapshot=36
	directory=/home/maksim/Projects/Go/Project/sso
	query=[sso/gen/go/permissions]
	packages=1
	duration=9.223314ms

[Info  - 4:37:40 PM] 2026/05/30 16:37:40 go/packages.Load #18
	view_id="1"
	snapshot=38
	directory=/home/maksim/Projects/Go/Project/sso
	query=[file=/home/maksim/Projects/Go/Project/sso/gen/go/permissions/permissions_grpc.pb.go]
	packages=1
	duration=74.051422ms

[Error - 4:37:40 PM] Request textDocument/codeAction failed.
  Message: context canceled
  Code: 0 
[Error - 4:39:31 PM] Request textDocument/hover failed.
  Message: rune error
  Code: 0 
[Info  - 4:41:03 PM] 2026/05/30 16:41:03 go/packages.Load #19
	view_id="1"
	snapshot=46
	directory=/home/maksim/Projects/Go/Project/sso
	query=[file=/home/maksim/Projects/Go/Project/sso/internal/services/permissions/permissions.go]
	packages=1
	duration=9.536674ms

[Info  - 4:41:03 PM] 2026/05/30 16:41:03 go/packages.Load #20
	view_id="1"
	snapshot=48
	directory=/home/maksim/Projects/Go/Project/sso
	query=[file=/home/maksim/Projects/Go/Project/sso/internal/services/permissions/permissions.go]
	packages=1
	duration=9.923587ms

[Info  - 4:42:41 PM] 2026/05/30 16:42:41 go/packages.Load #22
	view_id="1"
	snapshot=104
	directory=/home/maksim/Projects/Go/Project/sso
	query=[file=/home/maksim/Projects/Go/Project/sso/internal/services/permissions/permissions.go]
	packages=1
	duration=33.683356ms

[Info  - 4:42:41 PM] 2026/05/30 16:42:41 go/packages.Load #23
	view_id="1"
	snapshot=104
	directory=/home/maksim/Projects/Go/Project/sso
	query=[file=/home/maksim/Projects/Go/Project/sso/internal/services/permissions/permissions.go]
	packages=1
	duration=34.414123ms

[Error - 4:43:00 PM] 2026/05/30 16:43:00 imports fixes: allImportsFixes: /home/maksim/Projects/Go/Project/sso/internal/services/permissions/permissions.go:11:7: expected type, found newline
	file="/home/maksim/Projects/Go/Project/sso/internal/services/permissions/permissions.go"

[Error - 4:43:02 PM] 2026/05/30 16:43:02 imports fixes: allImportsFixes: /home/maksim/Projects/Go/Project/sso/internal/services/permissions/permissions.go:11:15: expected type, found newline
	file="/home/maksim/Projects/Go/Project/sso/internal/services/permissions/permissions.go"

[Error - 4:43:03 PM] 2026/05/30 16:43:03 imports fixes: allImportsFixes: /home/maksim/Projects/Go/Project/sso/internal/services/permissions/permissions.go:11:16: expected type, found newline
	file="/home/maksim/Projects/Go/Project/sso/internal/services/permissions/permissions.go"

[Error - 4:43:03 PM] 2026/05/30 16:43:03 imports fixes: allImportsFixes: /home/maksim/Projects/Go/Project/sso/internal/services/permissions/permissions.go:11:17: expected type, found newline
	file="/home/maksim/Projects/Go/Project/sso/internal/services/permissions/permissions.go"

[Error - 4:43:06 PM] 2026/05/30 16:43:06 imports fixes: allImportsFixes: /home/maksim/Projects/Go/Project/sso/internal/services/permissions/permissions.go:11:24: expected ';', found 'EOF' (and 2 more errors)
	file="/home/maksim/Projects/Go/Project/sso/internal/services/permissions/permissions.go"

[Info  - 4:43:08 PM] 2026/05/30 16:43:08 background imports cache refresh starting

[Info  - 4:43:08 PM] 2026/05/30 16:43:08 background refresh finished after 5.270952ms

[Info  - 4:43:15 PM] 2026/05/30 16:43:15 go/packages.Load #25
	view_id="1"
	snapshot=160
	directory=/home/maksim/Projects/Go/Project/sso
	query=[file=/home/maksim/Projects/Go/Project/sso/internal/services/permissions/permissions.go]
	packages=1
	duration=37.825979ms

[Info  - 4:43:15 PM] 2026/05/30 16:43:15 go/packages.Load #26
	view_id="1"
	snapshot=160
	directory=/home/maksim/Projects/Go/Project/sso
	query=[file=/home/maksim/Projects/Go/Project/sso/internal/services/permissions/permissions.go]
	packages=1
	duration=40.387344ms

[Error - 4:43:33 PM] 2026/05/30 16:43:33 imports fixes: allImportsFixes: /home/maksim/Projects/Go/Project/sso/internal/services/permissions/permissions.go:16:15: expected type, found ')'
	file="/home/maksim/Projects/Go/Project/sso/internal/services/permissions/permissions.go"

[Info  - 4:43:40 PM] 2026/05/30 16:43:40 background imports cache refresh starting

[Info  - 4:43:40 PM] 2026/05/30 16:43:40 background refresh finished after 4.633457ms

[Error - 4:47:02 PM] 2026/05/30 16:47:02 imports fixes: allImportsFixes: /home/maksim/Projects/Go/Project/sso/internal/services/permissions/permissions.go:19:8: expected '(', found newline (and 2 more errors)
	file="/home/maksim/Projects/Go/Project/sso/internal/services/permissions/permissions.go"

[Error - 4:47:03 PM] 2026/05/30 16:47:03 imports fixes: allImportsFixes: /home/maksim/Projects/Go/Project/sso/internal/services/permissions/permissions.go:19:9: expected '(', found newline (and 2 more errors)
	file="/home/maksim/Projects/Go/Project/sso/internal/services/permissions/permissions.go"

[Error - 4:47:05 PM] 2026/05/30 16:47:05 imports fixes: allImportsFixes: /home/maksim/Projects/Go/Project/sso/internal/services/permissions/permissions.go:19:9: expected '(', found newline (and 2 more errors)
	file="/home/maksim/Projects/Go/Project/sso/internal/services/permissions/permissions.go"

[Error - 4:47:15 PM] 2026/05/30 16:47:15 imports fixes: allImportsFixes: /home/maksim/Projects/Go/Project/sso/internal/services/permissions/permissions.go:19:31: missing parameter type
	file="/home/maksim/Projects/Go/Project/sso/internal/services/permissions/permissions.go"

[Error - 4:47:19 PM] 2026/05/30 16:47:19 imports fixes: allImportsFixes: /home/maksim/Projects/Go/Project/sso/internal/services/permissions/permissions.go:19:32: missing parameter type
	file="/home/maksim/Projects/Go/Project/sso/internal/services/permissions/permissions.go"

[Error - 4:47:19 PM] 2026/05/30 16:47:19 imports fixes: allImportsFixes: /home/maksim/Projects/Go/Project/sso/internal/services/permissions/permissions.go:19:33: missing parameter type
	file="/home/maksim/Projects/Go/Project/sso/internal/services/permissions/permissions.go"

[Error - 4:47:20 PM] 2026/05/30 16:47:20 imports fixes: allImportsFixes: /home/maksim/Projects/Go/Project/sso/internal/services/permissions/permissions.go:19:35: missing parameter type
	file="/home/maksim/Projects/Go/Project/sso/internal/services/permissions/permissions.go"

[Error - 4:47:23 PM] 2026/05/30 16:47:23 imports fixes: allImportsFixes: /home/maksim/Projects/Go/Project/sso/internal/services/permissions/permissions.go:19:39: missing parameter type
	file="/home/maksim/Projects/Go/Project/sso/internal/services/permissions/permissions.go"

[Error - 4:47:23 PM] 2026/05/30 16:47:23 imports fixes: allImportsFixes: /home/maksim/Projects/Go/Project/sso/internal/services/permissions/permissions.go:19:40: missing parameter type
	file="/home/maksim/Projects/Go/Project/sso/internal/services/permissions/permissions.go"

[Error - 4:47:25 PM] 2026/05/30 16:47:25 imports fixes: allImportsFixes: /home/maksim/Projects/Go/Project/sso/internal/services/permissions/permissions.go:19:41: expected type, found ')'
	file="/home/maksim/Projects/Go/Project/sso/internal/services/permissions/permissions.go"

[Info  - 4:47:31 PM] 2026/05/30 16:47:31 background imports cache refresh starting

[Info  - 4:47:31 PM] 2026/05/30 16:47:31 background refresh finished after 5.098602ms

[Error - 4:47:38 PM] 2026/05/30 16:47:38 imports fixes: allImportsFixes: /home/maksim/Projects/Go/Project/sso/internal/services/permissions/permissions.go:19:61: expected ';', found 'EOF' (and 1 more errors)
	file="/home/maksim/Projects/Go/Project/sso/internal/services/permissions/permissions.go"

[Error - 4:47:51 PM] 2026/05/30 16:47:51 imports fixes: allImportsFixes: /home/maksim/Projects/Go/Project/sso/internal/services/permissions/permissions.go:20:27: expected operand, found '}' (and 5 more errors)
	file="/home/maksim/Projects/Go/Project/sso/internal/services/permissions/permissions.go"

[Error - 4:47:51 PM] 2026/05/30 16:47:51 imports fixes: allImportsFixes: /home/maksim/Projects/Go/Project/sso/internal/services/permissions/permissions.go:20:27: expected operand, found '}' (and 5 more errors)
	file="/home/maksim/Projects/Go/Project/sso/internal/services/permissions/permissions.go"

[Error - 4:47:56 PM] 2026/05/30 16:47:56 imports fixes: allImportsFixes: /home/maksim/Projects/Go/Project/sso/internal/services/permissions/permissions.go:20:45: expected operand, found '}' (and 5 more errors)
	file="/home/maksim/Projects/Go/Project/sso/internal/services/permissions/permissions.go"

[Info  - 4:48:08 PM] 2026/05/30 16:48:08 background imports cache refresh starting

[Info  - 4:48:08 PM] 2026/05/30 16:48:08 background refresh finished after 4.821029ms

[Info  - 4:49:08 PM] 2026/05/30 16:49:08 Shutdown session
	shutdown_session=1

