2026-05-31 20:17:22.640 [info] Extension host with pid 12600 started
2026-05-31 20:17:22.661 [info] ExtensionService#_doActivateExtension vscode.github-authentication, startup: false, activationEvent: 'onAuthenticationRequest:github'
2026-05-31 20:17:22.680 [info] ExtensionService#_doActivateExtension vscode.emmet, startup: false, activationEvent: 'onLanguage'
2026-05-31 20:17:22.736 [info] ExtensionService#_doActivateExtension vscode.git-base, startup: true, activationEvent: '*', root cause: vscode.git
2026-05-31 20:17:22.740 [info] ExtensionService#_doActivateExtension vscode.git, startup: true, activationEvent: '*'
2026-05-31 20:17:22.771 [info] ExtensionService#_doActivateExtension vscode.github, startup: true, activationEvent: '*'
2026-05-31 20:17:22.811 [info] Eager extensions activated
2026-05-31 20:17:22.836 [info] ExtensionService#_doActivateExtension vscode.debug-auto-launch, startup: false, activationEvent: 'onStartupFinished'
2026-05-31 20:17:22.838 [info] ExtensionService#_doActivateExtension vscode.merge-conflict, startup: false, activationEvent: 'onStartupFinished'
2026-05-31 20:17:30.986 [info] Extension host terminating: received terminate message from renderer
2026-05-31 20:17:31.023 [info] Extension host with pid 12600 exiting with code 0
2026-05-31 20:17:31.934 [info] Extension host with pid 20328 started
2026-05-31 20:17:31.934 [info] Skipping acquiring lock for /home/maksim/.config/Code - OSS/User/workspaceStorage/fc2edf8c2444c301a0cb644a75ba4eab.
2026-05-31 20:17:32.146 [info] ExtensionService#_doActivateExtension vscode.github-authentication, startup: false, activationEvent: 'onAuthenticationRequest:github'
2026-05-31 20:17:32.167 [info] ExtensionService#_doActivateExtension vscode.emmet, startup: false, activationEvent: 'onLanguage'
2026-05-31 20:17:32.179 [info] ExtensionService#_doActivateExtension golang.go, startup: false, activationEvent: 'onLanguage:go'
2026-05-31 20:17:32.512 [info] ExtensionService#_doActivateExtension vscode.terminal-suggest, startup: false, activationEvent: 'onTerminalShellIntegration:*'
2026-05-31 20:17:32.623 [info] ExtensionService#_doActivateExtension vscode.git-base, startup: true, activationEvent: '*', root cause: vscode.git
2026-05-31 20:17:32.654 [info] ExtensionService#_doActivateExtension vscode.git, startup: true, activationEvent: '*'
2026-05-31 20:17:32.692 [info] ExtensionService#_doActivateExtension vscode.github, startup: true, activationEvent: '*'
2026-05-31 20:17:32.742 [info] Eager extensions activated
2026-05-31 20:17:32.762 [info] ExtensionService#_doActivateExtension vscode.debug-auto-launch, startup: false, activationEvent: 'onStartupFinished'
2026-05-31 20:17:32.763 [info] ExtensionService#_doActivateExtension vscode.merge-conflict, startup: false, activationEvent: 'onStartupFinished'
2026-05-31 20:17:33.608 [error] TypeError: Cannot read properties of undefined (reading 'label')
	at offerToInstallLatestGoVersion (/home/maksim/.vscode-oss/extensions/golang.go-0.52.2-universal/dist/goMain.js:29730:69)
	at process.processTicksAndRejections (node:internal/process/task_queues:103:5)
2026-05-31 20:24:42.667 [error] [golang.go] provider FAILED
2026-05-31 20:24:42.667 [error] Error: context canceled
	at handleResponse (/home/maksim/.vscode-oss/extensions/golang.go-0.52.2-universal/dist/goMain.js:8978:40)
	at handleMessage (/home/maksim/.vscode-oss/extensions/golang.go-0.52.2-universal/dist/goMain.js:8788:11)
	at processMessageQueue (/home/maksim/.vscode-oss/extensions/golang.go-0.52.2-universal/dist/goMain.js:8803:13)
	at Immediate.<anonymous> (/home/maksim/.vscode-oss/extensions/golang.go-0.52.2-universal/dist/goMain.js:8779:11)
	at process.processImmediate (node:internal/timers:484:21)
2026-05-31 20:57:16.196 [info] Extension host terminating: renderer closed the MessagePort
