2026-05-31 20:17:22.815 [info] [main] Log level: Info
2026-05-31 20:17:22.815 [info] [main] Validating found git in: "git"
2026-05-31 20:17:22.815 [info] [main] Using git "2.54.0" from "git"
2026-05-31 20:17:22.815 [info] [Model][doInitialScan] Initial repository scan started
2026-05-31 20:17:22.815 [info] [Model][doInitialScan] Initial repository scan completed - repositories (0), closed repositories (0), parent repositories (0), unsafe repositories (0)
2026-05-31 20:17:32.756 [info] [main] Log level: Info
2026-05-31 20:17:32.756 [info] [main] Validating found git in: "git"
2026-05-31 20:17:32.756 [info] [main] Using git "2.54.0" from "git"
2026-05-31 20:17:32.756 [info] [Model][doInitialScan] Initial repository scan started
2026-05-31 20:17:32.756 [info] > git rev-parse --show-toplevel [6ms]
2026-05-31 20:17:32.783 [info] > git rev-parse --git-dir --git-common-dir --show-superproject-working-tree [22ms]
2026-05-31 20:17:32.826 [info] [Model][openRepository] Opened repository (path): /home/maksim/Projects/Go/Project/sso
2026-05-31 20:17:32.826 [info] [Model][openRepository] Opened repository (real path): /home/maksim/Projects/Go/Project/sso
2026-05-31 20:17:32.826 [info] [Model][openRepository] Opened repository (kind): repository
2026-05-31 20:17:32.838 [info] > git rev-parse --show-toplevel [1ms]
2026-05-31 20:17:32.839 [info] > git config --get commit.template [4ms]
2026-05-31 20:17:32.839 [info] > git config --get --local core.virtualfilesystem [9ms]
2026-05-31 20:17:32.839 [warning] [Git][config] git config failed: Failed to execute git
2026-05-31 20:17:32.847 [info] > git for-each-ref --format=%(refname)%00%(upstream:short)%00%(objectname)%00%(upstream:track)%00%(upstream:remotename)%00%(upstream:remoteref) refs/heads/main refs/remotes/main [1ms]
2026-05-31 20:17:32.856 [info] > git rev-parse --show-toplevel [14ms]
2026-05-31 20:17:32.860 [info] > git status -z -uall [9ms]
2026-05-31 20:17:32.861 [info] > git rev-parse --show-toplevel [2ms]
2026-05-31 20:17:32.861 [info] > git for-each-ref --sort -committerdate --format %(refname)%00%(objectname)%00%(*objectname) [5ms]
2026-05-31 20:17:32.877 [info] > git for-each-ref --format=%(refname)%00%(upstream:short)%00%(objectname)%00%(upstream:track)%00%(upstream:remotename)%00%(upstream:remoteref) refs/heads/main refs/remotes/main [9ms]
2026-05-31 20:17:32.880 [info] > git config --get commit.template [5ms]
2026-05-31 20:17:32.880 [info] > git rev-parse --show-toplevel [8ms]
2026-05-31 20:17:32.884 [info] > git config --get --local branch.main.vscode-merge-base [4ms]
2026-05-31 20:17:32.884 [warning] [Git][config] git config failed: Failed to execute git
2026-05-31 20:17:32.890 [info] > git rev-parse --show-toplevel [7ms]
2026-05-31 20:17:32.893 [info] > git for-each-ref --format=%(refname)%00%(upstream:short)%00%(objectname)%00%(upstream:track)%00%(upstream:remotename)%00%(upstream:remoteref) refs/heads/main refs/remotes/main [4ms]
2026-05-31 20:17:32.899 [info] > git reflog main --grep-reflog=branch: Created from *. [13ms]
2026-05-31 20:17:32.902 [info] > git status -z -uall [6ms]
2026-05-31 20:17:32.903 [info] > git for-each-ref --sort -committerdate --format %(refname)%00%(objectname)%00%(*objectname) [3ms]
2026-05-31 20:17:32.905 [info] > git rev-parse --show-toplevel [12ms]
2026-05-31 20:17:32.910 [info] > git symbolic-ref --short refs/remotes/origin/HEAD [8ms]
2026-05-31 20:17:32.910 [info] fatal: ref refs/remotes/origin/HEAD is not a symbolic ref
2026-05-31 20:17:32.910 [warning] [Repository][getDefaultBranch] Failed to get default branch details: Failed to execute git.
2026-05-31 20:17:32.912 [info] > git rev-parse --show-toplevel [2ms]
2026-05-31 20:17:32.916 [info] > git rev-parse --show-toplevel [1ms]
2026-05-31 20:17:32.916 [info] [Model][doInitialScan] Initial repository scan completed - repositories (1), closed repositories (0), parent repositories (0), unsafe repositories (0)
2026-05-31 20:17:33.173 [info] > git check-ignore -v -z --stdin [1ms]
2026-05-31 20:17:33.204 [info] > git show --textconv :tests/auth_register_login_test.go [3ms]
2026-05-31 20:17:33.205 [info] > git ls-files --stage -- tests/auth_register_login_test.go [1ms]
2026-05-31 20:17:33.209 [info] > git cat-file -s b3b43ab8d586a774358d31a45ae684a6045554bf [1ms]
2026-05-31 20:17:33.242 [info] > git blame --root --incremental 5b2db1e70ce0e871df7482b3915eca0d35bd6ba1 -- tests/auth_register_login_test.go [5ms]
2026-05-31 20:17:33.592 [info] > git check-ignore -v -z --stdin [1ms]
2026-05-31 20:17:34.718 [info] > git check-ignore -v -z --stdin [1ms]
2026-05-31 20:17:35.011 [info] > git check-ignore -v -z --stdin [1ms]
2026-05-31 20:17:35.019 [info] > git ls-files --stage -- internal/clients/permissions/client.go [1ms]
2026-05-31 20:17:35.048 [info] > git cat-file -s b7522ab3232ef8af5287bd30d299cfdb88171c7b [27ms]
2026-05-31 20:17:35.048 [info] > git show --textconv :internal/clients/permissions/client.go [33ms]
2026-05-31 20:17:35.059 [info] > git blame --root --incremental 5b2db1e70ce0e871df7482b3915eca0d35bd6ba1 -- internal/clients/permissions/client.go [3ms]
2026-05-31 20:17:48.331 [info] > git check-ignore -v -z --stdin [1ms]
2026-05-31 20:17:49.469 [info] > git config --get commit.template [4ms]
2026-05-31 20:17:49.469 [info] > git for-each-ref --format=%(refname)%00%(upstream:short)%00%(objectname)%00%(upstream:track)%00%(upstream:remotename)%00%(upstream:remoteref) refs/heads/main refs/remotes/main [1ms]
2026-05-31 20:17:49.475 [info] > git status -z -uall [3ms]
2026-05-31 20:17:49.476 [info] > git for-each-ref --sort -committerdate --format %(refname)%00%(objectname)%00%(*objectname) [1ms]
2026-05-31 20:17:49.784 [info] > git check-ignore -v -z --stdin [1ms]
2026-05-31 20:17:52.828 [info] > git log --format=%H%n%aN%n%aE%n%at%n%ct%n%P%n%D%n%B -z --shortstat --diff-merges=first-parent -n50 --skip=0 --topo-order --decorate=full --stdin [39ms]
2026-05-31 20:18:00.569 [info] > git show --textconv HEAD:internal/clients/permissions/client.go [3ms]
2026-05-31 20:18:00.570 [info] > git ls-tree -l HEAD -- internal/clients/permissions/client.go [1ms]
2026-05-31 20:18:00.803 [info] > git check-ignore -v -z --stdin [1ms]
2026-05-31 20:18:00.811 [info] > git show --textconv :internal/clients/permissions/client.go [4ms]
2026-05-31 20:18:00.812 [info] > git ls-files --stage -- internal/clients/permissions/client.go [1ms]
2026-05-31 20:18:00.815 [info] > git cat-file -s b7522ab3232ef8af5287bd30d299cfdb88171c7b [1ms]
2026-05-31 20:18:05.232 [info] > git show --textconv HEAD:tests/auth_register_login_test.go [3ms]
2026-05-31 20:18:05.233 [info] > git ls-tree -l HEAD -- tests/auth_register_login_test.go [1ms]
2026-05-31 20:18:05.463 [info] > git check-ignore -v -z --stdin [1ms]
2026-05-31 20:18:05.471 [info] > git show --textconv :tests/auth_register_login_test.go [4ms]
2026-05-31 20:18:05.471 [info] > git ls-files --stage -- tests/auth_register_login_test.go [1ms]
2026-05-31 20:18:05.475 [info] > git cat-file -s b3b43ab8d586a774358d31a45ae684a6045554bf [1ms]
2026-05-31 20:18:13.879 [info] > git ls-tree -l HEAD -- internal/clients/permissions/client.go [2ms]
2026-05-31 20:18:14.091 [info] > git check-ignore -v -z --stdin [1ms]
2026-05-31 20:18:14.098 [info] > git show --textconv :internal/clients/permissions/client.go [3ms]
2026-05-31 20:18:14.098 [info] > git ls-files --stage -- internal/clients/permissions/client.go [1ms]
2026-05-31 20:18:14.102 [info] > git cat-file -s b7522ab3232ef8af5287bd30d299cfdb88171c7b [1ms]
2026-05-31 20:18:20.930 [info] > git log --format=%H%n%aN%n%aE%n%at%n%ct%n%P%n%D%n%B -z --shortstat --diff-merges=first-parent -n50 --skip=0 --topo-order --decorate=full --stdin [4ms]
2026-05-31 20:18:23.105 [info] > git ls-tree -l HEAD -- internal/clients/permissions/client.go [1ms]
2026-05-31 20:18:23.694 [info] > git ls-tree -l HEAD -- internal/clients/permissions/client.go [1ms]
2026-05-31 20:18:25.932 [info] > git ls-tree -l HEAD -- internal/clients/permissions/client.go [2ms]
2026-05-31 20:18:27.971 [info] > git check-ignore -v -z --stdin [1ms]
2026-05-31 20:18:27.981 [info] > git show --textconv :internal/clients/permissions/client.go [5ms]
2026-05-31 20:18:27.982 [info] > git ls-files --stage -- internal/clients/permissions/client.go [1ms]
2026-05-31 20:18:27.986 [info] > git cat-file -s b7522ab3232ef8af5287bd30d299cfdb88171c7b [0ms]
2026-05-31 20:24:39.932 [info] > git check-ignore -v -z --stdin [0ms]
2026-05-31 20:24:40.245 [info] > git check-ignore -v -z --stdin [1ms]
2026-05-31 20:24:40.257 [info] > git show --textconv :internal/services/auth/auth.go [3ms]
2026-05-31 20:24:40.257 [info] > git ls-files --stage -- internal/services/auth/auth.go [1ms]
2026-05-31 20:24:40.260 [info] > git cat-file -s a85a20b86801ffce21fb9150013e98c83a8793cf [1ms]
2026-05-31 20:24:40.275 [info] > git blame --root --incremental 5b2db1e70ce0e871df7482b3915eca0d35bd6ba1 -- internal/services/auth/auth.go [2ms]
2026-05-31 20:29:01.722 [info] > git check-ignore -v -z --stdin [1ms]
2026-05-31 20:29:01.728 [info] > git show --textconv :internal/clients/permissions/client.go [3ms]
2026-05-31 20:29:01.729 [info] > git ls-files --stage -- internal/clients/permissions/client.go [1ms]
2026-05-31 20:29:01.733 [info] > git cat-file -s b7522ab3232ef8af5287bd30d299cfdb88171c7b [1ms]
2026-05-31 20:43:40.602 [info] > git check-ignore -v -z --stdin [1ms]
2026-05-31 20:43:40.610 [info] > git show --textconv :Makefile [4ms]
2026-05-31 20:43:40.610 [info] > git ls-files --stage -- Makefile [1ms]
2026-05-31 20:43:40.614 [info] > git cat-file -s 37dfff5ea73661519f5454e69e8fee38fc477982 [1ms]
2026-05-31 20:43:40.622 [info] > git blame --root --incremental 5b2db1e70ce0e871df7482b3915eca0d35bd6ba1 -- Makefile [2ms]
