2026-05-31 11:57:29.518 [info] Try to start language server - activation (enabled: true)
2026-05-31 11:57:29.583 [info] Running language server gopls(v0.21.1/go1.26.3-X:nodwarf5)
2026-05-31 12:00:08.862 [info] Running checks...
2026-05-31 12:03:42.132 [info] Try to start language server - activation (enabled: true)
2026-05-31 12:03:42.198 [info] Running language server gopls(v0.21.1/go1.26.3-X:nodwarf5)
2026-05-31 12:04:29.665 [info] Running checks...
2026-05-31 12:04:51.058 [info] Running checks...
2026-05-31 12:06:05.800 [info] Running checks...
2026-05-31 12:07:25.045 [info] Running checks...
2026-05-31 12:07:28.494 [info] Running checks...
2026-05-31 12:10:20.086 [info] Running checks...
2026-05-31 12:13:48.333 [info] Running checks...
2026-05-31 12:17:57.800 [info] Running checks...
2026-05-31 12:19:29.518 [info] Running checks...
2026-05-31 12:19:42.602 [info] Running checks...
2026-05-31 12:20:14.236 [info] Running checks...
2026-05-31 12:20:25.963 [info] Running checks...
2026-05-31 12:20:26.421 [info] Running checks...
2026-05-31 12:20:34.204 [info] Running checks...
2026-05-31 12:22:12.038 [info] Running checks...
2026-05-31 12:22:14.646 [info] Running checks...
2026-05-31 12:25:07.690 [info] Running checks...
2026-05-31 12:25:10.308 [info] Running checks...
2026-05-31 12:25:36.663 [info] Running checks...
2026-05-31 12:25:45.849 [info] Running checks...
2026-05-31 12:27:57.919 [info] Running checks...
2026-05-31 12:28:28.775 [info] Running checks...
2026-05-31 12:28:32.372 [info] Running checks...
2026-05-31 12:28:36.069 [info] Running checks...
2026-05-31 12:30:53.694 [info] Running checks...
2026-05-31 12:31:04.242 [info] Running checks...
2026-05-31 12:31:13.602 [info] Running checks...
2026-05-31 12:31:42.749 [info] Running checks...
2026-05-31 12:31:44.492 [info] Running checks...
2026-05-31 12:32:07.279 [info] Running checks...
2026-05-31 12:33:37.730 [info] Running checks...
2026-05-31 12:33:42.133 [info] Using cached Go developer survey: v0.1.0
2026-05-31 12:33:42.133 [info] Survey active from Tue Sep 09 2025 to Wed Oct 01 2025
2026-05-31 12:33:44.803 [info] Running checks...
2026-05-31 12:50:24.479 [info] Running checks...
2026-05-31 12:52:19.215 [info] Running checks...
2026-05-31 13:06:02.862 [info] Running checks...
2026-05-31 13:29:48.239 [info] Running checks...
2026-05-31 13:30:25.322 [info] Running checks...
2026-05-31 13:32:58.079 [info] Running checks...
2026-05-31 13:33:30.749 [info] Running checks...
2026-05-31 13:57:40.010 [info] Running checks...
2026-05-31 13:57:40.570 [info] Running checks...
2026-05-31 13:57:41.876 [info] Running checks...
2026-05-31 13:58:56.013 [info] Running checks...
2026-05-31 14:00:33.385 [info] Running checks...
2026-05-31 14:01:30.541 [info] Running checks...
2026-05-31 14:01:36.060 [info] Running checks...
2026-05-31 14:02:43.389 [info] Running checks...
2026-05-31 14:03:53.882 [info] Running checks...
2026-05-31 14:04:05.117 [info] Running checks...
2026-05-31 14:04:39.050 [info] Running checks...
2026-05-31 14:04:56.654 [info] Running checks...
2026-05-31 14:05:13.559 [info] Running checks...
2026-05-31 14:07:38.749 [info] Running checks...
2026-05-31 14:10:03.488 [info] Running checks...
2026-05-31 14:14:15.413 [info] Running checks...
2026-05-31 14:18:29.876 [info] Running checks...
2026-05-31 14:21:07.068 [info] Running checks...
2026-05-31 14:21:39.144 [info] Running checks...
2026-05-31 14:23:00.177 [info] Running checks...
2026-05-31 14:23:12.087 [info] Running checks...
