2026-05-31 16:30:57.509 [info] [main] Log level: Info
2026-05-31 16:30:57.509 [info] [main] Validating found git in: "git"
2026-05-31 16:30:57.509 [info] [main] Using git "2.54.0" from "git"
2026-05-31 16:30:57.509 [info] [Model][doInitialScan] Initial repository scan started
2026-05-31 16:30:57.509 [info] > git rev-parse --show-toplevel [5ms]
2026-05-31 16:30:57.510 [info] > git rev-parse --git-dir --git-common-dir --show-superproject-working-tree [3ms]
2026-05-31 16:30:57.602 [info] [Model][openRepository] Opened repository (path): /home/maksim/Projects/Go/Project/sso
2026-05-31 16:30:57.602 [info] [Model][openRepository] Opened repository (real path): /home/maksim/Projects/Go/Project/sso
2026-05-31 16:30:57.602 [info] [Model][openRepository] Opened repository (kind): repository
2026-05-31 16:30:57.618 [info] > git config --get --local core.virtualfilesystem [12ms]
2026-05-31 16:30:57.619 [warning] [Git][config] git config failed: Failed to execute git
2026-05-31 16:30:57.622 [info] > git rev-parse --show-toplevel [7ms]
2026-05-31 16:30:57.622 [info] > git config --get commit.template [10ms]
2026-05-31 16:30:57.631 [info] > git rev-parse --show-toplevel [5ms]
2026-05-31 16:30:57.634 [info] > git for-each-ref --format=%(refname)%00%(upstream:short)%00%(objectname)%00%(upstream:track)%00%(upstream:remotename)%00%(upstream:remoteref) refs/heads/main refs/remotes/main [5ms]
2026-05-31 16:30:57.641 [info] > git rev-parse --show-toplevel [8ms]
2026-05-31 16:30:57.644 [info] > git status -z -uall [7ms]
2026-05-31 16:30:57.645 [info] > git for-each-ref --sort -committerdate --format %(refname)%00%(objectname)%00%(*objectname) [5ms]
2026-05-31 16:30:57.646 [info] > git rev-parse --show-toplevel [2ms]
2026-05-31 16:30:57.665 [info] > git for-each-ref --format=%(refname)%00%(upstream:short)%00%(objectname)%00%(upstream:track)%00%(upstream:remotename)%00%(upstream:remoteref) refs/heads/main refs/remotes/main [7ms]
2026-05-31 16:30:57.670 [info] > git config --get --local branch.main.vscode-merge-base [2ms]
2026-05-31 16:30:57.670 [warning] [Git][config] git config failed: Failed to execute git
2026-05-31 16:30:57.672 [info] > git config --get commit.template [7ms]
2026-05-31 16:30:57.673 [info] > git rev-parse --show-toplevel [11ms]
2026-05-31 16:30:57.680 [info] > git reflog main --grep-reflog=branch: Created from *. [8ms]
2026-05-31 16:30:57.684 [info] > git for-each-ref --format=%(refname)%00%(upstream:short)%00%(objectname)%00%(upstream:track)%00%(upstream:remotename)%00%(upstream:remoteref) refs/heads/main refs/remotes/main [5ms]
2026-05-31 16:30:57.689 [info] > git rev-parse --show-toplevel [13ms]
2026-05-31 16:30:57.694 [info] > git status -z -uall [8ms]
2026-05-31 16:30:57.694 [info] > git for-each-ref --sort -committerdate --format %(refname)%00%(objectname)%00%(*objectname) [5ms]
2026-05-31 16:30:57.696 [info] > git symbolic-ref --short refs/remotes/origin/HEAD [14ms]
2026-05-31 16:30:57.696 [info] fatal: ref refs/remotes/origin/HEAD is not a symbolic ref
2026-05-31 16:30:57.696 [warning] [Repository][getDefaultBranch] Failed to get default branch details: Failed to execute git.
2026-05-31 16:30:57.698 [info] > git rev-parse --show-toplevel [5ms]
2026-05-31 16:30:57.698 [info] [Model][doInitialScan] Initial repository scan completed - repositories (1), closed repositories (0), parent repositories (0), unsafe repositories (0)
2026-05-31 16:30:57.937 [info] > git check-ignore -v -z --stdin [1ms]
2026-05-31 16:30:57.946 [info] > git show --textconv :Makefile [3ms]
2026-05-31 16:30:57.948 [info] > git ls-files --stage -- Makefile [2ms]
2026-05-31 16:30:57.952 [info] > git cat-file -s 37dfff5ea73661519f5454e69e8fee38fc477982 [1ms]
2026-05-31 16:30:57.987 [info] > git blame --root --incremental 5b2db1e70ce0e871df7482b3915eca0d35bd6ba1 -- Makefile [6ms]
2026-05-31 16:30:58.113 [info] > git check-ignore -v -z --stdin [1ms]
2026-05-31 16:30:59.360 [info] > git check-ignore -v -z --stdin [1ms]
2026-05-31 16:31:00.590 [info] > git check-ignore -v -z --stdin [1ms]
2026-05-31 16:31:00.597 [info] > git show --textconv :cmd/migrator/main.go [4ms]
2026-05-31 16:31:00.597 [info] > git ls-files --stage -- cmd/migrator/main.go [1ms]
2026-05-31 16:31:00.600 [info] > git cat-file -s f95ed3d72c7465ed5c641ebe86df56d80b8bb340 [0ms]
2026-05-31 16:31:00.610 [info] > git blame --root --incremental 5b2db1e70ce0e871df7482b3915eca0d35bd6ba1 -- cmd/migrator/main.go [3ms]
2026-05-31 16:31:02.032 [info] > git config --get commit.template [4ms]
2026-05-31 16:31:02.032 [info] > git for-each-ref --format=%(refname)%00%(upstream:short)%00%(objectname)%00%(upstream:track)%00%(upstream:remotename)%00%(upstream:remoteref) refs/heads/main refs/remotes/main [1ms]
2026-05-31 16:31:02.038 [info] > git status -z -uall [3ms]
2026-05-31 16:31:02.039 [info] > git for-each-ref --sort -committerdate --format %(refname)%00%(objectname)%00%(*objectname) [1ms]
2026-05-31 16:31:02.132 [info] > git ls-files --stage -- cmd/migrator/main.go [1ms]
2026-05-31 16:31:02.135 [info] > git cat-file -s f95ed3d72c7465ed5c641ebe86df56d80b8bb340 [1ms]
2026-05-31 16:31:02.140 [info] > git show --textconv :cmd/migrator/main.go [1ms]
2026-05-31 16:31:50.822 [info] > git check-ignore -v -z --stdin [1ms]
2026-05-31 16:33:38.816 [info] > git check-ignore -v -z --stdin [1ms]
2026-05-31 16:33:38.826 [info] > git show --textconv :tests/auth_register_login_test.go [3ms]
2026-05-31 16:33:38.827 [info] > git ls-files --stage -- tests/auth_register_login_test.go [1ms]
2026-05-31 16:33:38.831 [info] > git cat-file -s b3b43ab8d586a774358d31a45ae684a6045554bf [1ms]
2026-05-31 16:33:38.844 [info] > git blame --root --incremental 5b2db1e70ce0e871df7482b3915eca0d35bd6ba1 -- tests/auth_register_login_test.go [2ms]
2026-05-31 16:33:44.817 [info] > git check-ignore -v -z --stdin [1ms]
2026-05-31 16:33:45.112 [info] > git check-ignore -v -z --stdin [1ms]
2026-05-31 16:33:47.344 [info] > git check-ignore -v -z --stdin [1ms]
2026-05-31 16:33:48.992 [info] > git check-ignore -v -z --stdin [1ms]
2026-05-31 16:33:52.126 [info] > git check-ignore -v -z --stdin [1ms]
2026-05-31 16:33:53.028 [info] > git check-ignore -v -z --stdin [1ms]
2026-05-31 16:33:53.039 [info] > git show --textconv :tests/some_other_case_test.go [3ms]
2026-05-31 16:33:53.040 [info] > git ls-files --stage -- tests/some_other_case_test.go [1ms]
2026-05-31 16:33:53.043 [info] > git cat-file -s e4567189bf88ae7b4027f02a571c367d42ba2f65 [1ms]
2026-05-31 16:33:53.052 [info] > git blame --root --incremental 5b2db1e70ce0e871df7482b3915eca0d35bd6ba1 -- tests/some_other_case_test.go [2ms]
2026-05-31 16:33:59.378 [info] > git check-ignore -v -z --stdin [1ms]
2026-05-31 16:33:59.391 [info] > git ls-files --stage -- tests/suite/suite.go [1ms]
2026-05-31 16:33:59.417 [info] > git cat-file -s f2e5957b6f78f37880ed4d01cc7bb5ca15891ed0 [24ms]
2026-05-31 16:33:59.418 [info] > git show --textconv :tests/suite/suite.go [31ms]
2026-05-31 16:33:59.425 [info] > git blame --root --incremental 5b2db1e70ce0e871df7482b3915eca0d35bd6ba1 -- tests/suite/suite.go [2ms]
2026-05-31 16:35:07.393 [info] > git check-ignore -v -z --stdin [1ms]
2026-05-31 16:35:07.401 [info] > git show --textconv :tests/auth_register_login_test.go [4ms]
2026-05-31 16:35:07.402 [info] > git ls-files --stage -- tests/auth_register_login_test.go [2ms]
2026-05-31 16:35:07.407 [info] > git cat-file -s b3b43ab8d586a774358d31a45ae684a6045554bf [1ms]
2026-05-31 16:35:12.538 [info] > git check-ignore -v -z --stdin [1ms]
2026-05-31 16:35:12.547 [info] > git show --textconv :tests/suite/suite.go [4ms]
2026-05-31 16:35:12.548 [info] > git ls-files --stage -- tests/suite/suite.go [1ms]
2026-05-31 16:35:12.552 [info] > git cat-file -s f2e5957b6f78f37880ed4d01cc7bb5ca15891ed0 [1ms]
2026-05-31 16:35:18.872 [info] > git check-ignore -v -z --stdin [1ms]
2026-05-31 16:35:18.880 [info] > git ls-files --stage -- config/config_local.yaml [1ms]
2026-05-31 16:35:18.902 [info] > git show --textconv :config/config_local.yaml [26ms]
2026-05-31 16:35:18.902 [info] > git cat-file -s 5e13e28d123d78f403d774fa4f183e5b2e385262 [19ms]
2026-05-31 16:35:18.909 [info] > git blame --root --incremental 5b2db1e70ce0e871df7482b3915eca0d35bd6ba1 -- config/config_local.yaml [2ms]
2026-05-31 16:35:41.615 [info] > git check-ignore -v -z --stdin [2ms]
2026-05-31 16:35:41.621 [info] > git show --textconv :tests/auth_register_login_test.go [3ms]
2026-05-31 16:35:41.622 [info] > git ls-files --stage -- tests/auth_register_login_test.go [1ms]
2026-05-31 16:35:41.625 [info] > git cat-file -s b3b43ab8d586a774358d31a45ae684a6045554bf [1ms]
2026-05-31 16:35:42.536 [info] > git check-ignore -v -z --stdin [0ms]
2026-05-31 16:35:42.542 [info] > git show --textconv :tests/some_other_case_test.go [3ms]
2026-05-31 16:35:42.543 [info] > git ls-files --stage -- tests/some_other_case_test.go [1ms]
2026-05-31 16:35:42.546 [info] > git cat-file -s e4567189bf88ae7b4027f02a571c367d42ba2f65 [1ms]
2026-05-31 16:35:51.552 [info] > git check-ignore -v -z --stdin [1ms]
2026-05-31 16:35:51.559 [info] > git show --textconv :tests/auth_register_login_test.go [4ms]
2026-05-31 16:35:51.559 [info] > git ls-files --stage -- tests/auth_register_login_test.go [1ms]
2026-05-31 16:35:51.563 [info] > git cat-file -s b3b43ab8d586a774358d31a45ae684a6045554bf [1ms]
2026-05-31 16:40:48.849 [info] > git check-ignore -v -z --stdin [1ms]
2026-05-31 16:40:49.996 [info] > git check-ignore -v -z --stdin [1ms]
2026-05-31 16:40:50.698 [info] > git check-ignore -v -z --stdin [1ms]
2026-05-31 16:40:51.349 [info] > git check-ignore -v -z --stdin [1ms]
2026-05-31 16:40:52.015 [info] > git check-ignore -v -z --stdin [1ms]
2026-05-31 16:40:52.310 [info] > git check-ignore -v -z --stdin [1ms]
2026-05-31 16:40:52.911 [info] > git check-ignore -v -z --stdin [2ms]
2026-05-31 16:40:53.223 [info] > git check-ignore -v -z --stdin [1ms]
2026-05-31 16:40:53.443 [info] > git check-ignore -v -z --stdin [1ms]
2026-05-31 16:40:53.656 [info] > git check-ignore -v -z --stdin [1ms]
2026-05-31 16:40:55.743 [info] > git check-ignore -v -z --stdin [1ms]
2026-05-31 16:40:56.004 [info] > git check-ignore -v -z --stdin [1ms]
2026-05-31 16:40:56.845 [info] > git check-ignore -v -z --stdin [1ms]
2026-05-31 16:41:10.505 [info] > git config --get commit.template [3ms]
2026-05-31 16:41:10.505 [info] > git for-each-ref --format=%(refname)%00%(upstream:short)%00%(objectname)%00%(upstream:track)%00%(upstream:remotename)%00%(upstream:remoteref) refs/heads/main refs/remotes/main [1ms]
2026-05-31 16:41:10.511 [info] > git status -z -uall [3ms]
2026-05-31 16:41:10.512 [info] > git for-each-ref --sort -committerdate --format %(refname)%00%(objectname)%00%(*objectname) [1ms]
2026-05-31 16:41:10.820 [info] > git check-ignore -v -z --stdin [1ms]
2026-05-31 16:42:19.430 [info] [main] Log level: Info
2026-05-31 16:42:19.430 [info] [main] Validating found git in: "git"
2026-05-31 16:42:19.430 [info] [main] Using git "2.54.0" from "git"
2026-05-31 16:42:19.430 [info] [Model][doInitialScan] Initial repository scan started
2026-05-31 16:42:19.430 [info] > git rev-parse --show-toplevel [10ms]
2026-05-31 16:42:19.432 [info] > git rev-parse --git-dir --git-common-dir --show-superproject-working-tree [2ms]
2026-05-31 16:42:19.489 [info] [Model][openRepository] Opened repository (path): /home/maksim/Projects/Go/Project/chat
2026-05-31 16:42:19.489 [info] [Model][openRepository] Opened repository (real path): /home/maksim/Projects/Go/Project/chat
2026-05-31 16:42:19.489 [info] [Model][openRepository] Opened repository (kind): repository
2026-05-31 16:42:19.509 [info] > git rev-parse --show-toplevel [8ms]
2026-05-31 16:42:19.509 [info] > git config --get commit.template [12ms]
2026-05-31 16:42:19.509 [info] > git config --get --local core.virtualfilesystem [15ms]
2026-05-31 16:42:19.509 [warning] [Git][config] git config failed: Failed to execute git
2026-05-31 16:42:19.521 [info] > git for-each-ref --format=%(refname)%00%(upstream:short)%00%(objectname)%00%(upstream:track)%00%(upstream:remotename)%00%(upstream:remoteref) refs/heads/main refs/remotes/main [2ms]
2026-05-31 16:42:19.521 [info] > git rev-parse --show-toplevel [5ms]
2026-05-31 16:42:19.532 [info] > git status -z -uall [4ms]
2026-05-31 16:42:19.532 [info] > git rev-parse --show-toplevel [8ms]
2026-05-31 16:42:19.535 [info] > git for-each-ref --sort -committerdate --format %(refname)%00%(objectname)%00%(*objectname) [3ms]
2026-05-31 16:42:19.546 [info] > git for-each-ref --format=%(refname)%00%(upstream:short)%00%(objectname)%00%(upstream:track)%00%(upstream:remotename)%00%(upstream:remoteref) refs/heads/main refs/remotes/main [4ms]
2026-05-31 16:42:19.549 [info] > git rev-parse --show-toplevel [14ms]
2026-05-31 16:42:19.553 [info] > git config --get commit.template [7ms]
2026-05-31 16:42:19.555 [info] > git rev-parse --show-toplevel [3ms]
2026-05-31 16:42:19.555 [info] > git config --get --local branch.main.vscode-merge-base [6ms]
2026-05-31 16:42:19.555 [warning] [Git][config] git config failed: Failed to execute git
2026-05-31 16:42:19.565 [info] > git for-each-ref --format=%(refname)%00%(upstream:short)%00%(objectname)%00%(upstream:track)%00%(upstream:remotename)%00%(upstream:remoteref) refs/heads/main refs/remotes/main [4ms]
2026-05-31 16:42:19.565 [info] > git reflog main --grep-reflog=branch: Created from *. [7ms]
2026-05-31 16:42:19.574 [info] > git symbolic-ref --short refs/remotes/origin/HEAD [6ms]
2026-05-31 16:42:19.574 [info] fatal: ref refs/remotes/origin/HEAD is not a symbolic ref
2026-05-31 16:42:19.574 [warning] [Repository][getDefaultBranch] Failed to get default branch details: Failed to execute git.
2026-05-31 16:42:19.577 [info] > git rev-parse --show-toplevel [13ms]
2026-05-31 16:42:19.581 [info] > git merge-base refs/heads/main refs/remotes/origin/main [4ms]
2026-05-31 16:42:19.585 [info] > git rev-parse --show-toplevel [5ms]
2026-05-31 16:42:19.594 [info] > git status -z -uall [5ms]
2026-05-31 16:42:19.594 [info] > git diff --raw --numstat --diff-filter=ADMR -z --find-renames=50% 924eb078d61de1f34c1199acc1fd434be595772c...refs/remotes/origin/main -- [10ms]
2026-05-31 16:42:19.599 [info] > git rev-parse --show-toplevel [5ms]
2026-05-31 16:42:19.599 [info] [Model][doInitialScan] Initial repository scan completed - repositories (1), closed repositories (0), parent repositories (0), unsafe repositories (0)
2026-05-31 16:42:19.599 [info] > git for-each-ref --sort -committerdate --format %(refname)%00%(objectname)%00%(*objectname) [8ms]
2026-05-31 16:42:19.814 [info] > git check-ignore -v -z --stdin [1ms]
2026-05-31 16:42:19.822 [info] > git show --textconv :cmd/migrator/main.go [4ms]
2026-05-31 16:42:19.822 [info] > git ls-files --stage -- cmd/migrator/main.go [0ms]
2026-05-31 16:42:19.826 [info] > git cat-file -s 55c377959ebad34fdeffea21c74bb0aff82f7086 [1ms]
2026-05-31 16:42:19.840 [info] > git blame --root --incremental 924eb078d61de1f34c1199acc1fd434be595772c -- cmd/migrator/main.go [2ms]
2026-05-31 16:42:20.009 [info] > git check-ignore -v -z --stdin [1ms]
2026-05-31 16:42:29.116 [info] > git check-ignore -v -z --stdin [1ms]
2026-05-31 16:42:29.719 [info] > git check-ignore -v -z --stdin [1ms]
2026-05-31 16:42:29.727 [info] > git ls-files --stage -- tests/create_chat_test.go [1ms]
2026-05-31 16:42:29.755 [info] > git show --textconv :tests/create_chat_test.go [32ms]
2026-05-31 16:42:29.755 [info] > git cat-file -s 23f1220e0a2dc577d994e7e6a8d64e64258c9aff [25ms]
2026-05-31 16:42:29.768 [info] > git blame --root --incremental 924eb078d61de1f34c1199acc1fd434be595772c -- tests/create_chat_test.go [2ms]
2026-05-31 16:42:38.292 [info] > git check-ignore -v -z --stdin [1ms]
2026-05-31 16:42:38.300 [info] > git ls-files --stage -- tests/chat_test.go [1ms]
2026-05-31 16:42:38.327 [info] > git cat-file -s 511440dde5d73f379dfcbbc1ef09e22d4ef5fab4 [24ms]
2026-05-31 16:42:38.327 [info] > git show --textconv :tests/chat_test.go [30ms]
2026-05-31 16:42:38.336 [info] > git blame --root --incremental 924eb078d61de1f34c1199acc1fd434be595772c -- tests/chat_test.go [2ms]
2026-05-31 16:42:38.668 [info] > git check-ignore -v -z --stdin [1ms]
2026-05-31 16:42:38.676 [info] > git ls-files --stage -- tests/suite/suite.go [1ms]
2026-05-31 16:42:38.702 [info] > git cat-file -s c09602609201ba08b4dd68a604141ae060c27047 [23ms]
2026-05-31 16:42:38.703 [info] > git show --textconv :tests/suite/suite.go [31ms]
2026-05-31 16:42:38.710 [info] > git blame --root --incremental 924eb078d61de1f34c1199acc1fd434be595772c -- tests/suite/suite.go [2ms]
2026-05-31 16:42:51.115 [info] > git check-ignore -v -z --stdin [1ms]
2026-05-31 16:42:51.122 [info] > git show --textconv :tests/chat_test.go [3ms]
2026-05-31 16:42:51.123 [info] > git ls-files --stage -- tests/chat_test.go [1ms]
2026-05-31 16:42:51.127 [info] > git cat-file -s 511440dde5d73f379dfcbbc1ef09e22d4ef5fab4 [1ms]
2026-05-31 16:42:54.801 [info] > git check-ignore -v -z --stdin [1ms]
2026-05-31 16:42:55.121 [info] > git check-ignore -v -z --stdin [1ms]
2026-05-31 16:42:56.571 [info] > git check-ignore -v -z --stdin [1ms]
2026-05-31 16:42:57.503 [info] > git check-ignore -v -z --stdin [1ms]
2026-05-31 16:42:58.387 [info] > git config --get commit.template [3ms]
2026-05-31 16:42:58.387 [info] > git for-each-ref --format=%(refname)%00%(upstream:short)%00%(objectname)%00%(upstream:track)%00%(upstream:remotename)%00%(upstream:remoteref) refs/heads/main refs/remotes/main [1ms]
2026-05-31 16:42:58.394 [info] > git status -z -uall [4ms]
2026-05-31 16:42:58.394 [info] > git for-each-ref --sort -committerdate --format %(refname)%00%(objectname)%00%(*objectname) [1ms]
2026-05-31 16:42:58.702 [info] > git check-ignore -v -z --stdin [1ms]
2026-05-31 16:43:06.604 [info] > git check-ignore -v -z --stdin [1ms]
2026-05-31 16:44:21.020 [info] > git config --get commit.template [3ms]
2026-05-31 16:44:21.021 [info] > git for-each-ref --format=%(refname)%00%(upstream:short)%00%(objectname)%00%(upstream:track)%00%(upstream:remotename)%00%(upstream:remoteref) refs/heads/main refs/remotes/main [1ms]
2026-05-31 16:44:21.027 [info] > git status -z -uall [3ms]
2026-05-31 16:44:21.028 [info] > git for-each-ref --sort -committerdate --format %(refname)%00%(objectname)%00%(*objectname) [1ms]
