[Info  - 11:46:16 AM] 2026/05/31 11:46:16 Created View (#1)
	directory=/home/maksim/Projects/Go/Project/sso
	view_type="GoMod"
	root_dir="file:///home/maksim/Projects/Go/Project/sso"
	go_version="go version go1.26.3-X:nodwarf5 linux/amd64"
	build_flags=[]
	env={GOOS:linux GOARCH:amd64 GOCACHE:/home/maksim/.cache/go-build GOMODCACHE:/home/maksim/go/pkg/mod GOPATH:/home/maksim/go GOPRIVATE:github.com/Testkivypython/* GOFLAGS: GO111MODULE: GOTOOLCHAIN:auto GOROOT:/usr/lib/go GoVersion:26 GoVersionOutput:go version go1.26.3-X:nodwarf5 linux/amd64
 ExplicitGOWORK: EffectiveGOPACKAGESDRIVER:}
	env_overlay=[]

[Info  - 11:46:17 AM] 2026/05/31 11:46:17 go/packages.Load #1
	view_id="1"
	snapshot=0
	directory=/home/maksim/Projects/Go/Project/sso
	query=[/home/maksim/Projects/Go/Project/sso/... builtin]
	packages=20
	duration=400.190576ms

[Info  - 11:46:17 AM] 2026/05/31 11:46:17 go/packages.Load #2
	view_id="1"
	snapshot=1
	directory=/home/maksim/Projects/Go/Project/sso
	query=[file=/home/maksim/Projects/Go/Project/sso/internal/services/permissions/permissions.go]
	packages=1
	duration=39.053178ms

[Info  - 11:46:17 AM] 2026/05/31 11:46:17 go/packages.Load #3
	view_id="1"
	snapshot=1
	directory=/home/maksim/Projects/Go/Project/sso
	query=[file=/home/maksim/Projects/Go/Project/sso/internal/services/permissions/permissions.go]
	packages=1
	duration=39.556758ms

[Info  - 11:46:46 AM] 2026/05/31 11:46:46 background imports cache refresh starting

[Info  - 11:46:46 AM] 2026/05/31 11:46:46 background refresh finished after 227.267096ms

