2026-05-31 13:05:19.321 [info] Started local extension host with pid 102668.
2026-05-31 13:05:19.549 [info] [AccountPolicyGate] apply: state=inactive, reason=undefined, isRestricted=false
2026-05-31 13:05:21.984 [info] Started local extension host with pid 102711.
2026-05-31 13:05:22.723 [error] [Extension Host] (node:102711) [DEP0040] DeprecationWarning: The `punycode` module is deprecated. Please use a userland alternative instead.
(Use `exe --trace-deprecation ...` to show where the warning was created)
2026-05-31 13:05:22.734 [info] [AccountPolicyGate] apply: state=inactive, reason=undefined, isRestricted=false
2026-05-31 13:05:24.617 [info] [perf] Render performance baseline is 19ms
2026-05-31 13:05:27.760 [info] [AccountPolicyGate] apply: state=inactive, reason=undefined, isRestricted=false
2026-05-31 14:22:12.675 [error] rune error: Error: rune error
	at handleResponse (/home/maksim/.vscode-oss/extensions/golang.go-0.52.2-universal/dist/goMain.js:8978:40)
	at handleMessage (/home/maksim/.vscode-oss/extensions/golang.go-0.52.2-universal/dist/goMain.js:8788:11)
	at processMessageQueue (/home/maksim/.vscode-oss/extensions/golang.go-0.52.2-universal/dist/goMain.js:8803:13)
	at Immediate.<anonymous> (/home/maksim/.vscode-oss/extensions/golang.go-0.52.2-universal/dist/goMain.js:8779:11)
	at process.processImmediate (node:internal/timers:484:21)
2026-05-31 15:03:59.780 [error] An unknown error occurred. Please consult the log for more details.
2026-05-31 15:31:10.343 [error] An unknown error occurred. Please consult the log for more details.
2026-05-31 15:43:41.566 [error] can't find definitions for file type go.mod: Error: can't find definitions for file type go.mod
	at handleResponse (/home/maksim/.vscode-oss/extensions/golang.go-0.52.2-universal/dist/goMain.js:8978:40)
	at handleMessage (/home/maksim/.vscode-oss/extensions/golang.go-0.52.2-universal/dist/goMain.js:8788:11)
	at processMessageQueue (/home/maksim/.vscode-oss/extensions/golang.go-0.52.2-universal/dist/goMain.js:8803:13)
	at Immediate.<anonymous> (/home/maksim/.vscode-oss/extensions/golang.go-0.52.2-universal/dist/goMain.js:8779:11)
	at process.processImmediate (node:internal/timers:484:21)
