2026-05-29 16:41:00.261 [info] [main] Log level: Info
2026-05-29 16:41:00.261 [info] [main] Validating found git in: "git"
2026-05-29 16:41:00.261 [info] [main] Using git "2.54.0" from "git"
2026-05-29 16:41:00.261 [info] [Model][doInitialScan] Initial repository scan started
2026-05-29 16:41:00.261 [info] > git rev-parse --show-toplevel [33ms]
2026-05-29 16:41:00.261 [info] fatal: not a git repository (or any parent up to mount point /)
Stopping at filesystem boundary (GIT_DISCOVERY_ACROSS_FILESYSTEM not set).
2026-05-29 16:41:00.261 [info] > git rev-parse --show-toplevel [3ms]
2026-05-29 16:41:00.261 [info] fatal: not a git repository (or any parent up to mount point /)
Stopping at filesystem boundary (GIT_DISCOVERY_ACROSS_FILESYSTEM not set).
2026-05-29 16:41:00.265 [info] > git rev-parse --show-toplevel [1ms]
2026-05-29 16:41:00.265 [info] fatal: not a git repository (or any parent up to mount point /)
Stopping at filesystem boundary (GIT_DISCOVERY_ACROSS_FILESYSTEM not set).
2026-05-29 16:41:00.272 [info] > git rev-parse --show-toplevel [4ms]
2026-05-29 16:41:00.272 [info] fatal: not a git repository (or any parent up to mount point /)
Stopping at filesystem boundary (GIT_DISCOVERY_ACROSS_FILESYSTEM not set).
2026-05-29 16:41:00.276 [info] > git rev-parse --show-toplevel [1ms]
2026-05-29 16:41:00.276 [info] fatal: not a git repository (or any parent up to mount point /)
Stopping at filesystem boundary (GIT_DISCOVERY_ACROSS_FILESYSTEM not set).
2026-05-29 16:41:00.279 [info] > git rev-parse --show-toplevel [1ms]
2026-05-29 16:41:00.279 [info] fatal: not a git repository (or any parent up to mount point /)
Stopping at filesystem boundary (GIT_DISCOVERY_ACROSS_FILESYSTEM not set).
2026-05-29 16:41:00.283 [info] > git rev-parse --show-toplevel [1ms]
2026-05-29 16:41:00.283 [info] fatal: not a git repository (or any parent up to mount point /)
Stopping at filesystem boundary (GIT_DISCOVERY_ACROSS_FILESYSTEM not set).
2026-05-29 16:41:00.286 [info] > git rev-parse --show-toplevel [1ms]
2026-05-29 16:41:00.286 [info] fatal: not a git repository (or any parent up to mount point /)
Stopping at filesystem boundary (GIT_DISCOVERY_ACROSS_FILESYSTEM not set).
2026-05-29 16:41:00.290 [info] > git rev-parse --show-toplevel [1ms]
2026-05-29 16:41:00.290 [info] fatal: not a git repository (or any parent up to mount point /)
Stopping at filesystem boundary (GIT_DISCOVERY_ACROSS_FILESYSTEM not set).
2026-05-29 16:41:00.290 [info] [Model][doInitialScan] Initial repository scan completed - repositories (0), closed repositories (0), parent repositories (0), unsafe repositories (0)
2026-05-29 16:41:00.294 [info] > git rev-parse --show-toplevel [1ms]
2026-05-29 16:41:00.294 [info] fatal: not a git repository (or any parent up to mount point /)
Stopping at filesystem boundary (GIT_DISCOVERY_ACROSS_FILESYSTEM not set).
2026-05-29 16:41:00.319 [info] > git rev-parse --show-toplevel [1ms]
2026-05-29 16:41:00.319 [info] fatal: not a git repository (or any parent up to mount point /)
Stopping at filesystem boundary (GIT_DISCOVERY_ACROSS_FILESYSTEM not set).
2026-05-29 16:41:00.365 [info] > git rev-parse --show-toplevel [3ms]
2026-05-29 16:41:00.365 [info] fatal: not a git repository (or any parent up to mount point /)
Stopping at filesystem boundary (GIT_DISCOVERY_ACROSS_FILESYSTEM not set).
2026-05-29 16:41:00.368 [info] > git rev-parse --show-toplevel [1ms]
2026-05-29 16:41:00.368 [info] fatal: not a git repository (or any parent up to mount point /)
Stopping at filesystem boundary (GIT_DISCOVERY_ACROSS_FILESYSTEM not set).
2026-05-29 16:41:00.574 [info] > git rev-parse --show-toplevel [1ms]
2026-05-29 16:41:00.574 [info] fatal: not a git repository (or any parent up to mount point /)
Stopping at filesystem boundary (GIT_DISCOVERY_ACROSS_FILESYSTEM not set).
2026-05-29 16:41:00.904 [info] > git rev-parse --show-toplevel [1ms]
2026-05-29 16:41:00.904 [info] fatal: not a git repository (or any parent up to mount point /)
Stopping at filesystem boundary (GIT_DISCOVERY_ACROSS_FILESYSTEM not set).
2026-05-29 16:41:01.729 [info] > git rev-parse --show-toplevel [1ms]
2026-05-29 16:41:01.729 [info] fatal: not a git repository (or any parent up to mount point /)
Stopping at filesystem boundary (GIT_DISCOVERY_ACROSS_FILESYSTEM not set).
2026-05-29 16:44:33.116 [info] > git rev-parse --show-toplevel [0ms]
2026-05-29 16:44:33.116 [info] fatal: not a git repository (or any parent up to mount point /)
Stopping at filesystem boundary (GIT_DISCOVERY_ACROSS_FILESYSTEM not set).
2026-05-29 16:45:13.347 [info] > git rev-parse --show-toplevel [2ms]
2026-05-29 16:45:13.347 [info] fatal: not a git repository (or any parent up to mount point /)
Stopping at filesystem boundary (GIT_DISCOVERY_ACROSS_FILESYSTEM not set).
2026-05-29 16:45:16.461 [info] > git rev-parse --show-toplevel [0ms]
2026-05-29 16:45:16.461 [info] fatal: not a git repository (or any parent up to mount point /)
Stopping at filesystem boundary (GIT_DISCOVERY_ACROSS_FILESYSTEM not set).
2026-05-29 16:46:00.866 [info] > git rev-parse --show-toplevel [2ms]
2026-05-29 16:46:00.866 [info] fatal: not a git repository (or any parent up to mount point /)
Stopping at filesystem boundary (GIT_DISCOVERY_ACROSS_FILESYSTEM not set).
2026-05-29 16:46:09.614 [info] > git rev-parse --show-toplevel [1ms]
2026-05-29 16:46:09.614 [info] fatal: not a git repository (or any parent up to mount point /)
Stopping at filesystem boundary (GIT_DISCOVERY_ACROSS_FILESYSTEM not set).
2026-05-29 16:46:42.590 [info] > git rev-parse --show-toplevel [1ms]
2026-05-29 16:46:42.591 [info] fatal: not a git repository (or any parent up to mount point /)
Stopping at filesystem boundary (GIT_DISCOVERY_ACROSS_FILESYSTEM not set).
2026-05-29 16:46:47.560 [info] > git rev-parse --show-toplevel [2ms]
2026-05-29 16:46:47.560 [info] fatal: not a git repository (or any parent up to mount point /)
Stopping at filesystem boundary (GIT_DISCOVERY_ACROSS_FILESYSTEM not set).
2026-05-29 16:47:06.200 [info] > git rev-parse --show-toplevel [1ms]
2026-05-29 16:47:06.200 [info] fatal: not a git repository (or any parent up to mount point /)
Stopping at filesystem boundary (GIT_DISCOVERY_ACROSS_FILESYSTEM not set).
