2026-05-31 15:09:40.840 [info] Extension host with pid 146809 started
2026-05-31 15:09:40.956 [info] ExtensionService#_doActivateExtension vscode.github-authentication, startup: false, activationEvent: 'onAuthenticationRequest:github'
2026-05-31 15:09:40.976 [info] ExtensionService#_doActivateExtension vscode.emmet, startup: false, activationEvent: 'onLanguage'
2026-05-31 15:09:41.000 [info] ExtensionService#_doActivateExtension vscode.git-base, startup: true, activationEvent: '*', root cause: vscode.git
2026-05-31 15:09:41.004 [info] ExtensionService#_doActivateExtension vscode.git, startup: true, activationEvent: '*'
2026-05-31 15:09:41.035 [info] ExtensionService#_doActivateExtension vscode.github, startup: true, activationEvent: '*'
2026-05-31 15:09:41.071 [info] Eager extensions activated
2026-05-31 15:09:41.081 [info] ExtensionService#_doActivateExtension vscode.debug-auto-launch, startup: false, activationEvent: 'onStartupFinished'
2026-05-31 15:09:41.083 [info] ExtensionService#_doActivateExtension vscode.merge-conflict, startup: false, activationEvent: 'onStartupFinished'
2026-05-31 15:09:42.178 [info] Extension host terminating: received terminate message from renderer
2026-05-31 15:09:42.183 [info] Extension host with pid 146809 exiting with code 0
2026-05-31 15:09:43.102 [info] Extension host with pid 146855 started
2026-05-31 15:09:43.102 [info] Skipping acquiring lock for /home/maksim/.config/Code - OSS/User/workspaceStorage/2a12ed439d637eb9b35ad6c4da6d873b.
2026-05-31 15:09:43.189 [info] ExtensionService#_doActivateExtension vscode.github-authentication, startup: false, activationEvent: 'onAuthenticationRequest:github'
2026-05-31 15:09:43.208 [info] ExtensionService#_doActivateExtension vscode.emmet, startup: false, activationEvent: 'onLanguage'
2026-05-31 15:09:43.219 [info] ExtensionService#_doActivateExtension golang.go, startup: false, activationEvent: 'onLanguage:go'
2026-05-31 15:09:43.526 [info] ExtensionService#_doActivateExtension vscode.git-base, startup: true, activationEvent: '*', root cause: vscode.git
2026-05-31 15:09:43.574 [info] ExtensionService#_doActivateExtension vscode.git, startup: true, activationEvent: '*'
2026-05-31 15:09:43.612 [info] ExtensionService#_doActivateExtension vscode.github, startup: true, activationEvent: '*'
2026-05-31 15:09:43.666 [info] Eager extensions activated
2026-05-31 15:09:43.681 [info] ExtensionService#_doActivateExtension vscode.debug-auto-launch, startup: false, activationEvent: 'onStartupFinished'
2026-05-31 15:09:43.682 [info] ExtensionService#_doActivateExtension vscode.merge-conflict, startup: false, activationEvent: 'onStartupFinished'
2026-05-31 15:09:48.069 [error] [golang.go] provider FAILED
2026-05-31 15:09:48.071 [error] Error: /home/maksim/Projects/Go/Project/permissions/go.mod:1: unknown directive: github.com/PoinkCorporation/Permissions-service
	at handleResponse (/home/maksim/.vscode-oss/extensions/golang.go-0.52.2-universal/dist/goMain.js:8978:40)
	at handleMessage (/home/maksim/.vscode-oss/extensions/golang.go-0.52.2-universal/dist/goMain.js:8788:11)
	at processMessageQueue (/home/maksim/.vscode-oss/extensions/golang.go-0.52.2-universal/dist/goMain.js:8803:13)
	at Immediate.<anonymous> (/home/maksim/.vscode-oss/extensions/golang.go-0.52.2-universal/dist/goMain.js:8779:11)
	at process.processImmediate (node:internal/timers:484:21)
2026-05-31 15:09:48.285 [error] [golang.go] provider FAILED
2026-05-31 15:09:48.285 [error] Error: can't find definitions for file type go.mod
	at handleResponse (/home/maksim/.vscode-oss/extensions/golang.go-0.52.2-universal/dist/goMain.js:8978:40)
	at handleMessage (/home/maksim/.vscode-oss/extensions/golang.go-0.52.2-universal/dist/goMain.js:8788:11)
	at processMessageQueue (/home/maksim/.vscode-oss/extensions/golang.go-0.52.2-universal/dist/goMain.js:8803:13)
	at Immediate.<anonymous> (/home/maksim/.vscode-oss/extensions/golang.go-0.52.2-universal/dist/goMain.js:8779:11)
	at process.processImmediate (node:internal/timers:484:21)
2026-05-31 15:09:48.322 [error] [golang.go] provider FAILED
2026-05-31 15:09:48.322 [error] Error: /home/maksim/Projects/Go/Project/permissions/go.mod:1: unknown directive: github.com/PoinkCorporation/Permissions-service
	at handleResponse (/home/maksim/.vscode-oss/extensions/golang.go-0.52.2-universal/dist/goMain.js:8978:40)
	at handleMessage (/home/maksim/.vscode-oss/extensions/golang.go-0.52.2-universal/dist/goMain.js:8788:11)
	at processMessageQueue (/home/maksim/.vscode-oss/extensions/golang.go-0.52.2-universal/dist/goMain.js:8803:13)
	at Immediate.<anonymous> (/home/maksim/.vscode-oss/extensions/golang.go-0.52.2-universal/dist/goMain.js:8779:11)
	at process.processImmediate (node:internal/timers:484:21)
2026-05-31 15:09:48.843 [error] [golang.go] provider FAILED
2026-05-31 15:09:48.843 [error] Error: /home/maksim/Projects/Go/Project/permissions/go.mod:1: unknown directive: github.com/PoinkCorporation/Permissions-service
	at handleResponse (/home/maksim/.vscode-oss/extensions/golang.go-0.52.2-universal/dist/goMain.js:8978:40)
	at handleMessage (/home/maksim/.vscode-oss/extensions/golang.go-0.52.2-universal/dist/goMain.js:8788:11)
	at processMessageQueue (/home/maksim/.vscode-oss/extensions/golang.go-0.52.2-universal/dist/goMain.js:8803:13)
	at Immediate.<anonymous> (/home/maksim/.vscode-oss/extensions/golang.go-0.52.2-universal/dist/goMain.js:8779:11)
	at process.processImmediate (node:internal/timers:484:21)
2026-05-31 15:09:49.837 [error] [golang.go] provider FAILED
2026-05-31 15:09:49.837 [error] Error: getting modfile handle: /home/maksim/Projects/Go/Project/permissions/go.mod:1: unknown directive: github.com/PoinkCorporation/Permissions-service
	at handleResponse (/home/maksim/.vscode-oss/extensions/golang.go-0.52.2-universal/dist/goMain.js:8978:40)
	at handleMessage (/home/maksim/.vscode-oss/extensions/golang.go-0.52.2-universal/dist/goMain.js:8788:11)
	at processMessageQueue (/home/maksim/.vscode-oss/extensions/golang.go-0.52.2-universal/dist/goMain.js:8803:13)
	at Immediate.<anonymous> (/home/maksim/.vscode-oss/extensions/golang.go-0.52.2-universal/dist/goMain.js:8779:11)
	at process.processImmediate (node:internal/timers:484:21)
2026-05-31 15:09:50.387 [error] [golang.go] provider FAILED
2026-05-31 15:09:50.387 [error] Error: getting modfile handle: /home/maksim/Projects/Go/Project/permissions/go.mod:1: unknown directive: github.com/PoinkCorporation/Permissions-service
	at handleResponse (/home/maksim/.vscode-oss/extensions/golang.go-0.52.2-universal/dist/goMain.js:8978:40)
	at handleMessage (/home/maksim/.vscode-oss/extensions/golang.go-0.52.2-universal/dist/goMain.js:8788:11)
	at processMessageQueue (/home/maksim/.vscode-oss/extensions/golang.go-0.52.2-universal/dist/goMain.js:8803:13)
	at Immediate.<anonymous> (/home/maksim/.vscode-oss/extensions/golang.go-0.52.2-universal/dist/goMain.js:8779:11)
	at process.processImmediate (node:internal/timers:484:21)
2026-05-31 15:09:50.714 [error] [golang.go] provider FAILED
2026-05-31 15:09:50.714 [error] Error: /home/maksim/Projects/Go/Project/permissions/go.mod:1: unknown directive: mgithub.com/PoinkCorporation/Permissions-service
	at handleResponse (/home/maksim/.vscode-oss/extensions/golang.go-0.52.2-universal/dist/goMain.js:8978:40)
	at handleMessage (/home/maksim/.vscode-oss/extensions/golang.go-0.52.2-universal/dist/goMain.js:8788:11)
	at processMessageQueue (/home/maksim/.vscode-oss/extensions/golang.go-0.52.2-universal/dist/goMain.js:8803:13)
	at Immediate.<anonymous> (/home/maksim/.vscode-oss/extensions/golang.go-0.52.2-universal/dist/goMain.js:8779:11)
	at process.processImmediate (node:internal/timers:484:21)
2026-05-31 15:09:50.919 [error] [golang.go] provider FAILED
2026-05-31 15:09:50.919 [error] Error: /home/maksim/Projects/Go/Project/permissions/go.mod:1: unknown directive: mogithub.com/PoinkCorporation/Permissions-service
	at handleResponse (/home/maksim/.vscode-oss/extensions/golang.go-0.52.2-universal/dist/goMain.js:8978:40)
	at handleMessage (/home/maksim/.vscode-oss/extensions/golang.go-0.52.2-universal/dist/goMain.js:8788:11)
	at processMessageQueue (/home/maksim/.vscode-oss/extensions/golang.go-0.52.2-universal/dist/goMain.js:8803:13)
	at Immediate.<anonymous> (/home/maksim/.vscode-oss/extensions/golang.go-0.52.2-universal/dist/goMain.js:8779:11)
	at process.processImmediate (node:internal/timers:484:21)
2026-05-31 15:09:51.058 [error] [golang.go] provider FAILED
2026-05-31 15:09:51.058 [error] Error: /home/maksim/Projects/Go/Project/permissions/go.mod:1: unknown directive: modgithub.com/PoinkCorporation/Permissions-service
	at handleResponse (/home/maksim/.vscode-oss/extensions/golang.go-0.52.2-universal/dist/goMain.js:8978:40)
	at handleMessage (/home/maksim/.vscode-oss/extensions/golang.go-0.52.2-universal/dist/goMain.js:8788:11)
	at processMessageQueue (/home/maksim/.vscode-oss/extensions/golang.go-0.52.2-universal/dist/goMain.js:8803:13)
	at Immediate.<anonymous> (/home/maksim/.vscode-oss/extensions/golang.go-0.52.2-universal/dist/goMain.js:8779:11)
	at process.processImmediate (node:internal/timers:484:21)
2026-05-31 15:09:51.431 [error] [golang.go] provider FAILED
2026-05-31 15:09:51.431 [error] Error: /home/maksim/Projects/Go/Project/permissions/go.mod:1: unknown directive: modugithub.com/PoinkCorporation/Permissions-service
	at handleResponse (/home/maksim/.vscode-oss/extensions/golang.go-0.52.2-universal/dist/goMain.js:8978:40)
	at handleMessage (/home/maksim/.vscode-oss/extensions/golang.go-0.52.2-universal/dist/goMain.js:8788:11)
	at processMessageQueue (/home/maksim/.vscode-oss/extensions/golang.go-0.52.2-universal/dist/goMain.js:8803:13)
	at Immediate.<anonymous> (/home/maksim/.vscode-oss/extensions/golang.go-0.52.2-universal/dist/goMain.js:8779:11)
	at process.processImmediate (node:internal/timers:484:21)
2026-05-31 15:09:51.725 [error] [golang.go] provider FAILED
2026-05-31 15:09:51.725 [error] Error: /home/maksim/Projects/Go/Project/permissions/go.mod:1: unknown directive: modulgithub.com/PoinkCorporation/Permissions-service
	at handleResponse (/home/maksim/.vscode-oss/extensions/golang.go-0.52.2-universal/dist/goMain.js:8978:40)
	at handleMessage (/home/maksim/.vscode-oss/extensions/golang.go-0.52.2-universal/dist/goMain.js:8788:11)
	at processMessageQueue (/home/maksim/.vscode-oss/extensions/golang.go-0.52.2-universal/dist/goMain.js:8803:13)
	at Immediate.<anonymous> (/home/maksim/.vscode-oss/extensions/golang.go-0.52.2-universal/dist/goMain.js:8779:11)
	at process.processImmediate (node:internal/timers:484:21)
2026-05-31 15:09:51.839 [error] [golang.go] provider FAILED
2026-05-31 15:09:51.839 [error] Error: /home/maksim/Projects/Go/Project/permissions/go.mod:1: unknown directive: modulegithub.com/PoinkCorporation/Permissions-service
	at handleResponse (/home/maksim/.vscode-oss/extensions/golang.go-0.52.2-universal/dist/goMain.js:8978:40)
	at handleMessage (/home/maksim/.vscode-oss/extensions/golang.go-0.52.2-universal/dist/goMain.js:8788:11)
	at processMessageQueue (/home/maksim/.vscode-oss/extensions/golang.go-0.52.2-universal/dist/goMain.js:8803:13)
	at Immediate.<anonymous> (/home/maksim/.vscode-oss/extensions/golang.go-0.52.2-universal/dist/goMain.js:8779:11)
	at process.processImmediate (node:internal/timers:484:21)
2026-05-31 15:09:52.472 [error] [golang.go] provider FAILED
2026-05-31 15:09:52.472 [error] Error: can't find definitions for file type go.mod
	at handleResponse (/home/maksim/.vscode-oss/extensions/golang.go-0.52.2-universal/dist/goMain.js:8978:40)
	at handleMessage (/home/maksim/.vscode-oss/extensions/golang.go-0.52.2-universal/dist/goMain.js:8788:11)
	at processMessageQueue (/home/maksim/.vscode-oss/extensions/golang.go-0.52.2-universal/dist/goMain.js:8803:13)
	at Immediate.<anonymous> (/home/maksim/.vscode-oss/extensions/golang.go-0.52.2-universal/dist/goMain.js:8779:11)
	at process.processImmediate (node:internal/timers:484:21)
2026-05-31 15:09:52.506 [error] [golang.go] provider FAILED
2026-05-31 15:09:52.506 [error] Error: can't find definitions for file type go.mod
	at handleResponse (/home/maksim/.vscode-oss/extensions/golang.go-0.52.2-universal/dist/goMain.js:8978:40)
	at handleMessage (/home/maksim/.vscode-oss/extensions/golang.go-0.52.2-universal/dist/goMain.js:8788:11)
	at processMessageQueue (/home/maksim/.vscode-oss/extensions/golang.go-0.52.2-universal/dist/goMain.js:8803:13)
	at Immediate.<anonymous> (/home/maksim/.vscode-oss/extensions/golang.go-0.52.2-universal/dist/goMain.js:8779:11)
	at process.processImmediate (node:internal/timers:484:21)
2026-05-31 15:09:52.522 [error] [golang.go] provider FAILED
2026-05-31 15:09:52.522 [error] Error: can't find definitions for file type go.mod
	at handleResponse (/home/maksim/.vscode-oss/extensions/golang.go-0.52.2-universal/dist/goMain.js:8978:40)
	at handleMessage (/home/maksim/.vscode-oss/extensions/golang.go-0.52.2-universal/dist/goMain.js:8788:11)
	at processMessageQueue (/home/maksim/.vscode-oss/extensions/golang.go-0.52.2-universal/dist/goMain.js:8803:13)
	at Immediate.<anonymous> (/home/maksim/.vscode-oss/extensions/golang.go-0.52.2-universal/dist/goMain.js:8779:11)
	at process.processImmediate (node:internal/timers:484:21)
2026-05-31 15:10:02.437 [error] [golang.go] provider FAILED
2026-05-31 15:10:02.438 [error] Error: no package data for import "permissions/gen/go/permissions"
	at handleResponse (/home/maksim/.vscode-oss/extensions/golang.go-0.52.2-universal/dist/goMain.js:8978:40)
	at handleMessage (/home/maksim/.vscode-oss/extensions/golang.go-0.52.2-universal/dist/goMain.js:8788:11)
	at processMessageQueue (/home/maksim/.vscode-oss/extensions/golang.go-0.52.2-universal/dist/goMain.js:8803:13)
	at Immediate.<anonymous> (/home/maksim/.vscode-oss/extensions/golang.go-0.52.2-universal/dist/goMain.js:8779:11)
	at process.processImmediate (node:internal/timers:484:21)
2026-05-31 15:10:02.894 [error] [golang.go] provider FAILED
2026-05-31 15:10:02.894 [error] Error: no package data for import "permissions/gen/go/permissions"
	at handleResponse (/home/maksim/.vscode-oss/extensions/golang.go-0.52.2-universal/dist/goMain.js:8978:40)
	at handleMessage (/home/maksim/.vscode-oss/extensions/golang.go-0.52.2-universal/dist/goMain.js:8788:11)
	at processMessageQueue (/home/maksim/.vscode-oss/extensions/golang.go-0.52.2-universal/dist/goMain.js:8803:13)
	at Immediate.<anonymous> (/home/maksim/.vscode-oss/extensions/golang.go-0.52.2-universal/dist/goMain.js:8779:11)
	at process.processImmediate (node:internal/timers:484:21)
2026-05-31 15:10:22.502 [error] [golang.go] provider FAILED
2026-05-31 15:10:22.502 [error] Error: no package data for import "permissions/gen/go/permissions"
	at handleResponse (/home/maksim/.vscode-oss/extensions/golang.go-0.52.2-universal/dist/goMain.js:8978:40)
	at handleMessage (/home/maksim/.vscode-oss/extensions/golang.go-0.52.2-universal/dist/goMain.js:8788:11)
	at processMessageQueue (/home/maksim/.vscode-oss/extensions/golang.go-0.52.2-universal/dist/goMain.js:8803:13)
	at Immediate.<anonymous> (/home/maksim/.vscode-oss/extensions/golang.go-0.52.2-universal/dist/goMain.js:8779:11)
	at process.processImmediate (node:internal/timers:484:21)
2026-05-31 15:10:25.200 [info] ExtensionService#_doActivateExtension vscode.terminal-suggest, startup: false, activationEvent: 'onTerminalShellIntegration:*'
2026-05-31 15:10:36.902 [error] [golang.go] provider FAILED
2026-05-31 15:10:36.902 [error] Error: no package data for import "permissions/gen/go/permissions"
	at handleResponse (/home/maksim/.vscode-oss/extensions/golang.go-0.52.2-universal/dist/goMain.js:8978:40)
	at handleMessage (/home/maksim/.vscode-oss/extensions/golang.go-0.52.2-universal/dist/goMain.js:8788:11)
	at processMessageQueue (/home/maksim/.vscode-oss/extensions/golang.go-0.52.2-universal/dist/goMain.js:8803:13)
	at Immediate.<anonymous> (/home/maksim/.vscode-oss/extensions/golang.go-0.52.2-universal/dist/goMain.js:8779:11)
	at process.processImmediate (node:internal/timers:484:21)
2026-05-31 15:10:47.701 [error] [golang.go] provider FAILED
2026-05-31 15:10:47.701 [error] Error: no package data for import "github/gen/go/permissions"
	at handleResponse (/home/maksim/.vscode-oss/extensions/golang.go-0.52.2-universal/dist/goMain.js:8978:40)
	at handleMessage (/home/maksim/.vscode-oss/extensions/golang.go-0.52.2-universal/dist/goMain.js:8788:11)
	at processMessageQueue (/home/maksim/.vscode-oss/extensions/golang.go-0.52.2-universal/dist/goMain.js:8803:13)
	at Immediate.<anonymous> (/home/maksim/.vscode-oss/extensions/golang.go-0.52.2-universal/dist/goMain.js:8779:11)
	at process.processImmediate (node:internal/timers:484:21)
2026-05-31 15:10:47.934 [error] [golang.go] provider FAILED
2026-05-31 15:10:47.934 [error] Error: no package data for import "github/gen/go/permissions"
	at handleResponse (/home/maksim/.vscode-oss/extensions/golang.go-0.52.2-universal/dist/goMain.js:8978:40)
	at handleMessage (/home/maksim/.vscode-oss/extensions/golang.go-0.52.2-universal/dist/goMain.js:8788:11)
	at processMessageQueue (/home/maksim/.vscode-oss/extensions/golang.go-0.52.2-universal/dist/goMain.js:8803:13)
	at Immediate.<anonymous> (/home/maksim/.vscode-oss/extensions/golang.go-0.52.2-universal/dist/goMain.js:8779:11)
	at process.processImmediate (node:internal/timers:484:21)
2026-05-31 15:11:06.883 [error] [golang.go] provider FAILED
2026-05-31 15:11:06.883 [error] Error: failed to resolve import "permissions/tests/suite"
	at handleResponse (/home/maksim/.vscode-oss/extensions/golang.go-0.52.2-universal/dist/goMain.js:8978:40)
	at handleMessage (/home/maksim/.vscode-oss/extensions/golang.go-0.52.2-universal/dist/goMain.js:8788:11)
	at processMessageQueue (/home/maksim/.vscode-oss/extensions/golang.go-0.52.2-universal/dist/goMain.js:8803:13)
	at Immediate.<anonymous> (/home/maksim/.vscode-oss/extensions/golang.go-0.52.2-universal/dist/goMain.js:8779:11)
	at process.processImmediate (node:internal/timers:484:21)
2026-05-31 15:11:07.100 [error] [golang.go] provider FAILED
2026-05-31 15:11:07.100 [error] Error: no package data for import "permissions/tests/suite"
	at handleResponse (/home/maksim/.vscode-oss/extensions/golang.go-0.52.2-universal/dist/goMain.js:8978:40)
	at handleMessage (/home/maksim/.vscode-oss/extensions/golang.go-0.52.2-universal/dist/goMain.js:8788:11)
	at processMessageQueue (/home/maksim/.vscode-oss/extensions/golang.go-0.52.2-universal/dist/goMain.js:8803:13)
	at Immediate.<anonymous> (/home/maksim/.vscode-oss/extensions/golang.go-0.52.2-universal/dist/goMain.js:8779:11)
	at process.processImmediate (node:internal/timers:484:21)
2026-05-31 15:11:07.168 [error] [golang.go] provider FAILED
2026-05-31 15:11:07.168 [error] Error: failed to resolve import "permissions/tests/suite"
	at handleResponse (/home/maksim/.vscode-oss/extensions/golang.go-0.52.2-universal/dist/goMain.js:8978:40)
	at handleMessage (/home/maksim/.vscode-oss/extensions/golang.go-0.52.2-universal/dist/goMain.js:8788:11)
	at processMessageQueue (/home/maksim/.vscode-oss/extensions/golang.go-0.52.2-universal/dist/goMain.js:8803:13)
	at Immediate.<anonymous> (/home/maksim/.vscode-oss/extensions/golang.go-0.52.2-universal/dist/goMain.js:8779:11)
	at process.processImmediate (node:internal/timers:484:21)
2026-05-31 15:11:07.183 [error] [golang.go] provider FAILED
2026-05-31 15:11:07.183 [error] Error: failed to resolve import "permissions/tests/suite"
	at handleResponse (/home/maksim/.vscode-oss/extensions/golang.go-0.52.2-universal/dist/goMain.js:8978:40)
	at handleMessage (/home/maksim/.vscode-oss/extensions/golang.go-0.52.2-universal/dist/goMain.js:8788:11)
	at processMessageQueue (/home/maksim/.vscode-oss/extensions/golang.go-0.52.2-universal/dist/goMain.js:8803:13)
	at Immediate.<anonymous> (/home/maksim/.vscode-oss/extensions/golang.go-0.52.2-universal/dist/goMain.js:8779:11)
	at process.processImmediate (node:internal/timers:484:21)
2026-05-31 15:11:07.412 [error] [golang.go] provider FAILED
2026-05-31 15:11:07.412 [error] Error: no package data for import "permissions/tests/suite"
	at handleResponse (/home/maksim/.vscode-oss/extensions/golang.go-0.52.2-universal/dist/goMain.js:8978:40)
	at handleMessage (/home/maksim/.vscode-oss/extensions/golang.go-0.52.2-universal/dist/goMain.js:8788:11)
	at processMessageQueue (/home/maksim/.vscode-oss/extensions/golang.go-0.52.2-universal/dist/goMain.js:8803:13)
	at Immediate.<anonymous> (/home/maksim/.vscode-oss/extensions/golang.go-0.52.2-universal/dist/goMain.js:8779:11)
	at process.processImmediate (node:internal/timers:484:21)
2026-05-31 15:11:07.733 [error] [golang.go] provider FAILED
2026-05-31 15:11:07.734 [error] Error: no package data for import "permissions/tests/suite"
	at handleResponse (/home/maksim/.vscode-oss/extensions/golang.go-0.52.2-universal/dist/goMain.js:8978:40)
	at handleMessage (/home/maksim/.vscode-oss/extensions/golang.go-0.52.2-universal/dist/goMain.js:8788:11)
	at processMessageQueue (/home/maksim/.vscode-oss/extensions/golang.go-0.52.2-universal/dist/goMain.js:8803:13)
	at Immediate.<anonymous> (/home/maksim/.vscode-oss/extensions/golang.go-0.52.2-universal/dist/goMain.js:8779:11)
	at process.processImmediate (node:internal/timers:484:21)
2026-05-31 15:11:08.865 [error] [golang.go] provider FAILED
2026-05-31 15:11:08.865 [error] Error: failed to resolve import "permissions/tests/suite"
	at handleResponse (/home/maksim/.vscode-oss/extensions/golang.go-0.52.2-universal/dist/goMain.js:8978:40)
	at handleMessage (/home/maksim/.vscode-oss/extensions/golang.go-0.52.2-universal/dist/goMain.js:8788:11)
	at processMessageQueue (/home/maksim/.vscode-oss/extensions/golang.go-0.52.2-universal/dist/goMain.js:8803:13)
	at Immediate.<anonymous> (/home/maksim/.vscode-oss/extensions/golang.go-0.52.2-universal/dist/goMain.js:8779:11)
	at process.processImmediate (node:internal/timers:484:21)
2026-05-31 15:11:12.516 [error] [golang.go] provider FAILED
2026-05-31 15:11:12.516 [error] Error: no package data for import "permissions/gen/go/permissions"
	at handleResponse (/home/maksim/.vscode-oss/extensions/golang.go-0.52.2-universal/dist/goMain.js:8978:40)
	at handleMessage (/home/maksim/.vscode-oss/extensions/golang.go-0.52.2-universal/dist/goMain.js:8788:11)
	at processMessageQueue (/home/maksim/.vscode-oss/extensions/golang.go-0.52.2-universal/dist/goMain.js:8803:13)
	at Immediate.<anonymous> (/home/maksim/.vscode-oss/extensions/golang.go-0.52.2-universal/dist/goMain.js:8779:11)
	at process.processImmediate (node:internal/timers:484:21)
2026-05-31 15:11:13.016 [error] [golang.go] provider FAILED
2026-05-31 15:11:13.016 [error] Error: no package data for import "permissions/gen/go/permissions"
	at handleResponse (/home/maksim/.vscode-oss/extensions/golang.go-0.52.2-universal/dist/goMain.js:8978:40)
	at handleMessage (/home/maksim/.vscode-oss/extensions/golang.go-0.52.2-universal/dist/goMain.js:8788:11)
	at processMessageQueue (/home/maksim/.vscode-oss/extensions/golang.go-0.52.2-universal/dist/goMain.js:8803:13)
	at Immediate.<anonymous> (/home/maksim/.vscode-oss/extensions/golang.go-0.52.2-universal/dist/goMain.js:8779:11)
	at process.processImmediate (node:internal/timers:484:21)
2026-05-31 15:11:13.516 [error] [golang.go] provider FAILED
2026-05-31 15:11:13.516 [error] Error: no package data for import "permissions/gen/go/permissions"
	at handleResponse (/home/maksim/.vscode-oss/extensions/golang.go-0.52.2-universal/dist/goMain.js:8978:40)
	at handleMessage (/home/maksim/.vscode-oss/extensions/golang.go-0.52.2-universal/dist/goMain.js:8788:11)
	at processMessageQueue (/home/maksim/.vscode-oss/extensions/golang.go-0.52.2-universal/dist/goMain.js:8803:13)
	at Immediate.<anonymous> (/home/maksim/.vscode-oss/extensions/golang.go-0.52.2-universal/dist/goMain.js:8779:11)
	at process.processImmediate (node:internal/timers:484:21)
2026-05-31 15:11:15.128 [error] [golang.go] provider FAILED
2026-05-31 15:11:15.128 [error] Error: failed to resolve import "permissions/gen/go/permissions"
	at handleResponse (/home/maksim/.vscode-oss/extensions/golang.go-0.52.2-universal/dist/goMain.js:8978:40)
	at handleMessage (/home/maksim/.vscode-oss/extensions/golang.go-0.52.2-universal/dist/goMain.js:8788:11)
	at processMessageQueue (/home/maksim/.vscode-oss/extensions/golang.go-0.52.2-universal/dist/goMain.js:8803:13)
	at Immediate.<anonymous> (/home/maksim/.vscode-oss/extensions/golang.go-0.52.2-universal/dist/goMain.js:8779:11)
	at process.processImmediate (node:internal/timers:484:21)
2026-05-31 15:11:15.594 [error] [golang.go] provider FAILED
2026-05-31 15:11:15.595 [error] Error: failed to resolve import "permissions/internal/config"
	at handleResponse (/home/maksim/.vscode-oss/extensions/golang.go-0.52.2-universal/dist/goMain.js:8978:40)
	at handleMessage (/home/maksim/.vscode-oss/extensions/golang.go-0.52.2-universal/dist/goMain.js:8788:11)
	at processMessageQueue (/home/maksim/.vscode-oss/extensions/golang.go-0.52.2-universal/dist/goMain.js:8803:13)
	at Immediate.<anonymous> (/home/maksim/.vscode-oss/extensions/golang.go-0.52.2-universal/dist/goMain.js:8779:11)
	at process.processImmediate (node:internal/timers:484:21)
2026-05-31 15:11:15.704 [error] [golang.go] provider FAILED
2026-05-31 15:11:15.704 [error] Error: no package data for import "permissions/internal/config"
	at handleResponse (/home/maksim/.vscode-oss/extensions/golang.go-0.52.2-universal/dist/goMain.js:8978:40)
	at handleMessage (/home/maksim/.vscode-oss/extensions/golang.go-0.52.2-universal/dist/goMain.js:8788:11)
	at processMessageQueue (/home/maksim/.vscode-oss/extensions/golang.go-0.52.2-universal/dist/goMain.js:8803:13)
	at Immediate.<anonymous> (/home/maksim/.vscode-oss/extensions/golang.go-0.52.2-universal/dist/goMain.js:8779:11)
	at process.processImmediate (node:internal/timers:484:21)
2026-05-31 15:11:16.383 [error] [golang.go] provider FAILED
2026-05-31 15:11:16.383 [error] Error: no package data for import "permissions/internal/config"
	at handleResponse (/home/maksim/.vscode-oss/extensions/golang.go-0.52.2-universal/dist/goMain.js:8978:40)
	at handleMessage (/home/maksim/.vscode-oss/extensions/golang.go-0.52.2-universal/dist/goMain.js:8788:11)
	at processMessageQueue (/home/maksim/.vscode-oss/extensions/golang.go-0.52.2-universal/dist/goMain.js:8803:13)
	at Immediate.<anonymous> (/home/maksim/.vscode-oss/extensions/golang.go-0.52.2-universal/dist/goMain.js:8779:11)
	at process.processImmediate (node:internal/timers:484:21)
2026-05-31 15:11:17.557 [error] [golang.go] provider FAILED
2026-05-31 15:11:17.557 [error] Error: failed to resolve import "permissions/internal/config"
	at handleResponse (/home/maksim/.vscode-oss/extensions/golang.go-0.52.2-universal/dist/goMain.js:8978:40)
	at handleMessage (/home/maksim/.vscode-oss/extensions/golang.go-0.52.2-universal/dist/goMain.js:8788:11)
	at processMessageQueue (/home/maksim/.vscode-oss/extensions/golang.go-0.52.2-universal/dist/goMain.js:8803:13)
	at Immediate.<anonymous> (/home/maksim/.vscode-oss/extensions/golang.go-0.52.2-universal/dist/goMain.js:8779:11)
	at process.processImmediate (node:internal/timers:484:21)
2026-05-31 15:11:17.632 [error] [golang.go] provider FAILED
2026-05-31 15:11:17.632 [error] Error: failed to resolve import "permissions/internal/config"
	at handleResponse (/home/maksim/.vscode-oss/extensions/golang.go-0.52.2-universal/dist/goMain.js:8978:40)
	at handleMessage (/home/maksim/.vscode-oss/extensions/golang.go-0.52.2-universal/dist/goMain.js:8788:11)
	at processMessageQueue (/home/maksim/.vscode-oss/extensions/golang.go-0.52.2-universal/dist/goMain.js:8803:13)
	at Immediate.<anonymous> (/home/maksim/.vscode-oss/extensions/golang.go-0.52.2-universal/dist/goMain.js:8779:11)
	at process.processImmediate (node:internal/timers:484:21)
2026-05-31 15:11:22.782 [error] [golang.go] provider FAILED
2026-05-31 15:11:22.782 [error] Error: no package data for import "permissions/internal/storage"
	at handleResponse (/home/maksim/.vscode-oss/extensions/golang.go-0.52.2-universal/dist/goMain.js:8978:40)
	at handleMessage (/home/maksim/.vscode-oss/extensions/golang.go-0.52.2-universal/dist/goMain.js:8788:11)
	at processMessageQueue (/home/maksim/.vscode-oss/extensions/golang.go-0.52.2-universal/dist/goMain.js:8803:13)
	at Immediate.<anonymous> (/home/maksim/.vscode-oss/extensions/golang.go-0.52.2-universal/dist/goMain.js:8779:11)
	at process.processImmediate (node:internal/timers:484:21)
2026-05-31 15:11:23.393 [error] [golang.go] provider FAILED
2026-05-31 15:11:23.393 [error] Error: no package data for import "permissions/internal/storage"
	at handleResponse (/home/maksim/.vscode-oss/extensions/golang.go-0.52.2-universal/dist/goMain.js:8978:40)
	at handleMessage (/home/maksim/.vscode-oss/extensions/golang.go-0.52.2-universal/dist/goMain.js:8788:11)
	at processMessageQueue (/home/maksim/.vscode-oss/extensions/golang.go-0.52.2-universal/dist/goMain.js:8803:13)
	at Immediate.<anonymous> (/home/maksim/.vscode-oss/extensions/golang.go-0.52.2-universal/dist/goMain.js:8779:11)
	at process.processImmediate (node:internal/timers:484:21)
2026-05-31 15:11:23.703 [error] [golang.go] provider FAILED
2026-05-31 15:11:23.703 [error] Error: no package data for import "permissions/internal/storage"
	at handleResponse (/home/maksim/.vscode-oss/extensions/golang.go-0.52.2-universal/dist/goMain.js:8978:40)
	at handleMessage (/home/maksim/.vscode-oss/extensions/golang.go-0.52.2-universal/dist/goMain.js:8788:11)
	at processMessageQueue (/home/maksim/.vscode-oss/extensions/golang.go-0.52.2-universal/dist/goMain.js:8803:13)
	at Immediate.<anonymous> (/home/maksim/.vscode-oss/extensions/golang.go-0.52.2-universal/dist/goMain.js:8779:11)
	at process.processImmediate (node:internal/timers:484:21)
2026-05-31 15:11:24.550 [error] [golang.go] provider FAILED
2026-05-31 15:11:24.550 [error] Error: failed to resolve import "permissions/internal/storage"
	at handleResponse (/home/maksim/.vscode-oss/extensions/golang.go-0.52.2-universal/dist/goMain.js:8978:40)
	at handleMessage (/home/maksim/.vscode-oss/extensions/golang.go-0.52.2-universal/dist/goMain.js:8788:11)
	at processMessageQueue (/home/maksim/.vscode-oss/extensions/golang.go-0.52.2-universal/dist/goMain.js:8803:13)
	at Immediate.<anonymous> (/home/maksim/.vscode-oss/extensions/golang.go-0.52.2-universal/dist/goMain.js:8779:11)
	at process.processImmediate (node:internal/timers:484:21)
2026-05-31 15:11:27.749 [error] [golang.go] provider FAILED
2026-05-31 15:11:27.749 [error] Error: no package data for import "permissions/internal/storage"
	at handleResponse (/home/maksim/.vscode-oss/extensions/golang.go-0.52.2-universal/dist/goMain.js:8978:40)
	at handleMessage (/home/maksim/.vscode-oss/extensions/golang.go-0.52.2-universal/dist/goMain.js:8788:11)
	at processMessageQueue (/home/maksim/.vscode-oss/extensions/golang.go-0.52.2-universal/dist/goMain.js:8803:13)
	at Immediate.<anonymous> (/home/maksim/.vscode-oss/extensions/golang.go-0.52.2-universal/dist/goMain.js:8779:11)
	at process.processImmediate (node:internal/timers:484:21)
2026-05-31 15:11:28.143 [error] [golang.go] provider FAILED
2026-05-31 15:11:28.143 [error] Error: no package data for import "permissions/internal/lib/logger/sl"
	at handleResponse (/home/maksim/.vscode-oss/extensions/golang.go-0.52.2-universal/dist/goMain.js:8978:40)
	at handleMessage (/home/maksim/.vscode-oss/extensions/golang.go-0.52.2-universal/dist/goMain.js:8788:11)
	at processMessageQueue (/home/maksim/.vscode-oss/extensions/golang.go-0.52.2-universal/dist/goMain.js:8803:13)
	at Immediate.<anonymous> (/home/maksim/.vscode-oss/extensions/golang.go-0.52.2-universal/dist/goMain.js:8779:11)
	at process.processImmediate (node:internal/timers:484:21)
2026-05-31 15:11:28.625 [error] [golang.go] provider FAILED
2026-05-31 15:11:28.625 [error] Error: no package data for import "permissions/internal/lib/logger/sl"
	at handleResponse (/home/maksim/.vscode-oss/extensions/golang.go-0.52.2-universal/dist/goMain.js:8978:40)
	at handleMessage (/home/maksim/.vscode-oss/extensions/golang.go-0.52.2-universal/dist/goMain.js:8788:11)
	at processMessageQueue (/home/maksim/.vscode-oss/extensions/golang.go-0.52.2-universal/dist/goMain.js:8803:13)
	at Immediate.<anonymous> (/home/maksim/.vscode-oss/extensions/golang.go-0.52.2-universal/dist/goMain.js:8779:11)
	at process.processImmediate (node:internal/timers:484:21)
2026-05-31 15:11:29.832 [error] [golang.go] provider FAILED
2026-05-31 15:11:29.832 [error] Error: failed to resolve import "permissions/internal/lib/logger/sl"
	at handleResponse (/home/maksim/.vscode-oss/extensions/golang.go-0.52.2-universal/dist/goMain.js:8978:40)
	at handleMessage (/home/maksim/.vscode-oss/extensions/golang.go-0.52.2-universal/dist/goMain.js:8788:11)
	at processMessageQueue (/home/maksim/.vscode-oss/extensions/golang.go-0.52.2-universal/dist/goMain.js:8803:13)
	at Immediate.<anonymous> (/home/maksim/.vscode-oss/extensions/golang.go-0.52.2-universal/dist/goMain.js:8779:11)
	at process.processImmediate (node:internal/timers:484:21)
2026-05-31 15:11:29.965 [error] [golang.go] provider FAILED
2026-05-31 15:11:29.965 [error] Error: failed to resolve import "permissions/internal/storage"
	at handleResponse (/home/maksim/.vscode-oss/extensions/golang.go-0.52.2-universal/dist/goMain.js:8978:40)
	at handleMessage (/home/maksim/.vscode-oss/extensions/golang.go-0.52.2-universal/dist/goMain.js:8788:11)
	at processMessageQueue (/home/maksim/.vscode-oss/extensions/golang.go-0.52.2-universal/dist/goMain.js:8803:13)
	at Immediate.<anonymous> (/home/maksim/.vscode-oss/extensions/golang.go-0.52.2-universal/dist/goMain.js:8779:11)
	at process.processImmediate (node:internal/timers:484:21)
2026-05-31 15:11:30.035 [error] [golang.go] provider FAILED
2026-05-31 15:11:30.035 [error] Error: failed to resolve import "permissions/internal/storage"
	at handleResponse (/home/maksim/.vscode-oss/extensions/golang.go-0.52.2-universal/dist/goMain.js:8978:40)
	at handleMessage (/home/maksim/.vscode-oss/extensions/golang.go-0.52.2-universal/dist/goMain.js:8788:11)
	at processMessageQueue (/home/maksim/.vscode-oss/extensions/golang.go-0.52.2-universal/dist/goMain.js:8803:13)
	at Immediate.<anonymous> (/home/maksim/.vscode-oss/extensions/golang.go-0.52.2-universal/dist/goMain.js:8779:11)
	at process.processImmediate (node:internal/timers:484:21)
2026-05-31 15:11:30.365 [error] [golang.go] provider FAILED
2026-05-31 15:11:30.365 [error] Error: no package data for import "permissions/internal/storage"
	at handleResponse (/home/maksim/.vscode-oss/extensions/golang.go-0.52.2-universal/dist/goMain.js:8978:40)
	at handleMessage (/home/maksim/.vscode-oss/extensions/golang.go-0.52.2-universal/dist/goMain.js:8788:11)
	at processMessageQueue (/home/maksim/.vscode-oss/extensions/golang.go-0.52.2-universal/dist/goMain.js:8803:13)
	at Immediate.<anonymous> (/home/maksim/.vscode-oss/extensions/golang.go-0.52.2-universal/dist/goMain.js:8779:11)
	at process.processImmediate (node:internal/timers:484:21)
2026-05-31 15:11:31.928 [error] [golang.go] provider FAILED
2026-05-31 15:11:31.928 [error] Error: failed to resolve import "permissions/internal/storage"
	at handleResponse (/home/maksim/.vscode-oss/extensions/golang.go-0.52.2-universal/dist/goMain.js:8978:40)
	at handleMessage (/home/maksim/.vscode-oss/extensions/golang.go-0.52.2-universal/dist/goMain.js:8788:11)
	at processMessageQueue (/home/maksim/.vscode-oss/extensions/golang.go-0.52.2-universal/dist/goMain.js:8803:13)
	at Immediate.<anonymous> (/home/maksim/.vscode-oss/extensions/golang.go-0.52.2-universal/dist/goMain.js:8779:11)
	at process.processImmediate (node:internal/timers:484:21)
2026-05-31 15:11:33.716 [error] [golang.go] provider FAILED
2026-05-31 15:11:33.716 [error] Error: no package data for import "permissions/internal/services/permissions"
	at handleResponse (/home/maksim/.vscode-oss/extensions/golang.go-0.52.2-universal/dist/goMain.js:8978:40)
	at handleMessage (/home/maksim/.vscode-oss/extensions/golang.go-0.52.2-universal/dist/goMain.js:8788:11)
	at processMessageQueue (/home/maksim/.vscode-oss/extensions/golang.go-0.52.2-universal/dist/goMain.js:8803:13)
	at Immediate.<anonymous> (/home/maksim/.vscode-oss/extensions/golang.go-0.52.2-universal/dist/goMain.js:8779:11)
	at process.processImmediate (node:internal/timers:484:21)
2026-05-31 15:11:33.932 [error] [golang.go] provider FAILED
2026-05-31 15:11:33.932 [error] Error: no package data for import "permissions/gen/go/permissions"
	at handleResponse (/home/maksim/.vscode-oss/extensions/golang.go-0.52.2-universal/dist/goMain.js:8978:40)
	at handleMessage (/home/maksim/.vscode-oss/extensions/golang.go-0.52.2-universal/dist/goMain.js:8788:11)
	at processMessageQueue (/home/maksim/.vscode-oss/extensions/golang.go-0.52.2-universal/dist/goMain.js:8803:13)
	at Immediate.<anonymous> (/home/maksim/.vscode-oss/extensions/golang.go-0.52.2-universal/dist/goMain.js:8779:11)
	at process.processImmediate (node:internal/timers:484:21)
2026-05-31 15:11:35.285 [error] [golang.go] provider FAILED
2026-05-31 15:11:35.285 [error] Error: failed to resolve import "permissions/gen/go/permissions"
	at handleResponse (/home/maksim/.vscode-oss/extensions/golang.go-0.52.2-universal/dist/goMain.js:8978:40)
	at handleMessage (/home/maksim/.vscode-oss/extensions/golang.go-0.52.2-universal/dist/goMain.js:8788:11)
	at processMessageQueue (/home/maksim/.vscode-oss/extensions/golang.go-0.52.2-universal/dist/goMain.js:8803:13)
	at Immediate.<anonymous> (/home/maksim/.vscode-oss/extensions/golang.go-0.52.2-universal/dist/goMain.js:8779:11)
	at process.processImmediate (node:internal/timers:484:21)
2026-05-31 15:11:35.345 [error] [golang.go] provider FAILED
2026-05-31 15:11:35.345 [error] Error: failed to resolve import "permissions/internal/services/permissions"
	at handleResponse (/home/maksim/.vscode-oss/extensions/golang.go-0.52.2-universal/dist/goMain.js:8978:40)
	at handleMessage (/home/maksim/.vscode-oss/extensions/golang.go-0.52.2-universal/dist/goMain.js:8788:11)
	at processMessageQueue (/home/maksim/.vscode-oss/extensions/golang.go-0.52.2-universal/dist/goMain.js:8803:13)
	at Immediate.<anonymous> (/home/maksim/.vscode-oss/extensions/golang.go-0.52.2-universal/dist/goMain.js:8779:11)
	at process.processImmediate (node:internal/timers:484:21)
2026-05-31 15:11:35.347 [error] [golang.go] provider FAILED
2026-05-31 15:11:35.347 [error] Error: failed to resolve import "permissions/internal/services/permissions"
	at handleResponse (/home/maksim/.vscode-oss/extensions/golang.go-0.52.2-universal/dist/goMain.js:8978:40)
	at handleMessage (/home/maksim/.vscode-oss/extensions/golang.go-0.52.2-universal/dist/goMain.js:8788:11)
	at processMessageQueue (/home/maksim/.vscode-oss/extensions/golang.go-0.52.2-universal/dist/goMain.js:8803:13)
	at Immediate.<anonymous> (/home/maksim/.vscode-oss/extensions/golang.go-0.52.2-universal/dist/goMain.js:8779:11)
	at process.processImmediate (node:internal/timers:484:21)
2026-05-31 15:11:35.463 [error] [golang.go] provider FAILED
2026-05-31 15:11:35.463 [error] Error: failed to resolve import "permissions/internal/services/permissions"
	at handleResponse (/home/maksim/.vscode-oss/extensions/golang.go-0.52.2-universal/dist/goMain.js:8978:40)
	at handleMessage (/home/maksim/.vscode-oss/extensions/golang.go-0.52.2-universal/dist/goMain.js:8788:11)
	at processMessageQueue (/home/maksim/.vscode-oss/extensions/golang.go-0.52.2-universal/dist/goMain.js:8803:13)
	at Immediate.<anonymous> (/home/maksim/.vscode-oss/extensions/golang.go-0.52.2-universal/dist/goMain.js:8779:11)
	at process.processImmediate (node:internal/timers:484:21)
2026-05-31 15:11:35.601 [error] [golang.go] provider FAILED
2026-05-31 15:11:35.601 [error] Error: no package data for import "permissions/internal/services/permissions"
	at handleResponse (/home/maksim/.vscode-oss/extensions/golang.go-0.52.2-universal/dist/goMain.js:8978:40)
	at handleMessage (/home/maksim/.vscode-oss/extensions/golang.go-0.52.2-universal/dist/goMain.js:8788:11)
	at processMessageQueue (/home/maksim/.vscode-oss/extensions/golang.go-0.52.2-universal/dist/goMain.js:8803:13)
	at Immediate.<anonymous> (/home/maksim/.vscode-oss/extensions/golang.go-0.52.2-universal/dist/goMain.js:8779:11)
	at process.processImmediate (node:internal/timers:484:21)
2026-05-31 15:11:36.865 [error] [golang.go] provider FAILED
2026-05-31 15:11:36.865 [error] Error: failed to resolve import "permissions/internal/services/permissions"
	at handleResponse (/home/maksim/.vscode-oss/extensions/golang.go-0.52.2-universal/dist/goMain.js:8978:40)
	at handleMessage (/home/maksim/.vscode-oss/extensions/golang.go-0.52.2-universal/dist/goMain.js:8788:11)
	at processMessageQueue (/home/maksim/.vscode-oss/extensions/golang.go-0.52.2-universal/dist/goMain.js:8803:13)
	at Immediate.<anonymous> (/home/maksim/.vscode-oss/extensions/golang.go-0.52.2-universal/dist/goMain.js:8779:11)
	at process.processImmediate (node:internal/timers:484:21)
2026-05-31 15:11:39.682 [error] [golang.go] provider FAILED
2026-05-31 15:11:39.682 [error] Error: no package data for import "permissions/internal/app/grpc"
	at handleResponse (/home/maksim/.vscode-oss/extensions/golang.go-0.52.2-universal/dist/goMain.js:8978:40)
	at handleMessage (/home/maksim/.vscode-oss/extensions/golang.go-0.52.2-universal/dist/goMain.js:8788:11)
	at processMessageQueue (/home/maksim/.vscode-oss/extensions/golang.go-0.52.2-universal/dist/goMain.js:8803:13)
	at Immediate.<anonymous> (/home/maksim/.vscode-oss/extensions/golang.go-0.52.2-universal/dist/goMain.js:8779:11)
	at process.processImmediate (node:internal/timers:484:21)
2026-05-31 15:11:40.787 [error] [golang.go] provider FAILED
2026-05-31 15:11:40.787 [error] Error: failed to resolve import "permissions/internal/app/grpc"
	at handleResponse (/home/maksim/.vscode-oss/extensions/golang.go-0.52.2-universal/dist/goMain.js:8978:40)
	at handleMessage (/home/maksim/.vscode-oss/extensions/golang.go-0.52.2-universal/dist/goMain.js:8788:11)
	at processMessageQueue (/home/maksim/.vscode-oss/extensions/golang.go-0.52.2-universal/dist/goMain.js:8803:13)
	at Immediate.<anonymous> (/home/maksim/.vscode-oss/extensions/golang.go-0.52.2-universal/dist/goMain.js:8779:11)
	at process.processImmediate (node:internal/timers:484:21)
2026-05-31 15:11:40.841 [error] [golang.go] provider FAILED
2026-05-31 15:11:40.841 [error] Error: failed to resolve import "permissions/internal/app/grpc"
	at handleResponse (/home/maksim/.vscode-oss/extensions/golang.go-0.52.2-universal/dist/goMain.js:8978:40)
	at handleMessage (/home/maksim/.vscode-oss/extensions/golang.go-0.52.2-universal/dist/goMain.js:8788:11)
	at processMessageQueue (/home/maksim/.vscode-oss/extensions/golang.go-0.52.2-universal/dist/goMain.js:8803:13)
	at Immediate.<anonymous> (/home/maksim/.vscode-oss/extensions/golang.go-0.52.2-universal/dist/goMain.js:8779:11)
	at process.processImmediate (node:internal/timers:484:21)
2026-05-31 15:11:40.873 [error] [golang.go] provider FAILED
2026-05-31 15:11:40.873 [error] Error: context canceled
	at handleResponse (/home/maksim/.vscode-oss/extensions/golang.go-0.52.2-universal/dist/goMain.js:8978:40)
	at handleMessage (/home/maksim/.vscode-oss/extensions/golang.go-0.52.2-universal/dist/goMain.js:8788:11)
	at processMessageQueue (/home/maksim/.vscode-oss/extensions/golang.go-0.52.2-universal/dist/goMain.js:8803:13)
	at Immediate.<anonymous> (/home/maksim/.vscode-oss/extensions/golang.go-0.52.2-universal/dist/goMain.js:8779:11)
	at process.processImmediate (node:internal/timers:484:21)
2026-05-31 15:11:40.959 [error] [golang.go] provider FAILED
2026-05-31 15:11:40.959 [error] Error: failed to resolve import "permissions/internal/services/permissions"
	at handleResponse (/home/maksim/.vscode-oss/extensions/golang.go-0.52.2-universal/dist/goMain.js:8978:40)
	at handleMessage (/home/maksim/.vscode-oss/extensions/golang.go-0.52.2-universal/dist/goMain.js:8788:11)
	at processMessageQueue (/home/maksim/.vscode-oss/extensions/golang.go-0.52.2-universal/dist/goMain.js:8803:13)
	at Immediate.<anonymous> (/home/maksim/.vscode-oss/extensions/golang.go-0.52.2-universal/dist/goMain.js:8779:11)
	at process.processImmediate (node:internal/timers:484:21)
2026-05-31 15:11:41.033 [error] [golang.go] provider FAILED
2026-05-31 15:11:41.033 [error] Error: no package data for import "permissions/internal/services/permissions"
	at handleResponse (/home/maksim/.vscode-oss/extensions/golang.go-0.52.2-universal/dist/goMain.js:8978:40)
	at handleMessage (/home/maksim/.vscode-oss/extensions/golang.go-0.52.2-universal/dist/goMain.js:8788:11)
	at processMessageQueue (/home/maksim/.vscode-oss/extensions/golang.go-0.52.2-universal/dist/goMain.js:8803:13)
	at Immediate.<anonymous> (/home/maksim/.vscode-oss/extensions/golang.go-0.52.2-universal/dist/goMain.js:8779:11)
	at process.processImmediate (node:internal/timers:484:21)
2026-05-31 15:11:41.449 [error] [golang.go] provider FAILED
2026-05-31 15:11:41.449 [error] Error: no package data for import "permissions/internal/services/permissions"
	at handleResponse (/home/maksim/.vscode-oss/extensions/golang.go-0.52.2-universal/dist/goMain.js:8978:40)
	at handleMessage (/home/maksim/.vscode-oss/extensions/golang.go-0.52.2-universal/dist/goMain.js:8788:11)
	at processMessageQueue (/home/maksim/.vscode-oss/extensions/golang.go-0.52.2-universal/dist/goMain.js:8803:13)
	at Immediate.<anonymous> (/home/maksim/.vscode-oss/extensions/golang.go-0.52.2-universal/dist/goMain.js:8779:11)
	at process.processImmediate (node:internal/timers:484:21)
2026-05-31 15:11:42.589 [error] [golang.go] provider FAILED
2026-05-31 15:11:42.589 [error] Error: failed to resolve import "permissions/internal/services/permissions"
	at handleResponse (/home/maksim/.vscode-oss/extensions/golang.go-0.52.2-universal/dist/goMain.js:8978:40)
	at handleMessage (/home/maksim/.vscode-oss/extensions/golang.go-0.52.2-universal/dist/goMain.js:8788:11)
	at processMessageQueue (/home/maksim/.vscode-oss/extensions/golang.go-0.52.2-universal/dist/goMain.js:8803:13)
	at Immediate.<anonymous> (/home/maksim/.vscode-oss/extensions/golang.go-0.52.2-universal/dist/goMain.js:8779:11)
	at process.processImmediate (node:internal/timers:484:21)
2026-05-31 15:11:42.885 [error] [golang.go] provider FAILED
2026-05-31 15:11:42.885 [error] Error: failed to resolve import "permissions/internal/storage/postgresql"
	at handleResponse (/home/maksim/.vscode-oss/extensions/golang.go-0.52.2-universal/dist/goMain.js:8978:40)
	at handleMessage (/home/maksim/.vscode-oss/extensions/golang.go-0.52.2-universal/dist/goMain.js:8788:11)
	at processMessageQueue (/home/maksim/.vscode-oss/extensions/golang.go-0.52.2-universal/dist/goMain.js:8803:13)
	at Immediate.<anonymous> (/home/maksim/.vscode-oss/extensions/golang.go-0.52.2-universal/dist/goMain.js:8779:11)
	at process.processImmediate (node:internal/timers:484:21)
2026-05-31 15:11:42.923 [error] [golang.go] provider FAILED
2026-05-31 15:11:42.923 [error] Error: failed to resolve import "permissions/internal/storage/postgresql"
	at handleResponse (/home/maksim/.vscode-oss/extensions/golang.go-0.52.2-universal/dist/goMain.js:8978:40)
	at handleMessage (/home/maksim/.vscode-oss/extensions/golang.go-0.52.2-universal/dist/goMain.js:8788:11)
	at processMessageQueue (/home/maksim/.vscode-oss/extensions/golang.go-0.52.2-universal/dist/goMain.js:8803:13)
	at Immediate.<anonymous> (/home/maksim/.vscode-oss/extensions/golang.go-0.52.2-universal/dist/goMain.js:8779:11)
	at process.processImmediate (node:internal/timers:484:21)
2026-05-31 15:11:43.098 [error] [golang.go] provider FAILED
2026-05-31 15:11:43.098 [error] Error: no package data for import "permissions/internal/storage/postgresql"
	at handleResponse (/home/maksim/.vscode-oss/extensions/golang.go-0.52.2-universal/dist/goMain.js:8978:40)
	at handleMessage (/home/maksim/.vscode-oss/extensions/golang.go-0.52.2-universal/dist/goMain.js:8788:11)
	at processMessageQueue (/home/maksim/.vscode-oss/extensions/golang.go-0.52.2-universal/dist/goMain.js:8803:13)
	at Immediate.<anonymous> (/home/maksim/.vscode-oss/extensions/golang.go-0.52.2-universal/dist/goMain.js:8779:11)
	at process.processImmediate (node:internal/timers:484:21)
2026-05-31 15:11:43.348 [error] [golang.go] provider FAILED
2026-05-31 15:11:43.348 [error] Error: no package data for import "permissions/internal/storage/postgresql"
	at handleResponse (/home/maksim/.vscode-oss/extensions/golang.go-0.52.2-universal/dist/goMain.js:8978:40)
	at handleMessage (/home/maksim/.vscode-oss/extensions/golang.go-0.52.2-universal/dist/goMain.js:8788:11)
	at processMessageQueue (/home/maksim/.vscode-oss/extensions/golang.go-0.52.2-universal/dist/goMain.js:8803:13)
	at Immediate.<anonymous> (/home/maksim/.vscode-oss/extensions/golang.go-0.52.2-universal/dist/goMain.js:8779:11)
	at process.processImmediate (node:internal/timers:484:21)
2026-05-31 15:11:44.281 [error] [golang.go] provider FAILED
2026-05-31 15:11:44.281 [error] Error: no package data for import "permissions/internal/storage/postgresql"
	at handleResponse (/home/maksim/.vscode-oss/extensions/golang.go-0.52.2-universal/dist/goMain.js:8978:40)
	at handleMessage (/home/maksim/.vscode-oss/extensions/golang.go-0.52.2-universal/dist/goMain.js:8788:11)
	at processMessageQueue (/home/maksim/.vscode-oss/extensions/golang.go-0.52.2-universal/dist/goMain.js:8803:13)
	at Immediate.<anonymous> (/home/maksim/.vscode-oss/extensions/golang.go-0.52.2-universal/dist/goMain.js:8779:11)
	at process.processImmediate (node:internal/timers:484:21)
2026-05-31 15:11:58.617 [error] [golang.go] provider FAILED
2026-05-31 15:11:58.617 [error] Error: context canceled
	at handleResponse (/home/maksim/.vscode-oss/extensions/golang.go-0.52.2-universal/dist/goMain.js:8978:40)
	at handleMessage (/home/maksim/.vscode-oss/extensions/golang.go-0.52.2-universal/dist/goMain.js:8788:11)
	at processMessageQueue (/home/maksim/.vscode-oss/extensions/golang.go-0.52.2-universal/dist/goMain.js:8803:13)
	at Immediate.<anonymous> (/home/maksim/.vscode-oss/extensions/golang.go-0.52.2-universal/dist/goMain.js:8779:11)
	at process.processImmediate (node:internal/timers:484:21)
2026-05-31 15:12:14.187 [error] [golang.go] provider FAILED
2026-05-31 15:12:14.187 [error] Error: /home/maksim/Projects/Go/Project/permissions/go.mod:2: unknown directive: r
	at handleResponse (/home/maksim/.vscode-oss/extensions/golang.go-0.52.2-universal/dist/goMain.js:8978:40)
	at handleMessage (/home/maksim/.vscode-oss/extensions/golang.go-0.52.2-universal/dist/goMain.js:8788:11)
	at processMessageQueue (/home/maksim/.vscode-oss/extensions/golang.go-0.52.2-universal/dist/goMain.js:8803:13)
	at Immediate.<anonymous> (/home/maksim/.vscode-oss/extensions/golang.go-0.52.2-universal/dist/goMain.js:8779:11)
	at process.processImmediate (node:internal/timers:484:21)
2026-05-31 15:12:14.312 [error] [golang.go] provider FAILED
2026-05-31 15:12:14.313 [error] Error: /home/maksim/Projects/Go/Project/permissions/go.mod:2: unknown directive: re
	at handleResponse (/home/maksim/.vscode-oss/extensions/golang.go-0.52.2-universal/dist/goMain.js:8978:40)
	at handleMessage (/home/maksim/.vscode-oss/extensions/golang.go-0.52.2-universal/dist/goMain.js:8788:11)
	at processMessageQueue (/home/maksim/.vscode-oss/extensions/golang.go-0.52.2-universal/dist/goMain.js:8803:13)
	at Immediate.<anonymous> (/home/maksim/.vscode-oss/extensions/golang.go-0.52.2-universal/dist/goMain.js:8779:11)
	at process.processImmediate (node:internal/timers:484:21)
2026-05-31 15:12:14.467 [error] [golang.go] provider FAILED
2026-05-31 15:12:14.467 [error] Error: /home/maksim/Projects/Go/Project/permissions/go.mod:2: unknown directive: rep
	at handleResponse (/home/maksim/.vscode-oss/extensions/golang.go-0.52.2-universal/dist/goMain.js:8978:40)
	at handleMessage (/home/maksim/.vscode-oss/extensions/golang.go-0.52.2-universal/dist/goMain.js:8788:11)
	at processMessageQueue (/home/maksim/.vscode-oss/extensions/golang.go-0.52.2-universal/dist/goMain.js:8803:13)
	at Immediate.<anonymous> (/home/maksim/.vscode-oss/extensions/golang.go-0.52.2-universal/dist/goMain.js:8779:11)
	at process.processImmediate (node:internal/timers:484:21)
2026-05-31 15:12:14.626 [error] [golang.go] provider FAILED
2026-05-31 15:12:14.627 [error] Error: /home/maksim/Projects/Go/Project/permissions/go.mod:2: unknown directive: repl
	at handleResponse (/home/maksim/.vscode-oss/extensions/golang.go-0.52.2-universal/dist/goMain.js:8978:40)
	at handleMessage (/home/maksim/.vscode-oss/extensions/golang.go-0.52.2-universal/dist/goMain.js:8788:11)
	at processMessageQueue (/home/maksim/.vscode-oss/extensions/golang.go-0.52.2-universal/dist/goMain.js:8803:13)
	at Immediate.<anonymous> (/home/maksim/.vscode-oss/extensions/golang.go-0.52.2-universal/dist/goMain.js:8779:11)
	at process.processImmediate (node:internal/timers:484:21)
2026-05-31 15:12:14.747 [error] [golang.go] provider FAILED
2026-05-31 15:12:14.747 [error] Error: /home/maksim/Projects/Go/Project/permissions/go.mod:2: unknown directive: repla
	at handleResponse (/home/maksim/.vscode-oss/extensions/golang.go-0.52.2-universal/dist/goMain.js:8978:40)
	at handleMessage (/home/maksim/.vscode-oss/extensions/golang.go-0.52.2-universal/dist/goMain.js:8788:11)
	at processMessageQueue (/home/maksim/.vscode-oss/extensions/golang.go-0.52.2-universal/dist/goMain.js:8803:13)
	at Immediate.<anonymous> (/home/maksim/.vscode-oss/extensions/golang.go-0.52.2-universal/dist/goMain.js:8779:11)
	at process.processImmediate (node:internal/timers:484:21)
2026-05-31 15:12:15.017 [error] [golang.go] provider FAILED
2026-05-31 15:12:15.017 [error] Error: /home/maksim/Projects/Go/Project/permissions/go.mod:2: unknown directive: replac
	at handleResponse (/home/maksim/.vscode-oss/extensions/golang.go-0.52.2-universal/dist/goMain.js:8978:40)
	at handleMessage (/home/maksim/.vscode-oss/extensions/golang.go-0.52.2-universal/dist/goMain.js:8788:11)
	at processMessageQueue (/home/maksim/.vscode-oss/extensions/golang.go-0.52.2-universal/dist/goMain.js:8803:13)
	at Immediate.<anonymous> (/home/maksim/.vscode-oss/extensions/golang.go-0.52.2-universal/dist/goMain.js:8779:11)
	at process.processImmediate (node:internal/timers:484:21)
2026-05-31 15:12:15.186 [error] [golang.go] provider FAILED
2026-05-31 15:12:15.186 [error] Error: /home/maksim/Projects/Go/Project/permissions/go.mod:2: usage: replace module/path [v1.2.3] => other/module v1.4
	 or replace module/path [v1.2.3] => ../local/directory
	at handleResponse (/home/maksim/.vscode-oss/extensions/golang.go-0.52.2-universal/dist/goMain.js:8978:40)
	at handleMessage (/home/maksim/.vscode-oss/extensions/golang.go-0.52.2-universal/dist/goMain.js:8788:11)
	at processMessageQueue (/home/maksim/.vscode-oss/extensions/golang.go-0.52.2-universal/dist/goMain.js:8803:13)
	at Immediate.<anonymous> (/home/maksim/.vscode-oss/extensions/golang.go-0.52.2-universal/dist/goMain.js:8779:11)
	at process.processImmediate (node:internal/timers:484:21)
2026-05-31 15:12:15.340 [error] [golang.go] provider FAILED
2026-05-31 15:12:15.340 [error] Error: /home/maksim/Projects/Go/Project/permissions/go.mod:2: usage: replace module/path [v1.2.3] => other/module v1.4
	 or replace module/path [v1.2.3] => ../local/directory
	at handleResponse (/home/maksim/.vscode-oss/extensions/golang.go-0.52.2-universal/dist/goMain.js:8978:40)
	at handleMessage (/home/maksim/.vscode-oss/extensions/golang.go-0.52.2-universal/dist/goMain.js:8788:11)
	at processMessageQueue (/home/maksim/.vscode-oss/extensions/golang.go-0.52.2-universal/dist/goMain.js:8803:13)
	at Immediate.<anonymous> (/home/maksim/.vscode-oss/extensions/golang.go-0.52.2-universal/dist/goMain.js:8779:11)
	at process.processImmediate (node:internal/timers:484:21)
2026-05-31 15:12:16.116 [error] [golang.go] provider FAILED
2026-05-31 15:12:16.116 [error] Error: /home/maksim/Projects/Go/Project/permissions/go.mod:2: usage: replace module/path [v1.2.3] => other/module v1.4
	 or replace module/path [v1.2.3] => ../local/directory
	at handleResponse (/home/maksim/.vscode-oss/extensions/golang.go-0.52.2-universal/dist/goMain.js:8978:40)
	at handleMessage (/home/maksim/.vscode-oss/extensions/golang.go-0.52.2-universal/dist/goMain.js:8788:11)
	at processMessageQueue (/home/maksim/.vscode-oss/extensions/golang.go-0.52.2-universal/dist/goMain.js:8803:13)
	at Immediate.<anonymous> (/home/maksim/.vscode-oss/extensions/golang.go-0.52.2-universal/dist/goMain.js:8779:11)
	at process.processImmediate (node:internal/timers:484:21)
2026-05-31 15:12:16.288 [error] [golang.go] provider FAILED
2026-05-31 15:12:16.288 [error] Error: /home/maksim/Projects/Go/Project/permissions/go.mod:2: usage: replace module/path [v1.2.3] => other/module v1.4
	 or replace module/path [v1.2.3] => ../local/directory
	at handleResponse (/home/maksim/.vscode-oss/extensions/golang.go-0.52.2-universal/dist/goMain.js:8978:40)
	at handleMessage (/home/maksim/.vscode-oss/extensions/golang.go-0.52.2-universal/dist/goMain.js:8788:11)
	at processMessageQueue (/home/maksim/.vscode-oss/extensions/golang.go-0.52.2-universal/dist/goMain.js:8803:13)
	at Immediate.<anonymous> (/home/maksim/.vscode-oss/extensions/golang.go-0.52.2-universal/dist/goMain.js:8779:11)
	at process.processImmediate (node:internal/timers:484:21)
2026-05-31 15:12:16.366 [error] [golang.go] provider FAILED
2026-05-31 15:12:16.366 [error] Error: /home/maksim/Projects/Go/Project/permissions/go.mod:2: usage: replace module/path [v1.2.3] => other/module v1.4
	 or replace module/path [v1.2.3] => ../local/directory
	at handleResponse (/home/maksim/.vscode-oss/extensions/golang.go-0.52.2-universal/dist/goMain.js:8978:40)
	at handleMessage (/home/maksim/.vscode-oss/extensions/golang.go-0.52.2-universal/dist/goMain.js:8788:11)
	at processMessageQueue (/home/maksim/.vscode-oss/extensions/golang.go-0.52.2-universal/dist/goMain.js:8803:13)
	at Immediate.<anonymous> (/home/maksim/.vscode-oss/extensions/golang.go-0.52.2-universal/dist/goMain.js:8779:11)
	at process.processImmediate (node:internal/timers:484:21)
2026-05-31 15:12:16.547 [error] [golang.go] provider FAILED
2026-05-31 15:12:16.547 [error] Error: /home/maksim/Projects/Go/Project/permissions/go.mod:2: usage: replace module/path [v1.2.3] => other/module v1.4
	 or replace module/path [v1.2.3] => ../local/directory
	at handleResponse (/home/maksim/.vscode-oss/extensions/golang.go-0.52.2-universal/dist/goMain.js:8978:40)
	at handleMessage (/home/maksim/.vscode-oss/extensions/golang.go-0.52.2-universal/dist/goMain.js:8788:11)
	at processMessageQueue (/home/maksim/.vscode-oss/extensions/golang.go-0.52.2-universal/dist/goMain.js:8803:13)
	at Immediate.<anonymous> (/home/maksim/.vscode-oss/extensions/golang.go-0.52.2-universal/dist/goMain.js:8779:11)
	at process.processImmediate (node:internal/timers:484:21)
2026-05-31 15:12:16.701 [error] [golang.go] provider FAILED
2026-05-31 15:12:16.701 [error] Error: /home/maksim/Projects/Go/Project/permissions/go.mod:2: usage: replace module/path [v1.2.3] => other/module v1.4
	 or replace module/path [v1.2.3] => ../local/directory
	at handleResponse (/home/maksim/.vscode-oss/extensions/golang.go-0.52.2-universal/dist/goMain.js:8978:40)
	at handleMessage (/home/maksim/.vscode-oss/extensions/golang.go-0.52.2-universal/dist/goMain.js:8788:11)
	at processMessageQueue (/home/maksim/.vscode-oss/extensions/golang.go-0.52.2-universal/dist/goMain.js:8803:13)
	at Immediate.<anonymous> (/home/maksim/.vscode-oss/extensions/golang.go-0.52.2-universal/dist/goMain.js:8779:11)
	at process.processImmediate (node:internal/timers:484:21)
2026-05-31 15:12:16.920 [error] [golang.go] provider FAILED
2026-05-31 15:12:16.921 [error] Error: /home/maksim/Projects/Go/Project/permissions/go.mod:2: usage: replace module/path [v1.2.3] => other/module v1.4
	 or replace module/path [v1.2.3] => ../local/directory
	at handleResponse (/home/maksim/.vscode-oss/extensions/golang.go-0.52.2-universal/dist/goMain.js:8978:40)
	at handleMessage (/home/maksim/.vscode-oss/extensions/golang.go-0.52.2-universal/dist/goMain.js:8788:11)
	at processMessageQueue (/home/maksim/.vscode-oss/extensions/golang.go-0.52.2-universal/dist/goMain.js:8803:13)
	at Immediate.<anonymous> (/home/maksim/.vscode-oss/extensions/golang.go-0.52.2-universal/dist/goMain.js:8779:11)
	at process.processImmediate (node:internal/timers:484:21)
2026-05-31 15:12:17.153 [error] [golang.go] provider FAILED
2026-05-31 15:12:17.153 [error] Error: /home/maksim/Projects/Go/Project/permissions/go.mod:2: usage: replace module/path [v1.2.3] => other/module v1.4
	 or replace module/path [v1.2.3] => ../local/directory
	at handleResponse (/home/maksim/.vscode-oss/extensions/golang.go-0.52.2-universal/dist/goMain.js:8978:40)
	at handleMessage (/home/maksim/.vscode-oss/extensions/golang.go-0.52.2-universal/dist/goMain.js:8788:11)
	at processMessageQueue (/home/maksim/.vscode-oss/extensions/golang.go-0.52.2-universal/dist/goMain.js:8803:13)
	at Immediate.<anonymous> (/home/maksim/.vscode-oss/extensions/golang.go-0.52.2-universal/dist/goMain.js:8779:11)
	at process.processImmediate (node:internal/timers:484:21)
2026-05-31 15:12:17.281 [error] [golang.go] provider FAILED
2026-05-31 15:12:17.281 [error] Error: /home/maksim/Projects/Go/Project/permissions/go.mod:2: usage: replace module/path [v1.2.3] => other/module v1.4
	 or replace module/path [v1.2.3] => ../local/directory
	at handleResponse (/home/maksim/.vscode-oss/extensions/golang.go-0.52.2-universal/dist/goMain.js:8978:40)
	at handleMessage (/home/maksim/.vscode-oss/extensions/golang.go-0.52.2-universal/dist/goMain.js:8788:11)
	at processMessageQueue (/home/maksim/.vscode-oss/extensions/golang.go-0.52.2-universal/dist/goMain.js:8803:13)
	at Immediate.<anonymous> (/home/maksim/.vscode-oss/extensions/golang.go-0.52.2-universal/dist/goMain.js:8779:11)
	at process.processImmediate (node:internal/timers:484:21)
2026-05-31 15:12:17.388 [error] [golang.go] provider FAILED
2026-05-31 15:12:17.388 [error] Error: /home/maksim/Projects/Go/Project/permissions/go.mod:2: usage: replace module/path [v1.2.3] => other/module v1.4
	 or replace module/path [v1.2.3] => ../local/directory
	at handleResponse (/home/maksim/.vscode-oss/extensions/golang.go-0.52.2-universal/dist/goMain.js:8978:40)
	at handleMessage (/home/maksim/.vscode-oss/extensions/golang.go-0.52.2-universal/dist/goMain.js:8788:11)
	at processMessageQueue (/home/maksim/.vscode-oss/extensions/golang.go-0.52.2-universal/dist/goMain.js:8803:13)
	at Immediate.<anonymous> (/home/maksim/.vscode-oss/extensions/golang.go-0.52.2-universal/dist/goMain.js:8779:11)
	at process.processImmediate (node:internal/timers:484:21)
2026-05-31 15:12:17.541 [error] [golang.go] provider FAILED
2026-05-31 15:12:17.541 [error] Error: /home/maksim/Projects/Go/Project/permissions/go.mod:2: usage: replace module/path [v1.2.3] => other/module v1.4
	 or replace module/path [v1.2.3] => ../local/directory
	at handleResponse (/home/maksim/.vscode-oss/extensions/golang.go-0.52.2-universal/dist/goMain.js:8978:40)
	at handleMessage (/home/maksim/.vscode-oss/extensions/golang.go-0.52.2-universal/dist/goMain.js:8788:11)
	at processMessageQueue (/home/maksim/.vscode-oss/extensions/golang.go-0.52.2-universal/dist/goMain.js:8803:13)
	at Immediate.<anonymous> (/home/maksim/.vscode-oss/extensions/golang.go-0.52.2-universal/dist/goMain.js:8779:11)
	at process.processImmediate (node:internal/timers:484:21)
2026-05-31 15:12:17.748 [error] [golang.go] provider FAILED
2026-05-31 15:12:17.748 [error] Error: /home/maksim/Projects/Go/Project/permissions/go.mod:2: usage: replace module/path [v1.2.3] => other/module v1.4
	 or replace module/path [v1.2.3] => ../local/directory
	at handleResponse (/home/maksim/.vscode-oss/extensions/golang.go-0.52.2-universal/dist/goMain.js:8978:40)
	at handleMessage (/home/maksim/.vscode-oss/extensions/golang.go-0.52.2-universal/dist/goMain.js:8788:11)
	at processMessageQueue (/home/maksim/.vscode-oss/extensions/golang.go-0.52.2-universal/dist/goMain.js:8803:13)
	at Immediate.<anonymous> (/home/maksim/.vscode-oss/extensions/golang.go-0.52.2-universal/dist/goMain.js:8779:11)
	at process.processImmediate (node:internal/timers:484:21)
2026-05-31 15:12:17.954 [error] [golang.go] provider FAILED
2026-05-31 15:12:17.954 [error] Error: /home/maksim/Projects/Go/Project/permissions/go.mod:2: usage: replace module/path [v1.2.3] => other/module v1.4
	 or replace module/path [v1.2.3] => ../local/directory
	at handleResponse (/home/maksim/.vscode-oss/extensions/golang.go-0.52.2-universal/dist/goMain.js:8978:40)
	at handleMessage (/home/maksim/.vscode-oss/extensions/golang.go-0.52.2-universal/dist/goMain.js:8788:11)
	at processMessageQueue (/home/maksim/.vscode-oss/extensions/golang.go-0.52.2-universal/dist/goMain.js:8803:13)
	at Immediate.<anonymous> (/home/maksim/.vscode-oss/extensions/golang.go-0.52.2-universal/dist/goMain.js:8779:11)
	at process.processImmediate (node:internal/timers:484:21)
2026-05-31 15:12:18.262 [error] [golang.go] provider FAILED
2026-05-31 15:12:18.262 [error] Error: /home/maksim/Projects/Go/Project/permissions/go.mod:2: usage: replace module/path [v1.2.3] => other/module v1.4
	 or replace module/path [v1.2.3] => ../local/directory
	at handleResponse (/home/maksim/.vscode-oss/extensions/golang.go-0.52.2-universal/dist/goMain.js:8978:40)
	at handleMessage (/home/maksim/.vscode-oss/extensions/golang.go-0.52.2-universal/dist/goMain.js:8788:11)
	at processMessageQueue (/home/maksim/.vscode-oss/extensions/golang.go-0.52.2-universal/dist/goMain.js:8803:13)
	at Immediate.<anonymous> (/home/maksim/.vscode-oss/extensions/golang.go-0.52.2-universal/dist/goMain.js:8779:11)
	at process.processImmediate (node:internal/timers:484:21)
2026-05-31 15:12:19.037 [error] [golang.go] provider FAILED
2026-05-31 15:12:19.037 [error] Error: /home/maksim/Projects/Go/Project/permissions/go.mod:2: usage: replace module/path [v1.2.3] => other/module v1.4
	 or replace module/path [v1.2.3] => ../local/directory
	at handleResponse (/home/maksim/.vscode-oss/extensions/golang.go-0.52.2-universal/dist/goMain.js:8978:40)
	at handleMessage (/home/maksim/.vscode-oss/extensions/golang.go-0.52.2-universal/dist/goMain.js:8788:11)
	at processMessageQueue (/home/maksim/.vscode-oss/extensions/golang.go-0.52.2-universal/dist/goMain.js:8803:13)
	at Immediate.<anonymous> (/home/maksim/.vscode-oss/extensions/golang.go-0.52.2-universal/dist/goMain.js:8779:11)
	at process.processImmediate (node:internal/timers:484:21)
2026-05-31 15:12:29.896 [error] [golang.go] provider FAILED
2026-05-31 15:12:29.896 [error] Error: getting modfile handle: /home/maksim/Projects/Go/Project/permissions/go.mod:2: usage: replace module/path [v1.2.3] => other/module v1.4
	 or replace module/path [v1.2.3] => ../local/directory
	at handleResponse (/home/maksim/.vscode-oss/extensions/golang.go-0.52.2-universal/dist/goMain.js:8978:40)
	at handleMessage (/home/maksim/.vscode-oss/extensions/golang.go-0.52.2-universal/dist/goMain.js:8788:11)
	at processMessageQueue (/home/maksim/.vscode-oss/extensions/golang.go-0.52.2-universal/dist/goMain.js:8803:13)
	at Immediate.<anonymous> (/home/maksim/.vscode-oss/extensions/golang.go-0.52.2-universal/dist/goMain.js:8779:11)
	at process.processImmediate (node:internal/timers:484:21)
2026-05-31 15:12:32.530 [error] [golang.go] provider FAILED
2026-05-31 15:12:32.530 [error] Error: /home/maksim/Projects/Go/Project/permissions/go.mod:2: usage: replace module/path [v1.2.3] => other/module v1.4
	 or replace module/path [v1.2.3] => ../local/directory
	at handleResponse (/home/maksim/.vscode-oss/extensions/golang.go-0.52.2-universal/dist/goMain.js:8978:40)
	at handleMessage (/home/maksim/.vscode-oss/extensions/golang.go-0.52.2-universal/dist/goMain.js:8788:11)
	at processMessageQueue (/home/maksim/.vscode-oss/extensions/golang.go-0.52.2-universal/dist/goMain.js:8803:13)
	at Immediate.<anonymous> (/home/maksim/.vscode-oss/extensions/golang.go-0.52.2-universal/dist/goMain.js:8779:11)
	at process.processImmediate (node:internal/timers:484:21)
2026-05-31 15:12:32.862 [error] [golang.go] provider FAILED
2026-05-31 15:12:32.862 [error] Error: /home/maksim/Projects/Go/Project/permissions/go.mod:2: usage: replace module/path [v1.2.3] => other/module v1.4
	 or replace module/path [v1.2.3] => ../local/directory
	at handleResponse (/home/maksim/.vscode-oss/extensions/golang.go-0.52.2-universal/dist/goMain.js:8978:40)
	at handleMessage (/home/maksim/.vscode-oss/extensions/golang.go-0.52.2-universal/dist/goMain.js:8788:11)
	at processMessageQueue (/home/maksim/.vscode-oss/extensions/golang.go-0.52.2-universal/dist/goMain.js:8803:13)
	at Immediate.<anonymous> (/home/maksim/.vscode-oss/extensions/golang.go-0.52.2-universal/dist/goMain.js:8779:11)
	at process.processImmediate (node:internal/timers:484:21)
2026-05-31 15:12:33.183 [error] [golang.go] provider FAILED
2026-05-31 15:12:33.183 [error] Error: /home/maksim/Projects/Go/Project/permissions/go.mod:2: usage: replace module/path [v1.2.3] => other/module v1.4
	 or replace module/path [v1.2.3] => ../local/directory
	at handleResponse (/home/maksim/.vscode-oss/extensions/golang.go-0.52.2-universal/dist/goMain.js:8978:40)
	at handleMessage (/home/maksim/.vscode-oss/extensions/golang.go-0.52.2-universal/dist/goMain.js:8788:11)
	at processMessageQueue (/home/maksim/.vscode-oss/extensions/golang.go-0.52.2-universal/dist/goMain.js:8803:13)
	at Immediate.<anonymous> (/home/maksim/.vscode-oss/extensions/golang.go-0.52.2-universal/dist/goMain.js:8779:11)
	at process.processImmediate (node:internal/timers:484:21)
2026-05-31 15:12:33.958 [error] [golang.go] provider FAILED
2026-05-31 15:12:33.958 [error] Error: /home/maksim/Projects/Go/Project/permissions/go.mod:2: usage: replace module/path [v1.2.3] => other/module v1.4
	 or replace module/path [v1.2.3] => ../local/directory
	at handleResponse (/home/maksim/.vscode-oss/extensions/golang.go-0.52.2-universal/dist/goMain.js:8978:40)
	at handleMessage (/home/maksim/.vscode-oss/extensions/golang.go-0.52.2-universal/dist/goMain.js:8788:11)
	at processMessageQueue (/home/maksim/.vscode-oss/extensions/golang.go-0.52.2-universal/dist/goMain.js:8803:13)
	at Immediate.<anonymous> (/home/maksim/.vscode-oss/extensions/golang.go-0.52.2-universal/dist/goMain.js:8779:11)
	at process.processImmediate (node:internal/timers:484:21)
2026-05-31 15:12:36.513 [error] [golang.go] provider FAILED
2026-05-31 15:12:36.513 [error] Error: can't find definitions for file type go.mod
	at handleResponse (/home/maksim/.vscode-oss/extensions/golang.go-0.52.2-universal/dist/goMain.js:8978:40)
	at handleMessage (/home/maksim/.vscode-oss/extensions/golang.go-0.52.2-universal/dist/goMain.js:8788:11)
	at processMessageQueue (/home/maksim/.vscode-oss/extensions/golang.go-0.52.2-universal/dist/goMain.js:8803:13)
	at Immediate.<anonymous> (/home/maksim/.vscode-oss/extensions/golang.go-0.52.2-universal/dist/goMain.js:8779:11)
	at process.processImmediate (node:internal/timers:484:21)
2026-05-31 15:12:36.530 [error] [golang.go] provider FAILED
2026-05-31 15:12:36.530 [error] Error: can't find definitions for file type go.mod
	at handleResponse (/home/maksim/.vscode-oss/extensions/golang.go-0.52.2-universal/dist/goMain.js:8978:40)
	at handleMessage (/home/maksim/.vscode-oss/extensions/golang.go-0.52.2-universal/dist/goMain.js:8788:11)
	at processMessageQueue (/home/maksim/.vscode-oss/extensions/golang.go-0.52.2-universal/dist/goMain.js:8803:13)
	at Immediate.<anonymous> (/home/maksim/.vscode-oss/extensions/golang.go-0.52.2-universal/dist/goMain.js:8779:11)
	at process.processImmediate (node:internal/timers:484:21)
2026-05-31 15:12:37.601 [error] [golang.go] provider FAILED
2026-05-31 15:12:37.601 [error] Error: can't find definitions for file type go.mod
	at handleResponse (/home/maksim/.vscode-oss/extensions/golang.go-0.52.2-universal/dist/goMain.js:8978:40)
	at handleMessage (/home/maksim/.vscode-oss/extensions/golang.go-0.52.2-universal/dist/goMain.js:8788:11)
	at processMessageQueue (/home/maksim/.vscode-oss/extensions/golang.go-0.52.2-universal/dist/goMain.js:8803:13)
	at Immediate.<anonymous> (/home/maksim/.vscode-oss/extensions/golang.go-0.52.2-universal/dist/goMain.js:8779:11)
	at process.processImmediate (node:internal/timers:484:21)
2026-05-31 15:12:37.615 [error] [golang.go] provider FAILED
2026-05-31 15:12:37.615 [error] Error: /home/maksim/Projects/Go/Project/permissions/go.mod:2: replacement module without version must be directory path (rooted or starting with . or ..)
	at handleResponse (/home/maksim/.vscode-oss/extensions/golang.go-0.52.2-universal/dist/goMain.js:8978:40)
	at handleMessage (/home/maksim/.vscode-oss/extensions/golang.go-0.52.2-universal/dist/goMain.js:8788:11)
	at processMessageQueue (/home/maksim/.vscode-oss/extensions/golang.go-0.52.2-universal/dist/goMain.js:8803:13)
	at Immediate.<anonymous> (/home/maksim/.vscode-oss/extensions/golang.go-0.52.2-universal/dist/goMain.js:8779:11)
	at process.processImmediate (node:internal/timers:484:21)
2026-05-31 15:12:38.347 [error] [golang.go] provider FAILED
2026-05-31 15:12:38.347 [error] Error: getting modfile handle: /home/maksim/Projects/Go/Project/permissions/go.mod:2: replacement module without version must be directory path (rooted or starting with . or ..)
	at handleResponse (/home/maksim/.vscode-oss/extensions/golang.go-0.52.2-universal/dist/goMain.js:8978:40)
	at handleMessage (/home/maksim/.vscode-oss/extensions/golang.go-0.52.2-universal/dist/goMain.js:8788:11)
	at processMessageQueue (/home/maksim/.vscode-oss/extensions/golang.go-0.52.2-universal/dist/goMain.js:8803:13)
	at Immediate.<anonymous> (/home/maksim/.vscode-oss/extensions/golang.go-0.52.2-universal/dist/goMain.js:8779:11)
	at process.processImmediate (node:internal/timers:484:21)
2026-05-31 15:12:38.390 [error] [golang.go] provider FAILED
2026-05-31 15:12:38.390 [error] Error: /home/maksim/Projects/Go/Project/permissions/go.mod:2: replacement module without version must be directory path (rooted or starting with . or ..)
	at handleResponse (/home/maksim/.vscode-oss/extensions/golang.go-0.52.2-universal/dist/goMain.js:8978:40)
	at handleMessage (/home/maksim/.vscode-oss/extensions/golang.go-0.52.2-universal/dist/goMain.js:8788:11)
	at processMessageQueue (/home/maksim/.vscode-oss/extensions/golang.go-0.52.2-universal/dist/goMain.js:8803:13)
	at Immediate.<anonymous> (/home/maksim/.vscode-oss/extensions/golang.go-0.52.2-universal/dist/goMain.js:8779:11)
	at process.processImmediate (node:internal/timers:484:21)
2026-05-31 15:12:38.580 [error] [golang.go] provider FAILED
2026-05-31 15:12:38.580 [error] Error: getting modfile handle: /home/maksim/Projects/Go/Project/permissions/go.mod:2: replacement module without version must be directory path (rooted or starting with . or ..)
	at handleResponse (/home/maksim/.vscode-oss/extensions/golang.go-0.52.2-universal/dist/goMain.js:8978:40)
	at handleMessage (/home/maksim/.vscode-oss/extensions/golang.go-0.52.2-universal/dist/goMain.js:8788:11)
	at processMessageQueue (/home/maksim/.vscode-oss/extensions/golang.go-0.52.2-universal/dist/goMain.js:8803:13)
	at Immediate.<anonymous> (/home/maksim/.vscode-oss/extensions/golang.go-0.52.2-universal/dist/goMain.js:8779:11)
	at process.processImmediate (node:internal/timers:484:21)
2026-05-31 15:12:38.849 [error] [golang.go] provider FAILED
2026-05-31 15:12:38.849 [error] Error: getting modfile handle: /home/maksim/Projects/Go/Project/permissions/go.mod:2: replacement module without version must be directory path (rooted or starting with . or ..)
	at handleResponse (/home/maksim/.vscode-oss/extensions/golang.go-0.52.2-universal/dist/goMain.js:8978:40)
	at handleMessage (/home/maksim/.vscode-oss/extensions/golang.go-0.52.2-universal/dist/goMain.js:8788:11)
	at processMessageQueue (/home/maksim/.vscode-oss/extensions/golang.go-0.52.2-universal/dist/goMain.js:8803:13)
	at Immediate.<anonymous> (/home/maksim/.vscode-oss/extensions/golang.go-0.52.2-universal/dist/goMain.js:8779:11)
	at process.processImmediate (node:internal/timers:484:21)
2026-05-31 15:12:40.476 [error] [golang.go] provider FAILED
2026-05-31 15:12:40.476 [error] Error: getting modfile handle: /home/maksim/Projects/Go/Project/permissions/go.mod:2: replacement module without version must be directory path (rooted or starting with . or ..)
	at handleResponse (/home/maksim/.vscode-oss/extensions/golang.go-0.52.2-universal/dist/goMain.js:8978:40)
	at handleMessage (/home/maksim/.vscode-oss/extensions/golang.go-0.52.2-universal/dist/goMain.js:8788:11)
	at processMessageQueue (/home/maksim/.vscode-oss/extensions/golang.go-0.52.2-universal/dist/goMain.js:8803:13)
	at Immediate.<anonymous> (/home/maksim/.vscode-oss/extensions/golang.go-0.52.2-universal/dist/goMain.js:8779:11)
	at process.processImmediate (node:internal/timers:484:21)
2026-05-31 15:12:58.545 [error] [golang.go] provider FAILED
2026-05-31 15:12:58.545 [error] Error: /home/maksim/Projects/Go/Project/permissions/go.mod:2: replacement module without version must be directory path (rooted or starting with . or ..)
	at handleResponse (/home/maksim/.vscode-oss/extensions/golang.go-0.52.2-universal/dist/goMain.js:8978:40)
	at handleMessage (/home/maksim/.vscode-oss/extensions/golang.go-0.52.2-universal/dist/goMain.js:8788:11)
	at processMessageQueue (/home/maksim/.vscode-oss/extensions/golang.go-0.52.2-universal/dist/goMain.js:8803:13)
	at Immediate.<anonymous> (/home/maksim/.vscode-oss/extensions/golang.go-0.52.2-universal/dist/goMain.js:8779:11)
	at process.processImmediate (node:internal/timers:484:21)
2026-05-31 15:12:58.797 [error] [golang.go] provider FAILED
2026-05-31 15:12:58.797 [error] Error: /home/maksim/Projects/Go/Project/permissions/go.mod:2: replacement module without version must be directory path (rooted or starting with . or ..)
	at handleResponse (/home/maksim/.vscode-oss/extensions/golang.go-0.52.2-universal/dist/goMain.js:8978:40)
	at handleMessage (/home/maksim/.vscode-oss/extensions/golang.go-0.52.2-universal/dist/goMain.js:8788:11)
	at processMessageQueue (/home/maksim/.vscode-oss/extensions/golang.go-0.52.2-universal/dist/goMain.js:8803:13)
	at Immediate.<anonymous> (/home/maksim/.vscode-oss/extensions/golang.go-0.52.2-universal/dist/goMain.js:8779:11)
	at process.processImmediate (node:internal/timers:484:21)
2026-05-31 15:12:58.991 [error] [golang.go] provider FAILED
2026-05-31 15:12:58.991 [error] Error: /home/maksim/Projects/Go/Project/permissions/go.mod:2: usage: replace module/path [v1.2.3] => other/module v1.4
	 or replace module/path [v1.2.3] => ../local/directory
	at handleResponse (/home/maksim/.vscode-oss/extensions/golang.go-0.52.2-universal/dist/goMain.js:8978:40)
	at handleMessage (/home/maksim/.vscode-oss/extensions/golang.go-0.52.2-universal/dist/goMain.js:8788:11)
	at processMessageQueue (/home/maksim/.vscode-oss/extensions/golang.go-0.52.2-universal/dist/goMain.js:8803:13)
	at Immediate.<anonymous> (/home/maksim/.vscode-oss/extensions/golang.go-0.52.2-universal/dist/goMain.js:8779:11)
	at process.processImmediate (node:internal/timers:484:21)
2026-05-31 15:12:59.277 [error] [golang.go] provider FAILED
2026-05-31 15:12:59.277 [error] Error: /home/maksim/Projects/Go/Project/permissions/go.mod:2: usage: replace module/path [v1.2.3] => other/module v1.4
	 or replace module/path [v1.2.3] => ../local/directory
	at handleResponse (/home/maksim/.vscode-oss/extensions/golang.go-0.52.2-universal/dist/goMain.js:8978:40)
	at handleMessage (/home/maksim/.vscode-oss/extensions/golang.go-0.52.2-universal/dist/goMain.js:8788:11)
	at processMessageQueue (/home/maksim/.vscode-oss/extensions/golang.go-0.52.2-universal/dist/goMain.js:8803:13)
	at Immediate.<anonymous> (/home/maksim/.vscode-oss/extensions/golang.go-0.52.2-universal/dist/goMain.js:8779:11)
	at process.processImmediate (node:internal/timers:484:21)
2026-05-31 15:12:59.530 [error] [golang.go] provider FAILED
2026-05-31 15:12:59.530 [error] Error: /home/maksim/Projects/Go/Project/permissions/go.mod:2: usage: replace module/path [v1.2.3] => other/module v1.4
	 or replace module/path [v1.2.3] => ../local/directory
	at handleResponse (/home/maksim/.vscode-oss/extensions/golang.go-0.52.2-universal/dist/goMain.js:8978:40)
	at handleMessage (/home/maksim/.vscode-oss/extensions/golang.go-0.52.2-universal/dist/goMain.js:8788:11)
	at processMessageQueue (/home/maksim/.vscode-oss/extensions/golang.go-0.52.2-universal/dist/goMain.js:8803:13)
	at Immediate.<anonymous> (/home/maksim/.vscode-oss/extensions/golang.go-0.52.2-universal/dist/goMain.js:8779:11)
	at process.processImmediate (node:internal/timers:484:21)
2026-05-31 15:12:59.710 [error] [golang.go] provider FAILED
2026-05-31 15:12:59.710 [error] Error: /home/maksim/Projects/Go/Project/permissions/go.mod:2: usage: replace module/path [v1.2.3] => other/module v1.4
	 or replace module/path [v1.2.3] => ../local/directory
	at handleResponse (/home/maksim/.vscode-oss/extensions/golang.go-0.52.2-universal/dist/goMain.js:8978:40)
	at handleMessage (/home/maksim/.vscode-oss/extensions/golang.go-0.52.2-universal/dist/goMain.js:8788:11)
	at processMessageQueue (/home/maksim/.vscode-oss/extensions/golang.go-0.52.2-universal/dist/goMain.js:8803:13)
	at Immediate.<anonymous> (/home/maksim/.vscode-oss/extensions/golang.go-0.52.2-universal/dist/goMain.js:8779:11)
	at process.processImmediate (node:internal/timers:484:21)
2026-05-31 15:13:00.036 [error] [golang.go] provider FAILED
2026-05-31 15:13:00.036 [error] Error: /home/maksim/Projects/Go/Project/permissions/go.mod:1: unknown directive: modulegithub.com/PoinkCorporation/Permissions-service
	at handleResponse (/home/maksim/.vscode-oss/extensions/golang.go-0.52.2-universal/dist/goMain.js:8978:40)
	at handleMessage (/home/maksim/.vscode-oss/extensions/golang.go-0.52.2-universal/dist/goMain.js:8788:11)
	at processMessageQueue (/home/maksim/.vscode-oss/extensions/golang.go-0.52.2-universal/dist/goMain.js:8803:13)
	at Immediate.<anonymous> (/home/maksim/.vscode-oss/extensions/golang.go-0.52.2-universal/dist/goMain.js:8779:11)
	at process.processImmediate (node:internal/timers:484:21)
2026-05-31 15:13:00.545 [error] [golang.go] provider FAILED
2026-05-31 15:13:00.545 [error] Error: /home/maksim/Projects/Go/Project/permissions/go.mod:1: unknown directive: github.com/PoinkCorporation/Permissions-service
	at handleResponse (/home/maksim/.vscode-oss/extensions/golang.go-0.52.2-universal/dist/goMain.js:8978:40)
	at handleMessage (/home/maksim/.vscode-oss/extensions/golang.go-0.52.2-universal/dist/goMain.js:8788:11)
	at processMessageQueue (/home/maksim/.vscode-oss/extensions/golang.go-0.52.2-universal/dist/goMain.js:8803:13)
	at Immediate.<anonymous> (/home/maksim/.vscode-oss/extensions/golang.go-0.52.2-universal/dist/goMain.js:8779:11)
	at process.processImmediate (node:internal/timers:484:21)
2026-05-31 15:14:37.542 [error] [golang.go] provider FAILED
2026-05-31 15:14:37.542 [error] Error: can't find definitions for file type go.mod
	at handleResponse (/home/maksim/.vscode-oss/extensions/golang.go-0.52.2-universal/dist/goMain.js:8978:40)
	at handleMessage (/home/maksim/.vscode-oss/extensions/golang.go-0.52.2-universal/dist/goMain.js:8788:11)
	at processMessageQueue (/home/maksim/.vscode-oss/extensions/golang.go-0.52.2-universal/dist/goMain.js:8803:13)
	at Immediate.<anonymous> (/home/maksim/.vscode-oss/extensions/golang.go-0.52.2-universal/dist/goMain.js:8779:11)
	at process.processImmediate (node:internal/timers:484:21)
2026-05-31 15:15:01.528 [info] ExtensionService#_doActivateExtension vscode.grunt, startup: false, activationEvent: 'onTaskType:grunt'
2026-05-31 15:15:01.562 [info] ExtensionService#_doActivateExtension vscode.gulp, startup: false, activationEvent: 'onTaskType:gulp'
2026-05-31 15:15:01.564 [info] ExtensionService#_doActivateExtension vscode.jake, startup: false, activationEvent: 'onTaskType:jake'
2026-05-31 15:15:01.568 [info] ExtensionService#_doActivateExtension vscode.npm, startup: false, activationEvent: 'onTaskType:npm'
2026-05-31 15:15:01.584 [info] ExtensionService#_doActivateExtension vscode.typescript-language-features, startup: false, activationEvent: 'onTaskType:typescript'
2026-05-31 15:15:18.391 [error] [golang.go] provider FAILED
2026-05-31 15:15:18.391 [error] Error: context canceled
	at handleResponse (/home/maksim/.vscode-oss/extensions/golang.go-0.52.2-universal/dist/goMain.js:8978:40)
	at handleMessage (/home/maksim/.vscode-oss/extensions/golang.go-0.52.2-universal/dist/goMain.js:8788:11)
	at processMessageQueue (/home/maksim/.vscode-oss/extensions/golang.go-0.52.2-universal/dist/goMain.js:8803:13)
	at Immediate.<anonymous> (/home/maksim/.vscode-oss/extensions/golang.go-0.52.2-universal/dist/goMain.js:8779:11)
	at process.processImmediate (node:internal/timers:484:21)
2026-05-31 15:15:52.679 [info] ExtensionService#_doActivateExtension tooltitudeteam.tooltitude-pb, startup: false, activationEvent: 'onLanguage:protobuf'
2026-05-31 15:38:40.752 [info] Extension host terminating: received terminate message from renderer
2026-05-31 15:38:40.765 [info] Extension host with pid 146855 exiting with code 0
