2026-05-31 12:15:17.910 [info] Reading sessions from keychain...
2026-05-31 12:15:17.910 [info] Getting sessions for all scopes...
2026-05-31 12:15:17.915 [info] Got stored sessions!
2026-05-31 12:15:17.915 [info] Got 1 verified sessions.
2026-05-31 12:15:17.915 [info] Got 1 sessions for ...
2026-05-31 12:15:17.915 [info] Getting sessions for all scopes...
2026-05-31 12:15:17.915 [info] Got 1 sessions for ...
2026-05-31 12:15:17.915 [info] Getting sessions for all scopes...
2026-05-31 12:15:17.915 [info] Got 1 sessions for ...
2026-05-31 12:15:17.916 [info] Getting sessions for all scopes...
2026-05-31 12:15:17.916 [info] Got 1 sessions for ...
2026-05-31 12:15:19.868 [info] Getting sessions for all scopes...
2026-05-31 12:15:19.868 [info] Got 1 sessions for ...
2026-05-31 12:15:22.145 [info] Reading sessions from keychain...
2026-05-31 12:15:22.145 [info] Getting sessions for all scopes...
2026-05-31 12:15:22.145 [info] Got stored sessions!
2026-05-31 12:15:22.145 [info] Got 1 verified sessions.
2026-05-31 12:15:22.145 [info] Got 1 sessions for ...
2026-05-31 12:15:22.145 [info] Getting sessions for all scopes...
2026-05-31 12:15:22.145 [info] Got 1 sessions for ...
2026-05-31 12:15:22.145 [info] Getting sessions for all scopes...
2026-05-31 12:15:22.145 [info] Got 1 sessions for ...
2026-05-31 12:15:22.145 [info] Getting sessions for all scopes...
2026-05-31 12:15:22.145 [info] Got 1 sessions for ...
2026-05-31 12:15:22.172 [info] Getting sessions for all scopes...
2026-05-31 12:15:22.173 [info] Got 1 sessions for ...
2026-05-31 12:15:24.065 [info] Getting sessions for all scopes...
2026-05-31 12:15:24.065 [info] Got 1 sessions for ...
2026-05-31 12:17:23.759 [info] Getting sessions for all scopes...
2026-05-31 12:17:23.759 [info] Got 1 sessions for ...
2026-05-31 12:17:23.759 [info] Getting sessions for all scopes...
2026-05-31 12:17:23.759 [info] Got 1 sessions for ...
2026-05-31 12:24:43.355 [info] Getting sessions for all scopes...
2026-05-31 12:24:43.355 [info] Got 1 sessions for ...
2026-05-31 12:24:43.356 [info] Getting sessions for all scopes...
2026-05-31 12:24:43.356 [info] Got 1 sessions for ...
2026-05-31 12:25:56.732 [info] Getting sessions for all scopes...
2026-05-31 12:25:56.732 [info] Got 1 sessions for ...
2026-05-31 12:25:56.732 [info] Getting sessions for all scopes...
2026-05-31 12:25:56.732 [info] Got 1 sessions for ...
2026-05-31 12:34:29.643 [info] Getting sessions for all scopes...
2026-05-31 12:34:29.643 [info] Got 1 sessions for ...
2026-05-31 12:34:29.643 [info] Getting sessions for all scopes...
2026-05-31 12:34:29.643 [info] Got 1 sessions for ...
2026-05-31 12:35:05.024 [info] Getting sessions for all scopes...
2026-05-31 12:35:05.025 [info] Got 1 sessions for ...
2026-05-31 12:35:05.025 [info] Getting sessions for all scopes...
2026-05-31 12:35:05.025 [info] Got 1 sessions for ...
2026-05-31 12:36:35.719 [info] Getting sessions for all scopes...
2026-05-31 12:36:35.719 [info] Got 1 sessions for ...
2026-05-31 12:36:35.719 [info] Getting sessions for all scopes...
2026-05-31 12:36:35.719 [info] Got 1 sessions for ...
2026-05-31 12:38:05.390 [info] Getting sessions for all scopes...
2026-05-31 12:38:05.390 [info] Got 1 sessions for ...
2026-05-31 12:38:05.391 [info] Getting sessions for all scopes...
2026-05-31 12:38:05.391 [info] Got 1 sessions for ...
2026-05-31 12:38:38.110 [info] Getting sessions for all scopes...
2026-05-31 12:38:38.111 [info] Got 1 sessions for ...
2026-05-31 12:38:38.111 [info] Getting sessions for all scopes...
2026-05-31 12:38:38.111 [info] Got 1 sessions for ...
2026-05-31 12:38:56.145 [info] Getting sessions for all scopes...
2026-05-31 12:38:56.145 [info] Got 1 sessions for ...
2026-05-31 12:38:56.146 [info] Getting sessions for all scopes...
2026-05-31 12:38:56.146 [info] Got 1 sessions for ...
2026-05-31 12:40:13.053 [info] Getting sessions for all scopes...
2026-05-31 12:40:13.053 [info] Got 1 sessions for ...
2026-05-31 12:40:13.053 [info] Getting sessions for all scopes...
2026-05-31 12:40:13.053 [info] Got 1 sessions for ...
2026-05-31 12:41:56.479 [info] Getting sessions for all scopes...
2026-05-31 12:41:56.479 [info] Got 1 sessions for ...
2026-05-31 12:41:56.480 [info] Getting sessions for all scopes...
2026-05-31 12:41:56.480 [info] Got 1 sessions for ...
2026-05-31 12:42:38.869 [info] Getting sessions for all scopes...
2026-05-31 12:42:38.869 [info] Got 1 sessions for ...
2026-05-31 12:42:38.869 [info] Getting sessions for all scopes...
2026-05-31 12:42:38.869 [info] Got 1 sessions for ...
2026-05-31 12:44:08.189 [info] Getting sessions for all scopes...
2026-05-31 12:44:08.189 [info] Got 1 sessions for ...
2026-05-31 12:44:08.189 [info] Getting sessions for all scopes...
2026-05-31 12:44:08.189 [info] Got 1 sessions for ...
2026-05-31 12:44:19.255 [info] Getting sessions for all scopes...
2026-05-31 12:44:19.255 [info] Got 1 sessions for ...
2026-05-31 12:44:19.255 [info] Getting sessions for all scopes...
2026-05-31 12:44:19.255 [info] Got 1 sessions for ...
2026-05-31 12:44:21.933 [info] Getting sessions for all scopes...
2026-05-31 12:44:21.933 [info] Got 1 sessions for ...
2026-05-31 12:44:21.934 [info] Getting sessions for all scopes...
2026-05-31 12:44:21.934 [info] Got 1 sessions for ...
2026-05-31 12:44:28.451 [info] Getting sessions for all scopes...
2026-05-31 12:44:28.451 [info] Got 1 sessions for ...
2026-05-31 12:44:28.451 [info] Getting sessions for all scopes...
2026-05-31 12:44:28.451 [info] Got 1 sessions for ...
2026-05-31 12:44:49.735 [info] Getting sessions for all scopes...
2026-05-31 12:44:49.736 [info] Got 1 sessions for ...
2026-05-31 12:44:49.736 [info] Getting sessions for all scopes...
2026-05-31 12:44:49.736 [info] Got 1 sessions for ...
2026-05-31 12:45:58.557 [info] Getting sessions for all scopes...
2026-05-31 12:45:58.557 [info] Got 1 sessions for ...
2026-05-31 12:45:58.557 [info] Getting sessions for all scopes...
2026-05-31 12:45:58.557 [info] Got 1 sessions for ...
2026-05-31 12:46:16.571 [info] Getting sessions for all scopes...
2026-05-31 12:46:16.571 [info] Got 1 sessions for ...
2026-05-31 12:46:16.572 [info] Getting sessions for all scopes...
2026-05-31 12:46:16.572 [info] Got 1 sessions for ...
2026-05-31 12:46:26.658 [info] Getting sessions for all scopes...
2026-05-31 12:46:26.658 [info] Got 1 sessions for ...
2026-05-31 12:46:26.659 [info] Getting sessions for all scopes...
2026-05-31 12:46:26.659 [info] Got 1 sessions for ...
2026-05-31 12:46:50.265 [info] Getting sessions for all scopes...
2026-05-31 12:46:50.265 [info] Got 1 sessions for ...
2026-05-31 12:46:50.266 [info] Getting sessions for all scopes...
2026-05-31 12:46:50.266 [info] Got 1 sessions for ...
2026-05-31 12:47:31.959 [info] Getting sessions for all scopes...
2026-05-31 12:47:31.959 [info] Got 1 sessions for ...
2026-05-31 12:47:31.960 [info] Getting sessions for all scopes...
2026-05-31 12:47:31.960 [info] Got 1 sessions for ...
2026-05-31 12:48:09.023 [info] Getting sessions for all scopes...
2026-05-31 12:48:09.023 [info] Got 1 sessions for ...
2026-05-31 12:48:09.023 [info] Getting sessions for all scopes...
2026-05-31 12:48:09.023 [info] Got 1 sessions for ...
2026-05-31 12:48:24.910 [info] Getting sessions for all scopes...
2026-05-31 12:48:24.910 [info] Got 1 sessions for ...
2026-05-31 12:48:24.910 [info] Getting sessions for all scopes...
2026-05-31 12:48:24.910 [info] Got 1 sessions for ...
2026-05-31 12:50:30.748 [info] Getting sessions for all scopes...
2026-05-31 12:50:30.748 [info] Got 1 sessions for ...
2026-05-31 12:50:30.749 [info] Getting sessions for all scopes...
2026-05-31 12:50:30.749 [info] Got 1 sessions for ...
2026-05-31 12:50:53.402 [info] Getting sessions for all scopes...
2026-05-31 12:50:53.402 [info] Got 1 sessions for ...
2026-05-31 12:50:53.402 [info] Getting sessions for all scopes...
2026-05-31 12:50:53.402 [info] Got 1 sessions for ...
2026-05-31 12:51:42.404 [info] Getting sessions for all scopes...
2026-05-31 12:51:42.404 [info] Got 1 sessions for ...
2026-05-31 12:51:42.405 [info] Getting sessions for all scopes...
2026-05-31 12:51:42.405 [info] Got 1 sessions for ...
2026-05-31 12:51:44.445 [info] Getting sessions for all scopes...
2026-05-31 12:51:44.445 [info] Got 1 sessions for ...
2026-05-31 12:51:44.445 [info] Getting sessions for all scopes...
2026-05-31 12:51:44.445 [info] Got 1 sessions for ...
2026-05-31 12:52:30.357 [info] Getting sessions for all scopes...
2026-05-31 12:52:30.357 [info] Got 1 sessions for ...
2026-05-31 12:52:30.358 [info] Getting sessions for all scopes...
2026-05-31 12:52:30.358 [info] Got 1 sessions for ...
