[Info  - 4:42:19 PM] 2026/05/31 16:42:19 Created View (#1)
	directory=/home/maksim/Projects/Go/Project/chat
	view_type="GoMod"
	root_dir="file:///home/maksim/Projects/Go/Project/chat"
	go_version="go version go1.26.3-X:nodwarf5 linux/amd64"
	build_flags=[]
	env={GOOS:linux GOARCH:amd64 GOCACHE:/home/maksim/.cache/go-build GOMODCACHE:/home/maksim/go/pkg/mod GOPATH:/home/maksim/go GOPRIVATE:github.com/PoinkCorporation/* GOFLAGS: GO111MODULE: GOTOOLCHAIN:auto GOROOT:/usr/lib/go GoVersion:26 GoVersionOutput:go version go1.26.3-X:nodwarf5 linux/amd64
 ExplicitGOWORK: EffectiveGOPACKAGESDRIVER:}
	env_overlay=[]

[Info  - 4:42:19 PM] 2026/05/31 16:42:19 go/packages.Load #1
	view_id="1"
	snapshot=0
	directory=/home/maksim/Projects/Go/Project/chat
	query=[/home/maksim/Projects/Go/Project/chat/... builtin]
	packages=17
	duration=105.36101ms

[Info  - 4:42:49 PM] 2026/05/31 16:42:49 background imports cache refresh starting

[Info  - 4:42:49 PM] 2026/05/31 16:42:49 background refresh finished after 112.755948ms

[Error - 4:42:53 PM] Request textDocument/hover failed.
  Message: context canceled
  Code: 0 
[Info  - 4:43:27 PM] 2026/05/31 16:43:27 background imports cache refresh starting

[Info  - 4:43:27 PM] 2026/05/31 16:43:27 background refresh finished after 7.322967ms

