2026-05-31 15:09:41.078 [info] [main] Log level: Info
2026-05-31 15:09:41.078 [info] [main] Validating found git in: "git"
2026-05-31 15:09:41.078 [info] [main] Using git "2.54.0" from "git"
2026-05-31 15:09:41.078 [info] [Model][doInitialScan] Initial repository scan started
2026-05-31 15:09:41.078 [info] [Model][doInitialScan] Initial repository scan completed - repositories (0), closed repositories (0), parent repositories (0), unsafe repositories (0)
2026-05-31 15:09:43.694 [info] [main] Log level: Info
2026-05-31 15:09:43.694 [info] [main] Validating found git in: "git"
2026-05-31 15:09:43.694 [info] [main] Using git "2.54.0" from "git"
2026-05-31 15:09:43.694 [info] [Model][doInitialScan] Initial repository scan started
2026-05-31 15:09:43.694 [info] > git rev-parse --show-toplevel [7ms]
2026-05-31 15:09:43.704 [info] > git rev-parse --git-dir --git-common-dir --show-superproject-working-tree [2ms]
2026-05-31 15:09:43.716 [info] [Model][openRepository] Opened repository (path): /home/maksim/Projects/Go/Project/permissions
2026-05-31 15:09:43.716 [info] [Model][openRepository] Opened repository (real path): /home/maksim/Projects/Go/Project/permissions
2026-05-31 15:09:43.716 [info] [Model][openRepository] Opened repository (kind): repository
2026-05-31 15:09:43.730 [info] > git rev-parse --show-toplevel [4ms]
2026-05-31 15:09:43.731 [info] > git config --get commit.template [6ms]
2026-05-31 15:09:43.731 [info] > git config --get --local core.virtualfilesystem [10ms]
2026-05-31 15:09:43.731 [warning] [Git][config] git config failed: Failed to execute git
2026-05-31 15:09:43.738 [info] > git rev-parse --show-toplevel [4ms]
2026-05-31 15:09:43.743 [info] > git for-each-ref --format=%(refname)%00%(upstream:short)%00%(objectname)%00%(upstream:track)%00%(upstream:remotename)%00%(upstream:remoteref) refs/heads/main refs/remotes/main [5ms]
2026-05-31 15:09:43.750 [info] > git status -z -uall [4ms]
2026-05-31 15:09:43.750 [info] > git rev-parse --show-toplevel [8ms]
2026-05-31 15:09:43.754 [info] > git for-each-ref --sort -committerdate --format %(refname)%00%(objectname)%00%(*objectname) [5ms]
2026-05-31 15:09:43.765 [info] > git for-each-ref --format=%(refname)%00%(upstream:short)%00%(objectname)%00%(upstream:track)%00%(upstream:remotename)%00%(upstream:remoteref) refs/heads/main refs/remotes/main [5ms]
2026-05-31 15:09:43.767 [info] > git rev-parse --show-toplevel [13ms]
2026-05-31 15:09:43.770 [info] > git config --get commit.template [6ms]
2026-05-31 15:09:43.771 [info] > git config --get --local branch.main.vscode-merge-base [4ms]
2026-05-31 15:09:43.771 [warning] [Git][config] git config failed: Failed to execute git
2026-05-31 15:09:43.776 [info] > git rev-parse --show-toplevel [6ms]
2026-05-31 15:09:43.780 [info] > git for-each-ref --format=%(refname)%00%(upstream:short)%00%(objectname)%00%(upstream:track)%00%(upstream:remotename)%00%(upstream:remoteref) refs/heads/main refs/remotes/main [4ms]
2026-05-31 15:09:43.785 [info] > git reflog main --grep-reflog=branch: Created from *. [12ms]
2026-05-31 15:09:43.788 [info] > git status -z -uall [6ms]
2026-05-31 15:09:43.788 [info] > git for-each-ref --sort -committerdate --format %(refname)%00%(objectname)%00%(*objectname) [3ms]
2026-05-31 15:09:43.790 [info] > git rev-parse --show-toplevel [10ms]
2026-05-31 15:09:43.793 [info] > git symbolic-ref --short refs/remotes/origin/HEAD [5ms]
2026-05-31 15:09:43.793 [info] fatal: ref refs/remotes/origin/HEAD is not a symbolic ref
2026-05-31 15:09:43.793 [warning] [Repository][getDefaultBranch] Failed to get default branch details: Failed to execute git.
2026-05-31 15:09:43.795 [info] > git rev-parse --show-toplevel [2ms]
2026-05-31 15:09:43.804 [info] > git rev-parse --show-toplevel [1ms]
2026-05-31 15:09:43.804 [info] [Model][doInitialScan] Initial repository scan completed - repositories (1), closed repositories (0), parent repositories (0), unsafe repositories (0)
2026-05-31 15:09:44.017 [info] > git check-ignore -v -z --stdin [1ms]
2026-05-31 15:09:44.025 [info] > git show --textconv :internal/config/config.go [3ms]
2026-05-31 15:09:44.026 [info] > git ls-files --stage -- internal/config/config.go [1ms]
2026-05-31 15:09:44.029 [info] > git cat-file -s b5df4ff4251b44721fb40e04fd6f35928e51f279 [1ms]
2026-05-31 15:09:44.047 [info] > git blame --root --incremental 1f7a87914bc80f9795516f9f48ee1a6bd2c0cbb2 -- internal/config/config.go [2ms]
2026-05-31 15:09:44.244 [info] > git check-ignore -v -z --stdin [1ms]
2026-05-31 15:09:45.746 [info] > git check-ignore -v -z --stdin [1ms]
2026-05-31 15:09:45.754 [info] > git show --textconv :go.mod [4ms]
2026-05-31 15:09:45.754 [info] > git ls-files --stage -- go.mod [1ms]
2026-05-31 15:09:45.758 [info] > git cat-file -s aae6038511853f1d85ab93da10f6af51b9ee669e [1ms]
2026-05-31 15:09:45.771 [info] > git blame --root --incremental 1f7a87914bc80f9795516f9f48ee1a6bd2c0cbb2 -- go.mod [2ms]
2026-05-31 15:09:48.246 [info] > git check-ignore -v -z --stdin [1ms]
2026-05-31 15:09:50.893 [info] > git check-ignore -v -z --stdin [1ms]
2026-05-31 15:09:51.237 [info] > git check-ignore -v -z --stdin [1ms]
2026-05-31 15:09:51.610 [info] > git check-ignore -v -z --stdin [1ms]
2026-05-31 15:09:52.132 [info] > git check-ignore -v -z --stdin [1ms]
2026-05-31 15:09:54.259 [info] > git config --get commit.template [4ms]
2026-05-31 15:09:54.260 [info] > git for-each-ref --format=%(refname)%00%(upstream:short)%00%(objectname)%00%(upstream:track)%00%(upstream:remotename)%00%(upstream:remoteref) refs/heads/main refs/remotes/main [1ms]
2026-05-31 15:09:54.266 [info] > git status -z -uall [4ms]
2026-05-31 15:09:54.267 [info] > git for-each-ref --sort -committerdate --format %(refname)%00%(objectname)%00%(*objectname) [2ms]
2026-05-31 15:09:54.576 [info] > git check-ignore -v -z --stdin [1ms]
2026-05-31 15:09:58.068 [info] > git check-ignore -v -z --stdin [1ms]
2026-05-31 15:09:58.080 [info] > git show --textconv :tests/permission_test.go [4ms]
2026-05-31 15:09:58.080 [info] > git ls-files --stage -- tests/permission_test.go [1ms]
2026-05-31 15:09:58.083 [info] > git cat-file -s 68054463b6304c7881d5720362078b4812c13b72 [0ms]
2026-05-31 15:09:58.093 [info] > git blame --root --incremental 1f7a87914bc80f9795516f9f48ee1a6bd2c0cbb2 -- tests/permission_test.go [1ms]
2026-05-31 15:10:01.387 [info] > git config --get commit.template [3ms]
2026-05-31 15:10:01.387 [info] > git for-each-ref --format=%(refname)%00%(upstream:short)%00%(objectname)%00%(upstream:track)%00%(upstream:remotename)%00%(upstream:remoteref) refs/heads/main refs/remotes/main [1ms]
2026-05-31 15:10:01.393 [info] > git status -z -uall [3ms]
2026-05-31 15:10:01.394 [info] > git for-each-ref --sort -committerdate --format %(refname)%00%(objectname)%00%(*objectname) [1ms]
2026-05-31 15:10:31.246 [info] > git check-ignore -v -z --stdin [1ms]
2026-05-31 15:10:31.254 [info] > git show --textconv :go.mod [4ms]
2026-05-31 15:10:31.254 [info] > git ls-files --stage -- go.mod [0ms]
2026-05-31 15:10:31.258 [info] > git cat-file -s aae6038511853f1d85ab93da10f6af51b9ee669e [1ms]
2026-05-31 15:10:35.913 [info] > git check-ignore -v -z --stdin [1ms]
2026-05-31 15:10:35.920 [info] > git show --textconv :tests/permission_test.go [3ms]
2026-05-31 15:10:35.921 [info] > git ls-files --stage -- tests/permission_test.go [1ms]
2026-05-31 15:10:35.924 [info] > git cat-file -s 68054463b6304c7881d5720362078b4812c13b72 [1ms]
2026-05-31 15:10:39.255 [info] > git check-ignore -v -z --stdin [1ms]
2026-05-31 15:10:39.474 [info] > git check-ignore -v -z --stdin [1ms]
2026-05-31 15:10:40.026 [info] > git config --get commit.template [4ms]
2026-05-31 15:10:40.026 [info] > git for-each-ref --format=%(refname)%00%(upstream:short)%00%(objectname)%00%(upstream:track)%00%(upstream:remotename)%00%(upstream:remoteref) refs/heads/main refs/remotes/main [1ms]
2026-05-31 15:10:40.034 [info] > git status -z -uall [5ms]
2026-05-31 15:10:40.035 [info] > git for-each-ref --sort -committerdate --format %(refname)%00%(objectname)%00%(*objectname) [2ms]
2026-05-31 15:10:40.124 [info] > git ls-files --stage -- tests/permission_test.go [1ms]
2026-05-31 15:10:40.127 [info] > git cat-file -s 68054463b6304c7881d5720362078b4812c13b72 [1ms]
2026-05-31 15:10:40.138 [info] > git show --textconv :tests/permission_test.go [2ms]
2026-05-31 15:10:40.281 [info] > git check-ignore -v -z --stdin [1ms]
2026-05-31 15:10:40.602 [info] > git check-ignore -v -z --stdin [1ms]
2026-05-31 15:10:40.855 [info] > git check-ignore -v -z --stdin [1ms]
2026-05-31 15:10:41.942 [info] > git check-ignore -v -z --stdin [1ms]
2026-05-31 15:10:42.883 [info] > git check-ignore -v -z --stdin [1ms]
2026-05-31 15:10:43.389 [info] > git check-ignore -v -z --stdin [1ms]
2026-05-31 15:10:44.045 [info] > git check-ignore -v -z --stdin [2ms]
2026-05-31 15:10:44.290 [info] > git check-ignore -v -z --stdin [0ms]
2026-05-31 15:10:45.490 [info] > git check-ignore -v -z --stdin [1ms]
2026-05-31 15:10:45.497 [info] > git show --textconv :go.mod [4ms]
2026-05-31 15:10:45.497 [info] > git ls-files --stage -- go.mod [1ms]
2026-05-31 15:10:45.501 [info] > git cat-file -s aae6038511853f1d85ab93da10f6af51b9ee669e [1ms]
2026-05-31 15:10:46.912 [info] > git check-ignore -v -z --stdin [1ms]
2026-05-31 15:10:46.919 [info] > git show --textconv :tests/permission_test.go [3ms]
2026-05-31 15:10:46.920 [info] > git ls-files --stage -- tests/permission_test.go [1ms]
2026-05-31 15:10:46.923 [info] > git cat-file -s 68054463b6304c7881d5720362078b4812c13b72 [1ms]
2026-05-31 15:10:49.733 [info] > git check-ignore -v -z --stdin [1ms]
2026-05-31 15:10:50.027 [info] > git check-ignore -v -z --stdin [1ms]
2026-05-31 15:10:50.574 [info] > git check-ignore -v -z --stdin [1ms]
2026-05-31 15:10:51.360 [info] > git check-ignore -v -z --stdin [1ms]
2026-05-31 15:10:51.566 [info] > git check-ignore -v -z --stdin [1ms]
2026-05-31 15:10:52.080 [info] > git check-ignore -v -z --stdin [1ms]
2026-05-31 15:10:52.735 [info] > git check-ignore -v -z --stdin [1ms]
2026-05-31 15:10:53.241 [info] > git check-ignore -v -z --stdin [1ms]
2026-05-31 15:10:53.936 [info] > git check-ignore -v -z --stdin [1ms]
2026-05-31 15:10:54.229 [info] > git check-ignore -v -z --stdin [1ms]
2026-05-31 15:10:54.882 [info] > git check-ignore -v -z --stdin [1ms]
2026-05-31 15:10:55.252 [info] > git check-ignore -v -z --stdin [2ms]
2026-05-31 15:10:57.537 [info] > git check-ignore -v -z --stdin [1ms]
2026-05-31 15:10:58.377 [info] > git check-ignore -v -z --stdin [1ms]
2026-05-31 15:10:59.678 [info] > git check-ignore -v -z --stdin [1ms]
2026-05-31 15:11:00.825 [info] > git check-ignore -v -z --stdin [1ms]
2026-05-31 15:11:01.072 [info] > git check-ignore -v -z --stdin [1ms]
2026-05-31 15:11:01.278 [info] > git check-ignore -v -z --stdin [1ms]
2026-05-31 15:11:01.866 [info] > git check-ignore -v -z --stdin [1ms]
2026-05-31 15:11:09.275 [info] > git check-ignore -v -z --stdin [1ms]
2026-05-31 15:11:11.034 [info] > git check-ignore -v -z --stdin [1ms]
2026-05-31 15:11:11.067 [info] > git show --textconv :tests/suite/suite.go [4ms]
2026-05-31 15:11:11.068 [info] > git ls-files --stage -- tests/suite/suite.go [1ms]
2026-05-31 15:11:11.071 [info] > git cat-file -s 073bec79fae71495144c8caafb9b9221f6ca2df9 [1ms]
2026-05-31 15:11:11.077 [info] > git blame --root --incremental 1f7a87914bc80f9795516f9f48ee1a6bd2c0cbb2 -- tests/suite/suite.go [1ms]
2026-05-31 15:11:15.693 [info] > git check-ignore -v -z --stdin [1ms]
2026-05-31 15:11:17.838 [info] > git check-ignore -v -z --stdin [1ms]
2026-05-31 15:11:19.936 [info] > git check-ignore -v -z --stdin [1ms]
2026-05-31 15:11:21.301 [info] > git check-ignore -v -z --stdin [1ms]
2026-05-31 15:11:21.313 [info] > git show --textconv :internal/storage/postgresql/permissions.go [3ms]
2026-05-31 15:11:21.314 [info] > git ls-files --stage -- internal/storage/postgresql/permissions.go [1ms]
2026-05-31 15:11:21.318 [info] > git cat-file -s bd053bbee92c3a5950293a2c7c0e85e6e0f2e61c [1ms]
2026-05-31 15:11:21.325 [info] > git blame --root --incremental 1f7a87914bc80f9795516f9f48ee1a6bd2c0cbb2 -- internal/storage/postgresql/permissions.go [2ms]
2026-05-31 15:11:24.897 [info] > git check-ignore -v -z --stdin [1ms]
2026-05-31 15:11:26.366 [info] > git check-ignore -v -z --stdin [1ms]
2026-05-31 15:11:26.476 [info] > git check-ignore -v -z --stdin [1ms]
2026-05-31 15:11:26.483 [info] > git show --textconv :internal/services/permissions/permissions.go [3ms]
2026-05-31 15:11:26.484 [info] > git ls-files --stage -- internal/services/permissions/permissions.go [1ms]
2026-05-31 15:11:26.487 [info] > git cat-file -s df37ede0efd10deeb5cc00bf2ac161438c3260e1 [1ms]
2026-05-31 15:11:26.498 [info] > git blame --root --incremental 1f7a87914bc80f9795516f9f48ee1a6bd2c0cbb2 -- internal/services/permissions/permissions.go [2ms]
2026-05-31 15:11:30.177 [info] > git check-ignore -v -z --stdin [1ms]
2026-05-31 15:11:32.193 [info] > git check-ignore -v -z --stdin [1ms]
2026-05-31 15:11:33.246 [info] > git check-ignore -v -z --stdin [1ms]
2026-05-31 15:11:33.253 [info] > git show --textconv :internal/grpc/permissions/server.go [3ms]
2026-05-31 15:11:33.254 [info] > git ls-files --stage -- internal/grpc/permissions/server.go [1ms]
2026-05-31 15:11:33.258 [info] > git cat-file -s 8f19f79b54ae3c429d5358e56e051115c5d08593 [1ms]
2026-05-31 15:11:33.264 [info] > git blame --root --incremental 1f7a87914bc80f9795516f9f48ee1a6bd2c0cbb2 -- internal/grpc/permissions/server.go [1ms]
2026-05-31 15:11:33.540 [info] > git check-ignore -v -z --stdin [1ms]
2026-05-31 15:11:35.573 [info] > git check-ignore -v -z --stdin [1ms]
2026-05-31 15:11:37.233 [info] > git check-ignore -v -z --stdin [1ms]
2026-05-31 15:11:39.006 [info] > git check-ignore -v -z --stdin [1ms]
2026-05-31 15:11:39.013 [info] > git show --textconv :internal/app/app.go [3ms]
2026-05-31 15:11:39.014 [info] > git ls-files --stage -- internal/app/app.go [1ms]
2026-05-31 15:11:39.018 [info] > git cat-file -s 7a42a90a1aec62bea3be804c19e4363671c81f23 [1ms]
2026-05-31 15:11:39.030 [info] > git blame --root --incremental 1f7a87914bc80f9795516f9f48ee1a6bd2c0cbb2 -- internal/app/app.go [2ms]
2026-05-31 15:11:41.050 [info] > git check-ignore -v -z --stdin [1ms]
2026-05-31 15:11:42.976 [info] > git check-ignore -v -z --stdin [1ms]
2026-05-31 15:11:45.358 [info] > git check-ignore -v -z --stdin [1ms]
2026-05-31 15:11:46.777 [info] > git check-ignore -v -z --stdin [0ms]
2026-05-31 15:11:49.719 [info] > git check-ignore -v -z --stdin [1ms]
2026-05-31 15:11:49.725 [info] > git show --textconv :internal/config/config.go [3ms]
2026-05-31 15:11:49.726 [info] > git ls-files --stage -- internal/config/config.go [1ms]
2026-05-31 15:11:49.729 [info] > git cat-file -s b5df4ff4251b44721fb40e04fd6f35928e51f279 [1ms]
2026-05-31 15:11:55.027 [info] > git check-ignore -v -z --stdin [1ms]
2026-05-31 15:11:55.033 [info] > git show --textconv :internal/grpc/permissions/server.go [3ms]
2026-05-31 15:11:55.034 [info] > git ls-files --stage -- internal/grpc/permissions/server.go [1ms]
2026-05-31 15:11:55.037 [info] > git cat-file -s 8f19f79b54ae3c429d5358e56e051115c5d08593 [1ms]
2026-05-31 15:11:55.642 [info] > git check-ignore -v -z --stdin [1ms]
2026-05-31 15:11:56.082 [info] > git check-ignore -v -z --stdin [1ms]
2026-05-31 15:11:57.558 [info] > git check-ignore -v -z --stdin [1ms]
2026-05-31 15:11:57.564 [info] > git show --textconv :internal/services/permissions/permissions.go [3ms]
2026-05-31 15:11:57.565 [info] > git ls-files --stage -- internal/services/permissions/permissions.go [1ms]
2026-05-31 15:11:57.569 [info] > git cat-file -s df37ede0efd10deeb5cc00bf2ac161438c3260e1 [1ms]
2026-05-31 15:11:58.309 [info] > git check-ignore -v -z --stdin [1ms]
2026-05-31 15:11:58.779 [info] > git check-ignore -v -z --stdin [1ms]
2026-05-31 15:12:02.574 [info] > git check-ignore -v -z --stdin [1ms]
2026-05-31 15:12:02.581 [info] > git show --textconv :internal/storage/postgresql/permissions.go [4ms]
2026-05-31 15:12:02.581 [info] > git ls-files --stage -- internal/storage/postgresql/permissions.go [1ms]
2026-05-31 15:12:02.585 [info] > git cat-file -s bd053bbee92c3a5950293a2c7c0e85e6e0f2e61c [1ms]
2026-05-31 15:12:03.265 [info] > git check-ignore -v -z --stdin [1ms]
2026-05-31 15:12:04.614 [info] > git check-ignore -v -z --stdin [1ms]
2026-05-31 15:12:04.624 [info] > git show --textconv :internal/storage/postgresql/pgsql.go [3ms]
2026-05-31 15:12:04.625 [info] > git ls-files --stage -- internal/storage/postgresql/pgsql.go [1ms]
2026-05-31 15:12:04.628 [info] > git cat-file -s 3ebd39462423df09d962fd87d2fbe2cdf5457c34 [1ms]
2026-05-31 15:12:04.636 [info] > git blame --root --incremental 1f7a87914bc80f9795516f9f48ee1a6bd2c0cbb2 -- internal/storage/postgresql/pgsql.go [2ms]
2026-05-31 15:12:07.023 [info] > git check-ignore -v -z --stdin [1ms]
2026-05-31 15:12:07.029 [info] > git show --textconv :internal/storage/storage.go [3ms]
2026-05-31 15:12:07.030 [info] > git ls-files --stage -- internal/storage/storage.go [1ms]
2026-05-31 15:12:07.034 [info] > git cat-file -s 12f5241021a29ab2f9a4602f443f1c19480cfd80 [1ms]
2026-05-31 15:12:07.040 [info] > git blame --root --incremental 1f7a87914bc80f9795516f9f48ee1a6bd2c0cbb2 -- internal/storage/storage.go [1ms]
2026-05-31 15:12:11.141 [info] > git check-ignore -v -z --stdin [1ms]
2026-05-31 15:12:11.148 [info] > git show --textconv :go.mod [3ms]
2026-05-31 15:12:11.149 [info] > git ls-files --stage -- go.mod [1ms]
2026-05-31 15:12:11.152 [info] > git cat-file -s aae6038511853f1d85ab93da10f6af51b9ee669e [1ms]
2026-05-31 15:12:13.682 [info] > git check-ignore -v -z --stdin [1ms]
2026-05-31 15:12:14.925 [info] > git check-ignore -v -z --stdin [1ms]
2026-05-31 15:12:15.520 [info] > git check-ignore -v -z --stdin [1ms]
2026-05-31 15:12:16.881 [info] > git check-ignore -v -z --stdin [1ms]
2026-05-31 15:12:17.100 [info] > git check-ignore -v -z --stdin [1ms]
2026-05-31 15:12:17.720 [info] > git check-ignore -v -z --stdin [1ms]
2026-05-31 15:12:17.928 [info] > git check-ignore -v -z --stdin [1ms]
2026-05-31 15:12:18.133 [info] > git check-ignore -v -z --stdin [1ms]
2026-05-31 15:12:18.442 [info] > git check-ignore -v -z --stdin [1ms]
2026-05-31 15:12:32.709 [info] > git check-ignore -v -z --stdin [0ms]
2026-05-31 15:12:33.042 [info] > git check-ignore -v -z --stdin [1ms]
2026-05-31 15:12:33.362 [info] > git check-ignore -v -z --stdin [1ms]
2026-05-31 15:12:37.794 [info] > git check-ignore -v -z --stdin [1ms]
2026-05-31 15:12:58.463 [info] > git check-ignore -v -z --stdin [1ms]
2026-05-31 15:12:58.725 [info] > git check-ignore -v -z --stdin [1ms]
2026-05-31 15:12:59.171 [info] > git check-ignore -v -z --stdin [1ms]
2026-05-31 15:12:59.456 [info] > git check-ignore -v -z --stdin [1ms]
2026-05-31 15:13:00.217 [info] > git check-ignore -v -z --stdin [1ms]
2026-05-31 15:13:00.724 [info] > git check-ignore -v -z --stdin [1ms]
2026-05-31 15:13:01.185 [info] > git check-ignore -v -z --stdin [1ms]
2026-05-31 15:13:09.012 [info] > git config --get commit.template [1ms]
2026-05-31 15:13:09.016 [info] > git for-each-ref --format=%(refname)%00%(upstream:short)%00%(objectname)%00%(upstream:track)%00%(upstream:remotename)%00%(upstream:remoteref) refs/heads/main refs/remotes/main [1ms]
2026-05-31 15:13:09.022 [info] > git status -z -uall [3ms]
2026-05-31 15:13:09.023 [info] > git for-each-ref --sort -committerdate --format %(refname)%00%(objectname)%00%(*objectname) [1ms]
2026-05-31 15:13:09.113 [info] > git ls-files --stage -- go.mod [1ms]
2026-05-31 15:13:09.117 [info] > git cat-file -s aae6038511853f1d85ab93da10f6af51b9ee669e [1ms]
2026-05-31 15:13:09.121 [info] > git show --textconv :go.mod [1ms]
2026-05-31 15:13:09.330 [info] > git check-ignore -v -z --stdin [1ms]
2026-05-31 15:14:37.269 [info] > git check-ignore -v -z --stdin [1ms]
2026-05-31 15:14:59.934 [info] > git config --get commit.template [6ms]
2026-05-31 15:14:59.938 [info] > git ls-files --stage -- go.mod [5ms]
2026-05-31 15:14:59.942 [info] > git for-each-ref --format=%(refname)%00%(upstream:short)%00%(objectname)%00%(upstream:track)%00%(upstream:remotename)%00%(upstream:remoteref) refs/heads/main refs/remotes/main [5ms]
2026-05-31 15:14:59.950 [info] > git status -z -uall [4ms]
2026-05-31 15:14:59.951 [info] > git cat-file -s aae6038511853f1d85ab93da10f6af51b9ee669e [10ms]
2026-05-31 15:14:59.951 [info] > git for-each-ref --sort -committerdate --format %(refname)%00%(objectname)%00%(*objectname) [1ms]
2026-05-31 15:14:59.961 [info] > git show --textconv :go.mod [1ms]
2026-05-31 15:15:00.258 [info] > git check-ignore -v -z --stdin [1ms]
2026-05-31 15:15:05.318 [info] > git config --get commit.template [4ms]
2026-05-31 15:15:05.319 [info] > git for-each-ref --format=%(refname)%00%(upstream:short)%00%(objectname)%00%(upstream:track)%00%(upstream:remotename)%00%(upstream:remoteref) refs/heads/main refs/remotes/main [1ms]
2026-05-31 15:15:05.325 [info] > git status -z -uall [4ms]
2026-05-31 15:15:05.326 [info] > git for-each-ref --sort -committerdate --format %(refname)%00%(objectname)%00%(*objectname) [2ms]
2026-05-31 15:15:05.633 [info] > git check-ignore -v -z --stdin [0ms]
2026-05-31 15:15:27.196 [info] > git check-ignore -v -z --stdin [1ms]
2026-05-31 15:15:27.203 [info] > git show --textconv :go.sum [4ms]
2026-05-31 15:15:27.204 [info] > git ls-files --stage -- go.sum [1ms]
2026-05-31 15:15:27.207 [info] > git cat-file -s a42520cc8e3fff74b6d26d0b640e4160290abcb4 [1ms]
2026-05-31 15:15:52.858 [info] > git check-ignore -v -z --stdin [1ms]
2026-05-31 15:15:52.866 [info] > git show --textconv :proto/permissions/permissions.proto [3ms]
2026-05-31 15:15:52.867 [info] > git ls-files --stage -- proto/permissions/permissions.proto [1ms]
2026-05-31 15:15:52.870 [info] > git cat-file -s 3ccb7902420a357000c1500c6b7199177544e7d1 [0ms]
2026-05-31 15:15:52.879 [info] > git blame --root --incremental 1f7a87914bc80f9795516f9f48ee1a6bd2c0cbb2 -- proto/permissions/permissions.proto [2ms]
2026-05-31 15:15:53.151 [info] > git check-ignore -v -z --stdin [1ms]
2026-05-31 15:15:57.238 [info] > git check-ignore -v -z --stdin [1ms]
2026-05-31 15:16:00.074 [info] > git check-ignore -v -z --stdin [1ms]
2026-05-31 15:16:01.224 [info] > git config --get commit.template [3ms]
2026-05-31 15:16:01.224 [info] > git for-each-ref --format=%(refname)%00%(upstream:short)%00%(objectname)%00%(upstream:track)%00%(upstream:remotename)%00%(upstream:remoteref) refs/heads/main refs/remotes/main [0ms]
2026-05-31 15:16:01.230 [info] > git status -z -uall [3ms]
2026-05-31 15:16:01.231 [info] > git for-each-ref --sort -committerdate --format %(refname)%00%(objectname)%00%(*objectname) [1ms]
2026-05-31 15:16:01.539 [info] > git check-ignore -v -z --stdin [1ms]
2026-05-31 15:16:15.773 [info] > git check-ignore -v -z --stdin [1ms]
2026-05-31 15:16:16.345 [info] > git config --get commit.template [4ms]
2026-05-31 15:16:16.345 [info] > git for-each-ref --format=%(refname)%00%(upstream:short)%00%(objectname)%00%(upstream:track)%00%(upstream:remotename)%00%(upstream:remoteref) refs/heads/main refs/remotes/main [1ms]
2026-05-31 15:16:16.351 [info] > git status -z -uall [4ms]
2026-05-31 15:16:16.351 [info] > git for-each-ref --sort -committerdate --format %(refname)%00%(objectname)%00%(*objectname) [1ms]
2026-05-31 15:16:16.660 [info] > git check-ignore -v -z --stdin [1ms]
2026-05-31 15:16:21.024 [info] > git check-ignore -v -z --stdin [1ms]
2026-05-31 15:16:21.033 [info] > git show --textconv :gen/go/permissions/permissions_grpc.pb.go [4ms]
2026-05-31 15:16:21.033 [info] > git ls-files --stage -- gen/go/permissions/permissions_grpc.pb.go [1ms]
2026-05-31 15:16:21.037 [info] > git cat-file -s e4c60cb148ffa5a25f7981d2207eee5f201e81e3 [1ms]
2026-05-31 15:16:21.313 [info] > git check-ignore -v -z --stdin [1ms]
2026-05-31 15:16:21.360 [info] > git config --get commit.template [3ms]
2026-05-31 15:16:21.361 [info] > git for-each-ref --format=%(refname)%00%(upstream:short)%00%(objectname)%00%(upstream:track)%00%(upstream:remotename)%00%(upstream:remoteref) refs/heads/main refs/remotes/main [1ms]
2026-05-31 15:16:21.367 [info] > git status -z -uall [4ms]
2026-05-31 15:16:21.367 [info] > git for-each-ref --sort -committerdate --format %(refname)%00%(objectname)%00%(*objectname) [1ms]
2026-05-31 15:16:21.675 [info] > git check-ignore -v -z --stdin [1ms]
2026-05-31 15:16:22.541 [info] > git blame --root --incremental 1f7a87914bc80f9795516f9f48ee1a6bd2c0cbb2 -- gen/go/permissions/permissions_grpc.pb.go [2ms]
2026-05-31 15:16:24.408 [info] > git check-ignore -v -z --stdin [1ms]
2026-05-31 15:16:38.090 [info] > git config --get commit.template [7ms]
2026-05-31 15:16:38.090 [info] > git for-each-ref --format=%(refname)%00%(upstream:short)%00%(objectname)%00%(upstream:track)%00%(upstream:remotename)%00%(upstream:remoteref) refs/heads/main refs/remotes/main [1ms]
2026-05-31 15:16:38.099 [info] > git status -z -uall [4ms]
2026-05-31 15:16:38.100 [info] > git for-each-ref --sort -committerdate --format %(refname)%00%(objectname)%00%(*objectname) [1ms]
2026-05-31 15:16:38.408 [info] > git check-ignore -v -z --stdin [1ms]
2026-05-31 15:16:47.513 [info] > git log --format=%H%n%aN%n%aE%n%at%n%ct%n%P%n%D%n%B -z --shortstat --diff-merges=first-parent -n50 --skip=0 --topo-order --decorate=full --stdin [3ms]
2026-05-31 15:17:01.177 [info] > git check-ignore -v -z --stdin [1ms]
2026-05-31 15:17:01.184 [info] > git show --textconv :.gitignore [3ms]
2026-05-31 15:17:01.185 [info] > git ls-files --stage -- .gitignore [1ms]
2026-05-31 15:17:01.189 [info] > git cat-file -s 6db33941e3f446384b6eefac766233af2207359d [2ms]
2026-05-31 15:17:01.798 [info] > git blame --root --incremental 1f7a87914bc80f9795516f9f48ee1a6bd2c0cbb2 -- .gitignore [1ms]
2026-05-31 15:17:02.884 [info] > git check-ignore -v -z --stdin [1ms]
2026-05-31 15:17:03.276 [info] > git check-ignore -v -z --stdin [1ms]
2026-05-31 15:17:03.747 [info] > git check-ignore -v -z --stdin [1ms]
2026-05-31 15:17:03.968 [info] > git check-ignore -v -z --stdin [1ms]
2026-05-31 15:17:04.609 [info] > git check-ignore -v -z --stdin [1ms]
2026-05-31 15:17:05.886 [info] > git check-ignore -v -z --stdin [1ms]
2026-05-31 15:17:06.322 [info] > git config --get commit.template [4ms]
2026-05-31 15:17:06.322 [info] > git for-each-ref --format=%(refname)%00%(upstream:short)%00%(objectname)%00%(upstream:track)%00%(upstream:remotename)%00%(upstream:remoteref) refs/heads/main refs/remotes/main [1ms]
2026-05-31 15:17:06.328 [info] > git status -z -uall [3ms]
2026-05-31 15:17:06.329 [info] > git for-each-ref --sort -committerdate --format %(refname)%00%(objectname)%00%(*objectname) [1ms]
2026-05-31 15:17:06.408 [info] > git log --format=%H%n%aN%n%aE%n%at%n%ct%n%P%n%D%n%B -z --shortstat --diff-merges=first-parent -n50 --skip=0 --topo-order --decorate=full --stdin [3ms]
2026-05-31 15:17:06.659 [info] > git check-ignore -v -z --stdin [1ms]
2026-05-31 15:17:43.962 [info] > git add -A -- . [3ms]
2026-05-31 15:17:43.970 [info] > git config --get commit.template [4ms]
2026-05-31 15:17:43.970 [info] > git for-each-ref --format=%(refname)%00%(upstream:short)%00%(objectname)%00%(upstream:track)%00%(upstream:remotename)%00%(upstream:remoteref) refs/heads/main refs/remotes/main [1ms]
2026-05-31 15:17:43.977 [info] > git status -z -uall [4ms]
2026-05-31 15:17:43.977 [info] > git for-each-ref --sort -committerdate --format %(refname)%00%(objectname)%00%(*objectname) [1ms]
2026-05-31 15:17:43.996 [info] > git -c user.useConfigOnly=true commit --quiet --allow-empty-message --file - [14ms]
2026-05-31 15:17:44.001 [info] > git config --get commit.template [1ms]
2026-05-31 15:17:44.008 [info] > git config --get commit.template [2ms]
2026-05-31 15:17:44.012 [info] > git for-each-ref --format=%(refname)%00%(upstream:short)%00%(objectname)%00%(upstream:track)%00%(upstream:remotename)%00%(upstream:remoteref) refs/heads/main refs/remotes/main [1ms]
2026-05-31 15:17:44.020 [info] > git status -z -uall [4ms]
2026-05-31 15:17:44.021 [info] > git for-each-ref --sort -committerdate --format %(refname)%00%(objectname)%00%(*objectname) [2ms]
2026-05-31 15:17:44.028 [info] > git blame --root --incremental 0ac607639291e51be728477cb8af88ad1719671a -- .gitignore [2ms]
2026-05-31 15:17:44.057 [info] > git log --format=%H%n%aN%n%aE%n%at%n%ct%n%P%n%D%n%B -z --shortstat --diff-merges=first-parent -n50 --skip=0 --topo-order --decorate=full --stdin [4ms]
2026-05-31 15:17:44.073 [info] > git config --get commit.template [4ms]
2026-05-31 15:17:44.074 [info] > git for-each-ref --format=%(refname)%00%(upstream:short)%00%(objectname)%00%(upstream:track)%00%(upstream:remotename)%00%(upstream:remoteref) refs/heads/main refs/remotes/main [2ms]
2026-05-31 15:17:44.080 [info] > git status -z -uall [3ms]
2026-05-31 15:17:44.081 [info] > git for-each-ref --sort -committerdate --format %(refname)%00%(objectname)%00%(*objectname) [1ms]
2026-05-31 15:17:44.389 [info] > git check-ignore -v -z --stdin [2ms]
2026-05-31 15:17:45.129 [info] > git config --get commit.template [4ms]
2026-05-31 15:17:45.130 [info] > git for-each-ref --format=%(refname)%00%(upstream:short)%00%(objectname)%00%(upstream:track)%00%(upstream:remotename)%00%(upstream:remoteref) refs/heads/main refs/remotes/main [0ms]
2026-05-31 15:17:45.135 [info] > git status -z -uall [3ms]
2026-05-31 15:17:45.136 [info] > git for-each-ref --sort -committerdate --format %(refname)%00%(objectname)%00%(*objectname) [1ms]
2026-05-31 15:17:45.227 [info] > git ls-files --stage -- .gitignore [1ms]
2026-05-31 15:17:45.230 [info] > git cat-file -s 65d7bf492b64cb32a82d3644d23e1fbd64224806 [1ms]
2026-05-31 15:17:45.234 [info] > git show --textconv :.gitignore [1ms]
2026-05-31 15:17:45.444 [info] > git check-ignore -v -z --stdin [1ms]
2026-05-31 15:17:51.056 [info] > git push -u origin main [2200ms]
2026-05-31 15:17:51.087 [info] To github.com:PoinkCorporation/Permissions-service.git
 ! [rejected]        main -> main (fetch first)
error: failed to push some refs to 'github.com:PoinkCorporation/Permissions-service.git'
hint: Updates were rejected because the remote contains work that you do not
hint: have locally. This is usually caused by another repository pushing to
hint: the same ref. If you want to integrate the remote changes, use
hint: 'git pull' before pushing again.
hint: See the 'Note about fast-forwards' in 'git push --help' for details.
2026-05-31 15:17:51.094 [info] > git config --get commit.template [3ms]
2026-05-31 15:17:51.094 [info] > git for-each-ref --format=%(refname)%00%(upstream:short)%00%(objectname)%00%(upstream:track)%00%(upstream:remotename)%00%(upstream:remoteref) refs/heads/main refs/remotes/main [1ms]
2026-05-31 15:17:51.101 [info] > git status -z -uall [4ms]
2026-05-31 15:17:51.101 [info] > git for-each-ref --sort -committerdate --format %(refname)%00%(objectname)%00%(*objectname) [1ms]
2026-05-31 15:20:15.570 [info] > git config --get commit.template [8ms]
2026-05-31 15:20:15.577 [info] > git for-each-ref --format %(refname)%00%(objectname)%00%(*objectname) refs/tags [4ms]
2026-05-31 15:20:15.577 [info] > git ls-files --stage -- .gitignore [8ms]
2026-05-31 15:20:15.581 [info] > git show -s --decorate=full --shortstat --format=%H%n%aN%n%aE%n%at%n%ct%n%P%n%D%n%B -z 0ac607639291e51be728477cb8af88ad1719671a -- [5ms]
2026-05-31 15:20:15.589 [info] > git status -z -uall [4ms]
2026-05-31 15:20:15.590 [info] > git cat-file -s 65d7bf492b64cb32a82d3644d23e1fbd64224806 [10ms]
2026-05-31 15:20:15.590 [info] > git for-each-ref --sort -committerdate --format %(refname)%00%(objectname)%00%(*objectname) [1ms]
2026-05-31 15:20:15.600 [info] > git blame --root --incremental fc2638a301b5996be9fa117c41055793ef9e1f04 -- .gitignore [6ms]
2026-05-31 15:20:15.602 [info] > git show --textconv :.gitignore [1ms]
2026-05-31 15:20:15.608 [info] > git log --format=%H%n%aN%n%aE%n%at%n%ct%n%P%n%D%n%B -z --shortstat --diff-merges=first-parent -n50 --skip=0 --topo-order --decorate=full --stdin [3ms]
2026-05-31 15:20:15.637 [info] > git log --format=%H%n%aN%n%aE%n%at%n%ct%n%P%n%D%n%B -z --shortstat --diff-merges=first-parent -n50 --skip=0 --topo-order --decorate=full --stdin [4ms]
2026-05-31 15:20:29.685 [info] > git config --get commit.template [8ms]
2026-05-31 15:20:29.690 [info] > git ls-files --stage -- .gitignore [6ms]
2026-05-31 15:20:29.693 [info] > git for-each-ref --format %(refname)%00%(objectname)%00%(*objectname) refs/tags [4ms]
2026-05-31 15:20:29.702 [info] > git status -z -uall [5ms]
2026-05-31 15:20:29.702 [info] > git cat-file -s 65d7bf492b64cb32a82d3644d23e1fbd64224806 [9ms]
2026-05-31 15:20:29.703 [info] > git for-each-ref --sort -committerdate --format %(refname)%00%(objectname)%00%(*objectname) [2ms]
2026-05-31 15:20:29.712 [info] > git show --textconv :.gitignore [1ms]
2026-05-31 15:20:37.833 [info] > git config --get commit.template [5ms]
2026-05-31 15:20:37.837 [info] > git for-each-ref --format=%(refname)%00%(upstream:short)%00%(objectname)%00%(upstream:track)%00%(upstream:remotename)%00%(upstream:remoteref) refs/heads/main refs/remotes/main [5ms]
2026-05-31 15:20:37.845 [info] > git status -z -uall [4ms]
2026-05-31 15:20:37.845 [info] > git ls-files --stage -- .gitignore [8ms]
2026-05-31 15:20:37.850 [info] > git for-each-ref --sort -committerdate --format %(refname)%00%(objectname)%00%(*objectname) [6ms]
2026-05-31 15:20:37.856 [info] > git cat-file -s 65d7bf492b64cb32a82d3644d23e1fbd64224806 [7ms]
2026-05-31 15:20:37.858 [info] > git for-each-ref --format=%(refname)%00%(upstream:short)%00%(objectname)%00%(upstream:track)%00%(upstream:remotename)%00%(upstream:remoteref) refs/heads/main refs/remotes/main [3ms]
2026-05-31 15:20:37.866 [info] > git config --get --local branch.main.vscode-merge-base [4ms]
2026-05-31 15:20:37.866 [warning] [Git][config] git config failed: Failed to execute git
2026-05-31 15:20:37.870 [info] > git show --textconv :.gitignore [5ms]
2026-05-31 15:20:37.872 [info] > git reflog main --grep-reflog=branch: Created from *. [2ms]
2026-05-31 15:20:37.876 [info] > git symbolic-ref --short refs/remotes/origin/HEAD [1ms]
2026-05-31 15:20:37.876 [info] fatal: ref refs/remotes/origin/HEAD is not a symbolic ref
2026-05-31 15:20:37.876 [warning] [Repository][getDefaultBranch] Failed to get default branch details: Failed to execute git.
2026-05-31 15:20:37.883 [info] > git log --format=%H%n%aN%n%aE%n%at%n%ct%n%P%n%D%n%B -z --shortstat --diff-merges=first-parent -n50 --skip=0 --topo-order --decorate=full --stdin [3ms]
2026-05-31 15:20:41.785 [info] > git check-ignore -v -z --stdin [1ms]
2026-05-31 15:20:41.792 [info] > git show --textconv :go.mod [3ms]
2026-05-31 15:20:41.792 [info] > git ls-files --stage -- go.mod [0ms]
2026-05-31 15:20:41.796 [info] > git cat-file -s a1d4aafff03277ab7c51ed3c95e8c7ed371f7333 [1ms]
2026-05-31 15:20:41.806 [info] > git blame --root --incremental 0ac607639291e51be728477cb8af88ad1719671a -- go.mod [2ms]
2026-05-31 15:20:42.863 [info] > git config --get commit.template [3ms]
2026-05-31 15:20:42.864 [info] > git for-each-ref --format=%(refname)%00%(upstream:short)%00%(objectname)%00%(upstream:track)%00%(upstream:remotename)%00%(upstream:remoteref) refs/heads/main refs/remotes/main [1ms]
2026-05-31 15:20:42.870 [info] > git status -z -uall [3ms]
2026-05-31 15:20:42.871 [info] > git for-each-ref --sort -committerdate --format %(refname)%00%(objectname)%00%(*objectname) [1ms]
2026-05-31 15:20:44.133 [info] > git check-ignore -v -z --stdin [1ms]
2026-05-31 15:20:44.141 [info] > git show --textconv :go.sum [2ms]
2026-05-31 15:20:44.141 [info] > git ls-files --stage -- go.sum [1ms]
2026-05-31 15:20:44.145 [info] > git cat-file -s a42520cc8e3fff74b6d26d0b640e4160290abcb4 [1ms]
2026-05-31 15:20:45.449 [info] > git check-ignore -v -z --stdin [1ms]
2026-05-31 15:20:45.456 [info] > git show --textconv :.gitignore [3ms]
2026-05-31 15:20:45.457 [info] > git ls-files --stage -- .gitignore [1ms]
2026-05-31 15:20:45.461 [info] > git cat-file -s 65d7bf492b64cb32a82d3644d23e1fbd64224806 [1ms]
2026-05-31 15:29:59.664 [info] > git check-ignore -v -z --stdin [1ms]
2026-05-31 15:29:59.671 [info] > git show --textconv :config/config_local.yaml [3ms]
2026-05-31 15:29:59.672 [info] > git ls-files --stage -- config/config_local.yaml [1ms]
2026-05-31 15:29:59.675 [info] > git cat-file -s 011520aa808d53591b01429c0adb5a289b018cea [1ms]
2026-05-31 15:29:59.682 [info] > git blame --root --incremental 0ac607639291e51be728477cb8af88ad1719671a -- config/config_local.yaml [1ms]
2026-05-31 15:30:31.693 [info] > git check-ignore -v -z --stdin [1ms]
2026-05-31 15:32:23.189 [info] > git check-ignore -v -z --stdin [1ms]
2026-05-31 15:32:23.196 [info] > git show --textconv :migrations/000001_init_permissions.up.sql [4ms]
2026-05-31 15:32:23.196 [info] > git ls-files --stage -- migrations/000001_init_permissions.up.sql [1ms]
2026-05-31 15:32:23.200 [info] > git cat-file -s 573d542bd146126a446b28be48e9ff8ac4d26541 [1ms]
2026-05-31 15:32:23.208 [info] > git blame --root --incremental 0ac607639291e51be728477cb8af88ad1719671a -- migrations/000001_init_permissions.up.sql [2ms]
2026-05-31 15:32:50.087 [info] > git check-ignore -v -z --stdin [1ms]
2026-05-31 15:32:50.094 [info] > git show --textconv :config/config_local.yaml [3ms]
2026-05-31 15:32:50.119 [info] > git ls-files --stage -- config/config_local.yaml [26ms]
2026-05-31 15:32:50.123 [info] > git cat-file -s 011520aa808d53591b01429c0adb5a289b018cea [1ms]
2026-05-31 15:38:29.651 [info] > git check-ignore -v -z --stdin [1ms]
2026-05-31 15:38:29.658 [info] > git show --textconv :tests/permission_test.go [3ms]
2026-05-31 15:38:29.659 [info] > git ls-files --stage -- tests/permission_test.go [1ms]
2026-05-31 15:38:29.662 [info] > git cat-file -s 32c903085235c7b2c0b1b5440e79e7d1d0135782 [1ms]
2026-05-31 15:38:29.673 [info] > git blame --root --incremental 0ac607639291e51be728477cb8af88ad1719671a -- tests/permission_test.go [1ms]
2026-05-31 15:38:32.639 [info] > git check-ignore -v -z --stdin [1ms]
2026-05-31 15:38:32.646 [info] > git show --textconv :tests/suite/suite.go [3ms]
2026-05-31 15:38:32.647 [info] > git ls-files --stage -- tests/suite/suite.go [1ms]
2026-05-31 15:38:32.650 [info] > git cat-file -s 1331eee9434a4586e990daa9c7e3b3cb85f6a121 [1ms]
2026-05-31 15:38:32.658 [info] > git blame --root --incremental 0ac607639291e51be728477cb8af88ad1719671a -- tests/suite/suite.go [2ms]
2026-05-31 15:38:33.603 [info] > git check-ignore -v -z --stdin [1ms]
2026-05-31 15:38:33.609 [info] > git show --textconv :tests/permission_test.go [3ms]
2026-05-31 15:38:33.610 [info] > git ls-files --stage -- tests/permission_test.go [1ms]
2026-05-31 15:38:33.614 [info] > git cat-file -s 32c903085235c7b2c0b1b5440e79e7d1d0135782 [1ms]
