2026-05-31 11:57:29.315 [info] Reading sessions from keychain...
2026-05-31 11:57:29.315 [info] Getting sessions for all scopes...
2026-05-31 11:57:29.315 [info] Got stored sessions!
2026-05-31 11:57:29.315 [info] Got 1 verified sessions.
2026-05-31 11:57:29.315 [info] Got 1 sessions for ...
2026-05-31 11:57:29.315 [info] Getting sessions for all scopes...
2026-05-31 11:57:29.315 [info] Got 1 sessions for ...
2026-05-31 11:57:29.315 [info] Getting sessions for all scopes...
2026-05-31 11:57:29.315 [info] Got 1 sessions for ...
2026-05-31 11:57:29.513 [info] Getting sessions for all scopes...
2026-05-31 11:57:29.513 [info] Got 1 sessions for ...
2026-05-31 11:58:56.741 [info] Getting sessions for all scopes...
2026-05-31 11:58:56.741 [info] Got 1 sessions for ...
2026-05-31 11:58:56.743 [info] Getting sessions for all scopes...
2026-05-31 11:58:56.743 [info] Got 1 sessions for ...
2026-05-31 11:58:56.749 [info] Getting sessions for all scopes...
2026-05-31 11:58:56.749 [info] Got 1 sessions for ...
2026-05-31 11:59:06.521 [info] Getting sessions for all scopes...
2026-05-31 11:59:06.521 [info] Got 1 sessions for ...
2026-05-31 11:59:06.522 [info] Getting sessions for all scopes...
2026-05-31 11:59:06.522 [info] Got 1 sessions for ...
2026-05-31 11:59:33.543 [info] Getting sessions for all scopes...
2026-05-31 11:59:33.543 [info] Got 1 sessions for ...
2026-05-31 11:59:33.544 [info] Getting sessions for all scopes...
2026-05-31 11:59:33.544 [info] Got 1 sessions for ...
2026-05-31 11:59:51.885 [info] Getting sessions for all scopes...
2026-05-31 11:59:51.885 [info] Got 1 sessions for ...
2026-05-31 11:59:51.885 [info] Getting sessions for all scopes...
2026-05-31 11:59:51.885 [info] Got 1 sessions for ...
2026-05-31 11:59:54.296 [info] Getting sessions for all scopes...
2026-05-31 11:59:54.296 [info] Got 1 sessions for ...
2026-05-31 11:59:54.296 [info] Getting sessions for all scopes...
2026-05-31 11:59:54.296 [info] Got 1 sessions for ...
2026-05-31 11:59:59.319 [info] Getting sessions for all scopes...
2026-05-31 11:59:59.319 [info] Got 1 sessions for ...
2026-05-31 11:59:59.319 [info] Getting sessions for all scopes...
2026-05-31 11:59:59.319 [info] Got 1 sessions for ...
2026-05-31 12:00:03.074 [info] Getting sessions for all scopes...
2026-05-31 12:00:03.074 [info] Got 1 sessions for ...
2026-05-31 12:00:03.075 [info] Getting sessions for all scopes...
2026-05-31 12:00:03.075 [info] Got 1 sessions for ...
2026-05-31 12:00:03.717 [info] Getting sessions for all scopes...
2026-05-31 12:00:03.717 [info] Got 1 sessions for ...
2026-05-31 12:00:03.717 [info] Getting sessions for all scopes...
2026-05-31 12:00:03.717 [info] Got 1 sessions for ...
2026-05-31 12:00:03.934 [info] Getting sessions for all scopes...
2026-05-31 12:00:03.934 [info] Got 1 sessions for ...
2026-05-31 12:00:03.934 [info] Getting sessions for all scopes...
2026-05-31 12:00:03.934 [info] Got 1 sessions for ...
2026-05-31 12:00:04.292 [info] Getting sessions for all scopes...
2026-05-31 12:00:04.292 [info] Got 1 sessions for ...
2026-05-31 12:00:04.292 [info] Getting sessions for all scopes...
2026-05-31 12:00:04.292 [info] Got 1 sessions for ...
2026-05-31 12:00:10.105 [info] Reading sessions from keychain...
2026-05-31 12:00:10.105 [info] Getting sessions for all scopes...
2026-05-31 12:00:10.135 [info] Got stored sessions!
2026-05-31 12:00:10.135 [info] Got 1 verified sessions.
2026-05-31 12:00:10.135 [info] Got 1 sessions for ...
2026-05-31 12:00:10.135 [info] Getting sessions for all scopes...
2026-05-31 12:00:10.135 [info] Got 1 sessions for ...
2026-05-31 12:00:10.135 [info] Getting sessions for all scopes...
2026-05-31 12:00:10.135 [info] Got 1 sessions for ...
2026-05-31 12:00:10.136 [info] Getting sessions for all scopes...
2026-05-31 12:00:10.136 [info] Got 1 sessions for ...
2026-05-31 12:00:10.141 [info] Getting sessions for all scopes...
2026-05-31 12:00:10.141 [info] Got 1 sessions for ...
2026-05-31 12:00:12.036 [info] Getting sessions for all scopes...
2026-05-31 12:00:12.036 [info] Got 1 sessions for ...
2026-05-31 12:00:13.892 [info] Getting sessions for all scopes...
2026-05-31 12:00:13.892 [info] Got 1 sessions for ...
2026-05-31 12:00:13.893 [info] Getting sessions for all scopes...
2026-05-31 12:00:13.893 [info] Got 1 sessions for ...
2026-05-31 12:03:37.655 [info] Getting sessions for all scopes...
2026-05-31 12:03:37.656 [info] Got 1 sessions for ...
2026-05-31 12:03:37.656 [info] Getting sessions for all scopes...
2026-05-31 12:03:37.656 [info] Got 1 sessions for ...
2026-05-31 12:06:16.848 [info] Getting sessions for all scopes...
2026-05-31 12:06:16.848 [info] Got 1 sessions for ...
2026-05-31 12:06:16.849 [info] Getting sessions for all scopes...
2026-05-31 12:06:16.849 [info] Got 1 sessions for ...
2026-05-31 12:07:21.831 [info] Getting sessions for all scopes...
2026-05-31 12:07:21.831 [info] Got 1 sessions for ...
2026-05-31 12:07:21.832 [info] Getting sessions for all scopes...
2026-05-31 12:07:21.832 [info] Got 1 sessions for ...
2026-05-31 12:08:00.813 [info] Getting sessions for all scopes...
2026-05-31 12:08:00.813 [info] Got 1 sessions for ...
2026-05-31 12:08:00.814 [info] Getting sessions for all scopes...
2026-05-31 12:08:00.814 [info] Got 1 sessions for ...
2026-05-31 12:08:48.353 [info] Getting sessions for all scopes...
2026-05-31 12:08:48.353 [info] Got 1 sessions for ...
2026-05-31 12:08:48.353 [info] Getting sessions for all scopes...
2026-05-31 12:08:48.353 [info] Got 1 sessions for ...
2026-05-31 12:09:23.425 [info] Getting sessions for all scopes...
2026-05-31 12:09:23.425 [info] Got 1 sessions for ...
2026-05-31 12:09:23.426 [info] Getting sessions for all scopes...
2026-05-31 12:09:23.426 [info] Got 1 sessions for ...
2026-05-31 12:09:27.582 [info] Getting sessions for all scopes...
2026-05-31 12:09:27.582 [info] Got 1 sessions for ...
2026-05-31 12:09:27.582 [info] Getting sessions for all scopes...
2026-05-31 12:09:27.582 [info] Got 1 sessions for ...
2026-05-31 12:09:33.653 [info] Getting sessions for all scopes...
2026-05-31 12:09:33.653 [info] Got 1 sessions for ...
2026-05-31 12:09:33.653 [info] Getting sessions for all scopes...
2026-05-31 12:09:33.653 [info] Got 1 sessions for ...
2026-05-31 12:10:26.955 [info] Getting sessions for all scopes...
2026-05-31 12:10:26.955 [info] Got 1 sessions for ...
2026-05-31 12:10:26.955 [info] Getting sessions for all scopes...
2026-05-31 12:10:26.955 [info] Got 1 sessions for ...
2026-05-31 12:10:54.740 [info] Getting sessions for all scopes...
2026-05-31 12:10:54.741 [info] Got 1 sessions for ...
2026-05-31 12:10:54.741 [info] Getting sessions for all scopes...
2026-05-31 12:10:54.741 [info] Got 1 sessions for ...
2026-05-31 12:10:58.828 [info] Getting sessions for all scopes...
2026-05-31 12:10:58.828 [info] Got 1 sessions for ...
2026-05-31 12:10:58.829 [info] Getting sessions for all scopes...
2026-05-31 12:10:58.829 [info] Got 1 sessions for ...
2026-05-31 12:11:12.505 [info] Getting sessions for all scopes...
2026-05-31 12:11:12.505 [info] Got 1 sessions for ...
2026-05-31 12:11:12.505 [info] Getting sessions for all scopes...
2026-05-31 12:11:12.505 [info] Got 1 sessions for ...
2026-05-31 12:11:28.091 [info] Getting sessions for all scopes...
2026-05-31 12:11:28.091 [info] Got 1 sessions for ...
2026-05-31 12:11:28.091 [info] Getting sessions for all scopes...
2026-05-31 12:11:28.091 [info] Got 1 sessions for ...
2026-05-31 12:11:28.710 [info] Getting sessions for all scopes...
2026-05-31 12:11:28.710 [info] Got 1 sessions for ...
2026-05-31 12:11:28.710 [info] Getting sessions for all scopes...
2026-05-31 12:11:28.710 [info] Got 1 sessions for ...
2026-05-31 12:11:45.564 [info] Getting sessions for all scopes...
2026-05-31 12:11:45.564 [info] Got 1 sessions for ...
2026-05-31 12:11:45.565 [info] Getting sessions for all scopes...
2026-05-31 12:11:45.565 [info] Got 1 sessions for ...
2026-05-31 12:13:16.077 [info] Getting sessions for all scopes...
2026-05-31 12:13:16.077 [info] Got 1 sessions for ...
2026-05-31 12:13:16.078 [info] Getting sessions for all scopes...
2026-05-31 12:13:16.078 [info] Got 1 sessions for ...
2026-05-31 12:13:20.925 [info] Getting sessions for all scopes...
2026-05-31 12:13:20.925 [info] Got 1 sessions for ...
2026-05-31 12:13:20.925 [info] Getting sessions for all scopes...
2026-05-31 12:13:20.925 [info] Got 1 sessions for ...
2026-05-31 12:13:52.943 [info] Getting sessions for all scopes...
2026-05-31 12:13:52.943 [info] Got 1 sessions for ...
2026-05-31 12:13:52.943 [info] Getting sessions for all scopes...
2026-05-31 12:13:52.943 [info] Got 1 sessions for ...
2026-05-31 12:14:00.642 [info] Getting sessions for all scopes...
2026-05-31 12:14:00.642 [info] Got 1 sessions for ...
2026-05-31 12:14:00.642 [info] Getting sessions for all scopes...
2026-05-31 12:14:00.642 [info] Got 1 sessions for ...
2026-05-31 12:14:36.119 [info] Getting sessions for all scopes...
2026-05-31 12:14:36.119 [info] Got 1 sessions for ...
2026-05-31 12:14:36.119 [info] Getting sessions for all scopes...
2026-05-31 12:14:36.119 [info] Got 1 sessions for ...
2026-05-31 12:14:36.947 [info] Getting sessions for all scopes...
2026-05-31 12:14:36.947 [info] Got 1 sessions for ...
2026-05-31 12:14:36.947 [info] Getting sessions for all scopes...
2026-05-31 12:14:36.947 [info] Got 1 sessions for ...
2026-05-31 12:14:39.527 [info] Getting sessions for all scopes...
2026-05-31 12:14:39.527 [info] Got 1 sessions for ...
2026-05-31 12:14:39.528 [info] Getting sessions for all scopes...
2026-05-31 12:14:39.528 [info] Got 1 sessions for ...
2026-05-31 12:15:08.219 [info] Getting sessions for all scopes...
2026-05-31 12:15:08.219 [info] Got 1 sessions for ...
2026-05-31 12:15:08.219 [info] Getting sessions for all scopes...
2026-05-31 12:15:08.219 [info] Got 1 sessions for ...
2026-05-31 12:15:12.313 [info] Getting sessions for all scopes...
2026-05-31 12:15:12.313 [info] Got 1 sessions for ...
2026-05-31 12:15:12.314 [info] Getting sessions for all scopes...
2026-05-31 12:15:12.314 [info] Got 1 sessions for ...
2026-05-31 12:15:42.717 [info] Getting sessions for all scopes...
2026-05-31 12:15:42.717 [info] Got 1 sessions for ...
2026-05-31 12:15:42.717 [info] Getting sessions for all scopes...
2026-05-31 12:15:42.717 [info] Got 1 sessions for ...
2026-05-31 12:16:36.338 [info] Getting sessions for all scopes...
2026-05-31 12:16:36.338 [info] Got 1 sessions for ...
2026-05-31 12:16:36.338 [info] Getting sessions for all scopes...
2026-05-31 12:16:36.338 [info] Got 1 sessions for ...
2026-05-31 12:16:42.905 [info] Getting sessions for all scopes...
2026-05-31 12:16:42.905 [info] Got 1 sessions for ...
2026-05-31 12:16:42.905 [info] Getting sessions for all scopes...
2026-05-31 12:16:42.905 [info] Got 1 sessions for ...
2026-05-31 12:17:04.426 [info] Getting sessions for all scopes...
2026-05-31 12:17:04.426 [info] Got 1 sessions for ...
2026-05-31 12:17:04.427 [info] Getting sessions for all scopes...
2026-05-31 12:17:04.427 [info] Got 1 sessions for ...
2026-05-31 12:17:26.659 [info] Getting sessions for all scopes...
2026-05-31 12:17:26.659 [info] Got 1 sessions for ...
2026-05-31 12:17:26.659 [info] Getting sessions for all scopes...
2026-05-31 12:17:26.659 [info] Got 1 sessions for ...
2026-05-31 12:19:27.222 [info] Getting sessions for all scopes...
2026-05-31 12:19:27.222 [info] Got 1 sessions for ...
2026-05-31 12:19:27.223 [info] Getting sessions for all scopes...
2026-05-31 12:19:27.223 [info] Got 1 sessions for ...
2026-05-31 12:22:08.319 [info] Getting sessions for all scopes...
2026-05-31 12:22:08.319 [info] Got 1 sessions for ...
2026-05-31 12:22:08.320 [info] Getting sessions for all scopes...
2026-05-31 12:22:08.320 [info] Got 1 sessions for ...
2026-05-31 12:22:39.802 [info] Getting sessions for all scopes...
2026-05-31 12:22:39.802 [info] Got 1 sessions for ...
2026-05-31 12:22:39.803 [info] Getting sessions for all scopes...
2026-05-31 12:22:39.803 [info] Got 1 sessions for ...
2026-05-31 12:23:26.355 [info] Getting sessions for all scopes...
2026-05-31 12:23:26.355 [info] Got 1 sessions for ...
2026-05-31 12:23:26.355 [info] Getting sessions for all scopes...
2026-05-31 12:23:26.355 [info] Got 1 sessions for ...
2026-05-31 12:23:29.193 [info] Getting sessions for all scopes...
2026-05-31 12:23:29.193 [info] Got 1 sessions for ...
2026-05-31 12:23:29.194 [info] Getting sessions for all scopes...
2026-05-31 12:23:29.194 [info] Got 1 sessions for ...
2026-05-31 12:24:24.077 [info] Getting sessions for all scopes...
2026-05-31 12:24:24.077 [info] Got 1 sessions for ...
2026-05-31 12:24:24.078 [info] Getting sessions for all scopes...
2026-05-31 12:24:24.078 [info] Got 1 sessions for ...
2026-05-31 12:24:52.628 [info] Getting sessions for all scopes...
2026-05-31 12:24:52.628 [info] Got 1 sessions for ...
2026-05-31 12:24:52.628 [info] Getting sessions for all scopes...
2026-05-31 12:24:52.628 [info] Got 1 sessions for ...
2026-05-31 12:25:18.388 [info] Getting sessions for all scopes...
2026-05-31 12:25:18.388 [info] Got 1 sessions for ...
2026-05-31 12:25:18.389 [info] Getting sessions for all scopes...
2026-05-31 12:25:18.389 [info] Got 1 sessions for ...
2026-05-31 12:25:21.333 [info] Getting sessions for all scopes...
2026-05-31 12:25:21.333 [info] Got 1 sessions for ...
2026-05-31 12:25:21.333 [info] Getting sessions for all scopes...
2026-05-31 12:25:21.333 [info] Got 1 sessions for ...
2026-05-31 12:25:29.759 [info] Getting sessions for all scopes...
2026-05-31 12:25:29.759 [info] Got 1 sessions for ...
2026-05-31 12:25:29.760 [info] Getting sessions for all scopes...
2026-05-31 12:25:29.760 [info] Got 1 sessions for ...
2026-05-31 12:26:21.226 [info] Getting sessions for all scopes...
2026-05-31 12:26:21.226 [info] Got 1 sessions for ...
2026-05-31 12:26:21.227 [info] Getting sessions for all scopes...
2026-05-31 12:26:21.227 [info] Got 1 sessions for ...
2026-05-31 12:27:26.784 [info] Getting sessions for all scopes...
2026-05-31 12:27:26.784 [info] Got 1 sessions for ...
2026-05-31 12:27:26.784 [info] Getting sessions for all scopes...
2026-05-31 12:27:26.784 [info] Got 1 sessions for ...
2026-05-31 12:29:09.693 [info] Getting sessions for all scopes...
2026-05-31 12:29:09.693 [info] Got 1 sessions for ...
2026-05-31 12:29:09.694 [info] Getting sessions for all scopes...
2026-05-31 12:29:09.694 [info] Got 1 sessions for ...
2026-05-31 12:30:50.934 [info] Getting sessions for all scopes...
2026-05-31 12:30:50.934 [info] Got 1 sessions for ...
2026-05-31 12:30:50.935 [info] Getting sessions for all scopes...
2026-05-31 12:30:50.935 [info] Got 1 sessions for ...
2026-05-31 12:31:17.795 [info] Getting sessions for all scopes...
2026-05-31 12:31:17.795 [info] Got 1 sessions for ...
2026-05-31 12:31:17.795 [info] Getting sessions for all scopes...
2026-05-31 12:31:17.795 [info] Got 1 sessions for ...
2026-05-31 12:32:24.806 [info] Getting sessions for all scopes...
2026-05-31 12:32:24.806 [info] Got 1 sessions for ...
2026-05-31 12:32:24.806 [info] Getting sessions for all scopes...
2026-05-31 12:32:24.806 [info] Got 1 sessions for ...
2026-05-31 12:34:08.443 [info] Getting sessions for all scopes...
2026-05-31 12:34:08.443 [info] Got 1 sessions for ...
2026-05-31 12:34:08.444 [info] Getting sessions for all scopes...
2026-05-31 12:34:08.444 [info] Got 1 sessions for ...
2026-05-31 12:34:19.835 [info] Getting sessions for all scopes...
2026-05-31 12:34:19.835 [info] Got 1 sessions for ...
2026-05-31 12:34:19.835 [info] Getting sessions for all scopes...
2026-05-31 12:34:19.835 [info] Got 1 sessions for ...
2026-05-31 12:34:27.143 [info] Getting sessions for all scopes...
2026-05-31 12:34:27.143 [info] Got 1 sessions for ...
2026-05-31 12:34:27.143 [info] Getting sessions for all scopes...
2026-05-31 12:34:27.143 [info] Got 1 sessions for ...
2026-05-31 12:35:07.729 [info] Getting sessions for all scopes...
2026-05-31 12:35:07.729 [info] Got 1 sessions for ...
2026-05-31 12:35:07.729 [info] Getting sessions for all scopes...
2026-05-31 12:35:07.729 [info] Got 1 sessions for ...
2026-05-31 12:36:13.925 [info] Getting sessions for all scopes...
2026-05-31 12:36:13.925 [info] Got 1 sessions for ...
2026-05-31 12:36:13.925 [info] Getting sessions for all scopes...
2026-05-31 12:36:13.925 [info] Got 1 sessions for ...
2026-05-31 12:36:28.579 [info] Getting sessions for all scopes...
2026-05-31 12:36:28.579 [info] Got 1 sessions for ...
2026-05-31 12:36:28.580 [info] Getting sessions for all scopes...
2026-05-31 12:36:28.580 [info] Got 1 sessions for ...
2026-05-31 12:38:01.524 [info] Getting sessions for all scopes...
2026-05-31 12:38:01.524 [info] Got 1 sessions for ...
2026-05-31 12:38:01.524 [info] Getting sessions for all scopes...
2026-05-31 12:38:01.524 [info] Got 1 sessions for ...
2026-05-31 12:38:32.595 [info] Getting sessions for all scopes...
2026-05-31 12:38:32.595 [info] Got 1 sessions for ...
2026-05-31 12:38:32.595 [info] Getting sessions for all scopes...
2026-05-31 12:38:32.595 [info] Got 1 sessions for ...
2026-05-31 12:38:49.307 [info] Getting sessions for all scopes...
2026-05-31 12:38:49.307 [info] Got 1 sessions for ...
2026-05-31 12:38:49.307 [info] Getting sessions for all scopes...
2026-05-31 12:38:49.307 [info] Got 1 sessions for ...
2026-05-31 12:39:28.194 [info] Getting sessions for all scopes...
2026-05-31 12:39:28.194 [info] Got 1 sessions for ...
2026-05-31 12:39:28.194 [info] Getting sessions for all scopes...
2026-05-31 12:39:28.194 [info] Got 1 sessions for ...
2026-05-31 12:39:50.592 [info] Getting sessions for all scopes...
2026-05-31 12:39:50.592 [info] Got 1 sessions for ...
2026-05-31 12:39:50.592 [info] Getting sessions for all scopes...
2026-05-31 12:39:50.592 [info] Got 1 sessions for ...
2026-05-31 12:42:32.326 [info] Getting sessions for all scopes...
2026-05-31 12:42:32.326 [info] Got 1 sessions for ...
2026-05-31 12:42:32.326 [info] Getting sessions for all scopes...
2026-05-31 12:42:32.326 [info] Got 1 sessions for ...
2026-05-31 12:43:57.175 [info] Getting sessions for all scopes...
2026-05-31 12:43:57.175 [info] Got 1 sessions for ...
2026-05-31 12:43:57.175 [info] Getting sessions for all scopes...
2026-05-31 12:43:57.175 [info] Got 1 sessions for ...
2026-05-31 12:44:38.651 [info] Getting sessions for all scopes...
2026-05-31 12:44:38.651 [info] Got 1 sessions for ...
2026-05-31 12:44:38.651 [info] Getting sessions for all scopes...
2026-05-31 12:44:38.651 [info] Got 1 sessions for ...
2026-05-31 12:44:39.326 [info] Getting sessions for all scopes...
2026-05-31 12:44:39.326 [info] Got 1 sessions for ...
2026-05-31 12:44:39.326 [info] Getting sessions for all scopes...
2026-05-31 12:44:39.326 [info] Got 1 sessions for ...
2026-05-31 12:44:43.368 [info] Getting sessions for all scopes...
2026-05-31 12:44:43.368 [info] Got 1 sessions for ...
2026-05-31 12:44:43.369 [info] Getting sessions for all scopes...
2026-05-31 12:44:43.369 [info] Got 1 sessions for ...
2026-05-31 12:44:44.086 [info] Getting sessions for all scopes...
2026-05-31 12:44:44.086 [info] Got 1 sessions for ...
2026-05-31 12:44:44.087 [info] Getting sessions for all scopes...
2026-05-31 12:44:44.087 [info] Got 1 sessions for ...
2026-05-31 12:45:29.283 [info] Getting sessions for all scopes...
2026-05-31 12:45:29.283 [info] Got 1 sessions for ...
2026-05-31 12:45:29.283 [info] Getting sessions for all scopes...
2026-05-31 12:45:29.283 [info] Got 1 sessions for ...
2026-05-31 12:45:31.865 [info] Getting sessions for all scopes...
2026-05-31 12:45:31.866 [info] Got 1 sessions for ...
2026-05-31 12:45:31.866 [info] Getting sessions for all scopes...
2026-05-31 12:45:31.866 [info] Got 1 sessions for ...
2026-05-31 12:46:10.852 [info] Getting sessions for all scopes...
2026-05-31 12:46:10.852 [info] Got 1 sessions for ...
2026-05-31 12:46:10.853 [info] Getting sessions for all scopes...
2026-05-31 12:46:10.853 [info] Got 1 sessions for ...
2026-05-31 12:46:22.109 [info] Getting sessions for all scopes...
2026-05-31 12:46:22.109 [info] Got 1 sessions for ...
2026-05-31 12:46:22.109 [info] Getting sessions for all scopes...
2026-05-31 12:46:22.109 [info] Got 1 sessions for ...
2026-05-31 12:46:33.780 [info] Getting sessions for all scopes...
2026-05-31 12:46:33.780 [info] Got 1 sessions for ...
2026-05-31 12:46:33.780 [info] Getting sessions for all scopes...
2026-05-31 12:46:33.780 [info] Got 1 sessions for ...
2026-05-31 12:47:26.311 [info] Getting sessions for all scopes...
2026-05-31 12:47:26.311 [info] Got 1 sessions for ...
2026-05-31 12:47:26.311 [info] Getting sessions for all scopes...
2026-05-31 12:47:26.311 [info] Got 1 sessions for ...
2026-05-31 12:47:27.737 [info] Getting sessions for all scopes...
2026-05-31 12:47:27.737 [info] Got 1 sessions for ...
2026-05-31 12:47:27.738 [info] Getting sessions for all scopes...
2026-05-31 12:47:27.738 [info] Got 1 sessions for ...
2026-05-31 12:47:45.193 [info] Getting sessions for all scopes...
2026-05-31 12:47:45.193 [info] Got 1 sessions for ...
2026-05-31 12:47:45.193 [info] Getting sessions for all scopes...
2026-05-31 12:47:45.193 [info] Got 1 sessions for ...
2026-05-31 12:50:05.821 [info] Getting sessions for all scopes...
2026-05-31 12:50:05.821 [info] Got 1 sessions for ...
2026-05-31 12:50:05.821 [info] Getting sessions for all scopes...
2026-05-31 12:50:05.821 [info] Got 1 sessions for ...
2026-05-31 12:52:10.524 [info] Getting sessions for all scopes...
2026-05-31 12:52:10.524 [info] Got 1 sessions for ...
2026-05-31 12:52:10.525 [info] Getting sessions for all scopes...
2026-05-31 12:52:10.525 [info] Got 1 sessions for ...
2026-05-31 12:52:31.548 [info] Getting sessions for all scopes...
2026-05-31 12:52:31.548 [info] Got 1 sessions for ...
2026-05-31 12:52:31.548 [info] Getting sessions for all scopes...
2026-05-31 12:52:31.548 [info] Got 1 sessions for ...
2026-05-31 12:53:35.790 [info] Getting sessions for all scopes...
2026-05-31 12:53:35.790 [info] Got 1 sessions for ...
2026-05-31 12:53:35.791 [info] Getting sessions for all scopes...
2026-05-31 12:53:35.791 [info] Got 1 sessions for ...
2026-05-31 12:54:08.344 [info] Getting sessions for all scopes...
2026-05-31 12:54:08.344 [info] Got 1 sessions for ...
2026-05-31 12:54:08.344 [info] Getting sessions for all scopes...
2026-05-31 12:54:08.344 [info] Got 1 sessions for ...
2026-05-31 12:54:15.678 [info] Getting sessions for all scopes...
2026-05-31 12:54:15.678 [info] Got 1 sessions for ...
2026-05-31 12:54:15.678 [info] Getting sessions for all scopes...
2026-05-31 12:54:15.678 [info] Got 1 sessions for ...
2026-05-31 12:54:24.078 [info] Getting sessions for all scopes...
2026-05-31 12:54:24.078 [info] Got 1 sessions for ...
2026-05-31 12:54:24.079 [info] Getting sessions for all scopes...
2026-05-31 12:54:24.079 [info] Got 1 sessions for ...
2026-05-31 12:54:29.061 [info] Getting sessions for all scopes...
2026-05-31 12:54:29.061 [info] Got 1 sessions for ...
2026-05-31 12:54:29.061 [info] Getting sessions for all scopes...
2026-05-31 12:54:29.061 [info] Got 1 sessions for ...
2026-05-31 12:54:39.951 [info] Getting sessions for all scopes...
2026-05-31 12:54:39.951 [info] Got 1 sessions for ...
2026-05-31 12:54:39.951 [info] Getting sessions for all scopes...
2026-05-31 12:54:39.951 [info] Got 1 sessions for ...
2026-05-31 12:55:22.051 [info] Getting sessions for all scopes...
2026-05-31 12:55:22.051 [info] Got 1 sessions for ...
2026-05-31 12:55:22.052 [info] Getting sessions for all scopes...
2026-05-31 12:55:22.052 [info] Got 1 sessions for ...
2026-05-31 12:56:55.732 [info] Getting sessions for all scopes...
2026-05-31 12:56:55.732 [info] Got 1 sessions for ...
2026-05-31 12:56:55.732 [info] Getting sessions for all scopes...
2026-05-31 12:56:55.732 [info] Got 1 sessions for ...
2026-05-31 12:57:01.142 [info] Getting sessions for all scopes...
2026-05-31 12:57:01.142 [info] Got 1 sessions for ...
2026-05-31 12:57:01.142 [info] Getting sessions for all scopes...
2026-05-31 12:57:01.142 [info] Got 1 sessions for ...
2026-05-31 12:57:02.256 [info] Getting sessions for all scopes...
2026-05-31 12:57:02.256 [info] Got 1 sessions for ...
2026-05-31 12:57:02.256 [info] Getting sessions for all scopes...
2026-05-31 12:57:02.256 [info] Got 1 sessions for ...
2026-05-31 13:00:53.943 [info] Getting sessions for all scopes...
2026-05-31 13:00:53.943 [info] Got 1 sessions for ...
2026-05-31 13:00:53.944 [info] Getting sessions for all scopes...
2026-05-31 13:00:53.944 [info] Got 1 sessions for ...
2026-05-31 13:00:55.239 [info] Getting sessions for all scopes...
2026-05-31 13:00:55.239 [info] Got 1 sessions for ...
2026-05-31 13:00:55.239 [info] Getting sessions for all scopes...
2026-05-31 13:00:55.239 [info] Got 1 sessions for ...
2026-05-31 13:01:01.596 [info] Getting sessions for all scopes...
2026-05-31 13:01:01.596 [info] Got 1 sessions for ...
2026-05-31 13:01:01.597 [info] Getting sessions for all scopes...
2026-05-31 13:01:01.597 [info] Got 1 sessions for ...
2026-05-31 13:04:41.294 [info] Getting sessions for all scopes...
2026-05-31 13:04:41.294 [info] Got 1 sessions for ...
2026-05-31 13:04:41.295 [info] Getting sessions for all scopes...
2026-05-31 13:04:41.295 [info] Got 1 sessions for ...
2026-05-31 13:05:09.070 [info] Getting sessions for all scopes...
2026-05-31 13:05:09.070 [info] Got 1 sessions for ...
2026-05-31 13:05:09.071 [info] Getting sessions for all scopes...
2026-05-31 13:05:09.071 [info] Got 1 sessions for ...
2026-05-31 13:05:11.081 [info] Getting sessions for all scopes...
2026-05-31 13:05:11.081 [info] Got 1 sessions for ...
2026-05-31 13:05:11.081 [info] Getting sessions for all scopes...
2026-05-31 13:05:11.081 [info] Got 1 sessions for ...
2026-05-31 13:05:33.520 [info] Getting sessions for all scopes...
2026-05-31 13:05:33.520 [info] Got 1 sessions for ...
2026-05-31 13:05:33.520 [info] Getting sessions for all scopes...
2026-05-31 13:05:33.520 [info] Got 1 sessions for ...
2026-05-31 13:05:46.457 [info] Getting sessions for all scopes...
2026-05-31 13:05:46.457 [info] Got 1 sessions for ...
2026-05-31 13:05:46.457 [info] Getting sessions for all scopes...
2026-05-31 13:05:46.457 [info] Got 1 sessions for ...
2026-05-31 13:06:10.350 [info] Getting sessions for all scopes...
2026-05-31 13:06:10.350 [info] Got 1 sessions for ...
2026-05-31 13:06:10.350 [info] Getting sessions for all scopes...
2026-05-31 13:06:10.350 [info] Got 1 sessions for ...
2026-05-31 13:07:06.919 [info] Getting sessions for all scopes...
2026-05-31 13:07:06.919 [info] Got 1 sessions for ...
2026-05-31 13:07:06.919 [info] Getting sessions for all scopes...
2026-05-31 13:07:06.919 [info] Got 1 sessions for ...
2026-05-31 13:07:25.138 [info] Getting sessions for all scopes...
2026-05-31 13:07:25.138 [info] Got 1 sessions for ...
2026-05-31 13:07:25.138 [info] Getting sessions for all scopes...
2026-05-31 13:07:25.138 [info] Got 1 sessions for ...
2026-05-31 13:07:47.623 [info] Getting sessions for all scopes...
2026-05-31 13:07:47.623 [info] Got 1 sessions for ...
2026-05-31 13:07:47.623 [info] Getting sessions for all scopes...
2026-05-31 13:07:47.623 [info] Got 1 sessions for ...
2026-05-31 13:08:15.871 [info] Getting sessions for all scopes...
2026-05-31 13:08:15.871 [info] Got 1 sessions for ...
2026-05-31 13:08:15.871 [info] Getting sessions for all scopes...
2026-05-31 13:08:15.871 [info] Got 1 sessions for ...
2026-05-31 13:08:47.121 [info] Getting sessions for all scopes...
2026-05-31 13:08:47.121 [info] Got 1 sessions for ...
2026-05-31 13:08:47.121 [info] Getting sessions for all scopes...
2026-05-31 13:08:47.121 [info] Got 1 sessions for ...
2026-05-31 13:09:30.917 [info] Getting sessions for all scopes...
2026-05-31 13:09:30.917 [info] Got 1 sessions for ...
2026-05-31 13:09:30.917 [info] Getting sessions for all scopes...
2026-05-31 13:09:30.917 [info] Got 1 sessions for ...
2026-05-31 13:10:10.156 [info] Getting sessions for all scopes...
2026-05-31 13:10:10.156 [info] Got 1 sessions for ...
2026-05-31 13:10:10.157 [info] Getting sessions for all scopes...
2026-05-31 13:10:10.157 [info] Got 1 sessions for ...
2026-05-31 13:12:35.790 [info] Getting sessions for all scopes...
2026-05-31 13:12:35.790 [info] Got 1 sessions for ...
2026-05-31 13:12:35.790 [info] Getting sessions for all scopes...
2026-05-31 13:12:35.790 [info] Got 1 sessions for ...
2026-05-31 13:12:36.703 [info] Getting sessions for all scopes...
2026-05-31 13:12:36.703 [info] Got 1 sessions for ...
2026-05-31 13:12:36.703 [info] Getting sessions for all scopes...
2026-05-31 13:12:36.703 [info] Got 1 sessions for ...
2026-05-31 13:13:17.769 [info] Getting sessions for all scopes...
2026-05-31 13:13:17.769 [info] Got 1 sessions for ...
2026-05-31 13:13:17.770 [info] Getting sessions for all scopes...
2026-05-31 13:13:17.770 [info] Got 1 sessions for ...
2026-05-31 13:13:42.797 [info] Getting sessions for all scopes...
2026-05-31 13:13:42.797 [info] Got 1 sessions for ...
2026-05-31 13:13:42.797 [info] Getting sessions for all scopes...
2026-05-31 13:13:42.797 [info] Got 1 sessions for ...
2026-05-31 13:14:07.807 [info] Getting sessions for all scopes...
2026-05-31 13:14:07.807 [info] Got 1 sessions for ...
2026-05-31 13:14:07.808 [info] Getting sessions for all scopes...
2026-05-31 13:14:07.808 [info] Got 1 sessions for ...
2026-05-31 13:26:45.383 [info] Getting sessions for all scopes...
2026-05-31 13:26:45.383 [info] Got 1 sessions for ...
2026-05-31 13:26:45.384 [info] Getting sessions for all scopes...
2026-05-31 13:26:45.384 [info] Got 1 sessions for ...
2026-05-31 13:27:02.017 [info] Getting sessions for all scopes...
2026-05-31 13:27:02.017 [info] Got 1 sessions for ...
2026-05-31 13:27:02.017 [info] Getting sessions for all scopes...
2026-05-31 13:27:02.017 [info] Got 1 sessions for ...
2026-05-31 13:27:41.726 [info] Getting sessions for all scopes...
2026-05-31 13:27:41.726 [info] Got 1 sessions for ...
2026-05-31 13:27:41.727 [info] Getting sessions for all scopes...
2026-05-31 13:27:41.727 [info] Got 1 sessions for ...
2026-05-31 13:29:23.733 [info] Getting sessions for all scopes...
2026-05-31 13:29:23.733 [info] Got 1 sessions for ...
2026-05-31 13:29:23.733 [info] Getting sessions for all scopes...
2026-05-31 13:29:23.733 [info] Got 1 sessions for ...
2026-05-31 13:30:17.218 [info] Getting sessions for all scopes...
2026-05-31 13:30:17.218 [info] Got 1 sessions for ...
2026-05-31 13:30:17.218 [info] Getting sessions for all scopes...
2026-05-31 13:30:17.218 [info] Got 1 sessions for ...
2026-05-31 13:30:37.192 [info] Getting sessions for all scopes...
2026-05-31 13:30:37.192 [info] Got 1 sessions for ...
2026-05-31 13:30:37.192 [info] Getting sessions for all scopes...
2026-05-31 13:30:37.192 [info] Got 1 sessions for ...
2026-05-31 13:31:04.996 [info] Getting sessions for all scopes...
2026-05-31 13:31:04.996 [info] Got 1 sessions for ...
2026-05-31 13:31:04.997 [info] Getting sessions for all scopes...
2026-05-31 13:31:04.997 [info] Got 1 sessions for ...
2026-05-31 13:32:37.706 [info] Getting sessions for all scopes...
2026-05-31 13:32:37.706 [info] Got 1 sessions for ...
2026-05-31 13:32:37.706 [info] Getting sessions for all scopes...
2026-05-31 13:32:37.706 [info] Got 1 sessions for ...
2026-05-31 13:32:38.276 [info] Getting sessions for all scopes...
2026-05-31 13:32:38.276 [info] Got 1 sessions for ...
2026-05-31 13:32:38.276 [info] Getting sessions for all scopes...
2026-05-31 13:32:38.276 [info] Got 1 sessions for ...
2026-05-31 13:32:55.077 [info] Getting sessions for all scopes...
2026-05-31 13:32:55.078 [info] Got 1 sessions for ...
2026-05-31 13:32:55.078 [info] Getting sessions for all scopes...
2026-05-31 13:32:55.078 [info] Got 1 sessions for ...
2026-05-31 13:33:47.511 [info] Getting sessions for all scopes...
2026-05-31 13:33:47.511 [info] Got 1 sessions for ...
2026-05-31 13:33:47.511 [info] Getting sessions for all scopes...
2026-05-31 13:33:47.511 [info] Got 1 sessions for ...
2026-05-31 13:35:50.744 [info] Getting sessions for all scopes...
2026-05-31 13:35:50.744 [info] Got 1 sessions for ...
2026-05-31 13:35:50.744 [info] Getting sessions for all scopes...
2026-05-31 13:35:50.744 [info] Got 1 sessions for ...
2026-05-31 13:57:12.145 [info] Getting sessions for all scopes...
2026-05-31 13:57:12.145 [info] Got 1 sessions for ...
2026-05-31 13:57:12.145 [info] Getting sessions for all scopes...
2026-05-31 13:57:12.145 [info] Got 1 sessions for ...
2026-05-31 13:58:05.952 [info] Getting sessions for all scopes...
2026-05-31 13:58:05.952 [info] Got 1 sessions for ...
2026-05-31 13:58:05.952 [info] Getting sessions for all scopes...
2026-05-31 13:58:05.953 [info] Got 1 sessions for ...
2026-05-31 13:58:19.249 [info] Getting sessions for all scopes...
2026-05-31 13:58:19.249 [info] Got 1 sessions for ...
2026-05-31 13:58:19.250 [info] Getting sessions for all scopes...
2026-05-31 13:58:19.250 [info] Got 1 sessions for ...
2026-05-31 13:58:50.085 [info] Getting sessions for all scopes...
2026-05-31 13:58:50.085 [info] Got 1 sessions for ...
2026-05-31 13:58:50.085 [info] Getting sessions for all scopes...
2026-05-31 13:58:50.085 [info] Got 1 sessions for ...
2026-05-31 13:59:47.102 [info] Getting sessions for all scopes...
2026-05-31 13:59:47.102 [info] Got 1 sessions for ...
2026-05-31 13:59:47.102 [info] Getting sessions for all scopes...
2026-05-31 13:59:47.102 [info] Got 1 sessions for ...
2026-05-31 14:00:08.233 [info] Getting sessions for all scopes...
2026-05-31 14:00:08.233 [info] Got 1 sessions for ...
2026-05-31 14:00:08.233 [info] Getting sessions for all scopes...
2026-05-31 14:00:08.233 [info] Got 1 sessions for ...
2026-05-31 14:00:29.824 [info] Getting sessions for all scopes...
2026-05-31 14:00:29.824 [info] Got 1 sessions for ...
2026-05-31 14:00:29.824 [info] Getting sessions for all scopes...
2026-05-31 14:00:29.824 [info] Got 1 sessions for ...
2026-05-31 14:02:06.945 [info] Getting sessions for all scopes...
2026-05-31 14:02:06.945 [info] Got 1 sessions for ...
2026-05-31 14:02:06.945 [info] Getting sessions for all scopes...
2026-05-31 14:02:06.946 [info] Got 1 sessions for ...
2026-05-31 14:02:15.979 [info] Getting sessions for all scopes...
2026-05-31 14:02:15.979 [info] Got 1 sessions for ...
2026-05-31 14:02:15.979 [info] Getting sessions for all scopes...
2026-05-31 14:02:15.979 [info] Got 1 sessions for ...
2026-05-31 14:02:53.294 [info] Getting sessions for all scopes...
2026-05-31 14:02:53.294 [info] Got 1 sessions for ...
2026-05-31 14:02:53.294 [info] Getting sessions for all scopes...
2026-05-31 14:02:53.294 [info] Got 1 sessions for ...
2026-05-31 14:03:28.424 [info] Getting sessions for all scopes...
2026-05-31 14:03:28.424 [info] Got 1 sessions for ...
2026-05-31 14:03:28.424 [info] Getting sessions for all scopes...
2026-05-31 14:03:28.424 [info] Got 1 sessions for ...
2026-05-31 14:04:22.550 [info] Getting sessions for all scopes...
2026-05-31 14:04:22.550 [info] Got 1 sessions for ...
2026-05-31 14:04:22.550 [info] Getting sessions for all scopes...
2026-05-31 14:04:22.550 [info] Got 1 sessions for ...
2026-05-31 14:05:53.476 [info] Getting sessions for all scopes...
2026-05-31 14:05:53.476 [info] Got 1 sessions for ...
2026-05-31 14:05:53.477 [info] Getting sessions for all scopes...
2026-05-31 14:05:53.477 [info] Got 1 sessions for ...
2026-05-31 14:05:54.289 [info] Getting sessions for all scopes...
2026-05-31 14:05:54.289 [info] Got 1 sessions for ...
2026-05-31 14:05:54.289 [info] Getting sessions for all scopes...
2026-05-31 14:05:54.289 [info] Got 1 sessions for ...
2026-05-31 14:06:17.428 [info] Getting sessions for all scopes...
2026-05-31 14:06:17.428 [info] Got 1 sessions for ...
2026-05-31 14:06:17.428 [info] Getting sessions for all scopes...
2026-05-31 14:06:17.428 [info] Got 1 sessions for ...
2026-05-31 14:07:42.111 [info] Getting sessions for all scopes...
2026-05-31 14:07:42.111 [info] Got 1 sessions for ...
2026-05-31 14:07:42.112 [info] Getting sessions for all scopes...
2026-05-31 14:07:42.112 [info] Got 1 sessions for ...
2026-05-31 14:07:42.858 [info] Getting sessions for all scopes...
2026-05-31 14:07:42.858 [info] Got 1 sessions for ...
2026-05-31 14:07:42.858 [info] Getting sessions for all scopes...
2026-05-31 14:07:42.858 [info] Got 1 sessions for ...
2026-05-31 14:07:43.557 [info] Getting sessions for all scopes...
2026-05-31 14:07:43.557 [info] Got 1 sessions for ...
2026-05-31 14:07:43.558 [info] Getting sessions for all scopes...
2026-05-31 14:07:43.558 [info] Got 1 sessions for ...
2026-05-31 14:09:29.122 [info] Getting sessions for all scopes...
2026-05-31 14:09:29.122 [info] Got 1 sessions for ...
2026-05-31 14:09:29.122 [info] Getting sessions for all scopes...
2026-05-31 14:09:29.122 [info] Got 1 sessions for ...
2026-05-31 14:13:43.205 [info] Getting sessions for all scopes...
2026-05-31 14:13:43.205 [info] Got 1 sessions for ...
2026-05-31 14:13:43.206 [info] Getting sessions for all scopes...
2026-05-31 14:13:43.206 [info] Got 1 sessions for ...
2026-05-31 14:14:11.333 [info] Getting sessions for all scopes...
2026-05-31 14:14:11.333 [info] Got 1 sessions for ...
2026-05-31 14:14:11.333 [info] Getting sessions for all scopes...
2026-05-31 14:14:11.333 [info] Got 1 sessions for ...
2026-05-31 14:15:38.333 [info] Getting sessions for all scopes...
2026-05-31 14:15:38.333 [info] Got 1 sessions for ...
2026-05-31 14:15:38.333 [info] Getting sessions for all scopes...
2026-05-31 14:15:38.333 [info] Got 1 sessions for ...
2026-05-31 14:17:14.987 [info] Getting sessions for all scopes...
2026-05-31 14:17:14.987 [info] Got 1 sessions for ...
2026-05-31 14:17:14.988 [info] Getting sessions for all scopes...
2026-05-31 14:17:14.988 [info] Got 1 sessions for ...
2026-05-31 14:17:15.687 [info] Getting sessions for all scopes...
2026-05-31 14:17:15.687 [info] Got 1 sessions for ...
2026-05-31 14:17:15.687 [info] Getting sessions for all scopes...
2026-05-31 14:17:15.687 [info] Got 1 sessions for ...
2026-05-31 14:19:13.472 [info] Getting sessions for all scopes...
2026-05-31 14:19:13.472 [info] Got 1 sessions for ...
2026-05-31 14:19:13.472 [info] Getting sessions for all scopes...
2026-05-31 14:19:13.472 [info] Got 1 sessions for ...
2026-05-31 14:20:16.266 [info] Getting sessions for all scopes...
2026-05-31 14:20:16.267 [info] Got 1 sessions for ...
2026-05-31 14:20:16.267 [info] Getting sessions for all scopes...
2026-05-31 14:20:16.267 [info] Got 1 sessions for ...
2026-05-31 14:20:41.632 [info] Getting sessions for all scopes...
2026-05-31 14:20:41.632 [info] Got 1 sessions for ...
2026-05-31 14:20:41.632 [info] Getting sessions for all scopes...
2026-05-31 14:20:41.632 [info] Got 1 sessions for ...
2026-05-31 14:21:36.943 [info] Getting sessions for all scopes...
2026-05-31 14:21:36.943 [info] Got 1 sessions for ...
2026-05-31 14:21:36.943 [info] Getting sessions for all scopes...
2026-05-31 14:21:36.943 [info] Got 1 sessions for ...
2026-05-31 14:21:52.046 [info] Getting sessions for all scopes...
2026-05-31 14:21:52.046 [info] Got 1 sessions for ...
2026-05-31 14:21:52.046 [info] Getting sessions for all scopes...
2026-05-31 14:21:52.046 [info] Got 1 sessions for ...
2026-05-31 14:21:54.479 [info] Getting sessions for all scopes...
2026-05-31 14:21:54.479 [info] Got 1 sessions for ...
2026-05-31 14:21:54.479 [info] Getting sessions for all scopes...
2026-05-31 14:21:54.479 [info] Got 1 sessions for ...
2026-05-31 14:22:05.000 [info] Getting sessions for all scopes...
2026-05-31 14:22:05.000 [info] Got 1 sessions for ...
2026-05-31 14:22:05.000 [info] Getting sessions for all scopes...
2026-05-31 14:22:05.000 [info] Got 1 sessions for ...
2026-05-31 14:22:05.924 [info] Getting sessions for all scopes...
2026-05-31 14:22:05.924 [info] Got 1 sessions for ...
2026-05-31 14:22:05.924 [info] Getting sessions for all scopes...
2026-05-31 14:22:05.924 [info] Got 1 sessions for ...
2026-05-31 14:22:07.660 [info] Getting sessions for all scopes...
2026-05-31 14:22:07.660 [info] Got 1 sessions for ...
2026-05-31 14:22:07.661 [info] Getting sessions for all scopes...
2026-05-31 14:22:07.661 [info] Got 1 sessions for ...
2026-05-31 14:22:08.867 [info] Getting sessions for all scopes...
2026-05-31 14:22:08.867 [info] Got 1 sessions for ...
2026-05-31 14:22:08.868 [info] Getting sessions for all scopes...
2026-05-31 14:22:08.868 [info] Got 1 sessions for ...
2026-05-31 14:22:09.888 [info] Getting sessions for all scopes...
2026-05-31 14:22:09.888 [info] Got 1 sessions for ...
2026-05-31 14:22:09.889 [info] Getting sessions for all scopes...
2026-05-31 14:22:09.889 [info] Got 1 sessions for ...
2026-05-31 14:22:10.252 [info] Getting sessions for all scopes...
2026-05-31 14:22:10.252 [info] Got 1 sessions for ...
2026-05-31 14:22:10.252 [info] Getting sessions for all scopes...
2026-05-31 14:22:10.252 [info] Got 1 sessions for ...
2026-05-31 14:22:11.446 [info] Getting sessions for all scopes...
2026-05-31 14:22:11.446 [info] Got 1 sessions for ...
2026-05-31 14:22:11.446 [info] Getting sessions for all scopes...
2026-05-31 14:22:11.446 [info] Got 1 sessions for ...
2026-05-31 14:22:15.501 [info] Getting sessions for all scopes...
2026-05-31 14:22:15.501 [info] Got 1 sessions for ...
2026-05-31 14:22:15.501 [info] Getting sessions for all scopes...
2026-05-31 14:22:15.501 [info] Got 1 sessions for ...
2026-05-31 14:22:17.693 [info] Getting sessions for all scopes...
2026-05-31 14:22:17.693 [info] Got 1 sessions for ...
2026-05-31 14:22:17.694 [info] Getting sessions for all scopes...
2026-05-31 14:22:17.694 [info] Got 1 sessions for ...
2026-05-31 14:22:55.173 [info] Getting sessions for all scopes...
2026-05-31 14:22:55.173 [info] Got 1 sessions for ...
2026-05-31 14:22:55.173 [info] Getting sessions for all scopes...
2026-05-31 14:22:55.173 [info] Got 1 sessions for ...
2026-05-31 14:23:09.100 [info] Getting sessions for all scopes...
2026-05-31 14:23:09.100 [info] Got 1 sessions for ...
2026-05-31 14:23:09.100 [info] Getting sessions for all scopes...
2026-05-31 14:23:09.101 [info] Got 1 sessions for ...
2026-05-31 14:23:13.665 [info] Getting sessions for all scopes...
2026-05-31 14:23:13.665 [info] Got 1 sessions for ...
2026-05-31 14:23:13.665 [info] Getting sessions for all scopes...
2026-05-31 14:23:13.665 [info] Got 1 sessions for ...
2026-05-31 14:24:00.533 [info] Getting sessions for all scopes...
2026-05-31 14:24:00.533 [info] Got 1 sessions for ...
2026-05-31 14:24:00.534 [info] Getting sessions for all scopes...
2026-05-31 14:24:00.534 [info] Got 1 sessions for ...
