[28.05.2026, 13:37:25,343] [info] (DeviceInfo) {
  "application": {
    "version": "5.103.2",
    "build": "5.103.2/5d5f28edad4883053a2c1f1af2ce07056edb2fcc"
  },
  "language": {
    "locale": "en-US",
    "countryCode": "US",
    "preferredSystemLanguages": [
      "en-US",
      "en-US",
      "en",
      "en"
    ]
  },
  "os": {
    "type": "Linux",
    "release": "7.0.9-arch1-1",
    "arch": "x64",
    "version": "#1 SMP PREEMPT_DYNAMIC Sun, 17 May 2026 17:23:07 +0000",
    "platform": "linux",
    "machine": "x86_64"
  }
}
[28.05.2026, 13:37:25,345] [info] (DeviceInfo) {
  "memory": {
    "freeMB": 29713,
    "totalMB": 32012
  },
  "storage": {
    "freeMB": 37247,
    "totalMB": 50088
  }
}
[28.05.2026, 13:37:25,392] [info] (Events) Event sent REFRESH_APPLICATION_DATA
[28.05.2026, 13:37:25,393] [info] (Events) Event sent REFRESH_APPLICATION_DATA
[28.05.2026, 13:37:25,642] [info] (UpdateLogger) Logger inside "electron-updater" package Checking for update
[28.05.2026, 13:37:25,646] [info] (UpdateLogger) Logger inside "electron-updater" package Generated new staging user ID: a035b840-d588-5388-b359-f938b6541915
[28.05.2026, 13:37:25,722] [info] (Events) Event handle GET_PASSPORT_LOGIN
[28.05.2026, 13:37:25,722] [info] (Events) Event handle GET_YANDEX_UID
[28.05.2026, 13:37:25,874] [info] (UpdateLogger) Logger inside "electron-updater" package Found version 5.104.2 (url: Yandex_Music_amd64_5.104.2.deb)
[28.05.2026, 13:37:25,875] [info] (UpdateLogger) Common config {
  DEPRECATED_VERSIONS: '<=5.99.2',
  UPDATE_URL: 'https://desktop.app.music.yandex.net/stable/'
}
[28.05.2026, 13:37:25,877] [info] (UpdateLogger) Update probability: 100; checking with client value 26
[28.05.2026, 13:37:25,877] [info] (UpdateLogger) New version available 5.103.2 -> 5.104.2
[28.05.2026, 13:37:25,878] [info] (AppSuspension) App suspension blocker is enabled
[28.05.2026, 13:37:25,878] [info] (UpdateLogger) Logger inside "electron-updater" package Downloading update from Yandex_Music_amd64_5.104.2.deb
[28.05.2026, 13:37:25,878] [debug] (UpdateLogger) Logger inside "electron-updater" package updater cache dir: /home/maksim/.cache/yandexmusic-updater
[28.05.2026, 13:37:25,879] [info] (DeviceInfo) {
  "memory": {
    "freeMB": 29578,
    "totalMB": 32012
  },
  "storage": {
    "freeMB": 37247,
    "totalMB": 50088
  },
  "appMetrics": {
    "cpu": {
      "cumulativeCPUUsage": 0.61,
      "percentCPUUsage": 0,
      "idleWakeupsPerSecond": 0
    },
    "memory": {
      "workingSetSizeMB": 0,
      "peakWorkingSetSizeMB": 0
    }
  }
}
[28.05.2026, 13:37:25,957] [info] (Events) Event received APPLICATION_READY
[28.05.2026, 13:37:25,989] [info] (Events) Event send FIRST_LAUNCH
[28.05.2026, 13:37:25,989] [info] (Events) Event sent PROBABILITY_BUCKET 25-50
[28.05.2026, 13:37:26,011] [info] (DeviceInfo) {
  "cpu": "AMD Ryzen 7 5700X 8-Core Processor"
}
[28.05.2026, 13:37:26,012] [info] (Events) Event received APPLICATION_THEME
[28.05.2026, 13:37:26,280] [info] (Events) Event received PLAYER_STATE false undefined undefined
[28.05.2026, 13:37:26,280] [info] (AppSuspension) App suspension blocker is disabled
[28.05.2026, 13:37:26,344] [info] (Common) Request to https://desktop.app.music.yandex.net/stable/release-notes/en.json completed with status:  200
[28.05.2026, 13:37:26,355] [info] (Events) Event sent LOAD_RELEASE_NOTES
[28.05.2026, 13:37:38,160] [info] (UpdateLogger) Logger inside "electron-updater" package Checking for update
[28.05.2026, 13:37:38,204] [info] (DeviceInfo) {
  "memory": {
    "freeMB": 30392,
    "totalMB": 32012
  },
  "storage": {
    "freeMB": 37247,
    "totalMB": 50088
  }
}
[28.05.2026, 13:37:38,226] [info] (Events) Event handle GET_PASSPORT_LOGIN
[28.05.2026, 13:37:38,227] [info] (Events) Event handle GET_YANDEX_UID
[28.05.2026, 13:37:38,286] [info] (Events) Event sent REFRESH_APPLICATION_DATA
[28.05.2026, 13:37:38,288] [info] (Events) Event sent REFRESH_APPLICATION_DATA
[28.05.2026, 13:37:38,473] [info] (Events) Event received APPLICATION_READY
[28.05.2026, 13:37:38,507] [info] (Events) Event sent PROBABILITY_BUCKET 25-50
[28.05.2026, 13:37:38,530] [info] (Events) Event received APPLICATION_THEME
[28.05.2026, 13:37:38,910] [info] (UpdateLogger) Logger inside "electron-updater" package Found version 5.104.2 (url: Yandex_Music_amd64_5.104.2.deb)
[28.05.2026, 13:37:38,910] [info] (UpdateLogger) Common config {
  DEPRECATED_VERSIONS: '<=5.99.2',
  UPDATE_URL: 'https://desktop.app.music.yandex.net/stable/'
}
[28.05.2026, 13:37:38,913] [info] (UpdateLogger) Update probability: 100; checking with client value 26
[28.05.2026, 13:37:38,913] [info] (UpdateLogger) New version available 5.103.2 -> 5.104.2
[28.05.2026, 13:37:38,913] [info] (AppSuspension) App suspension blocker is enabled
[28.05.2026, 13:37:38,914] [info] (UpdateLogger) Logger inside "electron-updater" package Downloading update from Yandex_Music_amd64_5.104.2.deb
[28.05.2026, 13:37:38,914] [debug] (UpdateLogger) Logger inside "electron-updater" package updater cache dir: /home/maksim/.cache/yandexmusic-updater
[28.05.2026, 13:37:38,915] [info] (DeviceInfo) {
  "memory": {
    "freeMB": 30288,
    "totalMB": 32012
  },
  "storage": {
    "freeMB": 37247,
    "totalMB": 50088
  },
  "appMetrics": {
    "cpu": {
      "cumulativeCPUUsage": 1.47,
      "percentCPUUsage": 0,
      "idleWakeupsPerSecond": 0
    },
    "memory": {
      "workingSetSizeMB": 0,
      "peakWorkingSetSizeMB": 0
    }
  }
}
[28.05.2026, 13:37:39,586] [info] (Events) Event received PLAYER_STATE false undefined undefined
[28.05.2026, 13:37:39,586] [info] (AppSuspension) App suspension blocker is disabled
[28.05.2026, 13:37:40,318] [info] (Common) Request to https://desktop.app.music.yandex.net/stable/release-notes/en.json completed with status:  200
[28.05.2026, 13:37:40,353] [info] (Events) Event sent LOAD_RELEASE_NOTES
[28.05.2026, 13:38:03,332] [info] (UpdateLogger) Logger inside "electron-updater" package New version 5.104.2 has been downloaded to /home/maksim/.cache/yandexmusic-updater/pending/Yandex_Music_amd64_5.104.2.deb
[28.05.2026, 13:38:03,333] [info] (UpdateLogger) Update downloaded 5.104.2
[28.05.2026, 13:38:03,333] [info] (AppSuspension) App suspension blocker is disabled
[28.05.2026, 13:38:03,333] [info] (Events) Event sent UPDATE_AVAILABLE 5.104.2
[28.05.2026, 13:38:03,334] [info] (UpdateLogger) Download result: /home/maksim/.cache/yandexmusic-updater/pending/Yandex_Music_amd64_5.104.2.deb
[28.05.2026, 13:38:19,263] [warn] (SafeRedirects) Redirect prevented https://passport.yandex.ru/pwl-yandex/auth/identification-promo-start?noreturn=1&origin=music_desktop&language=en&retpath=https%3A%2F%2Foauth.yandex.ru%2Fauthorize%3Fresponse_type%3Dtoken%26display%3Dpopup%26scope%3Dmusic%253Acontent%26scope%3Dmusic%253Aread%26scope%3Dmusic%253Awrite%26client_id%3D97fe03033fa34407ac9bcf91d5afed5b%26redirect_uri%3Dmusic-application%253A%252F%252Fdesktop%252Foauth%253FredirectUri%253D%2526language%253Den%26state%3D44ddae628%26origin%3Dmusic_desktop%26language%3Den&cause=auth&process_uuid=40c7b296-fa34-4388-840b-7be01a99f809 id.yandex.ru
[28.05.2026, 13:38:23,790] [warn] (SafeRedirects) Redirect prevented https://passport.yandex.ru/pwl-yandex/auth/identification-promo-start?noreturn=1&origin=music_desktop&language=en&retpath=https%3A%2F%2Foauth.yandex.ru%2Fauthorize%3Fresponse_type%3Dtoken%26display%3Dpopup%26scope%3Dmusic%253Acontent%26scope%3Dmusic%253Aread%26scope%3Dmusic%253Awrite%26client_id%3D97fe03033fa34407ac9bcf91d5afed5b%26redirect_uri%3Dmusic-application%253A%252F%252Fdesktop%252Foauth%253FredirectUri%253D%2526language%253Den%26state%3D44ddae628%26origin%3Dmusic_desktop%26language%3Den&cause=auth&process_uuid=40c7b296-fa34-4388-840b-7be01a99f809 id.yandex.ru
[28.05.2026, 13:38:25,554] [warn] (SafeRedirects) Redirect prevented https://passport.yandex.ru/pwl-yandex/auth/identification-promo-start?noreturn=1&origin=music_desktop&language=en&retpath=https%3A%2F%2Foauth.yandex.ru%2Fauthorize%3Fresponse_type%3Dtoken%26display%3Dpopup%26scope%3Dmusic%253Acontent%26scope%3Dmusic%253Aread%26scope%3Dmusic%253Awrite%26client_id%3D97fe03033fa34407ac9bcf91d5afed5b%26redirect_uri%3Dmusic-application%253A%252F%252Fdesktop%252Foauth%253FredirectUri%253D%2526language%253Den%26state%3D44ddae628%26origin%3Dmusic_desktop%26language%3Den&cause=auth&process_uuid=40c7b296-fa34-4388-840b-7be01a99f809 id.yandex.ru
[28.05.2026, 13:38:27,465] [info] (Events) Event handle GET_PASSPORT_LOGIN
[28.05.2026, 13:38:27,466] [info] (Events) Event handle GET_YANDEX_UID
[28.05.2026, 13:38:27,704] [info] (Events) Event handle GET_PASSPORT_LOGIN
[28.05.2026, 13:38:27,705] [info] (Events) Event handle GET_YANDEX_UID
[28.05.2026, 13:38:27,951] [info] (Events) Event received APPLICATION_READY
[28.05.2026, 13:38:27,952] [info] (Events) Event sent UPDATE_AVAILABLE 5.104.2
[28.05.2026, 13:38:27,986] [info] (Events) Event sent PROBABILITY_BUCKET 25-50
[28.05.2026, 13:38:27,990] [info] (Events) Event received APPLICATION_THEME
[28.05.2026, 13:38:28,163] [info] (Common) Request to https://desktop.app.music.yandex.net/stable/release-notes/en.json completed with status:  200
[28.05.2026, 13:38:28,198] [info] (Events) Event sent LOAD_RELEASE_NOTES
[28.05.2026, 13:38:28,793] [info] (Events) Event received PLAYER_STATE false undefined undefined
[28.05.2026, 13:38:28,797] [info] (AppSuspension) App suspension blocker is disabled
[28.05.2026, 13:38:29,865] [info] (Events) Event received PLAYER_STATE undefined false undefined
[28.05.2026, 13:38:29,866] [info] (Events) Event received PLAYER_STATE undefined undefined false
[28.05.2026, 13:38:30,670] [info] (Events) Event received PLAYER_STATE undefined undefined true
[28.05.2026, 13:38:30,826] [info] (Events) Event received PLAYER_STATE undefined true undefined
[28.05.2026, 13:38:38,211] [info] (Events) Event received PLAYER_STATE false undefined undefined
[28.05.2026, 13:38:38,212] [info] (AppSuspension) App suspension blocker is disabled
[28.05.2026, 13:38:38,445] [info] (Events) Event received PLAYER_STATE false undefined undefined
[28.05.2026, 13:38:38,445] [info] (AppSuspension) App suspension blocker is disabled
[28.05.2026, 13:38:38,836] [info] (Events) Event received PLAYER_STATE true undefined undefined
[28.05.2026, 13:38:38,836] [info] (AppSuspension) App suspension blocker is disabled
[28.05.2026, 13:38:38,837] [info] (AppSuspension) App suspension blocker is enabled
[28.05.2026, 13:39:30,266] [info] (Events) Event received PLAYER_STATE undefined undefined false
[28.05.2026, 13:39:30,406] [info] (Events) Event received PLAYER_STATE undefined undefined true
[28.05.2026, 13:39:30,533] [info] (Events) Event received PLAYER_STATE false undefined undefined
[28.05.2026, 13:39:30,534] [info] (AppSuspension) App suspension blocker is disabled
[28.05.2026, 13:39:30,537] [info] (Events) Event received PLAYER_STATE false undefined undefined
[28.05.2026, 13:39:30,537] [info] (AppSuspension) App suspension blocker is disabled
[28.05.2026, 13:39:30,556] [info] (Events) Event received PLAYER_STATE true undefined undefined
[28.05.2026, 13:39:30,556] [info] (AppSuspension) App suspension blocker is disabled
[28.05.2026, 13:39:30,556] [info] (AppSuspension) App suspension blocker is enabled
[28.05.2026, 13:39:33,599] [info] (Events) Event received PLAYER_STATE true undefined undefined
[28.05.2026, 13:39:33,599] [info] (AppSuspension) App suspension blocker is disabled
[28.05.2026, 13:39:33,599] [info] (AppSuspension) App suspension blocker is enabled
[28.05.2026, 13:39:33,600] [info] (Events) Event received PLAYER_STATE undefined true undefined
[28.05.2026, 13:39:33,600] [info] (Events) Event received PLAYER_STATE undefined undefined true
[28.05.2026, 13:39:36,629] [info] (Events) Event received PLAYER_STATE false undefined undefined
[28.05.2026, 13:39:36,629] [info] (AppSuspension) App suspension blocker is disabled
[28.05.2026, 13:39:36,793] [info] (Events) Event received PLAYER_STATE undefined false undefined
[28.05.2026, 13:39:36,794] [info] (Events) Event received PLAYER_STATE undefined undefined true
[28.05.2026, 13:39:37,150] [info] (Events) Event received PLAYER_STATE false undefined undefined
[28.05.2026, 13:39:37,150] [info] (AppSuspension) App suspension blocker is disabled
[28.05.2026, 13:39:37,299] [info] (Events) Event received PLAYER_STATE false undefined undefined
[28.05.2026, 13:39:37,299] [info] (AppSuspension) App suspension blocker is disabled
[28.05.2026, 13:39:37,745] [info] (Events) Event received PLAYER_STATE true undefined undefined
[28.05.2026, 13:39:37,745] [info] (AppSuspension) App suspension blocker is disabled
[28.05.2026, 13:39:37,745] [info] (AppSuspension) App suspension blocker is enabled
[28.05.2026, 13:39:38,430] [info] (Events) Event received PLAYER_STATE false undefined undefined
[28.05.2026, 13:39:38,430] [info] (AppSuspension) App suspension blocker is disabled
[28.05.2026, 13:39:38,435] [info] (Events) Event received PLAYER_STATE undefined false undefined
[28.05.2026, 13:39:38,436] [info] (Events) Event received PLAYER_STATE undefined undefined true
[28.05.2026, 13:39:38,723] [info] (Events) Event received PLAYER_STATE undefined true undefined
[28.05.2026, 13:39:38,737] [info] (Events) Event received PLAYER_STATE false undefined undefined
[28.05.2026, 13:39:38,737] [info] (AppSuspension) App suspension blocker is disabled
[28.05.2026, 13:39:38,915] [info] (Events) Event received PLAYER_STATE false undefined undefined
[28.05.2026, 13:39:38,915] [info] (AppSuspension) App suspension blocker is disabled
[28.05.2026, 13:39:39,143] [info] (Events) Event received PLAYER_STATE true undefined undefined
[28.05.2026, 13:39:39,143] [info] (AppSuspension) App suspension blocker is disabled
[28.05.2026, 13:39:39,144] [info] (AppSuspension) App suspension blocker is enabled
[28.05.2026, 13:39:40,827] [info] (Events) Event received PLAYER_STATE false undefined undefined
[28.05.2026, 13:39:40,828] [info] (AppSuspension) App suspension blocker is disabled
[28.05.2026, 13:39:40,831] [info] (Events) Event received PLAYER_STATE undefined false undefined
[28.05.2026, 13:39:40,832] [info] (Events) Event received PLAYER_STATE undefined undefined true
[28.05.2026, 13:39:41,036] [info] (Events) Event received PLAYER_STATE undefined true undefined
[28.05.2026, 13:39:41,050] [info] (Events) Event received PLAYER_STATE false undefined undefined
[28.05.2026, 13:39:41,050] [info] (AppSuspension) App suspension blocker is disabled
[28.05.2026, 13:39:41,191] [info] (Events) Event received PLAYER_STATE false undefined undefined
[28.05.2026, 13:39:41,191] [info] (AppSuspension) App suspension blocker is disabled
[28.05.2026, 13:39:41,201] [info] (Events) Event received PLAYER_STATE true undefined undefined
[28.05.2026, 13:39:41,201] [info] (AppSuspension) App suspension blocker is disabled
[28.05.2026, 13:39:41,201] [info] (AppSuspension) App suspension blocker is enabled
[28.05.2026, 13:39:43,131] [info] (Events) Event received PLAYER_STATE false undefined undefined
[28.05.2026, 13:39:43,132] [info] (AppSuspension) App suspension blocker is disabled
[28.05.2026, 13:39:43,134] [info] (Events) Event received PLAYER_STATE undefined false undefined
[28.05.2026, 13:39:43,135] [info] (Events) Event received PLAYER_STATE undefined undefined true
[28.05.2026, 13:39:43,348] [info] (Events) Event received PLAYER_STATE undefined true undefined
[28.05.2026, 13:39:43,361] [info] (Events) Event received PLAYER_STATE false undefined undefined
[28.05.2026, 13:39:43,361] [info] (AppSuspension) App suspension blocker is disabled
[28.05.2026, 13:39:43,489] [info] (Events) Event received PLAYER_STATE false undefined undefined
[28.05.2026, 13:39:43,490] [info] (AppSuspension) App suspension blocker is disabled
[28.05.2026, 13:39:43,501] [info] (Events) Event received PLAYER_STATE true undefined undefined
[28.05.2026, 13:39:43,501] [info] (AppSuspension) App suspension blocker is disabled
[28.05.2026, 13:39:43,501] [info] (AppSuspension) App suspension blocker is enabled
[28.05.2026, 13:39:47,881] [info] (Events) Event received PLAYER_STATE true undefined undefined
[28.05.2026, 13:39:47,881] [info] (AppSuspension) App suspension blocker is disabled
[28.05.2026, 13:39:47,881] [info] (AppSuspension) App suspension blocker is enabled
[28.05.2026, 13:39:47,882] [info] (Events) Event received PLAYER_STATE undefined true undefined
[28.05.2026, 13:39:47,882] [info] (Events) Event received PLAYER_STATE undefined undefined true
[28.05.2026, 13:39:48,751] [info] (Events) Event received PLAYER_STATE true undefined undefined
[28.05.2026, 13:39:48,752] [info] (AppSuspension) App suspension blocker is disabled
[28.05.2026, 13:39:48,752] [info] (AppSuspension) App suspension blocker is enabled
[28.05.2026, 13:39:48,752] [info] (Events) Event received PLAYER_STATE undefined true undefined
[28.05.2026, 13:39:48,753] [info] (Events) Event received PLAYER_STATE undefined undefined true
[28.05.2026, 13:39:56,650] [info] (Events) Event received PLAYER_STATE false undefined undefined
[28.05.2026, 13:39:56,650] [info] (AppSuspension) App suspension blocker is disabled
[28.05.2026, 13:39:56,653] [info] (Events) Event received PLAYER_STATE undefined false undefined
[28.05.2026, 13:39:56,653] [info] (Events) Event received PLAYER_STATE undefined undefined true
[28.05.2026, 13:39:57,001] [info] (Events) Event received PLAYER_STATE undefined true undefined
[28.05.2026, 13:39:57,016] [info] (Events) Event received PLAYER_STATE false undefined undefined
[28.05.2026, 13:39:57,016] [info] (AppSuspension) App suspension blocker is disabled
[28.05.2026, 13:39:57,225] [info] (Events) Event received PLAYER_STATE false undefined undefined
[28.05.2026, 13:39:57,225] [info] (AppSuspension) App suspension blocker is disabled
[28.05.2026, 13:39:57,978] [info] (Events) Event received PLAYER_STATE true undefined undefined
[28.05.2026, 13:39:57,978] [info] (AppSuspension) App suspension blocker is disabled
[28.05.2026, 13:39:57,978] [info] (AppSuspension) App suspension blocker is enabled
[28.05.2026, 13:40:07,409] [info] (Events) Event received INSTALL_UPDATE
[28.05.2026, 13:40:07,410] [info] (UpdateLogger) Installing a new version 5.104.2
[28.05.2026, 13:40:07,410] [info] (UpdateLogger) Logger inside "electron-updater" package Install on explicit quitAndInstall
[28.05.2026, 13:40:07,410] [info] (UpdateLogger) Logger inside "electron-updater" package Install: isSilent: false, isForceRunAfter: true
[28.05.2026, 13:40:07,410] [info] (UpdateLogger) Logger inside "electron-updater" package Executing: which gksudo || which kdesudo || which pkexec || which beesu with args: 
[28.05.2026, 13:40:07,419] [info] (UpdateLogger) Logger inside "electron-updater" package Executing: /usr/bin/pkexec --disable-internal-agent with args: /bin/bash,-c,'dpkg -i /home/maksim/.cache/yandexmusic-updater/pending/Yandex_Music_amd64_5.104.2.deb || apt-get install -f -y'
[28.05.2026, 13:40:07,469] [error] (UpdateLogger) Logger inside "electron-updater" package Error executing command as another user: No authentication agent found.

[28.05.2026, 13:40:07,470] [error] (UpdateLogger) Logger inside "electron-updater" package Error: Error: Command /usr/bin/pkexec --disable-internal-agent exited with code 127
    at DebUpdater.spawnSyncLog (/opt/Яндекс Музыка/resources/app.asar/node_modules/electron-updater/out/BaseUpdater.js:121:19)
    at DebUpdater.doInstall (/opt/Яндекс Музыка/resources/app.asar/node_modules/electron-updater/out/DebUpdater.js:41:14)
    at DebUpdater.install (/opt/Яндекс Музыка/resources/app.asar/node_modules/electron-updater/out/BaseUpdater.js:57:25)
    at DebUpdater.quitAndInstall (/opt/Яндекс Музыка/resources/app.asar/node_modules/electron-updater/out/BaseUpdater.js:15:34)
    at Updater.install (/opt/Яндекс Музыка/resources/app.asar/index.js:737:33)
    at IpcMainImpl.<anonymous> (/opt/Яндекс Музыка/resources/app.asar/index.js:1792:13)
    at IpcMainImpl.emit (node:events:519:28)
    at Session.<anonymous> (node:electron/js2c/browser_init:2:106453)
    at Session.emit (node:events:519:28)
[28.05.2026, 13:40:07,470] [error] (UpdateLogger) Updater error Error Command /usr/bin/pkexec --disable-internal-agent exited with code 127
[28.05.2026, 13:40:56,012] [info] (Events) Event sent REFRESH_TRACKS_AVAILABILITY
[28.05.2026, 13:40:56,013] [info] (Events) Event received TRACKS_AVAILABILITY_UPDATED
[28.05.2026, 13:40:56,046] [info] (Events) Event received TRACKS_AVAILABILITY_UPDATED
[28.05.2026, 13:41:42,521] [info] (Events) Event received PLAYER_STATE false undefined undefined
[28.05.2026, 13:41:42,522] [info] (AppSuspension) App suspension blocker is disabled
[28.05.2026, 13:55:28,147] [info] (Events) Event received PLAYER_STATE true undefined undefined
[28.05.2026, 13:55:28,147] [info] (AppSuspension) App suspension blocker is disabled
[28.05.2026, 13:55:28,148] [info] (AppSuspension) App suspension blocker is enabled
[28.05.2026, 13:55:40,117] [info] (Events) Event received PLAYER_STATE false undefined undefined
[28.05.2026, 13:55:40,118] [info] (AppSuspension) App suspension blocker is disabled
[28.05.2026, 13:55:40,124] [info] (Events) Event received PLAYER_STATE undefined false undefined
[28.05.2026, 13:55:40,124] [info] (Events) Event received PLAYER_STATE undefined undefined true
[28.05.2026, 13:55:40,451] [info] (Events) Event received PLAYER_STATE undefined true undefined
[28.05.2026, 13:55:40,466] [info] (Events) Event received PLAYER_STATE false undefined undefined
[28.05.2026, 13:55:40,466] [info] (AppSuspension) App suspension blocker is disabled
[28.05.2026, 13:55:40,682] [info] (Events) Event received PLAYER_STATE false undefined undefined
[28.05.2026, 13:55:40,711] [info] (AppSuspension) App suspension blocker is disabled
[28.05.2026, 13:55:40,712] [info] (Events) Event received PLAYER_STATE true undefined undefined
[28.05.2026, 13:55:40,712] [info] (AppSuspension) App suspension blocker is disabled
[28.05.2026, 13:55:40,712] [info] (AppSuspension) App suspension blocker is enabled
[28.05.2026, 13:55:44,030] [info] (Events) Event received PLAYER_STATE false undefined undefined
[28.05.2026, 13:55:44,030] [info] (AppSuspension) App suspension blocker is disabled
[28.05.2026, 13:55:44,034] [info] (Events) Event received PLAYER_STATE undefined false undefined
[28.05.2026, 13:55:44,034] [info] (Events) Event received PLAYER_STATE undefined undefined true
[28.05.2026, 13:55:44,240] [info] (Events) Event received PLAYER_STATE undefined true undefined
[28.05.2026, 13:55:44,257] [info] (Events) Event received PLAYER_STATE false undefined undefined
[28.05.2026, 13:55:44,257] [info] (AppSuspension) App suspension blocker is disabled
[28.05.2026, 13:55:44,391] [info] (Events) Event received PLAYER_STATE false undefined undefined
[28.05.2026, 13:55:44,391] [info] (AppSuspension) App suspension blocker is disabled
[28.05.2026, 13:55:44,407] [info] (Events) Event received PLAYER_STATE true undefined undefined
[28.05.2026, 13:55:44,408] [info] (AppSuspension) App suspension blocker is disabled
[28.05.2026, 13:55:44,408] [info] (AppSuspension) App suspension blocker is enabled
[28.05.2026, 13:56:00,059] [info] (Events) Event received PLAYER_STATE false undefined undefined
[28.05.2026, 13:56:00,060] [info] (AppSuspension) App suspension blocker is disabled
[28.05.2026, 13:56:00,067] [info] (Events) Event received PLAYER_STATE undefined false undefined
[28.05.2026, 13:56:00,067] [info] (Events) Event received PLAYER_STATE undefined undefined true
[28.05.2026, 13:56:00,376] [info] (Events) Event received PLAYER_STATE undefined true undefined
[28.05.2026, 13:56:00,392] [info] (Events) Event received PLAYER_STATE false undefined undefined
[28.05.2026, 13:56:00,392] [info] (AppSuspension) App suspension blocker is disabled
[28.05.2026, 13:56:00,542] [info] (Events) Event received PLAYER_STATE false undefined undefined
[28.05.2026, 13:56:00,542] [info] (AppSuspension) App suspension blocker is disabled
[28.05.2026, 13:56:00,888] [info] (Events) Event received PLAYER_STATE true undefined undefined
[28.05.2026, 13:56:00,889] [info] (AppSuspension) App suspension blocker is disabled
[28.05.2026, 13:56:00,889] [info] (AppSuspension) App suspension blocker is enabled
[28.05.2026, 13:57:45,958] [info] (Events) Event received PLAYER_STATE true undefined undefined
[28.05.2026, 13:57:45,958] [info] (AppSuspension) App suspension blocker is disabled
[28.05.2026, 13:57:45,958] [info] (AppSuspension) App suspension blocker is enabled
[28.05.2026, 13:57:45,958] [info] (Events) Event received PLAYER_STATE undefined true undefined
[28.05.2026, 13:57:45,959] [info] (Events) Event received PLAYER_STATE undefined undefined true
[28.05.2026, 13:57:58,248] [info] (Events) Event received PLAYER_STATE false undefined undefined
[28.05.2026, 13:57:58,248] [info] (AppSuspension) App suspension blocker is disabled
[28.05.2026, 13:57:58,253] [info] (Events) Event received PLAYER_STATE undefined false undefined
[28.05.2026, 13:57:58,253] [info] (Events) Event received PLAYER_STATE undefined undefined true
[28.05.2026, 13:57:59,029] [info] (Events) Event received PLAYER_STATE undefined true undefined
[28.05.2026, 13:57:59,052] [info] (Events) Event received PLAYER_STATE false undefined undefined
[28.05.2026, 13:57:59,052] [info] (AppSuspension) App suspension blocker is disabled
[28.05.2026, 13:57:59,267] [info] (Events) Event received PLAYER_STATE false undefined undefined
[28.05.2026, 13:57:59,268] [info] (AppSuspension) App suspension blocker is disabled
[28.05.2026, 13:58:00,551] [info] (Events) Event received PLAYER_STATE true undefined undefined
[28.05.2026, 13:58:00,551] [info] (AppSuspension) App suspension blocker is disabled
[28.05.2026, 13:58:00,552] [info] (AppSuspension) App suspension blocker is enabled
[28.05.2026, 13:58:20,441] [info] (Events) Event received PLAYER_STATE false undefined undefined
[28.05.2026, 13:58:20,441] [info] (AppSuspension) App suspension blocker is disabled
[28.05.2026, 13:58:22,969] [info] (Events) Event received PLAYER_STATE true undefined undefined
[28.05.2026, 13:58:22,969] [info] (AppSuspension) App suspension blocker is disabled
[28.05.2026, 13:58:22,969] [info] (AppSuspension) App suspension blocker is enabled
[28.05.2026, 13:58:27,935] [info] (Events) Event received PLAYER_STATE false undefined undefined
[28.05.2026, 13:58:27,935] [info] (AppSuspension) App suspension blocker is disabled
[28.05.2026, 13:58:28,103] [info] (Events) Event received PLAYER_STATE false undefined undefined
[28.05.2026, 13:58:28,103] [info] (AppSuspension) App suspension blocker is disabled
[28.05.2026, 13:58:32,252] [info] (Events) Event received PLAYER_STATE true undefined undefined
[28.05.2026, 13:58:32,252] [info] (AppSuspension) App suspension blocker is disabled
[28.05.2026, 13:58:32,252] [info] (AppSuspension) App suspension blocker is enabled
[28.05.2026, 13:58:36,152] [info] (Events) Event received PLAYER_STATE false undefined undefined
[28.05.2026, 13:58:36,153] [info] (AppSuspension) App suspension blocker is disabled
[28.05.2026, 13:58:38,806] [info] (UpdateLogger) Logger inside "electron-updater" package Auto install update on quit
[28.05.2026, 13:58:38,806] [info] (UpdateLogger) Logger inside "electron-updater" package Install: isSilent: true, isForceRunAfter: false
[28.05.2026, 13:58:38,806] [info] (UpdateLogger) Logger inside "electron-updater" package Executing: which gksudo || which kdesudo || which pkexec || which beesu with args: 
[28.05.2026, 13:58:38,813] [info] (UpdateLogger) Logger inside "electron-updater" package Executing: /usr/bin/pkexec --disable-internal-agent with args: /bin/bash,-c,'dpkg -i /home/maksim/.cache/yandexmusic-updater/pending/Yandex_Music_amd64_5.104.2.deb || apt-get install -f -y'
[28.05.2026, 13:58:38,828] [error] (UpdateLogger) Logger inside "electron-updater" package Error executing command as another user: No authentication agent found.

[28.05.2026, 13:58:38,828] [error] (UpdateLogger) Logger inside "electron-updater" package Error: Error: Command /usr/bin/pkexec --disable-internal-agent exited with code 127
    at DebUpdater.spawnSyncLog (/opt/Яндекс Музыка/resources/app.asar/node_modules/electron-updater/out/BaseUpdater.js:121:19)
    at DebUpdater.doInstall (/opt/Яндекс Музыка/resources/app.asar/node_modules/electron-updater/out/DebUpdater.js:41:14)
    at DebUpdater.install (/opt/Яндекс Музыка/resources/app.asar/node_modules/electron-updater/out/BaseUpdater.js:57:25)
    at /opt/Яндекс Музыка/resources/app.asar/node_modules/electron-updater/out/BaseUpdater.js:87:18
    at App.<anonymous> (/opt/Яндекс Музыка/resources/app.asar/node_modules/electron-updater/out/ElectronAppAdapter.js:38:48)
    at Object.onceWrapper (node:events:634:26)
    at App.emit (node:events:531:35)
    at App.<anonymous> (/opt/Яндекс Музыка/resources/app.asar/index.js:2486:20)
    at App.emit (node:events:531:35)
[28.05.2026, 13:58:38,828] [error] (UpdateLogger) Updater error Error Command /usr/bin/pkexec --disable-internal-agent exited with code 127
[28.05.2026, 20:43:43,202] [info] (DeviceInfo) {
  "memory": {
    "freeMB": 26982,
    "totalMB": 32012
  },
  "storage": {
    "freeMB": 37230,
    "totalMB": 50088
  }
}
[28.05.2026, 20:43:43,206] [info] (Events) Event sent REFRESH_APPLICATION_DATA
[28.05.2026, 20:43:43,207] [info] (Events) Event sent REFRESH_APPLICATION_DATA
[28.05.2026, 20:43:43,470] [info] (UpdateLogger) Logger inside "electron-updater" package Checking for update
[28.05.2026, 20:43:43,544] [info] (Events) Event handle GET_PASSPORT_LOGIN
[28.05.2026, 20:43:43,545] [info] (Events) Event handle GET_YANDEX_UID
[28.05.2026, 20:43:43,715] [info] (UpdateLogger) Logger inside "electron-updater" package Found version 5.104.2 (url: Yandex_Music_amd64_5.104.2.deb)
[28.05.2026, 20:43:43,716] [info] (UpdateLogger) Common config {
  DEPRECATED_VERSIONS: '<=5.99.2',
  UPDATE_URL: 'https://desktop.app.music.yandex.net/stable/'
}
[28.05.2026, 20:43:43,718] [info] (UpdateLogger) Update probability: 100; checking with client value 26
[28.05.2026, 20:43:43,718] [info] (UpdateLogger) New version available 5.103.2 -> 5.104.2
[28.05.2026, 20:43:43,718] [info] (AppSuspension) App suspension blocker is enabled
[28.05.2026, 20:43:43,719] [info] (UpdateLogger) Logger inside "electron-updater" package Downloading update from Yandex_Music_amd64_5.104.2.deb
[28.05.2026, 20:43:43,719] [debug] (UpdateLogger) Logger inside "electron-updater" package updater cache dir: /home/maksim/.cache/yandexmusic-updater
[28.05.2026, 20:43:43,720] [info] (DeviceInfo) {
  "memory": {
    "freeMB": 26834,
    "totalMB": 32012
  },
  "storage": {
    "freeMB": 37230,
    "totalMB": 50088
  },
  "appMetrics": {
    "cpu": {
      "cumulativeCPUUsage": 1.57,
      "percentCPUUsage": 0,
      "idleWakeupsPerSecond": 0
    },
    "memory": {
      "workingSetSizeMB": 0,
      "peakWorkingSetSizeMB": 0
    }
  }
}
[28.05.2026, 20:43:43,789] [info] (Events) Event received APPLICATION_READY
[28.05.2026, 20:43:43,791] [info] (Events) Event sent PROBABILITY_BUCKET 25-50
[28.05.2026, 20:43:43,815] [info] (Events) Event received APPLICATION_THEME
[28.05.2026, 20:43:43,952] [info] (UpdateLogger) Logger inside "electron-updater" package Update has already been downloaded to /home/maksim/.cache/yandexmusic-updater/pending/Yandex_Music_amd64_5.104.2.deb).
[28.05.2026, 20:43:43,952] [info] (UpdateLogger) Update downloaded 5.104.2
[28.05.2026, 20:43:43,952] [info] (AppSuspension) App suspension blocker is disabled
[28.05.2026, 20:43:43,952] [info] (Events) Event sent UPDATE_AVAILABLE 5.104.2
[28.05.2026, 20:43:43,952] [info] (UpdateLogger) Download result: /home/maksim/.cache/yandexmusic-updater/pending/Yandex_Music_amd64_5.104.2.deb
[28.05.2026, 20:43:44,089] [info] (Common) Request to https://desktop.app.music.yandex.net/stable/release-notes/en.json completed with status:  200
[28.05.2026, 20:43:44,092] [info] (Events) Event sent LOAD_RELEASE_NOTES
[28.05.2026, 20:43:44,737] [info] (Events) Event received PLAYER_STATE false undefined undefined
[28.05.2026, 20:43:44,738] [info] (AppSuspension) App suspension blocker is disabled
[28.05.2026, 20:43:44,925] [info] (Events) Event received PLAYER_STATE undefined false undefined
[28.05.2026, 20:43:44,926] [info] (Events) Event received PLAYER_STATE undefined undefined false
[28.05.2026, 20:43:45,360] [info] (Events) Event received PLAYER_STATE undefined undefined true
[28.05.2026, 20:43:50,803] [info] (Events) Event received PLAYER_STATE false undefined undefined
[28.05.2026, 20:43:50,804] [info] (AppSuspension) App suspension blocker is disabled
[28.05.2026, 20:43:50,804] [info] (Events) Event received PLAYER_STATE undefined false undefined
[28.05.2026, 20:43:50,805] [info] (Events) Event received PLAYER_STATE undefined undefined true
[28.05.2026, 20:43:55,847] [info] (Events) Event received PLAYER_STATE undefined false undefined
[28.05.2026, 20:43:55,848] [info] (Events) Event received PLAYER_STATE undefined undefined true
[28.05.2026, 20:43:56,169] [info] (Events) Event received PLAYER_STATE undefined true undefined
[28.05.2026, 20:43:56,184] [info] (Events) Event received PLAYER_STATE false undefined undefined
[28.05.2026, 20:43:56,184] [info] (AppSuspension) App suspension blocker is disabled
[28.05.2026, 20:43:56,327] [info] (Events) Event received PLAYER_STATE false undefined undefined
[28.05.2026, 20:43:56,327] [info] (AppSuspension) App suspension blocker is disabled
[28.05.2026, 20:43:56,793] [info] (Events) Event received PLAYER_STATE true undefined undefined
[28.05.2026, 20:43:56,793] [info] (AppSuspension) App suspension blocker is disabled
[28.05.2026, 20:43:56,793] [info] (AppSuspension) App suspension blocker is enabled
[28.05.2026, 20:43:59,705] [info] (Events) Event received PLAYER_STATE false undefined undefined
[28.05.2026, 20:43:59,733] [info] (AppSuspension) App suspension blocker is disabled
[28.05.2026, 20:43:59,734] [info] (Events) Event received PLAYER_STATE undefined false undefined
[28.05.2026, 20:43:59,735] [info] (Events) Event received PLAYER_STATE undefined undefined true
[28.05.2026, 20:43:59,902] [info] (Events) Event received PLAYER_STATE undefined true undefined
[28.05.2026, 20:43:59,916] [info] (Events) Event received PLAYER_STATE false undefined undefined
[28.05.2026, 20:43:59,916] [info] (AppSuspension) App suspension blocker is disabled
[28.05.2026, 20:44:00,020] [info] (Events) Event received PLAYER_STATE false undefined undefined
[28.05.2026, 20:44:00,020] [info] (AppSuspension) App suspension blocker is disabled
[28.05.2026, 20:44:00,601] [info] (Events) Event received PLAYER_STATE true undefined undefined
[28.05.2026, 20:44:00,601] [info] (AppSuspension) App suspension blocker is disabled
[28.05.2026, 20:44:00,601] [info] (AppSuspension) App suspension blocker is enabled
[28.05.2026, 20:46:04,252] [info] (Events) Event received PLAYER_STATE false undefined undefined
[28.05.2026, 20:46:04,253] [info] (AppSuspension) App suspension blocker is disabled
[28.05.2026, 20:46:04,256] [info] (Events) Event received PLAYER_STATE false undefined undefined
[28.05.2026, 20:46:04,256] [info] (AppSuspension) App suspension blocker is disabled
[28.05.2026, 20:46:04,275] [info] (Events) Event received PLAYER_STATE true undefined undefined
[28.05.2026, 20:46:04,276] [info] (AppSuspension) App suspension blocker is disabled
[28.05.2026, 20:46:04,276] [info] (AppSuspension) App suspension blocker is enabled
[28.05.2026, 20:48:25,046] [info] (Events) Event received PLAYER_STATE false undefined undefined
[28.05.2026, 20:48:25,046] [info] (AppSuspension) App suspension blocker is disabled
[28.05.2026, 20:48:25,065] [info] (Events) Event received PLAYER_STATE false undefined undefined
[28.05.2026, 20:48:25,065] [info] (AppSuspension) App suspension blocker is disabled
[28.05.2026, 20:48:25,068] [info] (Events) Event received PLAYER_STATE false undefined undefined
[28.05.2026, 20:48:25,068] [info] (AppSuspension) App suspension blocker is disabled
[28.05.2026, 20:48:25,078] [info] (Events) Event received PLAYER_STATE true undefined undefined
[28.05.2026, 20:48:25,078] [info] (AppSuspension) App suspension blocker is disabled
[28.05.2026, 20:48:25,078] [info] (AppSuspension) App suspension blocker is enabled
[28.05.2026, 20:48:51,032] [info] (Events) Event sent REFRESH_TRACKS_AVAILABILITY
[28.05.2026, 20:48:51,033] [info] (Events) Event received TRACKS_AVAILABILITY_UPDATED
[28.05.2026, 20:48:51,063] [info] (Events) Event received TRACKS_AVAILABILITY_UPDATED
[28.05.2026, 20:52:24,867] [info] (Events) Event received PLAYER_STATE false undefined undefined
[28.05.2026, 20:52:24,867] [info] (AppSuspension) App suspension blocker is disabled
[28.05.2026, 20:52:24,885] [info] (Events) Event received PLAYER_STATE false undefined undefined
[28.05.2026, 20:52:24,885] [info] (AppSuspension) App suspension blocker is disabled
[28.05.2026, 20:52:24,889] [info] (Events) Event received PLAYER_STATE false undefined undefined
[28.05.2026, 20:52:24,889] [info] (AppSuspension) App suspension blocker is disabled
[28.05.2026, 20:52:24,898] [info] (Events) Event received PLAYER_STATE true undefined undefined
[28.05.2026, 20:52:24,898] [info] (AppSuspension) App suspension blocker is disabled
[28.05.2026, 20:52:24,898] [info] (AppSuspension) App suspension blocker is enabled
[28.05.2026, 20:57:16,058] [info] (Events) Event received PLAYER_STATE false undefined undefined
[28.05.2026, 20:57:16,058] [info] (AppSuspension) App suspension blocker is disabled
[28.05.2026, 20:57:16,076] [info] (Events) Event received PLAYER_STATE false undefined undefined
[28.05.2026, 20:57:16,076] [info] (AppSuspension) App suspension blocker is disabled
[28.05.2026, 20:57:16,080] [info] (Events) Event received PLAYER_STATE false undefined undefined
[28.05.2026, 20:57:16,080] [info] (AppSuspension) App suspension blocker is disabled
[28.05.2026, 20:57:16,090] [info] (Events) Event received PLAYER_STATE true undefined undefined
[28.05.2026, 20:57:16,090] [info] (AppSuspension) App suspension blocker is disabled
[28.05.2026, 20:57:16,090] [info] (AppSuspension) App suspension blocker is enabled
[28.05.2026, 20:58:50,380] [info] (Events) Event received PLAYER_STATE false undefined undefined
[28.05.2026, 20:58:50,380] [info] (AppSuspension) App suspension blocker is disabled
[28.05.2026, 20:58:50,399] [info] (Events) Event received PLAYER_STATE false undefined undefined
[28.05.2026, 20:58:50,399] [info] (AppSuspension) App suspension blocker is disabled
[28.05.2026, 20:58:50,401] [info] (Events) Event received PLAYER_STATE false undefined undefined
[28.05.2026, 20:58:50,401] [info] (AppSuspension) App suspension blocker is disabled
[28.05.2026, 20:58:50,413] [info] (Events) Event received PLAYER_STATE true undefined undefined
[28.05.2026, 20:58:50,413] [info] (AppSuspension) App suspension blocker is disabled
[28.05.2026, 20:58:50,413] [info] (AppSuspension) App suspension blocker is enabled
[28.05.2026, 21:00:40,105] [info] (Events) Event send REFRESH_REPOSITORY_META
[28.05.2026, 21:00:40,106] [info] (Events) Event received REPOSITORY_META_UPDATED
[28.05.2026, 21:00:40,136] [info] (Events) Event received REPOSITORY_META_UPDATED
[28.05.2026, 21:00:51,475] [info] (Events) Event received PLAYER_STATE false undefined undefined
[28.05.2026, 21:00:51,475] [info] (AppSuspension) App suspension blocker is disabled
[28.05.2026, 21:00:51,492] [info] (Events) Event received PLAYER_STATE false undefined undefined
[28.05.2026, 21:00:51,492] [info] (AppSuspension) App suspension blocker is disabled
[28.05.2026, 21:00:51,494] [info] (Events) Event received PLAYER_STATE false undefined undefined
[28.05.2026, 21:00:51,494] [info] (AppSuspension) App suspension blocker is disabled
[28.05.2026, 21:00:51,503] [info] (Events) Event received PLAYER_STATE true undefined undefined
[28.05.2026, 21:00:51,504] [info] (AppSuspension) App suspension blocker is disabled
[28.05.2026, 21:00:51,504] [info] (AppSuspension) App suspension blocker is enabled
[28.05.2026, 21:02:21,894] [info] (Events) Event received PLAYER_STATE false undefined undefined
[28.05.2026, 21:02:21,894] [info] (AppSuspension) App suspension blocker is disabled
[28.05.2026, 21:02:21,925] [info] (Events) Event received PLAYER_STATE false undefined undefined
[28.05.2026, 21:02:21,925] [info] (AppSuspension) App suspension blocker is disabled
[28.05.2026, 21:02:21,925] [info] (Events) Event received PLAYER_STATE false undefined undefined
[28.05.2026, 21:02:21,925] [info] (AppSuspension) App suspension blocker is disabled
[28.05.2026, 21:02:21,930] [info] (Events) Event received PLAYER_STATE true undefined undefined
[28.05.2026, 21:02:21,930] [info] (AppSuspension) App suspension blocker is disabled
[28.05.2026, 21:02:21,930] [info] (AppSuspension) App suspension blocker is enabled
[28.05.2026, 21:03:22,796] [info] (UpdateLogger) Logger inside "electron-updater" package Auto install update on quit
[28.05.2026, 21:03:22,797] [info] (UpdateLogger) Logger inside "electron-updater" package Install: isSilent: true, isForceRunAfter: false
[28.05.2026, 21:03:22,797] [info] (UpdateLogger) Logger inside "electron-updater" package Executing: which gksudo || which kdesudo || which pkexec || which beesu with args: 
[28.05.2026, 21:03:22,805] [info] (UpdateLogger) Logger inside "electron-updater" package Executing: /usr/bin/pkexec --disable-internal-agent with args: /bin/bash,-c,'dpkg -i /home/maksim/.cache/yandexmusic-updater/pending/Yandex_Music_amd64_5.104.2.deb || apt-get install -f -y'
[28.05.2026, 21:03:22,823] [error] (UpdateLogger) Logger inside "electron-updater" package Error executing command as another user: No authentication agent found.

[28.05.2026, 21:03:22,824] [error] (UpdateLogger) Logger inside "electron-updater" package Error: Error: Command /usr/bin/pkexec --disable-internal-agent exited with code 127
    at DebUpdater.spawnSyncLog (/opt/Яндекс Музыка/resources/app.asar/node_modules/electron-updater/out/BaseUpdater.js:121:19)
    at DebUpdater.doInstall (/opt/Яндекс Музыка/resources/app.asar/node_modules/electron-updater/out/DebUpdater.js:41:14)
    at DebUpdater.install (/opt/Яндекс Музыка/resources/app.asar/node_modules/electron-updater/out/BaseUpdater.js:57:25)
    at /opt/Яндекс Музыка/resources/app.asar/node_modules/electron-updater/out/BaseUpdater.js:87:18
    at App.<anonymous> (/opt/Яндекс Музыка/resources/app.asar/node_modules/electron-updater/out/ElectronAppAdapter.js:38:48)
    at Object.onceWrapper (node:events:634:26)
    at App.emit (node:events:531:35)
    at App.<anonymous> (/opt/Яндекс Музыка/resources/app.asar/index.js:2486:20)
    at App.emit (node:events:531:35)
[28.05.2026, 21:03:22,825] [error] (UpdateLogger) Updater error Error Command /usr/bin/pkexec --disable-internal-agent exited with code 127
[29.05.2026, 18:02:36,065] [info] (DeviceInfo) {
  "application": {
    "version": "5.103.2",
    "build": "5.103.2/5d5f28edad4883053a2c1f1af2ce07056edb2fcc"
  },
  "language": {
    "locale": "en-US",
    "countryCode": "US",
    "preferredSystemLanguages": [
      "en-US",
      "en-US",
      "en",
      "en"
    ]
  },
  "os": {
    "type": "Linux",
    "release": "7.0.10-arch1-1",
    "arch": "x64",
    "version": "#1 SMP PREEMPT_DYNAMIC Sat, 23 May 2026 14:21:20 +0000",
    "platform": "linux",
    "machine": "x86_64"
  }
}
[29.05.2026, 18:02:36,068] [info] (DeviceInfo) {
  "memory": {
    "freeMB": 30220,
    "totalMB": 32012
  },
  "storage": {
    "freeMB": 36196,
    "totalMB": 50088
  }
}
[29.05.2026, 18:02:36,070] [info] (Events) Event sent REFRESH_APPLICATION_DATA
[29.05.2026, 18:02:36,071] [info] (Events) Event sent REFRESH_APPLICATION_DATA
[29.05.2026, 18:02:36,326] [info] (UpdateLogger) Logger inside "electron-updater" package Checking for update
[29.05.2026, 18:02:36,409] [info] (Events) Event handle GET_PASSPORT_LOGIN
[29.05.2026, 18:02:36,410] [info] (Events) Event handle GET_YANDEX_UID
[29.05.2026, 18:02:36,674] [info] (Events) Event received APPLICATION_READY
[29.05.2026, 18:02:36,676] [info] (Events) Event sent PROBABILITY_BUCKET 25-50
[29.05.2026, 18:02:36,699] [info] (Events) Event received APPLICATION_THEME
[29.05.2026, 18:02:38,147] [info] (UpdateLogger) Logger inside "electron-updater" package Found version 5.104.2 (url: Yandex_Music_amd64_5.104.2.deb)
[29.05.2026, 18:02:38,147] [info] (UpdateLogger) Common config {
  DEPRECATED_VERSIONS: '<=5.99.2',
  UPDATE_URL: 'https://desktop.app.music.yandex.net/stable/'
}
[29.05.2026, 18:02:38,150] [info] (UpdateLogger) Update probability: 100; checking with client value 26
[29.05.2026, 18:02:38,150] [info] (UpdateLogger) New version available 5.103.2 -> 5.104.2
[29.05.2026, 18:02:38,150] [info] (AppSuspension) App suspension blocker is enabled
[29.05.2026, 18:02:38,150] [info] (UpdateLogger) Logger inside "electron-updater" package Downloading update from Yandex_Music_amd64_5.104.2.deb
[29.05.2026, 18:02:38,151] [debug] (UpdateLogger) Logger inside "electron-updater" package updater cache dir: /home/maksim/.cache/yandexmusic-updater
[29.05.2026, 18:02:38,151] [info] (DeviceInfo) {
  "memory": {
    "freeMB": 30053,
    "totalMB": 32012
  },
  "storage": {
    "freeMB": 36196,
    "totalMB": 50088
  },
  "appMetrics": {
    "cpu": {
      "cumulativeCPUUsage": 1.58,
      "percentCPUUsage": 0,
      "idleWakeupsPerSecond": 0
    },
    "memory": {
      "workingSetSizeMB": 0,
      "peakWorkingSetSizeMB": 0
    }
  }
}
[29.05.2026, 18:02:38,378] [info] (UpdateLogger) Logger inside "electron-updater" package Update has already been downloaded to /home/maksim/.cache/yandexmusic-updater/pending/Yandex_Music_amd64_5.104.2.deb).
[29.05.2026, 18:02:38,378] [info] (UpdateLogger) Update downloaded 5.104.2
[29.05.2026, 18:02:38,379] [info] (AppSuspension) App suspension blocker is disabled
[29.05.2026, 18:02:38,379] [info] (Events) Event sent UPDATE_AVAILABLE 5.104.2
[29.05.2026, 18:02:38,379] [info] (UpdateLogger) Download result: /home/maksim/.cache/yandexmusic-updater/pending/Yandex_Music_amd64_5.104.2.deb
[29.05.2026, 18:02:38,402] [info] (Common) Request to https://desktop.app.music.yandex.net/stable/release-notes/en.json completed with status:  200
[29.05.2026, 18:02:38,414] [info] (Events) Event sent LOAD_RELEASE_NOTES
[29.05.2026, 18:02:38,720] [info] (Events) Event received PLAYER_STATE false undefined undefined
[29.05.2026, 18:02:38,720] [info] (AppSuspension) App suspension blocker is disabled
[29.05.2026, 18:02:39,042] [info] (Events) Event received PLAYER_STATE undefined false undefined
[29.05.2026, 18:02:39,042] [info] (Events) Event received PLAYER_STATE undefined undefined true
[29.05.2026, 18:02:39,579] [info] (Events) Event received PLAYER_STATE undefined true undefined
[29.05.2026, 18:02:42,269] [info] (Events) Event received PLAYER_STATE false undefined undefined
[29.05.2026, 18:02:42,269] [info] (AppSuspension) App suspension blocker is disabled
[29.05.2026, 18:02:42,270] [info] (Events) Event received PLAYER_STATE undefined true undefined
[29.05.2026, 18:02:42,270] [info] (Events) Event received PLAYER_STATE undefined undefined true
[29.05.2026, 18:02:47,531] [info] (Events) Event received PLAYER_STATE false undefined undefined
[29.05.2026, 18:02:47,531] [info] (AppSuspension) App suspension blocker is disabled
[29.05.2026, 18:02:47,532] [info] (Events) Event received PLAYER_STATE undefined true undefined
[29.05.2026, 18:02:47,533] [info] (Events) Event received PLAYER_STATE undefined undefined true
[29.05.2026, 18:03:13,782] [info] (Events) Event received PLAYER_STATE false undefined undefined
[29.05.2026, 18:03:13,782] [info] (AppSuspension) App suspension blocker is disabled
[29.05.2026, 18:03:13,782] [info] (Events) Event received PLAYER_STATE undefined true undefined
[29.05.2026, 18:03:13,783] [info] (Events) Event received PLAYER_STATE undefined undefined true
[29.05.2026, 18:03:22,068] [info] (Events) Event received PLAYER_STATE undefined false undefined
[29.05.2026, 18:03:22,069] [info] (Events) Event received PLAYER_STATE undefined undefined true
[29.05.2026, 18:03:22,198] [info] (Events) Event received PLAYER_STATE false undefined undefined
[29.05.2026, 18:03:22,198] [info] (AppSuspension) App suspension blocker is disabled
[29.05.2026, 18:03:22,338] [info] (Events) Event received PLAYER_STATE false undefined undefined
[29.05.2026, 18:03:22,338] [info] (AppSuspension) App suspension blocker is disabled
[29.05.2026, 18:03:22,825] [info] (Events) Event received PLAYER_STATE true undefined undefined
[29.05.2026, 18:03:22,825] [info] (AppSuspension) App suspension blocker is disabled
[29.05.2026, 18:03:22,825] [info] (AppSuspension) App suspension blocker is enabled
[29.05.2026, 18:03:27,870] [info] (Events) Event received PLAYER_STATE undefined true undefined
[29.05.2026, 18:05:42,924] [info] (Events) Event received PLAYER_STATE true undefined undefined
[29.05.2026, 18:05:42,924] [info] (AppSuspension) App suspension blocker is disabled
[29.05.2026, 18:05:42,924] [info] (AppSuspension) App suspension blocker is enabled
[29.05.2026, 18:05:42,925] [info] (Events) Event received PLAYER_STATE undefined true undefined
[29.05.2026, 18:05:42,925] [info] (Events) Event received PLAYER_STATE undefined undefined true
[29.05.2026, 18:05:44,740] [info] (Events) Event received PLAYER_STATE true undefined undefined
[29.05.2026, 18:05:44,740] [info] (AppSuspension) App suspension blocker is disabled
[29.05.2026, 18:05:44,740] [info] (AppSuspension) App suspension blocker is enabled
[29.05.2026, 18:05:44,741] [info] (Events) Event received PLAYER_STATE undefined true undefined
[29.05.2026, 18:05:44,741] [info] (Events) Event received PLAYER_STATE undefined undefined true
[29.05.2026, 18:05:48,127] [info] (Events) Event received PLAYER_STATE false undefined undefined
[29.05.2026, 18:05:48,127] [info] (AppSuspension) App suspension blocker is disabled
[29.05.2026, 18:05:48,130] [info] (Events) Event received PLAYER_STATE undefined false undefined
[29.05.2026, 18:05:48,130] [info] (Events) Event received PLAYER_STATE undefined undefined true
[29.05.2026, 18:05:48,363] [info] (Events) Event received PLAYER_STATE undefined true undefined
[29.05.2026, 18:05:48,378] [info] (Events) Event received PLAYER_STATE false undefined undefined
[29.05.2026, 18:05:48,379] [info] (AppSuspension) App suspension blocker is disabled
[29.05.2026, 18:05:48,577] [info] (Events) Event received PLAYER_STATE false undefined undefined
[29.05.2026, 18:05:48,577] [info] (AppSuspension) App suspension blocker is disabled
[29.05.2026, 18:05:48,891] [info] (Events) Event received PLAYER_STATE true undefined undefined
[29.05.2026, 18:05:48,892] [info] (AppSuspension) App suspension blocker is disabled
[29.05.2026, 18:05:48,892] [info] (AppSuspension) App suspension blocker is enabled
[29.05.2026, 18:08:06,918] [info] (Events) Event received PLAYER_STATE false undefined undefined
[29.05.2026, 18:08:06,918] [info] (AppSuspension) App suspension blocker is disabled
[29.05.2026, 18:08:07,775] [info] (UpdateLogger) Logger inside "electron-updater" package Auto install update on quit
[29.05.2026, 18:08:07,776] [info] (UpdateLogger) Logger inside "electron-updater" package Install: isSilent: true, isForceRunAfter: false
[29.05.2026, 18:08:07,776] [info] (UpdateLogger) Logger inside "electron-updater" package Executing: which gksudo || which kdesudo || which pkexec || which beesu with args: 
[29.05.2026, 18:08:07,785] [info] (UpdateLogger) Logger inside "electron-updater" package Executing: /usr/bin/pkexec --disable-internal-agent with args: /bin/bash,-c,'dpkg -i /home/maksim/.cache/yandexmusic-updater/pending/Yandex_Music_amd64_5.104.2.deb || apt-get install -f -y'
[29.05.2026, 18:08:07,832] [error] (UpdateLogger) Logger inside "electron-updater" package Error executing command as another user: No authentication agent found.

[29.05.2026, 18:08:07,833] [error] (UpdateLogger) Logger inside "electron-updater" package Error: Error: Command /usr/bin/pkexec --disable-internal-agent exited with code 127
    at DebUpdater.spawnSyncLog (/opt/Яндекс Музыка/resources/app.asar/node_modules/electron-updater/out/BaseUpdater.js:121:19)
    at DebUpdater.doInstall (/opt/Яндекс Музыка/resources/app.asar/node_modules/electron-updater/out/DebUpdater.js:41:14)
    at DebUpdater.install (/opt/Яндекс Музыка/resources/app.asar/node_modules/electron-updater/out/BaseUpdater.js:57:25)
    at /opt/Яндекс Музыка/resources/app.asar/node_modules/electron-updater/out/BaseUpdater.js:87:18
    at App.<anonymous> (/opt/Яндекс Музыка/resources/app.asar/node_modules/electron-updater/out/ElectronAppAdapter.js:38:48)
    at Object.onceWrapper (node:events:634:26)
    at App.emit (node:events:531:35)
    at App.<anonymous> (/opt/Яндекс Музыка/resources/app.asar/index.js:2486:20)
    at App.emit (node:events:531:35)
[29.05.2026, 18:08:07,833] [error] (UpdateLogger) Updater error Error Command /usr/bin/pkexec --disable-internal-agent exited with code 127
