[Info  - 1:05:22 PM] 2026/05/31 13:05:22 Created View (#1)
	directory=/home/maksim/Projects/Go/Project/sso
	view_type="GoMod"
	root_dir="file:///home/maksim/Projects/Go/Project/sso"
	go_version="go version go1.26.3-X:nodwarf5 linux/amd64"
	build_flags=[]
	env={GOOS:linux GOARCH:amd64 GOCACHE:/home/maksim/.cache/go-build GOMODCACHE:/home/maksim/go/pkg/mod GOPATH:/home/maksim/go GOPRIVATE:github.com/Testkivypython/* GOFLAGS: GO111MODULE: GOTOOLCHAIN:auto GOROOT:/usr/lib/go GoVersion:26 GoVersionOutput:go version go1.26.3-X:nodwarf5 linux/amd64
 ExplicitGOWORK: EffectiveGOPACKAGESDRIVER:}
	env_overlay=[]

[Info  - 1:05:23 PM] 2026/05/31 13:05:22 go/packages.Load #1
	view_id="1"
	snapshot=0
	directory=/home/maksim/Projects/Go/Project/sso
	query=[/home/maksim/Projects/Go/Project/sso/... builtin]
	packages=18
	duration=89.76764ms

[Error - 1:05:23 PM] Request textDocument/codeAction failed.
  Message: context canceled
  Code: 0 
[Info  - 1:05:52 PM] 2026/05/31 13:05:52 background imports cache refresh starting

[Info  - 1:05:52 PM] 2026/05/31 13:05:52 background refresh finished after 73.73923ms

[Error - 1:27:01 PM] Request textDocument/hover failed.
  Message: context canceled
  Code: 0 
[Info  - 2:00:15 PM] 2026/05/31 14:00:15 background imports cache refresh starting

[Info  - 2:00:15 PM] 2026/05/31 14:00:15 background refresh finished after 7.974585ms

[Error - 2:19:08 PM] Request textDocument/hover failed.
  Message: context canceled
  Code: 0 
[Error - 2:22:12 PM] Request textDocument/hover failed.
  Message: rune error
  Code: 0 
[Info  - 3:06:29 PM] 2026/05/31 15:06:29 go/packages.Load #2
	view_id="1"
	snapshot=43
	directory=/home/maksim/Projects/Go/Project/sso
	query=[/home/maksim/Projects/Go/Project/sso/... builtin]
	packages=18
	duration=95.0589ms

[Info  - 3:06:42 PM] 2026/05/31 15:06:42 go/packages.Load #3
	view_id="1"
	snapshot=44
	directory=/home/maksim/Projects/Go/Project/sso
	query=[/home/maksim/Projects/Go/Project/sso/... builtin]
	packages=18
	duration=93.809781ms

[Info  - 3:07:02 PM] 2026/05/31 15:07:02 go/packages.Load #4
	view_id="1"
	snapshot=44
	directory=/home/maksim/Projects/Go/Project/sso
	query=[file=/home/maksim/Projects/Go/Project/sso/internal/Clients/permissions.go]
	packages=1
	duration=9.332237ms

[Info  - 3:07:02 PM] 2026/05/31 15:07:02 go/packages.Load #5
	view_id="1"
	snapshot=46
	directory=/home/maksim/Projects/Go/Project/sso
	query=[file=/home/maksim/Projects/Go/Project/sso/internal/Clients/permissions.go]
	packages=1
	duration=9.95722ms

[Info  - 3:07:13 PM] 2026/05/31 15:07:13 go/packages.Load #6
	view_id="1"
	snapshot=52
	directory=/home/maksim/Projects/Go/Project/sso
	query=[file=/home/maksim/Projects/Go/Project/sso/internal/clients/permissions.go]
	packages=1
	duration=10.341651ms

[Info  - 3:07:13 PM] 2026/05/31 15:07:13 go/packages.Load #7
	view_id="1"
	snapshot=52
	directory=/home/maksim/Projects/Go/Project/sso
	query=[file=/home/maksim/Projects/Go/Project/sso/internal/clients/permissions.go]
	packages=1
	duration=10.290113ms

[Info  - 3:07:14 PM] 2026/05/31 15:07:14 go/packages.Load #8
	view_id="1"
	snapshot=52
	directory=/home/maksim/Projects/Go/Project/sso
	query=[sso/internal/Clients]
	packages=1
	duration=11.139159ms

[Info  - 3:07:40 PM] 2026/05/31 15:07:40 go/packages.Load #9
	view_id="1"
	snapshot=54
	directory=/home/maksim/Projects/Go/Project/sso
	query=[file=/home/maksim/Projects/Go/Project/sso/internal/clients/permissions/permissions.go]
	packages=1
	duration=9.904458ms

[Info  - 3:07:40 PM] 2026/05/31 15:07:40 go/packages.Load #10
	view_id="1"
	snapshot=54
	directory=/home/maksim/Projects/Go/Project/sso
	query=[file=/home/maksim/Projects/Go/Project/sso/internal/clients/permissions/permissions.go]
	packages=1
	duration=9.808431ms

[Info  - 3:07:41 PM] 2026/05/31 15:07:41 go/packages.Load #11
	view_id="1"
	snapshot=55
	directory=/home/maksim/Projects/Go/Project/sso
	query=[sso/internal/clients]
	packages=1
	duration=10.343856ms

[Info  - 3:07:46 PM] 2026/05/31 15:07:46 go/packages.Load #12
	view_id="1"
	snapshot=57
	directory=/home/maksim/Projects/Go/Project/sso
	query=[file=/home/maksim/Projects/Go/Project/sso/internal/clients/permissions/client.go]
	packages=1
	duration=10.061435ms

[Info  - 3:07:46 PM] 2026/05/31 15:07:46 go/packages.Load #13
	view_id="1"
	snapshot=57
	directory=/home/maksim/Projects/Go/Project/sso
	query=[file=/home/maksim/Projects/Go/Project/sso/internal/clients/permissions/client.go]
	packages=1
	duration=10.426884ms

[Info  - 3:08:28 PM] 2026/05/31 15:08:28 background imports cache refresh starting

[Info  - 3:08:28 PM] 2026/05/31 15:08:28 background refresh finished after 5.24887ms

[Info  - 3:21:30 PM] 2026/05/31 15:21:30 go/packages.Load #15
	view_id="1"
	snapshot=92
	directory=/home/maksim/Projects/Go/Project/sso
	query=[/home/maksim/Projects/Go/Project/sso/... builtin]
	packages=19
	duration=93.317662ms

[Info  - 3:21:31 PM] 2026/05/31 15:21:31 go/packages.Load #16
	view_id="1"
	snapshot=93
	directory=/home/maksim/Projects/Go/Project/sso
	query=[/home/maksim/Projects/Go/Project/sso/... builtin]
	packages=19
	duration=92.069287ms

[Info  - 3:21:31 PM] 2026/05/31 15:21:31 go/packages.Load #17
	view_id="1"
	snapshot=93
	directory=/home/maksim/Projects/Go/Project/sso
	query=[github.com/hashicorp/errwrap github.com/hashicorp/go-multierror go.uber.org/atomic google.golang.org/grpc/internal/grpcrand]
	packages=11
	duration=93.854761ms

[Info  - 3:21:37 PM] 2026/05/31 15:21:37 go/packages.Load #18
	view_id="1"
	snapshot=98
	directory=/home/maksim/Projects/Go/Project/sso
	query=[file=/home/maksim/Projects/Go/Project/sso/internal/clients/permissions/client.go]
	packages=1
	duration=75.844197ms

[Info  - 3:21:37 PM] 2026/05/31 15:21:37 go/packages.Load #19
	view_id="1"
	snapshot=98
	directory=/home/maksim/Projects/Go/Project/sso
	query=[file=/home/maksim/Projects/Go/Project/sso/internal/clients/permissions/client.go]
	packages=1
	duration=72.623893ms

[Info  - 3:21:47 PM] 2026/05/31 15:21:47 background imports cache refresh starting

[Info  - 3:21:47 PM] 2026/05/31 15:21:47 background refresh finished after 4.887721ms

[Info  - 3:22:20 PM] 2026/05/31 15:22:20 go/packages.Load #21
	view_id="1"
	snapshot=112
	directory=/home/maksim/Projects/Go/Project/sso
	query=[file=/home/maksim/Projects/Go/Project/sso/internal/clients/permissions/client.go]
	packages=1
	duration=69.625883ms

[Info  - 3:22:20 PM] 2026/05/31 15:22:20 go/packages.Load #22
	view_id="1"
	snapshot=112
	directory=/home/maksim/Projects/Go/Project/sso
	query=[file=/home/maksim/Projects/Go/Project/sso/internal/clients/permissions/client.go]
	packages=1
	duration=70.332029ms

[Info  - 3:22:25 PM] 2026/05/31 15:22:25 go/packages.Load #24
	view_id="1"
	snapshot=122
	directory=/home/maksim/Projects/Go/Project/sso
	query=[file=/home/maksim/Projects/Go/Project/sso/internal/clients/permissions/client.go]
	packages=1
	duration=72.722851ms

[Info  - 3:22:25 PM] 2026/05/31 15:22:25 go/packages.Load #25
	view_id="1"
	snapshot=122
	directory=/home/maksim/Projects/Go/Project/sso
	query=[file=/home/maksim/Projects/Go/Project/sso/internal/clients/permissions/client.go]
	packages=1
	duration=72.630694ms

[Info  - 3:22:42 PM] 2026/05/31 15:22:42 go/packages.Load #27
	view_id="1"
	snapshot=139
	directory=/home/maksim/Projects/Go/Project/sso
	query=[file=/home/maksim/Projects/Go/Project/sso/internal/clients/permissions/client.go]
	packages=1
	duration=67.291534ms

[Info  - 3:22:42 PM] 2026/05/31 15:22:42 go/packages.Load #28
	view_id="1"
	snapshot=139
	directory=/home/maksim/Projects/Go/Project/sso
	query=[file=/home/maksim/Projects/Go/Project/sso/internal/clients/permissions/client.go]
	packages=1
	duration=69.327173ms

[Info  - 3:22:47 PM] 2026/05/31 15:22:47 background imports cache refresh starting

[Info  - 3:22:47 PM] 2026/05/31 15:22:47 background refresh finished after 5.176797ms

[Info  - 3:23:27 PM] 2026/05/31 15:23:27 background imports cache refresh starting

[Info  - 3:23:27 PM] 2026/05/31 15:23:27 background refresh finished after 4.864563ms

[Info  - 3:24:08 PM] 2026/05/31 15:24:08 background imports cache refresh starting

[Info  - 3:24:08 PM] 2026/05/31 15:24:08 background refresh finished after 4.884753ms

[Info  - 3:24:39 PM] 2026/05/31 15:24:39 go/packages.Load #29
	view_id="1"
	snapshot=168
	directory=/home/maksim/Projects/Go/Project/sso
	query=[/home/maksim/Projects/Go/Project/sso/... builtin]
	packages=19
	duration=92.150056ms

[Info  - 3:24:39 PM] 2026/05/31 15:24:39 go/packages.Load #30
	view_id="1"
	snapshot=168
	directory=/home/maksim/Projects/Go/Project/sso
	query=[github.com/hashicorp/errwrap github.com/hashicorp/go-multierror go.uber.org/atomic go.uber.org/atomic_test]
	packages=4
	duration=10.915465ms

[Info  - 3:24:42 PM] 2026/05/31 15:24:42 background imports cache refresh starting

[Info  - 3:24:42 PM] 2026/05/31 15:24:42 background refresh finished after 5.0509ms

[Info  - 3:27:19 PM] 2026/05/31 15:27:19 background imports cache refresh starting

[Info  - 3:27:19 PM] 2026/05/31 15:27:19 background refresh finished after 12.727031ms

[Info  - 3:27:32 PM] 2026/05/31 15:27:32 go/packages.Load #32
	view_id="1"
	snapshot=195
	directory=/home/maksim/Projects/Go/Project/sso
	query=[file=/home/maksim/Projects/Go/Project/sso/internal/app/app.go]
	packages=1
	duration=83.597088ms

[Info  - 3:27:32 PM] 2026/05/31 15:27:32 go/packages.Load #33
	view_id="1"
	snapshot=195
	directory=/home/maksim/Projects/Go/Project/sso
	query=[file=/home/maksim/Projects/Go/Project/sso/internal/app/app.go]
	packages=1
	duration=85.060954ms

[Info  - 3:27:33 PM] 2026/05/31 15:27:33 go/packages.Load #34
	view_id="1"
	snapshot=195
	directory=/home/maksim/Projects/Go/Project/sso
	query=[sso/cmd/sso]
	packages=1
	duration=74.261267ms

[Info  - 3:27:58 PM] 2026/05/31 15:27:58 background imports cache refresh starting

[Info  - 3:27:58 PM] 2026/05/31 15:27:58 background refresh finished after 5.473314ms

[Error - 3:28:20 PM] 2026/05/31 15:28:20 imports fixes: allImportsFixes: /home/maksim/Projects/Go/Project/sso/internal/app/app.go:21:5: missing ',' before newline in parameter list
	file="/home/maksim/Projects/Go/Project/sso/internal/app/app.go"

[Error - 3:28:21 PM] 2026/05/31 15:28:21 imports fixes: allImportsFixes: /home/maksim/Projects/Go/Project/sso/internal/app/app.go:21:21: missing ',' before newline in parameter list
	file="/home/maksim/Projects/Go/Project/sso/internal/app/app.go"

[Error - 3:28:25 PM] 2026/05/31 15:28:25 imports fixes: allImportsFixes: /home/maksim/Projects/Go/Project/sso/internal/app/app.go:21:20: missing ',' before newline in parameter list
	file="/home/maksim/Projects/Go/Project/sso/internal/app/app.go"

[Error - 3:28:25 PM] 2026/05/31 15:28:25 imports fixes: allImportsFixes: /home/maksim/Projects/Go/Project/sso/internal/app/app.go:21:24: missing ',' before newline in parameter list
	file="/home/maksim/Projects/Go/Project/sso/internal/app/app.go"

[Info  - 3:28:28 PM] 2026/05/31 15:28:28 background imports cache refresh starting

[Info  - 3:28:28 PM] 2026/05/31 15:28:28 background refresh finished after 5.341826ms

[Error - 3:28:54 PM] 2026/05/31 15:28:54 imports fixes: allImportsFixes: /home/maksim/Projects/Go/Project/sso/internal/services/auth/auth.go:51:6: missing ',' before newline in parameter list
	file="/home/maksim/Projects/Go/Project/sso/internal/services/auth/auth.go"

[Error - 3:28:55 PM] 2026/05/31 15:28:55 imports fixes: allImportsFixes: /home/maksim/Projects/Go/Project/sso/internal/services/auth/auth.go:51:14: missing ',' before newline in parameter list
	file="/home/maksim/Projects/Go/Project/sso/internal/services/auth/auth.go"

[Error - 3:28:58 PM] 2026/05/31 15:28:58 imports fixes: allImportsFixes: /home/maksim/Projects/Go/Project/sso/internal/services/auth/auth.go:51:20: missing ',' before newline in parameter list
	file="/home/maksim/Projects/Go/Project/sso/internal/services/auth/auth.go"

[Error - 3:28:59 PM] 2026/05/31 15:28:59 imports fixes: allImportsFixes: /home/maksim/Projects/Go/Project/sso/internal/services/auth/auth.go:51:19: missing ',' before newline in parameter list
	file="/home/maksim/Projects/Go/Project/sso/internal/services/auth/auth.go"

[Error - 3:28:59 PM] 2026/05/31 15:28:59 imports fixes: allImportsFixes: /home/maksim/Projects/Go/Project/sso/internal/services/auth/auth.go:51:20: missing ',' before newline in parameter list
	file="/home/maksim/Projects/Go/Project/sso/internal/services/auth/auth.go"

[Error - 3:29:00 PM] 2026/05/31 15:29:00 imports fixes: allImportsFixes: /home/maksim/Projects/Go/Project/sso/internal/services/auth/auth.go:51:27: missing ',' before newline in parameter list
	file="/home/maksim/Projects/Go/Project/sso/internal/services/auth/auth.go"

[Error - 3:29:04 PM] 2026/05/31 15:29:04 imports fixes: allImportsFixes: /home/maksim/Projects/Go/Project/sso/internal/services/auth/auth.go:59:6: missing ',' before newline in composite literal
	file="/home/maksim/Projects/Go/Project/sso/internal/services/auth/auth.go"

[Error - 3:29:05 PM] 2026/05/31 15:29:05 imports fixes: allImportsFixes: /home/maksim/Projects/Go/Project/sso/internal/services/auth/auth.go:59:17: expected operand, found ',' (and 93 more errors)
	file="/home/maksim/Projects/Go/Project/sso/internal/services/auth/auth.go"

[Error - 3:29:06 PM] 2026/05/31 15:29:06 imports fixes: allImportsFixes: /home/maksim/Projects/Go/Project/sso/internal/services/auth/auth.go:59:17: expected operand, found ',' (and 93 more errors)
	file="/home/maksim/Projects/Go/Project/sso/internal/services/auth/auth.go"

[Error - 3:29:15 PM] 2026/05/31 15:29:15 imports fixes: allImportsFixes: /home/maksim/Projects/Go/Project/sso/internal/app/app.go:31:69: missing ',' in argument list
	file="/home/maksim/Projects/Go/Project/sso/internal/app/app.go"

[Info  - 3:29:27 PM] 2026/05/31 15:29:27 background imports cache refresh starting

[Info  - 3:29:27 PM] 2026/05/31 15:29:27 background refresh finished after 5.334101ms

[Info  - 3:30:47 PM] 2026/05/31 15:30:47 background imports cache refresh starting

[Info  - 3:30:47 PM] 2026/05/31 15:30:47 background refresh finished after 5.138111ms

[Info  - 3:42:39 PM] 2026/05/31 15:42:39 go/packages.Load #35
	view_id="1"
	snapshot=286
	directory=/home/maksim/Projects/Go/Project/sso
	query=[/home/maksim/Projects/Go/Project/sso/... builtin]
	packages=19
	duration=96.22819ms

[Info  - 3:42:39 PM] 2026/05/31 15:42:39 go/packages.Load #36
	view_id="1"
	snapshot=286
	directory=/home/maksim/Projects/Go/Project/sso
	query=[sso/cmd/migrator sso/cmd/sso sso/gen/go/sso sso/internal/app sso/internal/app/grpc sso/internal/clients/permissions sso/internal/config sso/internal/domain/models sso/internal/grpc/auth sso/internal/lib/jwt sso/internal/lib/logger/sl sso/internal/services/auth sso/internal/storage sso/internal/storage/postgresql sso/tests sso/tests/suite]
	packages=16
	duration=11.332777ms

[Info  - 3:42:49 PM] 2026/05/31 15:42:49 go/packages.Load #41
	view_id="1"
	snapshot=293
	directory=/home/maksim/Projects/Go/Project/sso
	query=[file=/home/maksim/Projects/Go/Project/sso/cmd/sso/main.go]
	packages=1
	duration=77.125116ms

[Info  - 3:42:50 PM] 2026/05/31 15:42:50 go/packages.Load #42
	view_id="1"
	snapshot=294
	directory=/home/maksim/Projects/Go/Project/sso
	query=[file=/home/maksim/Projects/Go/Project/sso/cmd/migrator/main.go]
	packages=1
	duration=54.697317ms

[Info  - 3:42:50 PM] 2026/05/31 15:42:50 go/packages.Load #43
	view_id="1"
	snapshot=294
	directory=/home/maksim/Projects/Go/Project/sso
	query=[file=/home/maksim/Projects/Go/Project/sso/cmd/sso/main.go]
	packages=1
	duration=78.445538ms

[Info  - 3:42:51 PM] 2026/05/31 15:42:51 go/packages.Load #44
	view_id="1"
	snapshot=294
	directory=/home/maksim/Projects/Go/Project/sso
	query=[github.com/PoinkCorporation/SSO-service/tests github.com/PoinkCorporation/SSO-service/tests/suite]
	packages=4
	duration=75.07712ms

[Error - 3:43:41 PM] Request textDocument/definition failed.
  Message: can't find definitions for file type go.mod
  Code: 0 
