[Info  - 8:05:49 PM] 2026/05/31 20:05:49 Created View (#1)
	directory=/home/maksim/Projects/Go/Project/chat
	view_type="GoMod"
	root_dir="file:///home/maksim/Projects/Go/Project/chat"
	go_version="go version go1.26.3-X:nodwarf5 linux/amd64"
	build_flags=[]
	env={GOOS:linux GOARCH:amd64 GOCACHE:/home/maksim/.cache/go-build GOMODCACHE:/home/maksim/go/pkg/mod GOPATH:/home/maksim/go GOPRIVATE:github.com/PoinkCorporation/* GOFLAGS: GO111MODULE: GOTOOLCHAIN:auto GOROOT:/usr/lib/go GoVersion:26 GoVersionOutput:go version go1.26.3-X:nodwarf5 linux/amd64
 ExplicitGOWORK: EffectiveGOPACKAGESDRIVER:}
	env_overlay=[]

[Info  - 8:05:49 PM] 2026/05/31 20:05:49 go/packages.Load #1
	view_id="1"
	snapshot=0
	directory=/home/maksim/Projects/Go/Project/chat
	query=[/home/maksim/Projects/Go/Project/chat/... builtin]
	packages=17
	duration=414.129162ms

[Info  - 8:06:19 PM] 2026/05/31 20:06:19 background imports cache refresh starting

[Info  - 8:06:19 PM] 2026/05/31 20:06:19 background refresh finished after 298.133504ms

[Info  - 8:09:06 PM] 2026/05/31 20:09:06 background imports cache refresh starting

[Info  - 8:09:06 PM] 2026/05/31 20:09:06 background refresh finished after 7.905464ms

[Info  - 8:14:14 PM] 2026/05/31 20:14:14 background imports cache refresh starting

[Info  - 8:14:14 PM] 2026/05/31 20:14:14 background refresh finished after 5.35685ms

[Info  - 8:14:49 PM] 2026/05/31 20:14:49 background imports cache refresh starting

[Info  - 8:14:49 PM] 2026/05/31 20:14:49 background refresh finished after 5.038691ms

[Info  - 8:15:10 PM] 2026/05/31 20:15:10 go/packages.Load #2
	view_id="1"
	snapshot=73
	directory=/home/maksim/Projects/Go/Project/chat
	query=[/home/maksim/Projects/Go/Project/chat/... builtin]
	packages=17
	duration=94.071334ms

[Info  - 8:15:18 PM] 2026/05/31 20:15:18 go/packages.Load #3
	view_id="1"
	snapshot=74
	directory=/home/maksim/Projects/Go/Project/chat
	query=[/home/maksim/Projects/Go/Project/chat/... builtin]
	packages=17
	duration=94.059536ms

[Info  - 8:15:47 PM] 2026/05/31 20:15:47 go/packages.Load #4
	view_id="1"
	snapshot=74
	directory=/home/maksim/Projects/Go/Project/chat
	query=[file=/home/maksim/Projects/Go/Project/chat/internal/clients/permissions/client.go]
	packages=1
	duration=9.115212ms

[Info  - 8:15:47 PM] 2026/05/31 20:15:47 go/packages.Load #5
	view_id="1"
	snapshot=76
	directory=/home/maksim/Projects/Go/Project/chat
	query=[file=/home/maksim/Projects/Go/Project/chat/internal/clients/permissions/client.go]
	packages=1
	duration=10.189848ms

[Info  - 8:15:54 PM] 2026/05/31 20:15:54 go/packages.Load #7
	view_id="1"
	snapshot=78
	directory=/home/maksim/Projects/Go/Project/chat
	query=[file=/home/maksim/Projects/Go/Project/chat/internal/clients/permissions/client.go]
	packages=1
	duration=8.116223ms

[Info  - 8:15:54 PM] 2026/05/31 20:15:54 go/packages.Load #6
	view_id="1"
	snapshot=78
	directory=/home/maksim/Projects/Go/Project/chat
	query=[file=/home/maksim/Projects/Go/Project/chat/internal/clients/permissions/client.go]
	packages=1
	duration=42.512714ms

[Info  - 8:15:54 PM] 2026/05/31 20:15:54 go/packages.Load #9
	view_id="1"
	snapshot=79
	directory=/home/maksim/Projects/Go/Project/chat
	query=[file=/home/maksim/Projects/Go/Project/chat/internal/clients/permissions/client.go]
	packages=1
	duration=9.946739ms

[Info  - 8:15:54 PM] 2026/05/31 20:15:54 go/packages.Load #8
	view_id="1"
	snapshot=79
	directory=/home/maksim/Projects/Go/Project/chat
	query=[file=/home/maksim/Projects/Go/Project/chat/internal/clients/permissions/client.go]
	packages=1
	duration=31.960182ms

[Info  - 8:15:54 PM] 2026/05/31 20:15:54 go/packages.Load #10
	view_id="1"
	snapshot=80
	directory=/home/maksim/Projects/Go/Project/chat
	query=[file=/home/maksim/Projects/Go/Project/chat/internal/clients/permissions/client.go]
	packages=1
	duration=9.041811ms

[Info  - 8:15:54 PM] 2026/05/31 20:15:54 go/packages.Load #11
	view_id="1"
	snapshot=80
	directory=/home/maksim/Projects/Go/Project/chat
	query=[file=/home/maksim/Projects/Go/Project/chat/internal/clients/permissions/client.go]
	packages=1
	duration=9.243614ms

[Info  - 8:15:54 PM] 2026/05/31 20:15:54 go/packages.Load #13
	view_id="1"
	snapshot=81
	directory=/home/maksim/Projects/Go/Project/chat
	query=[file=/home/maksim/Projects/Go/Project/chat/internal/clients/permissions/client.go]
	packages=1
	duration=14.083645ms

[Info  - 8:15:54 PM] 2026/05/31 20:15:54 go/packages.Load #12
	view_id="1"
	snapshot=81
	directory=/home/maksim/Projects/Go/Project/chat
	query=[file=/home/maksim/Projects/Go/Project/chat/internal/clients/permissions/client.go]
	packages=1
	duration=35.639913ms

[Info  - 8:15:55 PM] 2026/05/31 20:15:55 go/packages.Load #14
	view_id="1"
	snapshot=82
	directory=/home/maksim/Projects/Go/Project/chat
	query=[file=/home/maksim/Projects/Go/Project/chat/internal/clients/permissions/client.go]
	packages=1
	duration=10.016341ms

[Info  - 8:15:55 PM] 2026/05/31 20:15:55 go/packages.Load #16
	view_id="1"
	snapshot=83
	directory=/home/maksim/Projects/Go/Project/chat
	query=[file=/home/maksim/Projects/Go/Project/chat/internal/clients/permissions/client.go]
	packages=1
	duration=9.474234ms

[Info  - 8:15:55 PM] 2026/05/31 20:15:55 go/packages.Load #15
	view_id="1"
	snapshot=83
	directory=/home/maksim/Projects/Go/Project/chat
	query=[file=/home/maksim/Projects/Go/Project/chat/internal/clients/permissions/client.go]
	packages=1
	duration=9.703777ms

[Info  - 8:15:55 PM] 2026/05/31 20:15:55 go/packages.Load #17
	view_id="1"
	snapshot=84
	directory=/home/maksim/Projects/Go/Project/chat
	query=[file=/home/maksim/Projects/Go/Project/chat/internal/clients/permissions/client.go]
	packages=1
	duration=9.991954ms

[Info  - 8:15:55 PM] 2026/05/31 20:15:55 go/packages.Load #18
	view_id="1"
	snapshot=84
	directory=/home/maksim/Projects/Go/Project/chat
	query=[file=/home/maksim/Projects/Go/Project/chat/internal/clients/permissions/client.go]
	packages=1
	duration=10.005962ms

[Info  - 8:15:55 PM] 2026/05/31 20:15:55 go/packages.Load #20
	view_id="1"
	snapshot=85
	directory=/home/maksim/Projects/Go/Project/chat
	query=[file=/home/maksim/Projects/Go/Project/chat/internal/clients/permissions/client.go]
	packages=1
	duration=10.142672ms

[Info  - 8:15:55 PM] 2026/05/31 20:15:55 go/packages.Load #19
	view_id="1"
	snapshot=85
	directory=/home/maksim/Projects/Go/Project/chat
	query=[file=/home/maksim/Projects/Go/Project/chat/internal/clients/permissions/client.go]
	packages=1
	duration=42.546132ms

[Info  - 8:15:56 PM] 2026/05/31 20:15:56 go/packages.Load #21
	view_id="1"
	snapshot=86
	directory=/home/maksim/Projects/Go/Project/chat
	query=[file=/home/maksim/Projects/Go/Project/chat/internal/clients/permissions/client.go]
	packages=1
	duration=9.482272ms

[Info  - 8:15:56 PM] 2026/05/31 20:15:56 go/packages.Load #22
	view_id="1"
	snapshot=86
	directory=/home/maksim/Projects/Go/Project/chat
	query=[file=/home/maksim/Projects/Go/Project/chat/internal/clients/permissions/client.go]
	packages=1
	duration=9.26145ms

[Info  - 8:15:57 PM] 2026/05/31 20:15:57 go/packages.Load #24
	view_id="1"
	snapshot=87
	directory=/home/maksim/Projects/Go/Project/chat
	query=[file=/home/maksim/Projects/Go/Project/chat/internal/clients/permissions/client.go]
	packages=1
	duration=9.915745ms

[Info  - 8:15:57 PM] 2026/05/31 20:15:57 go/packages.Load #23
	view_id="1"
	snapshot=87
	directory=/home/maksim/Projects/Go/Project/chat
	query=[file=/home/maksim/Projects/Go/Project/chat/internal/clients/permissions/client.go]
	packages=1
	duration=10.303474ms

[Info  - 8:15:57 PM] 2026/05/31 20:15:57 go/packages.Load #25
	view_id="1"
	snapshot=88
	directory=/home/maksim/Projects/Go/Project/chat
	query=[file=/home/maksim/Projects/Go/Project/chat/internal/clients/permissions/client.go]
	packages=1
	duration=9.743459ms

[Info  - 8:15:57 PM] 2026/05/31 20:15:57 go/packages.Load #26
	view_id="1"
	snapshot=88
	directory=/home/maksim/Projects/Go/Project/chat
	query=[file=/home/maksim/Projects/Go/Project/chat/internal/clients/permissions/client.go]
	packages=1
	duration=10.143397ms

[Info  - 8:16:19 PM] 2026/05/31 20:16:19 go/packages.Load #27
	view_id="1"
	snapshot=104
	directory=/home/maksim/Projects/Go/Project/chat
	query=[file=/home/maksim/Projects/Go/Project/chat/internal/clients/permissions/client.go]
	packages=1
	duration=13.031033ms

[Error - 8:16:22 PM] Request textDocument/hover failed.
  Message: no package data for import "github.com/PoinkCorporation/Permissions-service/gen/go/permissions"
  Code: 0 
[Error - 8:16:22 PM] Request textDocument/hover failed.
  Message: no package data for import "github.com/PoinkCorporation/Permissions-service/gen/go/permissions"
  Code: 0 
[Info  - 8:16:27 PM] 2026/05/31 20:16:27 background imports cache refresh starting

[Info  - 8:16:27 PM] 2026/05/31 20:16:27 background refresh finished after 5.21244ms

[Info  - 8:16:38 PM] 2026/05/31 20:16:38 go/packages.Load #28
	view_id="1"
	snapshot=105
	directory=/home/maksim/Projects/Go/Project/chat
	query=[/home/maksim/Projects/Go/Project/chat/... builtin]
	packages=18
	duration=95.676369ms

[Info  - 8:16:41 PM] 2026/05/31 20:16:41 go/packages.Load #29
	view_id="1"
	snapshot=106
	directory=/home/maksim/Projects/Go/Project/chat
	query=[/home/maksim/Projects/Go/Project/chat/... builtin]
	packages=18
	duration=92.865848ms

[Info  - 8:16:41 PM] 2026/05/31 20:16:41 go/packages.Load #30
	view_id="1"
	snapshot=106
	directory=/home/maksim/Projects/Go/Project/chat
	query=[github.com/PoinkCorporation/Permissions-service/gen/go/permissions]
	packages=1
	duration=9.779195ms

[Info  - 8:16:48 PM] 2026/05/31 20:16:48 go/packages.Load #31
	view_id="1"
	snapshot=110
	directory=/home/maksim/Projects/Go/Project/chat
	query=[/home/maksim/Projects/Go/Project/chat/... builtin]
	packages=18
	duration=90.230188ms

[Info  - 8:17:00 PM] 2026/05/31 20:17:00 background imports cache refresh starting

[Info  - 8:17:00 PM] 2026/05/31 20:17:00 background refresh finished after 6.315692ms

[Info  - 8:17:01 PM] 2026/05/31 20:17:01 go/packages.Load #33
	view_id="1"
	snapshot=113
	directory=/home/maksim/Projects/Go/Project/chat
	query=[/home/maksim/Projects/Go/Project/chat/... builtin]
	packages=18
	duration=90.592398ms

[Info  - 8:17:43 PM] 2026/05/31 20:17:43 background imports cache refresh starting

[Info  - 8:17:43 PM] 2026/05/31 20:17:43 background refresh finished after 40.592501ms

[Info  - 8:18:43 PM] 2026/05/31 20:18:43 go/packages.Load #34
	view_id="1"
	snapshot=134
	directory=/home/maksim/Projects/Go/Project/chat
	query=[file=/home/maksim/Projects/Go/Project/chat/internal/clients/permissions/client.go]
	packages=1
	duration=71.247926ms

[Info  - 8:18:43 PM] 2026/05/31 20:18:43 go/packages.Load #35
	view_id="1"
	snapshot=134
	directory=/home/maksim/Projects/Go/Project/chat
	query=[file=/home/maksim/Projects/Go/Project/chat/internal/clients/permissions/client.go]
	packages=1
	duration=68.791854ms

[Info  - 8:18:48 PM] 2026/05/31 20:18:48 go/packages.Load #37
	view_id="1"
	snapshot=140
	directory=/home/maksim/Projects/Go/Project/chat
	query=[file=/home/maksim/Projects/Go/Project/chat/internal/clients/permissions/client.go]
	packages=1
	duration=70.546765ms

[Info  - 8:18:48 PM] 2026/05/31 20:18:48 go/packages.Load #38
	view_id="1"
	snapshot=140
	directory=/home/maksim/Projects/Go/Project/chat
	query=[file=/home/maksim/Projects/Go/Project/chat/internal/clients/permissions/client.go]
	packages=1
	duration=70.094238ms

[Error - 8:19:00 PM] 2026/05/31 20:19:00 imports fixes: allImportsFixes: /home/maksim/Projects/Go/Project/chat/internal/clients/permissions/client.go:23:7: expected '(', found newline (and 2 more errors)
	file="/home/maksim/Projects/Go/Project/chat/internal/clients/permissions/client.go"

[Error - 8:19:01 PM] 2026/05/31 20:19:01 imports fixes: allImportsFixes: /home/maksim/Projects/Go/Project/chat/internal/clients/permissions/client.go:23:9: expected '(', found newline (and 2 more errors)
	file="/home/maksim/Projects/Go/Project/chat/internal/clients/permissions/client.go"

[Error - 8:19:01 PM] 2026/05/31 20:19:01 imports fixes: allImportsFixes: /home/maksim/Projects/Go/Project/chat/internal/clients/permissions/client.go:23:12: expected '(', found newline (and 2 more errors)
	file="/home/maksim/Projects/Go/Project/chat/internal/clients/permissions/client.go"

[Error - 8:19:03 PM] 2026/05/31 20:19:03 imports fixes: allImportsFixes: /home/maksim/Projects/Go/Project/chat/internal/clients/permissions/client.go:23:20: expected '(', found newline (and 2 more errors)
	file="/home/maksim/Projects/Go/Project/chat/internal/clients/permissions/client.go"

[Info  - 8:19:11 PM] 2026/05/31 20:19:11 background imports cache refresh starting

[Info  - 8:19:11 PM] 2026/05/31 20:19:11 background refresh finished after 5.096866ms

[Info  - 8:19:19 PM] 2026/05/31 20:19:19 go/packages.Load #39
	view_id="1"
	snapshot=173
	directory=/home/maksim/Projects/Go/Project/chat
	query=[file=/home/maksim/Projects/Go/Project/chat/internal/clients/permissions/client.go]
	packages=1
	duration=75.740505ms

[Info  - 8:19:19 PM] 2026/05/31 20:19:19 go/packages.Load #40
	view_id="1"
	snapshot=173
	directory=/home/maksim/Projects/Go/Project/chat
	query=[file=/home/maksim/Projects/Go/Project/chat/internal/clients/permissions/client.go]
	packages=1
	duration=76.645022ms

[Error - 8:19:25 PM] 2026/05/31 20:19:25 imports fixes: allImportsFixes: /home/maksim/Projects/Go/Project/chat/internal/clients/permissions/client.go:25:46: missing parameter type
	file="/home/maksim/Projects/Go/Project/chat/internal/clients/permissions/client.go"

[Error - 8:19:25 PM] 2026/05/31 20:19:25 imports fixes: allImportsFixes: /home/maksim/Projects/Go/Project/chat/internal/clients/permissions/client.go:25:49: missing parameter type
	file="/home/maksim/Projects/Go/Project/chat/internal/clients/permissions/client.go"

[Error - 8:19:26 PM] 2026/05/31 20:19:26 imports fixes: allImportsFixes: /home/maksim/Projects/Go/Project/chat/internal/clients/permissions/client.go:25:48: missing parameter type
	file="/home/maksim/Projects/Go/Project/chat/internal/clients/permissions/client.go"

[Error - 8:19:26 PM] 2026/05/31 20:19:26 imports fixes: allImportsFixes: /home/maksim/Projects/Go/Project/chat/internal/clients/permissions/client.go:25:49: missing parameter type
	file="/home/maksim/Projects/Go/Project/chat/internal/clients/permissions/client.go"

[Error - 8:19:30 PM] 2026/05/31 20:19:30 imports fixes: allImportsFixes: /home/maksim/Projects/Go/Project/chat/internal/clients/permissions/client.go:25:60: missing parameter type
	file="/home/maksim/Projects/Go/Project/chat/internal/clients/permissions/client.go"

[Error - 8:19:31 PM] 2026/05/31 20:19:31 imports fixes: allImportsFixes: /home/maksim/Projects/Go/Project/chat/internal/clients/permissions/client.go:25:61: missing parameter type
	file="/home/maksim/Projects/Go/Project/chat/internal/clients/permissions/client.go"

[Info  - 8:19:44 PM] 2026/05/31 20:19:44 background imports cache refresh starting

[Info  - 8:19:44 PM] 2026/05/31 20:19:44 background refresh finished after 5.36791ms

[Info  - 8:20:22 PM] 2026/05/31 20:20:22 background imports cache refresh starting

[Info  - 8:20:22 PM] 2026/05/31 20:20:22 background refresh finished after 5.113762ms

[Error - 8:20:40 PM] 2026/05/31 20:20:40 imports fixes: allImportsFixes: /home/maksim/Projects/Go/Project/chat/internal/clients/permissions/client.go:27:6: missing ',' before newline in composite literal
	file="/home/maksim/Projects/Go/Project/chat/internal/clients/permissions/client.go"

[Error - 8:20:41 PM] 2026/05/31 20:20:41 imports fixes: allImportsFixes: /home/maksim/Projects/Go/Project/chat/internal/clients/permissions/client.go:27:6: missing ',' before newline in composite literal
	file="/home/maksim/Projects/Go/Project/chat/internal/clients/permissions/client.go"

[Error - 8:20:41 PM] 2026/05/31 20:20:41 imports fixes: allImportsFixes: /home/maksim/Projects/Go/Project/chat/internal/clients/permissions/client.go:27:6: missing ',' before newline in composite literal
	file="/home/maksim/Projects/Go/Project/chat/internal/clients/permissions/client.go"

[Error - 8:20:41 PM] 2026/05/31 20:20:41 imports fixes: allImportsFixes: /home/maksim/Projects/Go/Project/chat/internal/clients/permissions/client.go:27:6: missing ',' before newline in composite literal
	file="/home/maksim/Projects/Go/Project/chat/internal/clients/permissions/client.go"

[Error - 8:20:50 PM] 2026/05/31 20:20:50 imports fixes: allImportsFixes: /home/maksim/Projects/Go/Project/chat/internal/clients/permissions/client.go:27:11: expected operand, found ',' (and 7 more errors)
	file="/home/maksim/Projects/Go/Project/chat/internal/clients/permissions/client.go"

[Error - 8:20:51 PM] 2026/05/31 20:20:51 imports fixes: allImportsFixes: /home/maksim/Projects/Go/Project/chat/internal/clients/permissions/client.go:27:11: expected operand, found ',' (and 7 more errors)
	file="/home/maksim/Projects/Go/Project/chat/internal/clients/permissions/client.go"

[Info  - 8:20:53 PM] 2026/05/31 20:20:53 background imports cache refresh starting

[Info  - 8:20:53 PM] 2026/05/31 20:20:53 background refresh finished after 5.275857ms

[Error - 8:20:56 PM] 2026/05/31 20:20:56 imports fixes: allImportsFixes: /home/maksim/Projects/Go/Project/chat/internal/clients/permissions/client.go:28:5: missing ',' before newline in composite literal
	file="/home/maksim/Projects/Go/Project/chat/internal/clients/permissions/client.go"

[Error - 8:20:57 PM] 2026/05/31 20:20:57 imports fixes: allImportsFixes: /home/maksim/Projects/Go/Project/chat/internal/clients/permissions/client.go:28:4: missing ',' before newline in composite literal
	file="/home/maksim/Projects/Go/Project/chat/internal/clients/permissions/client.go"

[Error - 8:20:58 PM] 2026/05/31 20:20:58 imports fixes: allImportsFixes: /home/maksim/Projects/Go/Project/chat/internal/clients/permissions/client.go:28:5: missing ',' before newline in composite literal
	file="/home/maksim/Projects/Go/Project/chat/internal/clients/permissions/client.go"

[Error - 8:20:58 PM] 2026/05/31 20:20:58 imports fixes: allImportsFixes: /home/maksim/Projects/Go/Project/chat/internal/clients/permissions/client.go:28:6: missing ',' before newline in composite literal
	file="/home/maksim/Projects/Go/Project/chat/internal/clients/permissions/client.go"

[Error - 8:20:59 PM] 2026/05/31 20:20:59 imports fixes: allImportsFixes: /home/maksim/Projects/Go/Project/chat/internal/clients/permissions/client.go:28:4: missing ',' before newline in composite literal
	file="/home/maksim/Projects/Go/Project/chat/internal/clients/permissions/client.go"

[Error - 8:21:00 PM] 2026/05/31 20:21:00 imports fixes: allImportsFixes: /home/maksim/Projects/Go/Project/chat/internal/clients/permissions/client.go:28:7: missing ',' before newline in composite literal
	file="/home/maksim/Projects/Go/Project/chat/internal/clients/permissions/client.go"

[Error - 8:21:01 PM] 2026/05/31 20:21:01 imports fixes: allImportsFixes: /home/maksim/Projects/Go/Project/chat/internal/clients/permissions/client.go:28:8: missing ',' before newline in composite literal
	file="/home/maksim/Projects/Go/Project/chat/internal/clients/permissions/client.go"

[Error - 8:21:02 PM] 2026/05/31 20:21:02 imports fixes: allImportsFixes: /home/maksim/Projects/Go/Project/chat/internal/clients/permissions/client.go:28:11: missing ',' before newline in composite literal
	file="/home/maksim/Projects/Go/Project/chat/internal/clients/permissions/client.go"

[Error - 8:21:02 PM] 2026/05/31 20:21:02 imports fixes: allImportsFixes: /home/maksim/Projects/Go/Project/chat/internal/clients/permissions/client.go:28:19: missing ',' before newline in composite literal
	file="/home/maksim/Projects/Go/Project/chat/internal/clients/permissions/client.go"

[Info  - 8:21:23 PM] 2026/05/31 20:21:23 background imports cache refresh starting

[Info  - 8:21:23 PM] 2026/05/31 20:21:23 background refresh finished after 5.211073ms

[Error - 8:21:25 PM] 2026/05/31 20:21:25 imports fixes: allImportsFixes: /home/maksim/Projects/Go/Project/chat/internal/clients/permissions/client.go:30:5: expected boolean expression, found assignment (missing parentheses around composite literal?)
	file="/home/maksim/Projects/Go/Project/chat/internal/clients/permissions/client.go"

[Error - 8:21:26 PM] 2026/05/31 20:21:26 imports fixes: allImportsFixes: /home/maksim/Projects/Go/Project/chat/internal/clients/permissions/client.go:30:5: expected boolean expression, found assignment (missing parentheses around composite literal?)
	file="/home/maksim/Projects/Go/Project/chat/internal/clients/permissions/client.go"

[Info  - 8:22:11 PM] 2026/05/31 20:22:11 background imports cache refresh starting

[Info  - 8:22:11 PM] 2026/05/31 20:22:11 background refresh finished after 5.190805ms

[Info  - 8:22:49 PM] 2026/05/31 20:22:49 background imports cache refresh starting

[Info  - 8:22:49 PM] 2026/05/31 20:22:49 background refresh finished after 5.018331ms

[Error - 8:23:15 PM] 2026/05/31 20:23:15 imports fixes: allImportsFixes: /home/maksim/Projects/Go/Project/chat/internal/services/chat/chat.go:9:11: expected type, found newline
	file="/home/maksim/Projects/Go/Project/chat/internal/services/chat/chat.go"

[Error - 8:23:15 PM] 2026/05/31 20:23:15 imports fixes: allImportsFixes: /home/maksim/Projects/Go/Project/chat/internal/services/chat/chat.go:9:13: expected type, found newline
	file="/home/maksim/Projects/Go/Project/chat/internal/services/chat/chat.go"

[Error - 8:23:16 PM] 2026/05/31 20:23:16 imports fixes: allImportsFixes: /home/maksim/Projects/Go/Project/chat/internal/services/chat/chat.go:9:17: expected type, found newline
	file="/home/maksim/Projects/Go/Project/chat/internal/services/chat/chat.go"

[Error - 8:23:17 PM] 2026/05/31 20:23:17 imports fixes: allImportsFixes: /home/maksim/Projects/Go/Project/chat/internal/services/chat/chat.go:9:20: expected type, found newline
	file="/home/maksim/Projects/Go/Project/chat/internal/services/chat/chat.go"

[Error - 8:23:18 PM] 2026/05/31 20:23:18 imports fixes: allImportsFixes: /home/maksim/Projects/Go/Project/chat/internal/services/chat/chat.go:9:23: expected type, found newline
	file="/home/maksim/Projects/Go/Project/chat/internal/services/chat/chat.go"

[Error - 8:23:31 PM] 2026/05/31 20:23:31 imports fixes: allImportsFixes: /home/maksim/Projects/Go/Project/chat/internal/services/chat/chat.go:10:61: missing parameter type
	file="/home/maksim/Projects/Go/Project/chat/internal/services/chat/chat.go"

[Info  - 8:23:42 PM] 2026/05/31 20:23:42 background imports cache refresh starting

[Info  - 8:23:42 PM] 2026/05/31 20:23:42 background refresh finished after 5.330571ms

[Info  - 8:24:16 PM] 2026/05/31 20:24:16 background imports cache refresh starting

[Info  - 8:24:16 PM] 2026/05/31 20:24:16 background refresh finished after 5.106232ms

[Info  - 8:25:26 PM] 2026/05/31 20:25:26 background imports cache refresh starting

[Info  - 8:25:26 PM] 2026/05/31 20:25:26 background refresh finished after 5.213504ms

[Info  - 8:26:00 PM] 2026/05/31 20:26:00 background imports cache refresh starting

[Info  - 8:26:00 PM] 2026/05/31 20:26:00 background refresh finished after 5.101382ms

[Info  - 8:28:40 PM] 2026/05/31 20:28:40 background imports cache refresh starting

[Info  - 8:28:40 PM] 2026/05/31 20:28:40 background refresh finished after 5.171816ms

[Info  - 8:30:25 PM] 2026/05/31 20:30:25 background imports cache refresh starting

[Info  - 8:30:25 PM] 2026/05/31 20:30:25 background refresh finished after 5.104395ms

[Error - 8:30:28 PM] 2026/05/31 20:30:28 imports fixes: allImportsFixes: /home/maksim/Projects/Go/Project/chat/internal/services/chat/chat.go:26:7: expected ';', found ':='
	file="/home/maksim/Projects/Go/Project/chat/internal/services/chat/chat.go"

[Error - 8:30:28 PM] Request textDocument/formatting failed.
  Message: 26:7: expected ';', found ':='
  Code: 0 
[Error - 8:30:31 PM] 2026/05/31 20:30:31 imports fixes: allImportsFixes: /home/maksim/Projects/Go/Project/chat/internal/services/chat/chat.go:26:7: expected ';', found ':='
	file="/home/maksim/Projects/Go/Project/chat/internal/services/chat/chat.go"

[Info  - 8:30:57 PM] 2026/05/31 20:30:57 background imports cache refresh starting

[Info  - 8:30:57 PM] 2026/05/31 20:30:57 background refresh finished after 5.198508ms

[Info  - 8:31:28 PM] 2026/05/31 20:31:28 background imports cache refresh starting

[Info  - 8:31:28 PM] 2026/05/31 20:31:28 background refresh finished after 5.400021ms

[Info  - 8:32:16 PM] 2026/05/31 20:32:16 background imports cache refresh starting

[Info  - 8:32:16 PM] 2026/05/31 20:32:16 background refresh finished after 5.512256ms

[Info  - 8:32:47 PM] 2026/05/31 20:32:47 background imports cache refresh starting

[Info  - 8:32:47 PM] 2026/05/31 20:32:47 background refresh finished after 5.097555ms

[Info  - 8:33:19 PM] 2026/05/31 20:33:19 background imports cache refresh starting

[Info  - 8:33:19 PM] 2026/05/31 20:33:19 background refresh finished after 5.236917ms

[Info  - 8:34:00 PM] 2026/05/31 20:34:00 background imports cache refresh starting

[Info  - 8:34:00 PM] 2026/05/31 20:34:00 background refresh finished after 5.235511ms

[Info  - 8:34:03 PM] 2026/05/31 20:34:03 go/packages.Load #42
	view_id="1"
	snapshot=650
	directory=/home/maksim/Projects/Go/Project/chat
	query=[file=/home/maksim/Projects/Go/Project/chat/internal/services/chat/chat.go]
	packages=1
	duration=71.680093ms

[Info  - 8:34:03 PM] 2026/05/31 20:34:03 go/packages.Load #41
	view_id="1"
	snapshot=650
	directory=/home/maksim/Projects/Go/Project/chat
	query=[file=/home/maksim/Projects/Go/Project/chat/internal/services/chat/chat.go]
	packages=1
	duration=101.626087ms

[Info  - 8:34:04 PM] 2026/05/31 20:34:04 go/packages.Load #43
	view_id="1"
	snapshot=650
	directory=/home/maksim/Projects/Go/Project/chat
	query=[github.com/PoinkCorporation/Chat-service/cmd/chat github.com/PoinkCorporation/Chat-service/internal/app]
	packages=2
	duration=71.517982ms

[Info  - 8:34:11 PM] 2026/05/31 20:34:11 go/packages.Load #44
	view_id="1"
	snapshot=652
	directory=/home/maksim/Projects/Go/Project/chat
	query=[file=/home/maksim/Projects/Go/Project/chat/internal/services/chat/chat.go]
	packages=1
	duration=56.982497ms

[Info  - 8:34:11 PM] 2026/05/31 20:34:11 go/packages.Load #45
	view_id="1"
	snapshot=652
	directory=/home/maksim/Projects/Go/Project/chat
	query=[file=/home/maksim/Projects/Go/Project/chat/internal/services/chat/chat.go]
	packages=1
	duration=94.918687ms

[Info  - 8:34:11 PM] 2026/05/31 20:34:11 go/packages.Load #46
	view_id="1"
	snapshot=653
	directory=/home/maksim/Projects/Go/Project/chat
	query=[file=/home/maksim/Projects/Go/Project/chat/internal/services/chat/chat.go]
	packages=1
	duration=61.132067ms

[Error - 8:34:11 PM] Request textDocument/inlayHint failed.
  Message: getting file for InlayHint: context canceled
  Code: 0 
[Error - 8:34:11 PM] Request textDocument/inlayHint failed.
  Message: getting file for InlayHint: context canceled
  Code: 0 
[Error - 8:34:11 PM] Request textDocument/inlayHint failed.
  Message: getting file for InlayHint: context canceled
  Code: 0 
[Error - 8:34:12 PM] Request textDocument/inlayHint failed.
  Message: getting file for InlayHint: context canceled
  Code: 0 
[Error - 8:34:12 PM] Request textDocument/inlayHint failed.
  Message: getting file for InlayHint: context canceled
  Code: 0 
[Error - 8:34:12 PM] Request textDocument/inlayHint failed.
  Message: getting file for InlayHint: context canceled
  Code: 0 
[Error - 8:34:12 PM] Request textDocument/inlayHint failed.
  Message: getting file for InlayHint: context canceled
  Code: 0 
[Error - 8:34:12 PM] Request textDocument/inlayHint failed.
  Message: getting file for InlayHint: context canceled
  Code: 0 
[Error - 8:34:12 PM] Request textDocument/inlayHint failed.
  Message: getting file for InlayHint: context canceled
  Code: 0 
[Error - 8:34:12 PM] Request textDocument/inlayHint failed.
  Message: getting file for InlayHint: context canceled
  Code: 0 
[Info  - 8:34:12 PM] 2026/05/31 20:34:12 go/packages.Load #66
	view_id="1"
	snapshot=663
	directory=/home/maksim/Projects/Go/Project/chat
	query=[file=/home/maksim/Projects/Go/Project/chat/internal/services/chat/chat.go]
	packages=1
	duration=59.202629ms

[Info  - 8:34:12 PM] 2026/05/31 20:34:12 go/packages.Load #67
	view_id="1"
	snapshot=663
	directory=/home/maksim/Projects/Go/Project/chat
	query=[file=/home/maksim/Projects/Go/Project/chat/internal/services/chat/chat.go]
	packages=1
	duration=60.110473ms

[Error - 8:34:12 PM] Request textDocument/inlayHint failed.
  Message: getting file for InlayHint: context canceled
  Code: 0 
[Info  - 8:34:12 PM] 2026/05/31 20:34:12 go/packages.Load #72
	view_id="1"
	snapshot=666
	directory=/home/maksim/Projects/Go/Project/chat
	query=[file=/home/maksim/Projects/Go/Project/chat/internal/services/chat/chat.go]
	packages=1
	duration=62.327259ms

[Info  - 8:34:12 PM] 2026/05/31 20:34:12 go/packages.Load #71
	view_id="1"
	snapshot=666
	directory=/home/maksim/Projects/Go/Project/chat
	query=[file=/home/maksim/Projects/Go/Project/chat/internal/services/chat/chat.go]
	packages=1
	duration=62.748526ms

[Info  - 8:34:12 PM] 2026/05/31 20:34:12 go/packages.Load #73
	view_id="1"
	snapshot=667
	directory=/home/maksim/Projects/Go/Project/chat
	query=[file=/home/maksim/Projects/Go/Project/chat/internal/services/chat/chat.go]
	packages=1
	duration=55.788538ms

[Info  - 8:34:12 PM] 2026/05/31 20:34:12 go/packages.Load #74
	view_id="1"
	snapshot=667
	directory=/home/maksim/Projects/Go/Project/chat
	query=[file=/home/maksim/Projects/Go/Project/chat/internal/services/chat/chat.go]
	packages=1
	duration=54.436818ms

[Info  - 8:34:12 PM] 2026/05/31 20:34:12 go/packages.Load #75
	view_id="1"
	snapshot=668
	directory=/home/maksim/Projects/Go/Project/chat
	query=[file=/home/maksim/Projects/Go/Project/chat/internal/services/chat/chat.go]
	packages=1
	duration=58.717424ms

[Info  - 8:34:12 PM] 2026/05/31 20:34:12 go/packages.Load #76
	view_id="1"
	snapshot=668
	directory=/home/maksim/Projects/Go/Project/chat
	query=[file=/home/maksim/Projects/Go/Project/chat/internal/services/chat/chat.go]
	packages=1
	duration=54.679761ms

[Info  - 8:34:12 PM] 2026/05/31 20:34:12 go/packages.Load #77
	view_id="1"
	snapshot=669
	directory=/home/maksim/Projects/Go/Project/chat
	query=[file=/home/maksim/Projects/Go/Project/chat/internal/services/chat/chat.go]
	packages=1
	duration=53.628021ms

[Info  - 8:34:12 PM] 2026/05/31 20:34:12 go/packages.Load #78
	view_id="1"
	snapshot=669
	directory=/home/maksim/Projects/Go/Project/chat
	query=[file=/home/maksim/Projects/Go/Project/chat/internal/services/chat/chat.go]
	packages=1
	duration=55.864456ms

[Info  - 8:34:13 PM] 2026/05/31 20:34:13 go/packages.Load #79
	view_id="1"
	snapshot=670
	directory=/home/maksim/Projects/Go/Project/chat
	query=[file=/home/maksim/Projects/Go/Project/chat/internal/services/chat/chat.go]
	packages=1
	duration=55.730998ms

[Info  - 8:34:13 PM] 2026/05/31 20:34:13 go/packages.Load #80
	view_id="1"
	snapshot=671
	directory=/home/maksim/Projects/Go/Project/chat
	query=[file=/home/maksim/Projects/Go/Project/chat/internal/services/chat/chat.go]
	packages=1
	duration=55.588331ms

[Info  - 8:34:13 PM] 2026/05/31 20:34:13 go/packages.Load #81
	view_id="1"
	snapshot=672
	directory=/home/maksim/Projects/Go/Project/chat
	query=[file=/home/maksim/Projects/Go/Project/chat/internal/services/chat/chat.go]
	packages=1
	duration=56.393738ms

[Info  - 8:34:13 PM] 2026/05/31 20:34:13 go/packages.Load #82
	view_id="1"
	snapshot=672
	directory=/home/maksim/Projects/Go/Project/chat
	query=[file=/home/maksim/Projects/Go/Project/chat/internal/services/chat/chat.go]
	packages=1
	duration=54.60015ms

[Info  - 8:34:13 PM] 2026/05/31 20:34:13 go/packages.Load #83
	view_id="1"
	snapshot=673
	directory=/home/maksim/Projects/Go/Project/chat
	query=[file=/home/maksim/Projects/Go/Project/chat/internal/services/chat/chat.go]
	packages=1
	duration=56.228513ms

[Info  - 8:34:14 PM] 2026/05/31 20:34:14 go/packages.Load #84
	view_id="1"
	snapshot=673
	directory=/home/maksim/Projects/Go/Project/chat
	query=[file=/home/maksim/Projects/Go/Project/chat/internal/services/chat/chat.go]
	packages=1
	duration=57.029158ms

[Info  - 8:34:14 PM] 2026/05/31 20:34:14 go/packages.Load #85
	view_id="1"
	snapshot=674
	directory=/home/maksim/Projects/Go/Project/chat
	query=[file=/home/maksim/Projects/Go/Project/chat/internal/services/chat/chat.go]
	packages=1
	duration=56.593199ms

[Info  - 8:34:14 PM] 2026/05/31 20:34:14 go/packages.Load #86
	view_id="1"
	snapshot=674
	directory=/home/maksim/Projects/Go/Project/chat
	query=[file=/home/maksim/Projects/Go/Project/chat/internal/services/chat/chat.go]
	packages=1
	duration=55.694256ms

[Info  - 8:34:14 PM] 2026/05/31 20:34:14 go/packages.Load #87
	view_id="1"
	snapshot=675
	directory=/home/maksim/Projects/Go/Project/chat
	query=[file=/home/maksim/Projects/Go/Project/chat/internal/services/chat/chat.go]
	packages=1
	duration=56.646018ms

[Info  - 8:34:14 PM] 2026/05/31 20:34:14 go/packages.Load #88
	view_id="1"
	snapshot=675
	directory=/home/maksim/Projects/Go/Project/chat
	query=[file=/home/maksim/Projects/Go/Project/chat/internal/services/chat/chat.go]
	packages=1
	duration=57.617909ms

[Info  - 8:34:14 PM] 2026/05/31 20:34:14 go/packages.Load #89
	view_id="1"
	snapshot=676
	directory=/home/maksim/Projects/Go/Project/chat
	query=[file=/home/maksim/Projects/Go/Project/chat/internal/services/chat/chat.go]
	packages=1
	duration=59.168994ms

[Info  - 8:34:14 PM] 2026/05/31 20:34:14 go/packages.Load #90
	view_id="1"
	snapshot=676
	directory=/home/maksim/Projects/Go/Project/chat
	query=[file=/home/maksim/Projects/Go/Project/chat/internal/services/chat/chat.go]
	packages=1
	duration=60.863005ms

[Info  - 8:34:15 PM] 2026/05/31 20:34:15 go/packages.Load #91
	view_id="1"
	snapshot=677
	directory=/home/maksim/Projects/Go/Project/chat
	query=[file=/home/maksim/Projects/Go/Project/chat/internal/services/chat/chat.go]
	packages=1
	duration=57.744962ms

[Info  - 8:34:15 PM] 2026/05/31 20:34:15 go/packages.Load #92
	view_id="1"
	snapshot=677
	directory=/home/maksim/Projects/Go/Project/chat
	query=[file=/home/maksim/Projects/Go/Project/chat/internal/services/chat/chat.go]
	packages=1
	duration=57.477079ms

[Info  - 8:34:15 PM] 2026/05/31 20:34:15 go/packages.Load #93
	view_id="1"
	snapshot=678
	directory=/home/maksim/Projects/Go/Project/chat
	query=[file=/home/maksim/Projects/Go/Project/chat/internal/services/chat/chat.go]
	packages=1
	duration=65.581183ms

[Info  - 8:34:15 PM] 2026/05/31 20:34:15 go/packages.Load #94
	view_id="1"
	snapshot=678
	directory=/home/maksim/Projects/Go/Project/chat
	query=[file=/home/maksim/Projects/Go/Project/chat/internal/services/chat/chat.go]
	packages=1
	duration=54.940445ms

[Info  - 8:34:16 PM] 2026/05/31 20:34:16 go/packages.Load #95
	view_id="1"
	snapshot=678
	directory=/home/maksim/Projects/Go/Project/chat
	query=[github.com/PoinkCorporation/Chat-service/cmd/chat github.com/PoinkCorporation/Chat-service/internal/app]
	packages=2
	duration=74.46342ms

[Info  - 8:34:20 PM] 2026/05/31 20:34:20 go/packages.Load #96
	view_id="1"
	snapshot=679
	directory=/home/maksim/Projects/Go/Project/chat
	query=[file=/home/maksim/Projects/Go/Project/chat/internal/services/chat/chat.go]
	packages=1
	duration=55.944081ms

[Info  - 8:34:20 PM] 2026/05/31 20:34:20 go/packages.Load #97
	view_id="1"
	snapshot=679
	directory=/home/maksim/Projects/Go/Project/chat
	query=[file=/home/maksim/Projects/Go/Project/chat/internal/services/chat/chat.go]
	packages=1
	duration=56.596951ms

[Info  - 8:34:20 PM] 2026/05/31 20:34:20 go/packages.Load #98
	view_id="1"
	snapshot=680
	directory=/home/maksim/Projects/Go/Project/chat
	query=[file=/home/maksim/Projects/Go/Project/chat/internal/services/chat/chat.go]
	packages=1
	duration=55.543222ms

[Info  - 8:34:20 PM] 2026/05/31 20:34:20 go/packages.Load #99
	view_id="1"
	snapshot=680
	directory=/home/maksim/Projects/Go/Project/chat
	query=[file=/home/maksim/Projects/Go/Project/chat/internal/services/chat/chat.go]
	packages=1
	duration=54.053137ms

[Info  - 8:34:20 PM] 2026/05/31 20:34:20 go/packages.Load #100
	view_id="1"
	snapshot=681
	directory=/home/maksim/Projects/Go/Project/chat
	query=[file=/home/maksim/Projects/Go/Project/chat/internal/services/chat/chat.go]
	packages=1
	duration=56.813335ms

[Info  - 8:34:20 PM] 2026/05/31 20:34:20 go/packages.Load #101
	view_id="1"
	snapshot=681
	directory=/home/maksim/Projects/Go/Project/chat
	query=[file=/home/maksim/Projects/Go/Project/chat/internal/services/chat/chat.go]
	packages=1
	duration=59.669601ms

[Info  - 8:34:20 PM] 2026/05/31 20:34:20 go/packages.Load #102
	view_id="1"
	snapshot=682
	directory=/home/maksim/Projects/Go/Project/chat
	query=[file=/home/maksim/Projects/Go/Project/chat/internal/services/chat/chat.go]
	packages=1
	duration=57.852665ms

[Info  - 8:34:20 PM] 2026/05/31 20:34:20 go/packages.Load #103
	view_id="1"
	snapshot=682
	directory=/home/maksim/Projects/Go/Project/chat
	query=[file=/home/maksim/Projects/Go/Project/chat/internal/services/chat/chat.go]
	packages=1
	duration=58.117236ms

[Info  - 8:34:21 PM] 2026/05/31 20:34:21 go/packages.Load #104
	view_id="1"
	snapshot=683
	directory=/home/maksim/Projects/Go/Project/chat
	query=[file=/home/maksim/Projects/Go/Project/chat/internal/services/chat/chat.go]
	packages=1
	duration=56.081676ms

[Info  - 8:34:21 PM] 2026/05/31 20:34:21 go/packages.Load #105
	view_id="1"
	snapshot=683
	directory=/home/maksim/Projects/Go/Project/chat
	query=[file=/home/maksim/Projects/Go/Project/chat/internal/services/chat/chat.go]
	packages=1
	duration=52.751223ms

[Info  - 8:34:21 PM] 2026/05/31 20:34:21 go/packages.Load #106
	view_id="1"
	snapshot=684
	directory=/home/maksim/Projects/Go/Project/chat
	query=[file=/home/maksim/Projects/Go/Project/chat/internal/services/chat/chat.go]
	packages=1
	duration=59.714346ms

[Info  - 8:34:21 PM] 2026/05/31 20:34:21 go/packages.Load #107
	view_id="1"
	snapshot=684
	directory=/home/maksim/Projects/Go/Project/chat
	query=[file=/home/maksim/Projects/Go/Project/chat/internal/services/chat/chat.go]
	packages=1
	duration=54.871229ms

[Info  - 8:34:21 PM] 2026/05/31 20:34:21 go/packages.Load #108
	view_id="1"
	snapshot=685
	directory=/home/maksim/Projects/Go/Project/chat
	query=[file=/home/maksim/Projects/Go/Project/chat/internal/services/chat/chat.go]
	packages=1
	duration=56.55216ms

[Info  - 8:34:21 PM] 2026/05/31 20:34:21 go/packages.Load #109
	view_id="1"
	snapshot=685
	directory=/home/maksim/Projects/Go/Project/chat
	query=[file=/home/maksim/Projects/Go/Project/chat/internal/services/chat/chat.go]
	packages=1
	duration=57.681787ms

[Info  - 8:34:21 PM] 2026/05/31 20:34:21 go/packages.Load #110
	view_id="1"
	snapshot=686
	directory=/home/maksim/Projects/Go/Project/chat
	query=[file=/home/maksim/Projects/Go/Project/chat/internal/services/chat/chat.go]
	packages=1
	duration=53.873949ms

[Info  - 8:34:21 PM] 2026/05/31 20:34:21 go/packages.Load #111
	view_id="1"
	snapshot=687
	directory=/home/maksim/Projects/Go/Project/chat
	query=[file=/home/maksim/Projects/Go/Project/chat/internal/services/chat/chat.go]
	packages=1
	duration=54.891669ms

[Info  - 8:34:21 PM] 2026/05/31 20:34:21 go/packages.Load #112
	view_id="1"
	snapshot=687
	directory=/home/maksim/Projects/Go/Project/chat
	query=[file=/home/maksim/Projects/Go/Project/chat/internal/services/chat/chat.go]
	packages=1
	duration=52.992145ms

[Info  - 8:34:22 PM] 2026/05/31 20:34:22 go/packages.Load #113
	view_id="1"
	snapshot=687
	directory=/home/maksim/Projects/Go/Project/chat
	query=[github.com/PoinkCorporation/Chat-service/cmd/chat github.com/PoinkCorporation/Chat-service/internal/app]
	packages=2
	duration=69.594142ms

[Info  - 8:34:27 PM] 2026/05/31 20:34:27 go/packages.Load #114
	view_id="1"
	snapshot=688
	directory=/home/maksim/Projects/Go/Project/chat
	query=[file=/home/maksim/Projects/Go/Project/chat/internal/services/chat/chat.go]
	packages=1
	duration=58.097447ms

[Info  - 8:34:27 PM] 2026/05/31 20:34:27 go/packages.Load #115
	view_id="1"
	snapshot=688
	directory=/home/maksim/Projects/Go/Project/chat
	query=[file=/home/maksim/Projects/Go/Project/chat/internal/services/chat/chat.go]
	packages=1
	duration=55.099367ms

[Info  - 8:34:27 PM] 2026/05/31 20:34:27 go/packages.Load #116
	view_id="1"
	snapshot=689
	directory=/home/maksim/Projects/Go/Project/chat
	query=[file=/home/maksim/Projects/Go/Project/chat/internal/services/chat/chat.go]
	packages=1
	duration=59.597002ms

[Info  - 8:34:27 PM] 2026/05/31 20:34:27 go/packages.Load #117
	view_id="1"
	snapshot=689
	directory=/home/maksim/Projects/Go/Project/chat
	query=[file=/home/maksim/Projects/Go/Project/chat/internal/services/chat/chat.go]
	packages=1
	duration=58.99061ms

[Info  - 8:34:27 PM] 2026/05/31 20:34:27 go/packages.Load #118
	view_id="1"
	snapshot=690
	directory=/home/maksim/Projects/Go/Project/chat
	query=[file=/home/maksim/Projects/Go/Project/chat/internal/services/chat/chat.go]
	packages=1
	duration=59.596442ms

[Info  - 8:34:27 PM] 2026/05/31 20:34:27 go/packages.Load #119
	view_id="1"
	snapshot=690
	directory=/home/maksim/Projects/Go/Project/chat
	query=[file=/home/maksim/Projects/Go/Project/chat/internal/services/chat/chat.go]
	packages=1
	duration=53.480475ms

[Info  - 8:34:27 PM] 2026/05/31 20:34:27 go/packages.Load #120
	view_id="1"
	snapshot=691
	directory=/home/maksim/Projects/Go/Project/chat
	query=[file=/home/maksim/Projects/Go/Project/chat/internal/services/chat/chat.go]
	packages=1
	duration=57.784777ms

[Info  - 8:34:27 PM] 2026/05/31 20:34:27 go/packages.Load #121
	view_id="1"
	snapshot=691
	directory=/home/maksim/Projects/Go/Project/chat
	query=[file=/home/maksim/Projects/Go/Project/chat/internal/services/chat/chat.go]
	packages=1
	duration=59.417507ms

[Info  - 8:34:28 PM] 2026/05/31 20:34:28 go/packages.Load #122
	view_id="1"
	snapshot=692
	directory=/home/maksim/Projects/Go/Project/chat
	query=[file=/home/maksim/Projects/Go/Project/chat/internal/services/chat/chat.go]
	packages=1
	duration=56.61796ms

[Info  - 8:34:28 PM] 2026/05/31 20:34:28 go/packages.Load #123
	view_id="1"
	snapshot=692
	directory=/home/maksim/Projects/Go/Project/chat
	query=[file=/home/maksim/Projects/Go/Project/chat/internal/services/chat/chat.go]
	packages=1
	duration=60.446015ms

[Info  - 8:34:28 PM] 2026/05/31 20:34:28 go/packages.Load #124
	view_id="1"
	snapshot=693
	directory=/home/maksim/Projects/Go/Project/chat
	query=[file=/home/maksim/Projects/Go/Project/chat/internal/services/chat/chat.go]
	packages=1
	duration=56.374626ms

[Info  - 8:34:28 PM] 2026/05/31 20:34:28 go/packages.Load #125
	view_id="1"
	snapshot=693
	directory=/home/maksim/Projects/Go/Project/chat
	query=[file=/home/maksim/Projects/Go/Project/chat/internal/services/chat/chat.go]
	packages=1
	duration=56.756754ms

[Info  - 8:34:28 PM] 2026/05/31 20:34:28 go/packages.Load #126
	view_id="1"
	snapshot=694
	directory=/home/maksim/Projects/Go/Project/chat
	query=[file=/home/maksim/Projects/Go/Project/chat/internal/services/chat/chat.go]
	packages=1
	duration=57.988777ms

[Info  - 8:34:28 PM] 2026/05/31 20:34:28 go/packages.Load #127
	view_id="1"
	snapshot=694
	directory=/home/maksim/Projects/Go/Project/chat
	query=[file=/home/maksim/Projects/Go/Project/chat/internal/services/chat/chat.go]
	packages=1
	duration=53.993647ms

[Info  - 8:34:28 PM] 2026/05/31 20:34:28 go/packages.Load #128
	view_id="1"
	snapshot=695
	directory=/home/maksim/Projects/Go/Project/chat
	query=[file=/home/maksim/Projects/Go/Project/chat/internal/services/chat/chat.go]
	packages=1
	duration=65.657578ms

[Info  - 8:34:29 PM] 2026/05/31 20:34:29 go/packages.Load #129
	view_id="1"
	snapshot=695
	directory=/home/maksim/Projects/Go/Project/chat
	query=[file=/home/maksim/Projects/Go/Project/chat/internal/services/chat/chat.go]
	packages=1
	duration=58.553861ms

[Info  - 8:34:29 PM] 2026/05/31 20:34:29 go/packages.Load #130
	view_id="1"
	snapshot=696
	directory=/home/maksim/Projects/Go/Project/chat
	query=[file=/home/maksim/Projects/Go/Project/chat/internal/services/chat/chat.go]
	packages=1
	duration=56.386493ms

[Info  - 8:34:29 PM] 2026/05/31 20:34:29 go/packages.Load #131
	view_id="1"
	snapshot=697
	directory=/home/maksim/Projects/Go/Project/chat
	query=[file=/home/maksim/Projects/Go/Project/chat/internal/services/chat/chat.go]
	packages=1
	duration=56.779831ms

[Info  - 8:34:29 PM] 2026/05/31 20:34:29 go/packages.Load #132
	view_id="1"
	snapshot=697
	directory=/home/maksim/Projects/Go/Project/chat
	query=[file=/home/maksim/Projects/Go/Project/chat/internal/services/chat/chat.go]
	packages=1
	duration=57.348214ms

[Info  - 8:34:29 PM] 2026/05/31 20:34:29 go/packages.Load #133
	view_id="1"
	snapshot=698
	directory=/home/maksim/Projects/Go/Project/chat
	query=[file=/home/maksim/Projects/Go/Project/chat/internal/services/chat/chat.go]
	packages=1
	duration=55.429772ms

[Info  - 8:34:29 PM] 2026/05/31 20:34:29 go/packages.Load #134
	view_id="1"
	snapshot=698
	directory=/home/maksim/Projects/Go/Project/chat
	query=[file=/home/maksim/Projects/Go/Project/chat/internal/services/chat/chat.go]
	packages=1
	duration=54.038523ms

[Info  - 8:34:30 PM] 2026/05/31 20:34:30 go/packages.Load #135
	view_id="1"
	snapshot=698
	directory=/home/maksim/Projects/Go/Project/chat
	query=[github.com/PoinkCorporation/Chat-service/cmd/chat github.com/PoinkCorporation/Chat-service/internal/app]
	packages=2
	duration=71.72023ms

[Error - 8:34:46 PM] 2026/05/31 20:34:46 imports fixes: allImportsFixes: /home/maksim/Projects/Go/Project/chat/internal/services/chat/chat.go:28:2: expected operand, found '}' (and 50 more errors)
	file="/home/maksim/Projects/Go/Project/chat/internal/services/chat/chat.go"

[Error - 8:34:46 PM] 2026/05/31 20:34:46 imports fixes: allImportsFixes: /home/maksim/Projects/Go/Project/chat/internal/services/chat/chat.go:28:2: expected operand, found '}' (and 50 more errors)
	file="/home/maksim/Projects/Go/Project/chat/internal/services/chat/chat.go"

[Error - 8:34:54 PM] 2026/05/31 20:34:54 imports fixes: allImportsFixes: /home/maksim/Projects/Go/Project/chat/internal/services/chat/chat.go:28:2: expected operand, found '}' (and 50 more errors)
	file="/home/maksim/Projects/Go/Project/chat/internal/services/chat/chat.go"

[Error - 8:34:55 PM] 2026/05/31 20:34:55 imports fixes: allImportsFixes: /home/maksim/Projects/Go/Project/chat/internal/services/chat/chat.go:28:2: expected operand, found '}' (and 50 more errors)
	file="/home/maksim/Projects/Go/Project/chat/internal/services/chat/chat.go"

[Error - 8:34:58 PM] 2026/05/31 20:34:58 imports fixes: allImportsFixes: /home/maksim/Projects/Go/Project/chat/internal/services/chat/chat.go:28:2: expected operand, found '}' (and 50 more errors)
	file="/home/maksim/Projects/Go/Project/chat/internal/services/chat/chat.go"

[Error - 8:34:59 PM] 2026/05/31 20:34:59 imports fixes: allImportsFixes: /home/maksim/Projects/Go/Project/chat/internal/services/chat/chat.go:28:2: expected operand, found '}' (and 50 more errors)
	file="/home/maksim/Projects/Go/Project/chat/internal/services/chat/chat.go"

[Error - 8:35:00 PM] 2026/05/31 20:35:00 imports fixes: allImportsFixes: /home/maksim/Projects/Go/Project/chat/internal/services/chat/chat.go:28:2: expected operand, found '}' (and 50 more errors)
	file="/home/maksim/Projects/Go/Project/chat/internal/services/chat/chat.go"

[Info  - 8:35:04 PM] 2026/05/31 20:35:04 background imports cache refresh starting

[Info  - 8:35:04 PM] 2026/05/31 20:35:04 background refresh finished after 5.190327ms

[Error - 8:35:04 PM] 2026/05/31 20:35:04 imports fixes: allImportsFixes: /home/maksim/Projects/Go/Project/chat/internal/services/chat/chat.go:28:2: expected operand, found '}' (and 50 more errors)
	file="/home/maksim/Projects/Go/Project/chat/internal/services/chat/chat.go"

[Error - 8:35:09 PM] 2026/05/31 20:35:09 imports fixes: allImportsFixes: /home/maksim/Projects/Go/Project/chat/internal/services/chat/chat.go:28:2: expected operand, found '}' (and 50 more errors)
	file="/home/maksim/Projects/Go/Project/chat/internal/services/chat/chat.go"

[Error - 8:35:09 PM] 2026/05/31 20:35:09 imports fixes: allImportsFixes: /home/maksim/Projects/Go/Project/chat/internal/services/chat/chat.go:28:2: expected operand, found '}' (and 50 more errors)
	file="/home/maksim/Projects/Go/Project/chat/internal/services/chat/chat.go"

[Info  - 8:35:25 PM] 2026/05/31 20:35:25 go/packages.Load #136
	view_id="1"
	snapshot=729
	directory=/home/maksim/Projects/Go/Project/chat
	query=[file=/home/maksim/Projects/Go/Project/chat/internal/services/chat/chat.go]
	packages=1
	duration=55.894238ms

[Info  - 8:35:25 PM] 2026/05/31 20:35:25 go/packages.Load #137
	view_id="1"
	snapshot=729
	directory=/home/maksim/Projects/Go/Project/chat
	query=[file=/home/maksim/Projects/Go/Project/chat/internal/services/chat/chat.go]
	packages=1
	duration=97.983139ms

[Info  - 8:35:26 PM] 2026/05/31 20:35:26 go/packages.Load #138
	view_id="1"
	snapshot=730
	directory=/home/maksim/Projects/Go/Project/chat
	query=[github.com/PoinkCorporation/Chat-service/cmd/chat github.com/PoinkCorporation/Chat-service/internal/app]
	packages=2
	duration=103.900516ms

[Error - 8:35:33 PM] 2026/05/31 20:35:33 imports fixes: allImportsFixes: /home/maksim/Projects/Go/Project/chat/internal/services/chat/chat.go:35:22: expected operand, found '.' (and 1 more errors)
	file="/home/maksim/Projects/Go/Project/chat/internal/services/chat/chat.go"

[Info  - 8:35:58 PM] 2026/05/31 20:35:58 background imports cache refresh starting

[Info  - 8:35:58 PM] 2026/05/31 20:35:58 background refresh finished after 5.065263ms

[Info  - 8:36:28 PM] 2026/05/31 20:36:28 background imports cache refresh starting

[Info  - 8:36:28 PM] 2026/05/31 20:36:28 background refresh finished after 5.09099ms

[Error - 8:36:38 PM] 2026/05/31 20:36:38 imports fixes: allImportsFixes: /home/maksim/Projects/Go/Project/chat/internal/services/chat/chat.go:31:2: expected operand, found '}' (and 50 more errors)
	file="/home/maksim/Projects/Go/Project/chat/internal/services/chat/chat.go"

[Error - 8:36:38 PM] Request textDocument/formatting failed.
  Message: 31:2: expected operand, found '}' (and 10 more errors)
  Code: 0 
[Error - 8:37:09 PM] 2026/05/31 20:37:09 imports fixes: allImportsFixes: /home/maksim/Projects/Go/Project/chat/internal/services/chat/chat.go:29:2: expected operand, found '}' (and 50 more errors)
	file="/home/maksim/Projects/Go/Project/chat/internal/services/chat/chat.go"

[Error - 8:37:09 PM] Request textDocument/formatting failed.
  Message: 29:2: expected operand, found '}' (and 10 more errors)
  Code: 0 
[Info  - 8:37:17 PM] 2026/05/31 20:37:17 go/packages.Load #139
	view_id="1"
	snapshot=824
	directory=/home/maksim/Projects/Go/Project/chat
	query=[file=/home/maksim/Projects/Go/Project/chat/internal/services/chat/chat.go]
	packages=1
	duration=57.508946ms

[Info  - 8:37:17 PM] 2026/05/31 20:37:17 go/packages.Load #140
	view_id="1"
	snapshot=824
	directory=/home/maksim/Projects/Go/Project/chat
	query=[file=/home/maksim/Projects/Go/Project/chat/internal/services/chat/chat.go]
	packages=1
	duration=57.045041ms

[Info  - 8:37:19 PM] 2026/05/31 20:37:19 go/packages.Load #141
	view_id="1"
	snapshot=826
	directory=/home/maksim/Projects/Go/Project/chat
	query=[github.com/PoinkCorporation/Chat-service/cmd/chat github.com/PoinkCorporation/Chat-service/internal/app]
	packages=2
	duration=79.969972ms

[Info  - 8:37:45 PM] 2026/05/31 20:37:45 background imports cache refresh starting

[Info  - 8:37:45 PM] 2026/05/31 20:37:45 background refresh finished after 5.247988ms

[Info  - 8:38:17 PM] 2026/05/31 20:38:17 background imports cache refresh starting

[Info  - 8:38:17 PM] 2026/05/31 20:38:17 background refresh finished after 5.126065ms

[Info  - 8:38:56 PM] 2026/05/31 20:38:56 background imports cache refresh starting

[Info  - 8:38:56 PM] 2026/05/31 20:38:56 background refresh finished after 5.053201ms

[Info  - 8:39:37 PM] 2026/05/31 20:39:37 background imports cache refresh starting

[Info  - 8:39:37 PM] 2026/05/31 20:39:37 background refresh finished after 5.878523ms

[Error - 8:40:15 PM] 2026/05/31 20:40:15 imports fixes: allImportsFixes: /home/maksim/Projects/Go/Project/chat/internal/services/chat/chat.go:58:15: expected operand, found '{' (and 2 more errors)
	file="/home/maksim/Projects/Go/Project/chat/internal/services/chat/chat.go"

[Error - 8:40:16 PM] 2026/05/31 20:40:16 imports fixes: allImportsFixes: /home/maksim/Projects/Go/Project/chat/internal/services/chat/chat.go:58:14: expected operand, found '{' (and 2 more errors)
	file="/home/maksim/Projects/Go/Project/chat/internal/services/chat/chat.go"

[Error - 8:40:33 PM] 2026/05/31 20:40:33 imports fixes: allImportsFixes: /home/maksim/Projects/Go/Project/chat/internal/services/chat/chat.go:66:48: expected operand, found ',' (and 52 more errors)
	file="/home/maksim/Projects/Go/Project/chat/internal/services/chat/chat.go"

[Error - 8:40:33 PM] 2026/05/31 20:40:33 imports fixes: allImportsFixes: /home/maksim/Projects/Go/Project/chat/internal/services/chat/chat.go:66:48: expected operand, found ',' (and 52 more errors)
	file="/home/maksim/Projects/Go/Project/chat/internal/services/chat/chat.go"

[Info  - 8:40:44 PM] 2026/05/31 20:40:44 background imports cache refresh starting

[Info  - 8:40:44 PM] 2026/05/31 20:40:44 background refresh finished after 5.101894ms

[Info  - 8:41:16 PM] 2026/05/31 20:41:16 background imports cache refresh starting

[Info  - 8:41:16 PM] 2026/05/31 20:41:16 background refresh finished after 5.143582ms

[Info  - 8:41:46 PM] 2026/05/31 20:41:46 background imports cache refresh starting

[Info  - 8:41:46 PM] 2026/05/31 20:41:46 background refresh finished after 5.062953ms

[Error - 8:41:49 PM] 2026/05/31 20:41:49 imports fixes: allImportsFixes: /home/maksim/Projects/Go/Project/chat/internal/services/chat/chat.go:97:10: expected operand, found ',' (and 14 more errors)
	file="/home/maksim/Projects/Go/Project/chat/internal/services/chat/chat.go"

[Error - 8:42:14 PM] Request textDocument/hover failed.
  Message: rune error
  Code: 0 
[Info  - 8:42:18 PM] 2026/05/31 20:42:18 background imports cache refresh starting

[Info  - 8:42:18 PM] 2026/05/31 20:42:18 background refresh finished after 5.094941ms

[Info  - 8:42:49 PM] 2026/05/31 20:42:49 background imports cache refresh starting

[Info  - 8:42:49 PM] 2026/05/31 20:42:49 background refresh finished after 5.006496ms

[Info  - 8:43:30 PM] 2026/05/31 20:43:30 go/packages.Load #142
	view_id="1"
	snapshot=1021
	directory=/home/maksim/Projects/Go/Project/chat
	query=[github.com/PoinkCorporation/Chat-service/cmd/chat github.com/PoinkCorporation/Chat-service/gen/go github.com/PoinkCorporation/Chat-service/internal/app github.com/PoinkCorporation/Chat-service/internal/app/grpc github.com/PoinkCorporation/Chat-service/internal/grpc/chat github.com/PoinkCorporation/Chat-service/tests github.com/PoinkCorporation/Chat-service/tests/suite]
	packages=9
	duration=103.122817ms

[Error - 8:44:13 PM] 2026/05/31 20:44:13 tidy: diagnosing file:///home/maksim/Projects/Go/Project/chat/go.mod: err: exit status 1: stderr: go: finding module for package github.com/PoinkCorporation/Chat-service/gen/go
go: github.com/PoinkCorporation/Chat-service/internal/grpc/chat imports
	github.com/PoinkCorporation/Chat-service/gen/go: no matching versions for query "latest"


[Info  - 8:46:57 PM] 2026/05/31 20:46:57 go/packages.Load #143
	view_id="1"
	snapshot=1030
	directory=/home/maksim/Projects/Go/Project/chat
	query=[github.com/PoinkCorporation/Chat-service/cmd/chat github.com/PoinkCorporation/Chat-service/internal/app github.com/PoinkCorporation/Chat-service/internal/app/grpc github.com/PoinkCorporation/Chat-service/internal/grpc/chat github.com/PoinkCorporation/Chat-service/tests github.com/PoinkCorporation/Chat-service/tests/suite]
	packages=8
	duration=82.604224ms

[Error - 8:47:09 PM] Request textDocument/hover failed.
  Message: no package data for import "google.golang.org/grpc"
  Code: 0 
[Error - 8:47:19 PM] Request textDocument/hover failed.
  Message: no package data for import "github.com/PoinkCorporation/Chat-service/gen/go"
  Code: 0 
[Error - 8:47:19 PM] Request textDocument/hover failed.
  Message: no package data for import "github.com/PoinkCorporation/Chat-service/gen/go"
  Code: 0 
[Error - 8:47:20 PM] Request textDocument/hover failed.
  Message: no package data for import "github.com/PoinkCorporation/Chat-service/gen/go"
  Code: 0 
[Error - 8:47:27 PM] Request textDocument/hover failed.
  Message: no package data for import "github.com/PoinkCorporation/Chat-service/internal/domain/models"
  Code: 0 
[Error - 8:47:31 PM] Request textDocument/hover failed.
  Message: no package data for import "github.com/PoinkCorporation/Chat-service/gen/go"
  Code: 0 
[Info  - 8:47:32 PM] 2026/05/31 20:47:32 go/packages.Load #144
	view_id="1"
	snapshot=1031
	directory=/home/maksim/Projects/Go/Project/chat
	query=[file=/home/maksim/Projects/Go/Project/chat/internal/grpc/chat/server.go]
	packages=1
	duration=11.479566ms

[Info  - 8:47:32 PM] 2026/05/31 20:47:32 go/packages.Load #145
	view_id="1"
	snapshot=1032
	directory=/home/maksim/Projects/Go/Project/chat
	query=[file=/home/maksim/Projects/Go/Project/chat/internal/grpc/chat/server.go]
	packages=1
	duration=84.23246ms

[Info  - 8:47:32 PM] 2026/05/31 20:47:32 go/packages.Load #146
	view_id="1"
	snapshot=1032
	directory=/home/maksim/Projects/Go/Project/chat
	query=[file=/home/maksim/Projects/Go/Project/chat/internal/grpc/chat/server.go]
	packages=1
	duration=75.632955ms

[Info  - 8:47:33 PM] 2026/05/31 20:47:33 go/packages.Load #147
	view_id="1"
	snapshot=1032
	directory=/home/maksim/Projects/Go/Project/chat
	query=[github.com/PoinkCorporation/Chat-service/cmd/chat github.com/PoinkCorporation/Chat-service/internal/app github.com/PoinkCorporation/Chat-service/internal/app/grpc github.com/PoinkCorporation/Chat-service/tests github.com/PoinkCorporation/Chat-service/tests/suite]
	packages=7
	duration=80.165764ms

[Info  - 8:47:37 PM] 2026/05/31 20:47:37 background imports cache refresh starting

[Info  - 8:47:37 PM] 2026/05/31 20:47:37 background refresh finished after 5.298436ms

[Info  - 8:48:28 PM] 2026/05/31 20:48:28 background imports cache refresh starting

[Info  - 8:48:28 PM] 2026/05/31 20:48:28 background refresh finished after 5.224867ms

[Info  - 8:48:59 PM] 2026/05/31 20:48:59 background imports cache refresh starting

[Info  - 8:48:59 PM] 2026/05/31 20:48:59 background refresh finished after 5.057866ms

[Error - 8:49:19 PM] Request textDocument/hover failed.
  Message: rune error
  Code: 0 
[Error - 8:49:32 PM] 2026/05/31 20:49:32 imports fixes: allImportsFixes: /home/maksim/Projects/Go/Project/chat/internal/grpc/chat/server.go:69:71: missing ',' in argument list (and 100 more errors)
	file="/home/maksim/Projects/Go/Project/chat/internal/grpc/chat/server.go"

[Error - 8:49:32 PM] Request textDocument/formatting failed.
  Message: 69:71: missing ',' in argument list (and 10 more errors)
  Code: 0 
[Info  - 8:49:40 PM] 2026/05/31 20:49:40 background imports cache refresh starting

[Info  - 8:49:40 PM] 2026/05/31 20:49:40 background refresh finished after 5.571399ms

[Info  - 8:50:11 PM] 2026/05/31 20:50:11 background imports cache refresh starting

[Info  - 8:50:11 PM] 2026/05/31 20:50:11 background refresh finished after 5.484235ms

[Error - 8:50:55 PM] 2026/05/31 20:50:55 imports fixes: allImportsFixes: /home/maksim/Projects/Go/Project/chat/internal/services/chat/chat.go:22:41: missing parameter type
	file="/home/maksim/Projects/Go/Project/chat/internal/services/chat/chat.go"

[Error - 8:51:06 PM] 2026/05/31 20:51:06 imports fixes: allImportsFixes: /home/maksim/Projects/Go/Project/chat/internal/services/chat/chat.go:23:46: expected operand, found '}' (and 34 more errors)
	file="/home/maksim/Projects/Go/Project/chat/internal/services/chat/chat.go"

[Info  - 8:51:34 PM] 2026/05/31 20:51:34 go/packages.Load #149
	view_id="1"
	snapshot=1181
	directory=/home/maksim/Projects/Go/Project/chat
	query=[file=/home/maksim/Projects/Go/Project/chat/internal/app/app.go]
	packages=1
	duration=76.968941ms

[Info  - 8:51:34 PM] 2026/05/31 20:51:34 go/packages.Load #150
	view_id="1"
	snapshot=1181
	directory=/home/maksim/Projects/Go/Project/chat
	query=[file=/home/maksim/Projects/Go/Project/chat/internal/app/app.go]
	packages=1
	duration=77.52936ms

[Info  - 8:51:35 PM] 2026/05/31 20:51:35 go/packages.Load #151
	view_id="1"
	snapshot=1181
	directory=/home/maksim/Projects/Go/Project/chat
	query=[github.com/PoinkCorporation/Chat-service/cmd/chat]
	packages=1
	duration=78.898321ms

[Info  - 8:51:36 PM] 2026/05/31 20:51:36 background imports cache refresh starting

[Info  - 8:51:36 PM] 2026/05/31 20:51:36 background refresh finished after 5.303727ms

[Error - 8:52:04 PM] 2026/05/31 20:52:04 imports fixes: allImportsFixes: /home/maksim/Projects/Go/Project/chat/internal/app/app.go:20:7: missing ',' before newline in parameter list (and 1 more errors)
	file="/home/maksim/Projects/Go/Project/chat/internal/app/app.go"

[Error - 8:52:05 PM] 2026/05/31 20:52:05 imports fixes: allImportsFixes: /home/maksim/Projects/Go/Project/chat/internal/app/app.go:20:11: missing ',' before newline in parameter list (and 1 more errors)
	file="/home/maksim/Projects/Go/Project/chat/internal/app/app.go"

[Error - 8:52:06 PM] 2026/05/31 20:52:06 imports fixes: allImportsFixes: /home/maksim/Projects/Go/Project/chat/internal/app/app.go:20:13: missing ',' before newline in parameter list (and 1 more errors)
	file="/home/maksim/Projects/Go/Project/chat/internal/app/app.go"

[Error - 8:52:07 PM] 2026/05/31 20:52:07 imports fixes: allImportsFixes: /home/maksim/Projects/Go/Project/chat/internal/app/app.go:20:15: missing ',' before newline in parameter list (and 1 more errors)
	file="/home/maksim/Projects/Go/Project/chat/internal/app/app.go"

[Error - 8:52:07 PM] 2026/05/31 20:52:07 imports fixes: allImportsFixes: /home/maksim/Projects/Go/Project/chat/internal/app/app.go:20:17: missing ',' before newline in parameter list (and 1 more errors)
	file="/home/maksim/Projects/Go/Project/chat/internal/app/app.go"

[Info  - 8:52:08 PM] 2026/05/31 20:52:08 background imports cache refresh starting

[Info  - 8:52:08 PM] 2026/05/31 20:52:08 background refresh finished after 5.554915ms

[Info  - 8:52:39 PM] 2026/05/31 20:52:39 background imports cache refresh starting

[Info  - 8:52:39 PM] 2026/05/31 20:52:39 background refresh finished after 5.306462ms

[Info  - 8:53:26 PM] 2026/05/31 20:53:26 background imports cache refresh starting

[Info  - 8:53:26 PM] 2026/05/31 20:53:26 background refresh finished after 5.138538ms

[Info  - 8:53:57 PM] 2026/05/31 20:53:57 background imports cache refresh starting

[Info  - 8:53:57 PM] 2026/05/31 20:53:57 background refresh finished after 5.148728ms

