2026-05-31 15:09:41.042 [info] Reading sessions from keychain...
2026-05-31 15:09:41.042 [info] Getting sessions for all scopes...
2026-05-31 15:09:41.042 [info] Got stored sessions!
2026-05-31 15:09:41.042 [info] Got 1 verified sessions.
2026-05-31 15:09:41.042 [info] Got 1 sessions for ...
2026-05-31 15:09:41.042 [info] Getting sessions for all scopes...
2026-05-31 15:09:41.042 [info] Got 1 sessions for ...
2026-05-31 15:09:41.042 [info] Getting sessions for all scopes...
2026-05-31 15:09:41.042 [info] Got 1 sessions for ...
2026-05-31 15:09:41.042 [info] Getting sessions for all scopes...
2026-05-31 15:09:41.042 [info] Got 1 sessions for ...
2026-05-31 15:09:43.354 [info] Reading sessions from keychain...
2026-05-31 15:09:43.354 [info] Getting sessions for all scopes...
2026-05-31 15:09:43.378 [info] Got stored sessions!
2026-05-31 15:09:43.378 [info] Got 1 verified sessions.
2026-05-31 15:09:43.378 [info] Got 1 sessions for ...
2026-05-31 15:09:43.378 [info] Getting sessions for all scopes...
2026-05-31 15:09:43.378 [info] Got 1 sessions for ...
2026-05-31 15:09:43.378 [info] Getting sessions for all scopes...
2026-05-31 15:09:43.378 [info] Got 1 sessions for ...
2026-05-31 15:09:43.378 [info] Getting sessions for all scopes...
2026-05-31 15:09:43.379 [info] Got 1 sessions for ...
2026-05-31 15:09:43.386 [info] Getting sessions for all scopes...
2026-05-31 15:09:43.386 [info] Got 1 sessions for ...
2026-05-31 15:09:43.790 [info] Getting sessions for read:user,repo,user:email,workflow...
2026-05-31 15:09:43.790 [info] Got 1 sessions for read:user,repo,user:email,workflow...
2026-05-31 15:09:45.275 [info] Getting sessions for all scopes...
2026-05-31 15:09:45.275 [info] Got 1 sessions for ...
2026-05-31 15:10:19.929 [info] Getting sessions for all scopes...
2026-05-31 15:10:19.929 [info] Got 1 sessions for ...
2026-05-31 15:10:19.929 [info] Getting sessions for all scopes...
2026-05-31 15:10:19.929 [info] Got 1 sessions for ...
2026-05-31 15:12:29.798 [info] Getting sessions for all scopes...
2026-05-31 15:12:29.798 [info] Got 1 sessions for ...
2026-05-31 15:12:29.798 [info] Getting sessions for all scopes...
2026-05-31 15:12:29.798 [info] Got 1 sessions for ...
2026-05-31 15:12:55.572 [info] Getting sessions for all scopes...
2026-05-31 15:12:55.572 [info] Got 1 sessions for ...
2026-05-31 15:12:55.572 [info] Getting sessions for all scopes...
2026-05-31 15:12:55.572 [info] Got 1 sessions for ...
2026-05-31 15:13:05.770 [info] Getting sessions for all scopes...
2026-05-31 15:13:05.770 [info] Got 1 sessions for ...
2026-05-31 15:13:05.770 [info] Getting sessions for all scopes...
2026-05-31 15:13:05.770 [info] Got 1 sessions for ...
2026-05-31 15:14:35.017 [info] Getting sessions for all scopes...
2026-05-31 15:14:35.017 [info] Got 1 sessions for ...
2026-05-31 15:14:35.018 [info] Getting sessions for all scopes...
2026-05-31 15:14:35.018 [info] Got 1 sessions for ...
2026-05-31 15:15:00.021 [info] Getting sessions for all scopes...
2026-05-31 15:15:00.022 [info] Got 1 sessions for ...
2026-05-31 15:15:00.022 [info] Getting sessions for all scopes...
2026-05-31 15:15:00.022 [info] Got 1 sessions for ...
2026-05-31 15:15:16.728 [info] Getting sessions for all scopes...
2026-05-31 15:15:16.728 [info] Got 1 sessions for ...
2026-05-31 15:15:16.728 [info] Getting sessions for all scopes...
2026-05-31 15:15:16.728 [info] Got 1 sessions for ...
2026-05-31 15:16:14.207 [info] Getting sessions for all scopes...
2026-05-31 15:16:14.207 [info] Got 1 sessions for ...
2026-05-31 15:16:14.208 [info] Getting sessions for all scopes...
2026-05-31 15:16:14.208 [info] Got 1 sessions for ...
2026-05-31 15:16:15.335 [info] Getting sessions for all scopes...
2026-05-31 15:16:15.335 [info] Got 1 sessions for ...
2026-05-31 15:16:15.336 [info] Getting sessions for all scopes...
2026-05-31 15:16:15.336 [info] Got 1 sessions for ...
2026-05-31 15:16:38.178 [info] Getting sessions for all scopes...
2026-05-31 15:16:38.178 [info] Got 1 sessions for ...
2026-05-31 15:16:38.178 [info] Getting sessions for all scopes...
2026-05-31 15:16:38.178 [info] Got 1 sessions for ...
2026-05-31 15:17:08.818 [info] Getting sessions for all scopes...
2026-05-31 15:17:08.818 [info] Got 1 sessions for ...
2026-05-31 15:17:08.818 [info] Getting sessions for all scopes...
2026-05-31 15:17:08.818 [info] Got 1 sessions for ...
2026-05-31 15:17:09.357 [info] Getting sessions for all scopes...
2026-05-31 15:17:09.357 [info] Got 1 sessions for ...
2026-05-31 15:17:09.357 [info] Getting sessions for all scopes...
2026-05-31 15:17:09.357 [info] Got 1 sessions for ...
2026-05-31 15:17:11.578 [info] Getting sessions for all scopes...
2026-05-31 15:17:11.578 [info] Got 1 sessions for ...
2026-05-31 15:17:11.578 [info] Getting sessions for all scopes...
2026-05-31 15:17:11.578 [info] Got 1 sessions for ...
2026-05-31 15:17:12.453 [info] Getting sessions for all scopes...
2026-05-31 15:17:12.453 [info] Got 1 sessions for ...
2026-05-31 15:17:12.453 [info] Getting sessions for all scopes...
2026-05-31 15:17:12.453 [info] Got 1 sessions for ...
2026-05-31 15:17:42.698 [info] Getting sessions for all scopes...
2026-05-31 15:17:42.698 [info] Got 1 sessions for ...
2026-05-31 15:17:42.698 [info] Getting sessions for all scopes...
2026-05-31 15:17:42.698 [info] Got 1 sessions for ...
2026-05-31 15:17:43.169 [info] Getting sessions for all scopes...
2026-05-31 15:17:43.169 [info] Got 1 sessions for ...
2026-05-31 15:17:43.169 [info] Getting sessions for all scopes...
2026-05-31 15:17:43.169 [info] Got 1 sessions for ...
2026-05-31 15:17:44.069 [info] Getting sessions for all scopes...
2026-05-31 15:17:44.069 [info] Got 1 sessions for ...
2026-05-31 15:17:44.093 [info] Getting sessions for all scopes...
2026-05-31 15:17:44.093 [info] Got 1 sessions for ...
2026-05-31 15:17:58.232 [info] Getting sessions for all scopes...
2026-05-31 15:17:58.232 [info] Got 1 sessions for ...
2026-05-31 15:17:58.232 [info] Getting sessions for all scopes...
2026-05-31 15:17:58.232 [info] Got 1 sessions for ...
2026-05-31 15:17:58.547 [info] Getting sessions for all scopes...
2026-05-31 15:17:58.547 [info] Got 1 sessions for ...
2026-05-31 15:17:58.547 [info] Getting sessions for all scopes...
2026-05-31 15:17:58.547 [info] Got 1 sessions for ...
2026-05-31 15:17:59.327 [info] Getting sessions for all scopes...
2026-05-31 15:17:59.327 [info] Got 1 sessions for ...
2026-05-31 15:17:59.327 [info] Getting sessions for all scopes...
2026-05-31 15:17:59.327 [info] Got 1 sessions for ...
2026-05-31 15:18:04.871 [info] Getting sessions for all scopes...
2026-05-31 15:18:04.871 [info] Got 1 sessions for ...
2026-05-31 15:18:04.872 [info] Getting sessions for all scopes...
2026-05-31 15:18:04.872 [info] Got 1 sessions for ...
2026-05-31 15:18:14.742 [info] Getting sessions for all scopes...
2026-05-31 15:18:14.742 [info] Got 1 sessions for ...
2026-05-31 15:18:14.742 [info] Getting sessions for all scopes...
2026-05-31 15:18:14.742 [info] Got 1 sessions for ...
2026-05-31 15:18:15.469 [info] Getting sessions for all scopes...
2026-05-31 15:18:15.469 [info] Got 1 sessions for ...
2026-05-31 15:18:15.469 [info] Getting sessions for all scopes...
2026-05-31 15:18:15.469 [info] Got 1 sessions for ...
2026-05-31 15:18:15.929 [info] Getting sessions for all scopes...
2026-05-31 15:18:15.929 [info] Got 1 sessions for ...
2026-05-31 15:18:15.929 [info] Getting sessions for all scopes...
2026-05-31 15:18:15.929 [info] Got 1 sessions for ...
2026-05-31 15:20:15.658 [info] Getting sessions for all scopes...
2026-05-31 15:20:15.658 [info] Got 1 sessions for ...
2026-05-31 15:20:15.659 [info] Getting sessions for all scopes...
2026-05-31 15:20:15.659 [info] Got 1 sessions for ...
2026-05-31 15:20:29.772 [info] Getting sessions for all scopes...
2026-05-31 15:20:29.772 [info] Got 1 sessions for ...
2026-05-31 15:20:29.772 [info] Getting sessions for all scopes...
2026-05-31 15:20:29.772 [info] Got 1 sessions for ...
2026-05-31 15:20:37.923 [info] Getting sessions for all scopes...
2026-05-31 15:20:37.923 [info] Got 1 sessions for ...
2026-05-31 15:20:37.923 [info] Getting sessions for all scopes...
2026-05-31 15:20:37.923 [info] Got 1 sessions for ...
2026-05-31 15:22:12.215 [info] Getting sessions for all scopes...
2026-05-31 15:22:12.215 [info] Got 1 sessions for ...
2026-05-31 15:22:12.215 [info] Getting sessions for all scopes...
2026-05-31 15:22:12.215 [info] Got 1 sessions for ...
2026-05-31 15:23:22.419 [info] Getting sessions for all scopes...
2026-05-31 15:23:22.419 [info] Got 1 sessions for ...
2026-05-31 15:23:22.419 [info] Getting sessions for all scopes...
2026-05-31 15:23:22.419 [info] Got 1 sessions for ...
2026-05-31 15:23:31.623 [info] Getting sessions for all scopes...
2026-05-31 15:23:31.623 [info] Got 1 sessions for ...
2026-05-31 15:23:31.624 [info] Getting sessions for all scopes...
2026-05-31 15:23:31.624 [info] Got 1 sessions for ...
2026-05-31 15:24:51.341 [info] Getting sessions for all scopes...
2026-05-31 15:24:51.341 [info] Got 1 sessions for ...
2026-05-31 15:24:51.342 [info] Getting sessions for all scopes...
2026-05-31 15:24:51.342 [info] Got 1 sessions for ...
2026-05-31 15:29:55.023 [info] Getting sessions for all scopes...
2026-05-31 15:29:55.023 [info] Got 1 sessions for ...
2026-05-31 15:29:55.023 [info] Getting sessions for all scopes...
2026-05-31 15:29:55.023 [info] Got 1 sessions for ...
2026-05-31 15:30:31.278 [info] Getting sessions for all scopes...
2026-05-31 15:30:31.278 [info] Got 1 sessions for ...
2026-05-31 15:30:31.278 [info] Getting sessions for all scopes...
2026-05-31 15:30:31.278 [info] Got 1 sessions for ...
2026-05-31 15:31:16.608 [info] Getting sessions for all scopes...
2026-05-31 15:31:16.608 [info] Got 1 sessions for ...
2026-05-31 15:31:16.608 [info] Getting sessions for all scopes...
2026-05-31 15:31:16.608 [info] Got 1 sessions for ...
2026-05-31 15:32:20.853 [info] Getting sessions for all scopes...
2026-05-31 15:32:20.853 [info] Got 1 sessions for ...
2026-05-31 15:32:20.853 [info] Getting sessions for all scopes...
2026-05-31 15:32:20.853 [info] Got 1 sessions for ...
2026-05-31 15:32:29.067 [info] Getting sessions for all scopes...
2026-05-31 15:32:29.067 [info] Got 1 sessions for ...
2026-05-31 15:32:29.067 [info] Getting sessions for all scopes...
2026-05-31 15:32:29.067 [info] Got 1 sessions for ...
2026-05-31 15:32:42.018 [info] Getting sessions for all scopes...
2026-05-31 15:32:42.018 [info] Got 1 sessions for ...
2026-05-31 15:32:42.018 [info] Getting sessions for all scopes...
2026-05-31 15:32:42.018 [info] Got 1 sessions for ...
2026-05-31 15:32:44.928 [info] Getting sessions for all scopes...
2026-05-31 15:32:44.928 [info] Got 1 sessions for ...
2026-05-31 15:32:44.928 [info] Getting sessions for all scopes...
2026-05-31 15:32:44.928 [info] Got 1 sessions for ...
2026-05-31 15:32:56.513 [info] Getting sessions for all scopes...
2026-05-31 15:32:56.513 [info] Got 1 sessions for ...
2026-05-31 15:32:56.514 [info] Getting sessions for all scopes...
2026-05-31 15:32:56.514 [info] Got 1 sessions for ...
2026-05-31 15:33:03.849 [info] Getting sessions for all scopes...
2026-05-31 15:33:03.849 [info] Got 1 sessions for ...
2026-05-31 15:33:03.850 [info] Getting sessions for all scopes...
2026-05-31 15:33:03.850 [info] Got 1 sessions for ...
2026-05-31 15:33:07.096 [info] Getting sessions for all scopes...
2026-05-31 15:33:07.096 [info] Got 1 sessions for ...
2026-05-31 15:33:07.097 [info] Getting sessions for all scopes...
2026-05-31 15:33:07.097 [info] Got 1 sessions for ...
2026-05-31 15:33:08.180 [info] Getting sessions for all scopes...
2026-05-31 15:33:08.180 [info] Got 1 sessions for ...
2026-05-31 15:33:08.180 [info] Getting sessions for all scopes...
2026-05-31 15:33:08.180 [info] Got 1 sessions for ...
2026-05-31 15:33:44.460 [info] Getting sessions for all scopes...
2026-05-31 15:33:44.460 [info] Got 1 sessions for ...
2026-05-31 15:33:44.460 [info] Getting sessions for all scopes...
2026-05-31 15:33:44.460 [info] Got 1 sessions for ...
2026-05-31 15:33:48.676 [info] Getting sessions for all scopes...
2026-05-31 15:33:48.676 [info] Got 1 sessions for ...
2026-05-31 15:33:48.676 [info] Getting sessions for all scopes...
2026-05-31 15:33:48.676 [info] Got 1 sessions for ...
2026-05-31 15:34:09.656 [info] Getting sessions for all scopes...
2026-05-31 15:34:09.656 [info] Got 1 sessions for ...
2026-05-31 15:34:09.656 [info] Getting sessions for all scopes...
2026-05-31 15:34:09.656 [info] Got 1 sessions for ...
2026-05-31 15:34:39.971 [info] Getting sessions for all scopes...
2026-05-31 15:34:39.971 [info] Got 1 sessions for ...
2026-05-31 15:34:39.971 [info] Getting sessions for all scopes...
2026-05-31 15:34:39.971 [info] Got 1 sessions for ...
2026-05-31 15:34:49.917 [info] Getting sessions for all scopes...
2026-05-31 15:34:49.917 [info] Got 1 sessions for ...
2026-05-31 15:34:49.917 [info] Getting sessions for all scopes...
2026-05-31 15:34:49.917 [info] Got 1 sessions for ...
2026-05-31 15:37:55.774 [info] Getting sessions for all scopes...
2026-05-31 15:37:55.774 [info] Got 1 sessions for ...
2026-05-31 15:37:55.775 [info] Getting sessions for all scopes...
2026-05-31 15:37:55.775 [info] Got 1 sessions for ...
2026-05-31 15:38:12.339 [info] Getting sessions for all scopes...
2026-05-31 15:38:12.339 [info] Got 1 sessions for ...
2026-05-31 15:38:12.339 [info] Getting sessions for all scopes...
2026-05-31 15:38:12.339 [info] Got 1 sessions for ...
2026-05-31 15:38:26.549 [info] Getting sessions for all scopes...
2026-05-31 15:38:26.549 [info] Got 1 sessions for ...
2026-05-31 15:38:26.549 [info] Getting sessions for all scopes...
2026-05-31 15:38:26.549 [info] Got 1 sessions for ...
