2026-05-31 11:57:28.799 [info] Extension host with pid 1418 started
2026-05-31 11:57:28.799 [info] Skipping acquiring lock for /home/maksim/.config/Code - OSS/User/workspaceStorage/fc2edf8c2444c301a0cb644a75ba4eab.
2026-05-31 11:57:28.931 [info] ExtensionService#_doActivateExtension vscode.github-authentication, startup: false, activationEvent: 'onAuthenticationRequest:github'
2026-05-31 11:57:28.952 [info] ExtensionService#_doActivateExtension vscode.emmet, startup: false, activationEvent: 'onLanguage'
2026-05-31 11:57:28.966 [info] ExtensionService#_doActivateExtension golang.go, startup: false, activationEvent: 'onLanguage:go'
2026-05-31 11:57:29.029 [info] ExtensionService#_doActivateExtension vscode.configuration-editing, startup: false, activationEvent: 'onLanguage:json'
2026-05-31 11:57:29.034 [info] ExtensionService#_doActivateExtension vscode.extension-editing, startup: false, activationEvent: 'onLanguage:json'
2026-05-31 11:57:29.046 [info] ExtensionService#_doActivateExtension vscode.json-language-features, startup: false, activationEvent: 'onLanguage:json'
2026-05-31 11:57:29.092 [info] ExtensionService#_doActivateExtension vscode.npm, startup: false, activationEvent: 'onLanguage:json'
2026-05-31 11:57:29.346 [info] ExtensionService#_doActivateExtension vscode.terminal-suggest, startup: false, activationEvent: 'onTerminalShellIntegration:*'
2026-05-31 11:57:29.654 [info] ExtensionService#_doActivateExtension vscode.git-base, startup: true, activationEvent: '*', root cause: vscode.git
2026-05-31 11:57:29.697 [info] ExtensionService#_doActivateExtension vscode.git, startup: true, activationEvent: '*'
2026-05-31 11:57:29.735 [info] ExtensionService#_doActivateExtension vscode.github, startup: true, activationEvent: '*'
2026-05-31 11:57:29.773 [info] Eager extensions activated
2026-05-31 11:57:29.820 [info] ExtensionService#_doActivateExtension vscode.debug-auto-launch, startup: false, activationEvent: 'onStartupFinished'
2026-05-31 11:57:29.821 [info] ExtensionService#_doActivateExtension vscode.merge-conflict, startup: false, activationEvent: 'onStartupFinished'
2026-05-31 12:00:08.894 [info] Extension host terminating: received terminate message from renderer
2026-05-31 12:00:08.910 [error] Error: Channel has been closed
	at r (file:///usr/lib/code/out/vs/workbench/api/node/extensionHostProcess.js:509:3935)
	at Object.info (file:///usr/lib/code/out/vs/workbench/api/node/extensionHostProcess.js:509:4305)
	at WT.info (/usr/lib/code/extensions/json-language-features/client/dist/node/jsonClientMain.js:14:709)
	at ChildProcess.<anonymous> (/usr/lib/code/extensions/json-language-features/client/dist/node/jsonClientMain.js:19:48759)
	at ChildProcess.emit (node:events:519:28)
	at ChildProcess._handle.onexit (node:internal/child_process:293:12)
2026-05-31 12:00:09.891 [info] Extension host with pid 1418 exiting with code 0
2026-05-31 12:00:10.008 [info] Extension host with pid 11662 started
2026-05-31 12:00:10.008 [info] Skipping acquiring lock for /home/maksim/.config/Code - OSS/User/workspaceStorage/2a12ed439d637eb9b35ad6c4da6d873b.
2026-05-31 12:00:10.035 [info] ExtensionService#_doActivateExtension vscode.github-authentication, startup: false, activationEvent: 'onAuthenticationRequest:github'
2026-05-31 12:00:10.055 [info] ExtensionService#_doActivateExtension vscode.emmet, startup: false, activationEvent: 'onLanguage'
2026-05-31 12:00:10.108 [info] ExtensionService#_doActivateExtension vscode.git-base, startup: true, activationEvent: '*'
2026-05-31 12:00:10.140 [info] ExtensionService#_doActivateExtension vscode.github, startup: true, activationEvent: '*'
2026-05-31 12:00:10.159 [info] Eager extensions activated
2026-05-31 12:00:10.184 [info] ExtensionService#_doActivateExtension vscode.debug-auto-launch, startup: false, activationEvent: 'onStartupFinished'
2026-05-31 12:00:10.185 [info] ExtensionService#_doActivateExtension vscode.merge-conflict, startup: false, activationEvent: 'onStartupFinished'
2026-05-31 12:00:11.607 [info] ExtensionService#_doActivateExtension vscode.git, startup: false, activationEvent: 'api', root cause: vscode.github
2026-05-31 12:03:41.988 [info] ExtensionService#_doActivateExtension golang.go, startup: false, activationEvent: 'onLanguage:go'
2026-05-31 12:04:29.625 [error] [golang.go] provider FAILED
2026-05-31 12:04:29.626 [error] Error: 32:9: expected ';', found ':='
	at handleResponse (/home/maksim/.vscode-oss/extensions/golang.go-0.52.2-universal/dist/goMain.js:8978:40)
	at handleMessage (/home/maksim/.vscode-oss/extensions/golang.go-0.52.2-universal/dist/goMain.js:8788:11)
	at processMessageQueue (/home/maksim/.vscode-oss/extensions/golang.go-0.52.2-universal/dist/goMain.js:8803:13)
	at Immediate.<anonymous> (/home/maksim/.vscode-oss/extensions/golang.go-0.52.2-universal/dist/goMain.js:8779:11)
	at process.processImmediate (node:internal/timers:484:21)
2026-05-31 12:05:02.185 [error] [golang.go] provider FAILED
2026-05-31 12:05:02.185 [error] Error: no package data for import "google.golang.org/grpc/codes"
	at handleResponse (/home/maksim/.vscode-oss/extensions/golang.go-0.52.2-universal/dist/goMain.js:8978:40)
	at handleMessage (/home/maksim/.vscode-oss/extensions/golang.go-0.52.2-universal/dist/goMain.js:8788:11)
	at processMessageQueue (/home/maksim/.vscode-oss/extensions/golang.go-0.52.2-universal/dist/goMain.js:8803:13)
	at Immediate.<anonymous> (/home/maksim/.vscode-oss/extensions/golang.go-0.52.2-universal/dist/goMain.js:8779:11)
	at process.processImmediate (node:internal/timers:484:21)
2026-05-31 12:05:07.213 [info] ExtensionService#_doActivateExtension vscode.terminal-suggest, startup: false, activationEvent: 'onTerminalShellIntegration:*'
2026-05-31 12:05:28.581 [error] [golang.go] provider FAILED
2026-05-31 12:05:28.581 [error] Error: no package data for import "sso/internal/storage"
	at handleResponse (/home/maksim/.vscode-oss/extensions/golang.go-0.52.2-universal/dist/goMain.js:8978:40)
	at handleMessage (/home/maksim/.vscode-oss/extensions/golang.go-0.52.2-universal/dist/goMain.js:8788:11)
	at processMessageQueue (/home/maksim/.vscode-oss/extensions/golang.go-0.52.2-universal/dist/goMain.js:8803:13)
	at Immediate.<anonymous> (/home/maksim/.vscode-oss/extensions/golang.go-0.52.2-universal/dist/goMain.js:8779:11)
	at process.processImmediate (node:internal/timers:484:21)
2026-05-31 12:05:29.044 [error] [golang.go] provider FAILED
2026-05-31 12:05:29.044 [error] Error: no package data for import "sso/internal/storage"
	at handleResponse (/home/maksim/.vscode-oss/extensions/golang.go-0.52.2-universal/dist/goMain.js:8978:40)
	at handleMessage (/home/maksim/.vscode-oss/extensions/golang.go-0.52.2-universal/dist/goMain.js:8788:11)
	at processMessageQueue (/home/maksim/.vscode-oss/extensions/golang.go-0.52.2-universal/dist/goMain.js:8803:13)
	at Immediate.<anonymous> (/home/maksim/.vscode-oss/extensions/golang.go-0.52.2-universal/dist/goMain.js:8779:11)
	at process.processImmediate (node:internal/timers:484:21)
2026-05-31 12:18:14.294 [error] [golang.go] provider FAILED
2026-05-31 12:18:14.294 [error] Error: context canceled
	at handleResponse (/home/maksim/.vscode-oss/extensions/golang.go-0.52.2-universal/dist/goMain.js:8978:40)
	at handleMessage (/home/maksim/.vscode-oss/extensions/golang.go-0.52.2-universal/dist/goMain.js:8788:11)
	at processMessageQueue (/home/maksim/.vscode-oss/extensions/golang.go-0.52.2-universal/dist/goMain.js:8803:13)
	at Immediate.<anonymous> (/home/maksim/.vscode-oss/extensions/golang.go-0.52.2-universal/dist/goMain.js:8779:11)
	at process.processImmediate (node:internal/timers:484:21)
2026-05-31 12:19:29.485 [error] [golang.go] provider FAILED
2026-05-31 12:19:29.485 [error] Error: 30:1: expected operand, found '}'
	at handleResponse (/home/maksim/.vscode-oss/extensions/golang.go-0.52.2-universal/dist/goMain.js:8978:40)
	at handleMessage (/home/maksim/.vscode-oss/extensions/golang.go-0.52.2-universal/dist/goMain.js:8788:11)
	at processMessageQueue (/home/maksim/.vscode-oss/extensions/golang.go-0.52.2-universal/dist/goMain.js:8803:13)
	at Immediate.<anonymous> (/home/maksim/.vscode-oss/extensions/golang.go-0.52.2-universal/dist/goMain.js:8779:11)
	at process.processImmediate (node:internal/timers:484:21)
2026-05-31 12:20:14.200 [error] [golang.go] provider FAILED
2026-05-31 12:20:14.200 [error] Error: 35:1: expected operand, found '}'
	at handleResponse (/home/maksim/.vscode-oss/extensions/golang.go-0.52.2-universal/dist/goMain.js:8978:40)
	at handleMessage (/home/maksim/.vscode-oss/extensions/golang.go-0.52.2-universal/dist/goMain.js:8788:11)
	at processMessageQueue (/home/maksim/.vscode-oss/extensions/golang.go-0.52.2-universal/dist/goMain.js:8803:13)
	at Immediate.<anonymous> (/home/maksim/.vscode-oss/extensions/golang.go-0.52.2-universal/dist/goMain.js:8779:11)
	at process.processImmediate (node:internal/timers:484:21)
2026-05-31 12:20:25.920 [error] [golang.go] provider FAILED
2026-05-31 12:20:25.920 [error] Error: 35:1: expected operand, found '}'
	at handleResponse (/home/maksim/.vscode-oss/extensions/golang.go-0.52.2-universal/dist/goMain.js:8978:40)
	at handleMessage (/home/maksim/.vscode-oss/extensions/golang.go-0.52.2-universal/dist/goMain.js:8788:11)
	at processMessageQueue (/home/maksim/.vscode-oss/extensions/golang.go-0.52.2-universal/dist/goMain.js:8803:13)
	at Immediate.<anonymous> (/home/maksim/.vscode-oss/extensions/golang.go-0.52.2-universal/dist/goMain.js:8779:11)
	at process.processImmediate (node:internal/timers:484:21)
2026-05-31 12:20:26.387 [error] [golang.go] provider FAILED
2026-05-31 12:20:26.387 [error] Error: 35:1: expected operand, found '}'
	at handleResponse (/home/maksim/.vscode-oss/extensions/golang.go-0.52.2-universal/dist/goMain.js:8978:40)
	at handleMessage (/home/maksim/.vscode-oss/extensions/golang.go-0.52.2-universal/dist/goMain.js:8788:11)
	at processMessageQueue (/home/maksim/.vscode-oss/extensions/golang.go-0.52.2-universal/dist/goMain.js:8803:13)
	at Immediate.<anonymous> (/home/maksim/.vscode-oss/extensions/golang.go-0.52.2-universal/dist/goMain.js:8779:11)
	at process.processImmediate (node:internal/timers:484:21)
2026-05-31 12:20:34.188 [error] [golang.go] provider FAILED
2026-05-31 12:20:34.189 [error] Error: 35:1: expected operand, found '}'
	at handleResponse (/home/maksim/.vscode-oss/extensions/golang.go-0.52.2-universal/dist/goMain.js:8978:40)
	at handleMessage (/home/maksim/.vscode-oss/extensions/golang.go-0.52.2-universal/dist/goMain.js:8788:11)
	at processMessageQueue (/home/maksim/.vscode-oss/extensions/golang.go-0.52.2-universal/dist/goMain.js:8803:13)
	at Immediate.<anonymous> (/home/maksim/.vscode-oss/extensions/golang.go-0.52.2-universal/dist/goMain.js:8779:11)
	at process.processImmediate (node:internal/timers:484:21)
2026-05-31 12:22:12.032 [error] [golang.go] provider FAILED
2026-05-31 12:22:12.032 [error] Error: 34:39: expected ')', found ',' (and 1 more errors)
	at handleResponse (/home/maksim/.vscode-oss/extensions/golang.go-0.52.2-universal/dist/goMain.js:8978:40)
	at handleMessage (/home/maksim/.vscode-oss/extensions/golang.go-0.52.2-universal/dist/goMain.js:8788:11)
	at processMessageQueue (/home/maksim/.vscode-oss/extensions/golang.go-0.52.2-universal/dist/goMain.js:8803:13)
	at Immediate.<anonymous> (/home/maksim/.vscode-oss/extensions/golang.go-0.52.2-universal/dist/goMain.js:8779:11)
	at process.processImmediate (node:internal/timers:484:21)
2026-05-31 12:22:14.612 [error] [golang.go] provider FAILED
2026-05-31 12:22:14.612 [error] Error: 34:39: expected ')', found ',' (and 1 more errors)
	at handleResponse (/home/maksim/.vscode-oss/extensions/golang.go-0.52.2-universal/dist/goMain.js:8978:40)
	at handleMessage (/home/maksim/.vscode-oss/extensions/golang.go-0.52.2-universal/dist/goMain.js:8788:11)
	at processMessageQueue (/home/maksim/.vscode-oss/extensions/golang.go-0.52.2-universal/dist/goMain.js:8803:13)
	at Immediate.<anonymous> (/home/maksim/.vscode-oss/extensions/golang.go-0.52.2-universal/dist/goMain.js:8779:11)
	at process.processImmediate (node:internal/timers:484:21)
2026-05-31 12:50:09.425 [error] [golang.go] provider FAILED
2026-05-31 12:50:09.425 [error] Error: no package data for import "sso/internal/config"
	at handleResponse (/home/maksim/.vscode-oss/extensions/golang.go-0.52.2-universal/dist/goMain.js:8978:40)
	at handleMessage (/home/maksim/.vscode-oss/extensions/golang.go-0.52.2-universal/dist/goMain.js:8788:11)
	at processMessageQueue (/home/maksim/.vscode-oss/extensions/golang.go-0.52.2-universal/dist/goMain.js:8803:13)
	at Immediate.<anonymous> (/home/maksim/.vscode-oss/extensions/golang.go-0.52.2-universal/dist/goMain.js:8779:11)
	at process.processImmediate (node:internal/timers:484:21)
2026-05-31 12:52:13.562 [error] [golang.go] provider FAILED
2026-05-31 12:52:13.562 [error] Error: no package data for import "chat/internal/config"
	at handleResponse (/home/maksim/.vscode-oss/extensions/golang.go-0.52.2-universal/dist/goMain.js:8978:40)
	at handleMessage (/home/maksim/.vscode-oss/extensions/golang.go-0.52.2-universal/dist/goMain.js:8788:11)
	at processMessageQueue (/home/maksim/.vscode-oss/extensions/golang.go-0.52.2-universal/dist/goMain.js:8803:13)
	at Immediate.<anonymous> (/home/maksim/.vscode-oss/extensions/golang.go-0.52.2-universal/dist/goMain.js:8779:11)
	at process.processImmediate (node:internal/timers:484:21)
2026-05-31 12:54:49.387 [info] ExtensionService#_doActivateExtension vscode.npm, startup: false, activationEvent: 'onTerminalQuickFixRequest:ms-vscode.npm-command'
2026-05-31 13:10:19.861 [info] ExtensionService#_doActivateExtension tooltitudeteam.tooltitude-pb, startup: false, activationEvent: 'onLanguage:protobuf'
2026-05-31 13:58:54.312 [error] [golang.go] provider FAILED
2026-05-31 13:58:54.312 [error] Error: no package data for import "github.com/grpc-ecosystem/go-grpc-middleware/v2/interceptors/recovery"
	at handleResponse (/home/maksim/.vscode-oss/extensions/golang.go-0.52.2-universal/dist/goMain.js:8978:40)
	at handleMessage (/home/maksim/.vscode-oss/extensions/golang.go-0.52.2-universal/dist/goMain.js:8788:11)
	at processMessageQueue (/home/maksim/.vscode-oss/extensions/golang.go-0.52.2-universal/dist/goMain.js:8803:13)
	at Immediate.<anonymous> (/home/maksim/.vscode-oss/extensions/golang.go-0.52.2-universal/dist/goMain.js:8779:11)
	at process.processImmediate (node:internal/timers:484:21)
2026-05-31 13:58:55.637 [error] [golang.go] provider FAILED
2026-05-31 13:58:55.637 [error] Error: failed to resolve import "github.com/grpc-ecosystem/go-grpc-middleware/v2/interceptors/recovery"
	at handleResponse (/home/maksim/.vscode-oss/extensions/golang.go-0.52.2-universal/dist/goMain.js:8978:40)
	at handleMessage (/home/maksim/.vscode-oss/extensions/golang.go-0.52.2-universal/dist/goMain.js:8788:11)
	at processMessageQueue (/home/maksim/.vscode-oss/extensions/golang.go-0.52.2-universal/dist/goMain.js:8803:13)
	at Immediate.<anonymous> (/home/maksim/.vscode-oss/extensions/golang.go-0.52.2-universal/dist/goMain.js:8779:11)
	at process.processImmediate (node:internal/timers:484:21)
2026-05-31 13:58:55.653 [error] [golang.go] provider FAILED
2026-05-31 13:58:55.653 [error] Error: failed to resolve import "github.com/grpc-ecosystem/go-grpc-middleware/v2/interceptors/logging"
	at handleResponse (/home/maksim/.vscode-oss/extensions/golang.go-0.52.2-universal/dist/goMain.js:8978:40)
	at handleMessage (/home/maksim/.vscode-oss/extensions/golang.go-0.52.2-universal/dist/goMain.js:8788:11)
	at processMessageQueue (/home/maksim/.vscode-oss/extensions/golang.go-0.52.2-universal/dist/goMain.js:8803:13)
	at Immediate.<anonymous> (/home/maksim/.vscode-oss/extensions/golang.go-0.52.2-universal/dist/goMain.js:8779:11)
	at process.processImmediate (node:internal/timers:484:21)
2026-05-31 13:58:55.679 [error] [golang.go] provider FAILED
2026-05-31 13:58:55.679 [error] Error: failed to resolve import "github.com/grpc-ecosystem/go-grpc-middleware/v2/interceptors/logging"
	at handleResponse (/home/maksim/.vscode-oss/extensions/golang.go-0.52.2-universal/dist/goMain.js:8978:40)
	at handleMessage (/home/maksim/.vscode-oss/extensions/golang.go-0.52.2-universal/dist/goMain.js:8788:11)
	at processMessageQueue (/home/maksim/.vscode-oss/extensions/golang.go-0.52.2-universal/dist/goMain.js:8803:13)
	at Immediate.<anonymous> (/home/maksim/.vscode-oss/extensions/golang.go-0.52.2-universal/dist/goMain.js:8779:11)
	at process.processImmediate (node:internal/timers:484:21)
2026-05-31 13:58:55.702 [error] [golang.go] provider FAILED
2026-05-31 13:58:55.702 [error] Error: failed to resolve import "github.com/grpc-ecosystem/go-grpc-middleware/v2/interceptors/logging"
	at handleResponse (/home/maksim/.vscode-oss/extensions/golang.go-0.52.2-universal/dist/goMain.js:8978:40)
	at handleMessage (/home/maksim/.vscode-oss/extensions/golang.go-0.52.2-universal/dist/goMain.js:8788:11)
	at processMessageQueue (/home/maksim/.vscode-oss/extensions/golang.go-0.52.2-universal/dist/goMain.js:8803:13)
	at Immediate.<anonymous> (/home/maksim/.vscode-oss/extensions/golang.go-0.52.2-universal/dist/goMain.js:8779:11)
	at process.processImmediate (node:internal/timers:484:21)
2026-05-31 13:58:55.719 [error] [golang.go] provider FAILED
2026-05-31 13:58:55.719 [error] Error: failed to resolve import "github.com/grpc-ecosystem/go-grpc-middleware/v2/interceptors/recovery"
	at handleResponse (/home/maksim/.vscode-oss/extensions/golang.go-0.52.2-universal/dist/goMain.js:8978:40)
	at handleMessage (/home/maksim/.vscode-oss/extensions/golang.go-0.52.2-universal/dist/goMain.js:8788:11)
	at processMessageQueue (/home/maksim/.vscode-oss/extensions/golang.go-0.52.2-universal/dist/goMain.js:8803:13)
	at Immediate.<anonymous> (/home/maksim/.vscode-oss/extensions/golang.go-0.52.2-universal/dist/goMain.js:8779:11)
	at process.processImmediate (node:internal/timers:484:21)
2026-05-31 13:58:55.735 [error] [golang.go] provider FAILED
2026-05-31 13:58:55.735 [error] Error: failed to resolve import "github.com/grpc-ecosystem/go-grpc-middleware/v2/interceptors/recovery"
	at handleResponse (/home/maksim/.vscode-oss/extensions/golang.go-0.52.2-universal/dist/goMain.js:8978:40)
	at handleMessage (/home/maksim/.vscode-oss/extensions/golang.go-0.52.2-universal/dist/goMain.js:8788:11)
	at processMessageQueue (/home/maksim/.vscode-oss/extensions/golang.go-0.52.2-universal/dist/goMain.js:8803:13)
	at Immediate.<anonymous> (/home/maksim/.vscode-oss/extensions/golang.go-0.52.2-universal/dist/goMain.js:8779:11)
	at process.processImmediate (node:internal/timers:484:21)
2026-05-31 13:59:03.586 [error] [golang.go] provider FAILED
2026-05-31 13:59:03.586 [error] Error: no package data for import "github.com/grpc-ecosystem/go-grpc-middleware/v2/interceptors/logging"
	at handleResponse (/home/maksim/.vscode-oss/extensions/golang.go-0.52.2-universal/dist/goMain.js:8978:40)
	at handleMessage (/home/maksim/.vscode-oss/extensions/golang.go-0.52.2-universal/dist/goMain.js:8788:11)
	at processMessageQueue (/home/maksim/.vscode-oss/extensions/golang.go-0.52.2-universal/dist/goMain.js:8803:13)
	at Immediate.<anonymous> (/home/maksim/.vscode-oss/extensions/golang.go-0.52.2-universal/dist/goMain.js:8779:11)
	at process.processImmediate (node:internal/timers:484:21)
2026-05-31 13:59:05.069 [error] [golang.go] provider FAILED
2026-05-31 13:59:05.069 [error] Error: no package data for import "github.com/grpc-ecosystem/go-grpc-middleware/v2/interceptors/logging"
	at handleResponse (/home/maksim/.vscode-oss/extensions/golang.go-0.52.2-universal/dist/goMain.js:8978:40)
	at handleMessage (/home/maksim/.vscode-oss/extensions/golang.go-0.52.2-universal/dist/goMain.js:8788:11)
	at processMessageQueue (/home/maksim/.vscode-oss/extensions/golang.go-0.52.2-universal/dist/goMain.js:8803:13)
	at Immediate.<anonymous> (/home/maksim/.vscode-oss/extensions/golang.go-0.52.2-universal/dist/goMain.js:8779:11)
	at process.processImmediate (node:internal/timers:484:21)
2026-05-31 13:59:06.286 [error] [golang.go] provider FAILED
2026-05-31 13:59:06.286 [error] Error: no package data for import "github.com/grpc-ecosystem/go-grpc-middleware/v2/interceptors/logging"
	at handleResponse (/home/maksim/.vscode-oss/extensions/golang.go-0.52.2-universal/dist/goMain.js:8978:40)
	at handleMessage (/home/maksim/.vscode-oss/extensions/golang.go-0.52.2-universal/dist/goMain.js:8788:11)
	at processMessageQueue (/home/maksim/.vscode-oss/extensions/golang.go-0.52.2-universal/dist/goMain.js:8803:13)
	at Immediate.<anonymous> (/home/maksim/.vscode-oss/extensions/golang.go-0.52.2-universal/dist/goMain.js:8779:11)
	at process.processImmediate (node:internal/timers:484:21)
2026-05-31 14:14:28.800 [error] [golang.go] provider FAILED
2026-05-31 14:14:28.800 [error] Error: no package data for import "permissions/gen/go/permissions"
	at handleResponse (/home/maksim/.vscode-oss/extensions/golang.go-0.52.2-universal/dist/goMain.js:8978:40)
	at handleMessage (/home/maksim/.vscode-oss/extensions/golang.go-0.52.2-universal/dist/goMain.js:8788:11)
	at processMessageQueue (/home/maksim/.vscode-oss/extensions/golang.go-0.52.2-universal/dist/goMain.js:8803:13)
	at Immediate.<anonymous> (/home/maksim/.vscode-oss/extensions/golang.go-0.52.2-universal/dist/goMain.js:8779:11)
	at process.processImmediate (node:internal/timers:484:21)
2026-05-31 14:18:39.612 [info] ExtensionService#_doActivateExtension vscode.extension-editing, startup: false, activationEvent: 'onLanguage:markdown'
2026-05-31 14:18:39.623 [info] ExtensionService#_doActivateExtension vscode.markdown-language-features, startup: false, activationEvent: 'onLanguage:markdown'
2026-05-31 14:18:39.974 [info] ExtensionService#_doActivateExtension vscode.markdown-math, startup: false, activationEvent: 'api', root cause: vscode.markdown-language-features
2026-05-31 14:18:39.983 [info] ExtensionService#_doActivateExtension vscode.mermaid-markdown-features, startup: false, activationEvent: 'api', root cause: vscode.markdown-language-features
2026-05-31 14:24:02.176 [info] Extension host terminating: received terminate message from renderer
2026-05-31 14:24:02.189 [info] Extension host with pid 11662 exiting with code 0
