[Info  - 12:15:22 PM] 2026/05/31 12:15:22 Created View (#1)
	directory=/home/maksim/Projects/Go/Project/chat
	view_type="GoMod"
	root_dir="file:///home/maksim/Projects/Go/Project/chat"
	go_version="go version go1.26.3-X:nodwarf5 linux/amd64"
	build_flags=[]
	env={GOOS:linux GOARCH:amd64 GOCACHE:/home/maksim/.cache/go-build GOMODCACHE:/home/maksim/go/pkg/mod GOPATH:/home/maksim/go GOPRIVATE:github.com/Testkivypython/* GOFLAGS: GO111MODULE: GOTOOLCHAIN:auto GOROOT:/usr/lib/go GoVersion:26 GoVersionOutput:go version go1.26.3-X:nodwarf5 linux/amd64
 ExplicitGOWORK: EffectiveGOPACKAGESDRIVER:}
	env_overlay=[]

[Info  - 12:15:22 PM] 2026/05/31 12:15:22 go/packages.Load #1
	view_id="1"
	snapshot=0
	directory=/home/maksim/Projects/Go/Project/chat
	query=[/home/maksim/Projects/Go/Project/chat/... builtin]
	packages=17
	duration=118.312066ms

[Info  - 12:15:52 PM] 2026/05/31 12:15:52 background imports cache refresh starting

[Info  - 12:15:52 PM] 2026/05/31 12:15:52 background refresh finished after 106.874861ms

[Info  - 12:34:54 PM] 2026/05/31 12:34:54 go/packages.Load #2
	view_id="1"
	snapshot=6
	directory=/home/maksim/Projects/Go/Project/chat
	query=[chat/cmd/migrator]
	packages=1
	duration=51.044725ms

[Error - 12:40:17 PM] Request textDocument/hover failed.
  Message: no package data for import "permissions/internal/config"
  Code: 0 
[Info  - 12:40:19 PM] 2026/05/31 12:40:19 go/packages.Load #3
	view_id="1"
	snapshot=9
	directory=/home/maksim/Projects/Go/Project/chat
	query=[file=/home/maksim/Projects/Go/Project/chat/cmd/migrator/main.go]
	packages=1
	duration=56.950481ms

[Info  - 12:40:19 PM] 2026/05/31 12:40:19 go/packages.Load #4
	view_id="1"
	snapshot=9
	directory=/home/maksim/Projects/Go/Project/chat
	query=[file=/home/maksim/Projects/Go/Project/chat/cmd/migrator/main.go]
	packages=1
	duration=55.192734ms

[Info  - 12:40:19 PM] 2026/05/31 12:40:19 go/packages.Load #5
	view_id="1"
	snapshot=10
	directory=/home/maksim/Projects/Go/Project/chat
	query=[file=/home/maksim/Projects/Go/Project/chat/cmd/migrator/main.go]
	packages=1
	duration=53.840292ms

[Info  - 12:40:19 PM] 2026/05/31 12:40:19 go/packages.Load #6
	view_id="1"
	snapshot=10
	directory=/home/maksim/Projects/Go/Project/chat
	query=[file=/home/maksim/Projects/Go/Project/chat/cmd/migrator/main.go]
	packages=1
	duration=51.571209ms

[Info  - 12:40:19 PM] 2026/05/31 12:40:19 go/packages.Load #7
	view_id="1"
	snapshot=11
	directory=/home/maksim/Projects/Go/Project/chat
	query=[file=/home/maksim/Projects/Go/Project/chat/cmd/migrator/main.go]
	packages=1
	duration=67.903497ms

[Info  - 12:40:19 PM] 2026/05/31 12:40:19 go/packages.Load #8
	view_id="1"
	snapshot=11
	directory=/home/maksim/Projects/Go/Project/chat
	query=[file=/home/maksim/Projects/Go/Project/chat/cmd/migrator/main.go]
	packages=1
	duration=59.216385ms

[Info  - 12:40:19 PM] 2026/05/31 12:40:19 go/packages.Load #9
	view_id="1"
	snapshot=12
	directory=/home/maksim/Projects/Go/Project/chat
	query=[file=/home/maksim/Projects/Go/Project/chat/cmd/migrator/main.go]
	packages=1
	duration=58.82098ms

[Info  - 12:40:19 PM] 2026/05/31 12:40:19 go/packages.Load #10
	view_id="1"
	snapshot=12
	directory=/home/maksim/Projects/Go/Project/chat
	query=[file=/home/maksim/Projects/Go/Project/chat/cmd/migrator/main.go]
	packages=1
	duration=58.882112ms

[Info  - 12:40:47 PM] 2026/05/31 12:40:47 background imports cache refresh starting

[Info  - 12:40:47 PM] 2026/05/31 12:40:47 background refresh finished after 7.897766ms

[Info  - 12:43:43 PM] 2026/05/31 12:43:43 background imports cache refresh starting

[Info  - 12:43:43 PM] 2026/05/31 12:43:43 background refresh finished after 5.763326ms

[Info  - 12:45:21 PM] 2026/05/31 12:45:21 background imports cache refresh starting

[Info  - 12:45:21 PM] 2026/05/31 12:45:21 background refresh finished after 5.390889ms

[Info  - 12:47:55 PM] 2026/05/31 12:47:55 background imports cache refresh starting

[Info  - 12:47:55 PM] 2026/05/31 12:47:55 background refresh finished after 7.120284ms

[Info  - 12:48:41 PM] 2026/05/31 12:48:41 background imports cache refresh starting

[Info  - 12:48:41 PM] 2026/05/31 12:48:41 background refresh finished after 5.138059ms

[Info  - 12:50:02 PM] 2026/05/31 12:50:02 go/packages.Load #11
	view_id="1"
	snapshot=80
	directory=/home/maksim/Projects/Go/Project/chat
	query=[file=/home/maksim/Projects/Go/Project/chat/cmd/migrator/main.go]
	packages=1
	duration=57.843341ms

[Info  - 12:50:03 PM] 2026/05/31 12:50:03 go/packages.Load #12
	view_id="1"
	snapshot=80
	directory=/home/maksim/Projects/Go/Project/chat
	query=[file=/home/maksim/Projects/Go/Project/chat/cmd/migrator/main.go]
	packages=1
	duration=52.434136ms

[Error - 12:50:33 PM] Request textDocument/hover failed.
  Message: no package data for import "sso/internal/config"
  Code: 0 
[Info  - 12:50:34 PM] 2026/05/31 12:50:34 go/packages.Load #13
	view_id="1"
	snapshot=82
	directory=/home/maksim/Projects/Go/Project/chat
	query=[file=/home/maksim/Projects/Go/Project/chat/cmd/migrator/main.go]
	packages=1
	duration=55.61214ms

[Info  - 12:50:34 PM] 2026/05/31 12:50:34 go/packages.Load #14
	view_id="1"
	snapshot=82
	directory=/home/maksim/Projects/Go/Project/chat
	query=[file=/home/maksim/Projects/Go/Project/chat/cmd/migrator/main.go]
	packages=1
	duration=54.386771ms

[Info  - 12:50:34 PM] 2026/05/31 12:50:34 go/packages.Load #15
	view_id="1"
	snapshot=83
	directory=/home/maksim/Projects/Go/Project/chat
	query=[file=/home/maksim/Projects/Go/Project/chat/cmd/migrator/main.go]
	packages=1
	duration=57.071507ms

[Info  - 12:50:34 PM] 2026/05/31 12:50:34 go/packages.Load #16
	view_id="1"
	snapshot=83
	directory=/home/maksim/Projects/Go/Project/chat
	query=[file=/home/maksim/Projects/Go/Project/chat/cmd/migrator/main.go]
	packages=1
	duration=54.721221ms

[Info  - 12:50:34 PM] 2026/05/31 12:50:34 go/packages.Load #17
	view_id="1"
	snapshot=84
	directory=/home/maksim/Projects/Go/Project/chat
	query=[file=/home/maksim/Projects/Go/Project/chat/cmd/migrator/main.go]
	packages=1
	duration=68.754467ms

[Info  - 12:50:34 PM] 2026/05/31 12:50:34 go/packages.Load #18
	view_id="1"
	snapshot=84
	directory=/home/maksim/Projects/Go/Project/chat
	query=[file=/home/maksim/Projects/Go/Project/chat/cmd/migrator/main.go]
	packages=1
	duration=65.622501ms

[Info  - 12:50:35 PM] 2026/05/31 12:50:35 go/packages.Load #19
	view_id="1"
	snapshot=85
	directory=/home/maksim/Projects/Go/Project/chat
	query=[file=/home/maksim/Projects/Go/Project/chat/cmd/migrator/main.go]
	packages=1
	duration=55.73945ms

[Info  - 12:50:35 PM] 2026/05/31 12:50:35 go/packages.Load #20
	view_id="1"
	snapshot=85
	directory=/home/maksim/Projects/Go/Project/chat
	query=[file=/home/maksim/Projects/Go/Project/chat/cmd/migrator/main.go]
	packages=1
	duration=54.665197ms

[Info  - 12:50:35 PM] 2026/05/31 12:50:35 go/packages.Load #21
	view_id="1"
	snapshot=86
	directory=/home/maksim/Projects/Go/Project/chat
	query=[file=/home/maksim/Projects/Go/Project/chat/cmd/migrator/main.go]
	packages=1
	duration=55.965429ms

[Info  - 12:50:35 PM] 2026/05/31 12:50:35 go/packages.Load #22
	view_id="1"
	snapshot=86
	directory=/home/maksim/Projects/Go/Project/chat
	query=[file=/home/maksim/Projects/Go/Project/chat/cmd/migrator/main.go]
	packages=1
	duration=49.992361ms

[Info  - 12:50:35 PM] 2026/05/31 12:50:35 go/packages.Load #23
	view_id="1"
	snapshot=87
	directory=/home/maksim/Projects/Go/Project/chat
	query=[file=/home/maksim/Projects/Go/Project/chat/cmd/migrator/main.go]
	packages=1
	duration=55.458735ms

[Info  - 12:50:35 PM] 2026/05/31 12:50:35 go/packages.Load #24
	view_id="1"
	snapshot=87
	directory=/home/maksim/Projects/Go/Project/chat
	query=[file=/home/maksim/Projects/Go/Project/chat/cmd/migrator/main.go]
	packages=1
	duration=51.681158ms

[Info  - 12:50:35 PM] 2026/05/31 12:50:35 go/packages.Load #25
	view_id="1"
	snapshot=88
	directory=/home/maksim/Projects/Go/Project/chat
	query=[file=/home/maksim/Projects/Go/Project/chat/cmd/migrator/main.go]
	packages=1
	duration=52.374975ms

[Info  - 12:50:35 PM] 2026/05/31 12:50:35 go/packages.Load #26
	view_id="1"
	snapshot=89
	directory=/home/maksim/Projects/Go/Project/chat
	query=[file=/home/maksim/Projects/Go/Project/chat/cmd/migrator/main.go]
	packages=1
	duration=49.293865ms

[Info  - 12:50:35 PM] 2026/05/31 12:50:35 go/packages.Load #27
	view_id="1"
	snapshot=89
	directory=/home/maksim/Projects/Go/Project/chat
	query=[file=/home/maksim/Projects/Go/Project/chat/cmd/migrator/main.go]
	packages=1
	duration=58.860886ms

[Info  - 12:50:35 PM] 2026/05/31 12:50:35 go/packages.Load #28
	view_id="1"
	snapshot=90
	directory=/home/maksim/Projects/Go/Project/chat
	query=[file=/home/maksim/Projects/Go/Project/chat/cmd/migrator/main.go]
	packages=1
	duration=50.743563ms

[Info  - 12:50:36 PM] 2026/05/31 12:50:36 go/packages.Load #29
	view_id="1"
	snapshot=90
	directory=/home/maksim/Projects/Go/Project/chat
	query=[file=/home/maksim/Projects/Go/Project/chat/cmd/migrator/main.go]
	packages=1
	duration=64.424622ms

[Info  - 12:50:36 PM] 2026/05/31 12:50:36 go/packages.Load #30
	view_id="1"
	snapshot=91
	directory=/home/maksim/Projects/Go/Project/chat
	query=[file=/home/maksim/Projects/Go/Project/chat/cmd/migrator/main.go]
	packages=1
	duration=51.199693ms

[Info  - 12:50:36 PM] 2026/05/31 12:50:36 go/packages.Load #31
	view_id="1"
	snapshot=91
	directory=/home/maksim/Projects/Go/Project/chat
	query=[file=/home/maksim/Projects/Go/Project/chat/cmd/migrator/main.go]
	packages=1
	duration=54.276713ms

[Info  - 12:50:36 PM] 2026/05/31 12:50:36 go/packages.Load #32
	view_id="1"
	snapshot=92
	directory=/home/maksim/Projects/Go/Project/chat
	query=[file=/home/maksim/Projects/Go/Project/chat/cmd/migrator/main.go]
	packages=1
	duration=49.835727ms

[Info  - 12:50:36 PM] 2026/05/31 12:50:36 go/packages.Load #33
	view_id="1"
	snapshot=92
	directory=/home/maksim/Projects/Go/Project/chat
	query=[file=/home/maksim/Projects/Go/Project/chat/cmd/migrator/main.go]
	packages=1
	duration=51.624214ms

[Info  - 12:50:36 PM] 2026/05/31 12:50:36 go/packages.Load #34
	view_id="1"
	snapshot=93
	directory=/home/maksim/Projects/Go/Project/chat
	query=[file=/home/maksim/Projects/Go/Project/chat/cmd/migrator/main.go]
	packages=1
	duration=53.140427ms

[Info  - 12:50:36 PM] 2026/05/31 12:50:36 go/packages.Load #35
	view_id="1"
	snapshot=93
	directory=/home/maksim/Projects/Go/Project/chat
	query=[file=/home/maksim/Projects/Go/Project/chat/cmd/migrator/main.go]
	packages=1
	duration=50.375028ms

[Info  - 12:50:36 PM] 2026/05/31 12:50:36 go/packages.Load #36
	view_id="1"
	snapshot=94
	directory=/home/maksim/Projects/Go/Project/chat
	query=[file=/home/maksim/Projects/Go/Project/chat/cmd/migrator/main.go]
	packages=1
	duration=53.09785ms

[Info  - 12:50:36 PM] 2026/05/31 12:50:36 go/packages.Load #37
	view_id="1"
	snapshot=94
	directory=/home/maksim/Projects/Go/Project/chat
	query=[file=/home/maksim/Projects/Go/Project/chat/cmd/migrator/main.go]
	packages=1
	duration=49.678131ms

[Info  - 12:50:36 PM] 2026/05/31 12:50:36 go/packages.Load #38
	view_id="1"
	snapshot=95
	directory=/home/maksim/Projects/Go/Project/chat
	query=[file=/home/maksim/Projects/Go/Project/chat/cmd/migrator/main.go]
	packages=1
	duration=52.156246ms

[Info  - 12:50:37 PM] 2026/05/31 12:50:37 go/packages.Load #39
	view_id="1"
	snapshot=96
	directory=/home/maksim/Projects/Go/Project/chat
	query=[file=/home/maksim/Projects/Go/Project/chat/cmd/migrator/main.go]
	packages=1
	duration=51.478368ms

[Info  - 12:50:37 PM] 2026/05/31 12:50:37 go/packages.Load #40
	view_id="1"
	snapshot=96
	directory=/home/maksim/Projects/Go/Project/chat
	query=[file=/home/maksim/Projects/Go/Project/chat/cmd/migrator/main.go]
	packages=1
	duration=51.399056ms

[Info  - 12:50:37 PM] 2026/05/31 12:50:37 go/packages.Load #41
	view_id="1"
	snapshot=97
	directory=/home/maksim/Projects/Go/Project/chat
	query=[file=/home/maksim/Projects/Go/Project/chat/cmd/migrator/main.go]
	packages=1
	duration=51.67848ms

[Info  - 12:50:37 PM] 2026/05/31 12:50:37 go/packages.Load #42
	view_id="1"
	snapshot=97
	directory=/home/maksim/Projects/Go/Project/chat
	query=[file=/home/maksim/Projects/Go/Project/chat/cmd/migrator/main.go]
	packages=1
	duration=51.165887ms

[Info  - 12:50:37 PM] 2026/05/31 12:50:37 go/packages.Load #43
	view_id="1"
	snapshot=98
	directory=/home/maksim/Projects/Go/Project/chat
	query=[file=/home/maksim/Projects/Go/Project/chat/cmd/migrator/main.go]
	packages=1
	duration=70.784157ms

[Info  - 12:50:37 PM] 2026/05/31 12:50:37 go/packages.Load #44
	view_id="1"
	snapshot=98
	directory=/home/maksim/Projects/Go/Project/chat
	query=[file=/home/maksim/Projects/Go/Project/chat/cmd/migrator/main.go]
	packages=1
	duration=64.24717ms

[Info  - 12:50:37 PM] 2026/05/31 12:50:37 go/packages.Load #45
	view_id="1"
	snapshot=99
	directory=/home/maksim/Projects/Go/Project/chat
	query=[file=/home/maksim/Projects/Go/Project/chat/cmd/migrator/main.go]
	packages=1
	duration=53.204492ms

[Info  - 12:50:37 PM] 2026/05/31 12:50:37 go/packages.Load #46
	view_id="1"
	snapshot=99
	directory=/home/maksim/Projects/Go/Project/chat
	query=[file=/home/maksim/Projects/Go/Project/chat/cmd/migrator/main.go]
	packages=1
	duration=50.999452ms

[Info  - 12:50:37 PM] 2026/05/31 12:50:37 go/packages.Load #47
	view_id="1"
	snapshot=100
	directory=/home/maksim/Projects/Go/Project/chat
	query=[file=/home/maksim/Projects/Go/Project/chat/cmd/migrator/main.go]
	packages=1
	duration=51.588749ms

[Info  - 12:50:38 PM] 2026/05/31 12:50:38 go/packages.Load #48
	view_id="1"
	snapshot=100
	directory=/home/maksim/Projects/Go/Project/chat
	query=[file=/home/maksim/Projects/Go/Project/chat/cmd/migrator/main.go]
	packages=1
	duration=53.196552ms

[Info  - 12:50:38 PM] 2026/05/31 12:50:38 go/packages.Load #49
	view_id="1"
	snapshot=101
	directory=/home/maksim/Projects/Go/Project/chat
	query=[file=/home/maksim/Projects/Go/Project/chat/cmd/migrator/main.go]
	packages=1
	duration=54.114781ms

[Info  - 12:50:38 PM] 2026/05/31 12:50:38 go/packages.Load #50
	view_id="1"
	snapshot=101
	directory=/home/maksim/Projects/Go/Project/chat
	query=[file=/home/maksim/Projects/Go/Project/chat/cmd/migrator/main.go]
	packages=1
	duration=54.22463ms

[Info  - 12:50:38 PM] 2026/05/31 12:50:38 go/packages.Load #51
	view_id="1"
	snapshot=102
	directory=/home/maksim/Projects/Go/Project/chat
	query=[file=/home/maksim/Projects/Go/Project/chat/cmd/migrator/main.go]
	packages=1
	duration=55.870951ms

[Info  - 12:50:38 PM] 2026/05/31 12:50:38 go/packages.Load #52
	view_id="1"
	snapshot=102
	directory=/home/maksim/Projects/Go/Project/chat
	query=[file=/home/maksim/Projects/Go/Project/chat/cmd/migrator/main.go]
	packages=1
	duration=54.467518ms

[Info  - 12:51:03 PM] 2026/05/31 12:51:03 background imports cache refresh starting

[Info  - 12:51:03 PM] 2026/05/31 12:51:03 background refresh finished after 5.076042ms

[Info  - 12:51:46 PM] 2026/05/31 12:51:46 background imports cache refresh starting

[Info  - 12:51:46 PM] 2026/05/31 12:51:46 background refresh finished after 5.163517ms

