2026-05-31 20:05:49.219 [info] Try to start language server - activation (enabled: true)
2026-05-31 20:05:49.295 [info] Running language server gopls(v0.21.1/go1.26.3-X:nodwarf5)
2026-05-31 20:08:36.228 [info] Running checks...
2026-05-31 20:13:51.577 [info] Running checks...
2026-05-31 20:13:51.646 [info] Running checks...
2026-05-31 20:14:19.615 [info] Running checks...
2026-05-31 20:15:57.914 [info] Running checks...
2026-05-31 20:16:42.786 [info] Running checks...
2026-05-31 20:17:16.834 [info] Running checks...
2026-05-31 20:22:02.127 [info] Running checks...
2026-05-31 20:22:19.837 [info] Running checks...
2026-05-31 20:22:34.768 [info] Running checks...
2026-05-31 20:23:33.843 [info] Running checks...
2026-05-31 20:23:52.311 [info] Running checks...
2026-05-31 20:24:03.483 [info] Running checks...
2026-05-31 20:24:56.169 [info] Running checks...
2026-05-31 20:25:37.496 [info] Running checks...
2026-05-31 20:28:10.099 [info] Running checks...
2026-05-31 20:30:28.813 [info] Running checks...
2026-05-31 20:31:50.012 [info] Running checks...
2026-05-31 20:35:49.224 [info] Fetching latest go developer survey
2026-05-31 20:35:59.235 [error] Failed to download the go developer survey module and parse "config.json": github.com/golang/vscode-go/survey:Error: Command failed: /usr/bin/go mod download -json github.com/golang/vscode-go/survey@latest

2026-05-31 20:35:59.235 [info] Falling back to cached Go developer survey: v0.1.0
2026-05-31 20:35:59.235 [info] Survey active from Tue Sep 09 2025 to Wed Oct 01 2025
2026-05-31 20:36:38.914 [info] Running checks...
2026-05-31 20:37:09.577 [info] Running checks...
2026-05-31 20:37:17.961 [info] Running checks...
2026-05-31 20:37:25.878 [info] Running checks...
2026-05-31 20:38:03.684 [info] Running checks...
2026-05-31 20:38:05.741 [info] Running checks...
2026-05-31 20:38:43.038 [info] Running checks...
2026-05-31 20:40:54.912 [info] Running checks...
2026-05-31 20:41:30.099 [info] Running checks...
2026-05-31 20:41:50.314 [info] Running checks...
2026-05-31 20:42:24.254 [info] Running checks...
2026-05-31 20:47:33.465 [info] Running checks...
2026-05-31 20:47:58.403 [info] Running checks...
2026-05-31 20:48:29.380 [info] Running checks...
2026-05-31 20:49:10.947 [info] Running checks...
2026-05-31 20:49:32.919 [info] Running checks...
2026-05-31 20:49:33.982 [info] Running checks...
2026-05-31 20:49:47.664 [info] Running checks...
2026-05-31 20:50:01.115 [info] Running checks...
2026-05-31 20:51:08.953 [info] Running checks...
2026-05-31 20:52:14.750 [info] Running checks...
2026-05-31 20:52:56.819 [info] Running checks...
2026-05-31 20:53:07.564 [info] Running checks...
2026-05-31 20:53:31.439 [info] Running checks...
2026-05-31 20:53:49.506 [info] Running checks...
