2026-05-31 20:17:22.728 [info] Reading sessions from keychain...
2026-05-31 20:17:22.728 [info] Getting sessions for all scopes...
2026-05-31 20:17:22.734 [info] Got stored sessions!
2026-05-31 20:17:22.734 [info] Got 1 verified sessions.
2026-05-31 20:17:22.734 [info] Got 1 sessions for ...
2026-05-31 20:17:22.734 [info] Getting sessions for all scopes...
2026-05-31 20:17:22.734 [info] Got 1 sessions for ...
2026-05-31 20:17:22.734 [info] Getting sessions for all scopes...
2026-05-31 20:17:22.734 [info] Got 1 sessions for ...
2026-05-31 20:17:22.738 [info] Getting sessions for all scopes...
2026-05-31 20:17:22.738 [info] Got 1 sessions for ...
2026-05-31 20:17:24.752 [info] Getting sessions for all scopes...
2026-05-31 20:17:24.752 [info] Got 1 sessions for ...
2026-05-31 20:17:26.962 [info] Getting sessions for all scopes...
2026-05-31 20:17:26.962 [info] Got 1 sessions for ...
2026-05-31 20:17:26.962 [info] Getting sessions for all scopes...
2026-05-31 20:17:26.962 [info] Got 1 sessions for ...
2026-05-31 20:17:27.543 [info] Getting sessions for all scopes...
2026-05-31 20:17:27.543 [info] Got 1 sessions for ...
2026-05-31 20:17:27.544 [info] Getting sessions for all scopes...
2026-05-31 20:17:27.544 [info] Got 1 sessions for ...
2026-05-31 20:17:28.018 [info] Getting sessions for all scopes...
2026-05-31 20:17:28.018 [info] Got 1 sessions for ...
2026-05-31 20:17:28.018 [info] Getting sessions for all scopes...
2026-05-31 20:17:28.018 [info] Got 1 sessions for ...
2026-05-31 20:17:32.448 [info] Reading sessions from keychain...
2026-05-31 20:17:32.448 [info] Getting sessions for all scopes...
2026-05-31 20:17:32.474 [info] Got stored sessions!
2026-05-31 20:17:32.474 [info] Got 1 verified sessions.
2026-05-31 20:17:32.474 [info] Got 1 sessions for ...
2026-05-31 20:17:32.474 [info] Getting sessions for all scopes...
2026-05-31 20:17:32.474 [info] Got 1 sessions for ...
2026-05-31 20:17:32.578 [info] Getting sessions for all scopes...
2026-05-31 20:17:32.578 [info] Got 1 sessions for ...
2026-05-31 20:17:32.718 [info] Getting sessions for all scopes...
2026-05-31 20:17:32.718 [info] Got 1 sessions for ...
2026-05-31 20:17:32.930 [info] Getting sessions for read:user,repo,user:email,workflow...
2026-05-31 20:17:32.930 [info] Got 1 sessions for read:user,repo,user:email,workflow...
2026-05-31 20:17:34.137 [info] Getting sessions for all scopes...
2026-05-31 20:17:34.137 [info] Got 1 sessions for ...
2026-05-31 20:18:23.199 [info] Getting sessions for all scopes...
2026-05-31 20:18:23.199 [info] Got 1 sessions for ...
2026-05-31 20:18:23.200 [info] Getting sessions for all scopes...
2026-05-31 20:18:23.200 [info] Got 1 sessions for ...
2026-05-31 20:18:23.789 [info] Getting sessions for all scopes...
2026-05-31 20:18:23.790 [info] Got 1 sessions for ...
2026-05-31 20:18:23.790 [info] Getting sessions for all scopes...
2026-05-31 20:18:23.790 [info] Got 1 sessions for ...
2026-05-31 20:18:26.027 [info] Getting sessions for all scopes...
2026-05-31 20:18:26.027 [info] Got 1 sessions for ...
2026-05-31 20:18:26.027 [info] Getting sessions for all scopes...
2026-05-31 20:18:26.027 [info] Got 1 sessions for ...
2026-05-31 20:19:07.570 [info] Getting sessions for all scopes...
2026-05-31 20:19:07.570 [info] Got 1 sessions for ...
2026-05-31 20:19:07.571 [info] Getting sessions for all scopes...
2026-05-31 20:19:07.571 [info] Got 1 sessions for ...
2026-05-31 20:19:43.883 [info] Getting sessions for all scopes...
2026-05-31 20:19:43.883 [info] Got 1 sessions for ...
2026-05-31 20:19:43.883 [info] Getting sessions for all scopes...
2026-05-31 20:19:43.883 [info] Got 1 sessions for ...
2026-05-31 20:20:32.427 [info] Getting sessions for all scopes...
2026-05-31 20:20:32.427 [info] Got 1 sessions for ...
2026-05-31 20:20:32.427 [info] Getting sessions for all scopes...
2026-05-31 20:20:32.427 [info] Got 1 sessions for ...
2026-05-31 20:21:31.208 [info] Getting sessions for all scopes...
2026-05-31 20:21:31.208 [info] Got 1 sessions for ...
2026-05-31 20:21:31.208 [info] Getting sessions for all scopes...
2026-05-31 20:21:31.208 [info] Got 1 sessions for ...
2026-05-31 20:24:29.599 [info] Getting sessions for all scopes...
2026-05-31 20:24:29.599 [info] Got 1 sessions for ...
2026-05-31 20:24:29.599 [info] Getting sessions for all scopes...
2026-05-31 20:24:29.599 [info] Got 1 sessions for ...
2026-05-31 20:25:44.815 [info] Getting sessions for all scopes...
2026-05-31 20:25:44.815 [info] Got 1 sessions for ...
2026-05-31 20:25:44.816 [info] Getting sessions for all scopes...
2026-05-31 20:25:44.816 [info] Got 1 sessions for ...
2026-05-31 20:28:36.719 [info] Getting sessions for all scopes...
2026-05-31 20:28:36.719 [info] Got 1 sessions for ...
2026-05-31 20:28:36.719 [info] Getting sessions for all scopes...
2026-05-31 20:28:36.719 [info] Got 1 sessions for ...
2026-05-31 20:28:38.271 [info] Getting sessions for all scopes...
2026-05-31 20:28:38.272 [info] Got 1 sessions for ...
2026-05-31 20:28:38.272 [info] Getting sessions for all scopes...
2026-05-31 20:28:38.272 [info] Got 1 sessions for ...
2026-05-31 20:28:39.714 [info] Getting sessions for all scopes...
2026-05-31 20:28:39.714 [info] Got 1 sessions for ...
2026-05-31 20:28:39.714 [info] Getting sessions for all scopes...
2026-05-31 20:28:39.714 [info] Got 1 sessions for ...
2026-05-31 20:28:47.562 [info] Getting sessions for all scopes...
2026-05-31 20:28:47.562 [info] Got 1 sessions for ...
2026-05-31 20:28:47.563 [info] Getting sessions for all scopes...
2026-05-31 20:28:47.563 [info] Got 1 sessions for ...
2026-05-31 20:28:49.479 [info] Getting sessions for all scopes...
2026-05-31 20:28:49.479 [info] Got 1 sessions for ...
2026-05-31 20:28:49.479 [info] Getting sessions for all scopes...
2026-05-31 20:28:49.479 [info] Got 1 sessions for ...
2026-05-31 20:28:59.085 [info] Getting sessions for all scopes...
2026-05-31 20:28:59.085 [info] Got 1 sessions for ...
2026-05-31 20:28:59.085 [info] Getting sessions for all scopes...
2026-05-31 20:28:59.085 [info] Got 1 sessions for ...
2026-05-31 20:31:00.307 [info] Getting sessions for all scopes...
2026-05-31 20:31:00.307 [info] Got 1 sessions for ...
2026-05-31 20:31:00.308 [info] Getting sessions for all scopes...
2026-05-31 20:31:00.308 [info] Got 1 sessions for ...
2026-05-31 20:32:37.172 [info] Getting sessions for all scopes...
2026-05-31 20:32:37.172 [info] Got 1 sessions for ...
2026-05-31 20:32:37.172 [info] Getting sessions for all scopes...
2026-05-31 20:32:37.172 [info] Got 1 sessions for ...
2026-05-31 20:36:51.051 [info] Getting sessions for all scopes...
2026-05-31 20:36:51.051 [info] Got 1 sessions for ...
2026-05-31 20:36:51.051 [info] Getting sessions for all scopes...
2026-05-31 20:36:51.051 [info] Got 1 sessions for ...
2026-05-31 20:36:52.190 [info] Getting sessions for all scopes...
2026-05-31 20:36:52.190 [info] Got 1 sessions for ...
2026-05-31 20:36:52.190 [info] Getting sessions for all scopes...
2026-05-31 20:36:52.190 [info] Got 1 sessions for ...
2026-05-31 20:41:02.627 [info] Getting sessions for all scopes...
2026-05-31 20:41:02.627 [info] Got 1 sessions for ...
2026-05-31 20:41:02.627 [info] Getting sessions for all scopes...
2026-05-31 20:41:02.627 [info] Got 1 sessions for ...
2026-05-31 20:41:55.081 [info] Getting sessions for all scopes...
2026-05-31 20:41:55.081 [info] Got 1 sessions for ...
2026-05-31 20:41:55.082 [info] Getting sessions for all scopes...
2026-05-31 20:41:55.082 [info] Got 1 sessions for ...
2026-05-31 20:43:36.871 [info] Getting sessions for all scopes...
2026-05-31 20:43:36.871 [info] Got 1 sessions for ...
2026-05-31 20:43:36.872 [info] Getting sessions for all scopes...
2026-05-31 20:43:36.872 [info] Got 1 sessions for ...
2026-05-31 20:44:58.585 [info] Getting sessions for all scopes...
2026-05-31 20:44:58.585 [info] Got 1 sessions for ...
2026-05-31 20:44:58.586 [info] Getting sessions for all scopes...
2026-05-31 20:44:58.586 [info] Got 1 sessions for ...
2026-05-31 20:45:01.903 [info] Getting sessions for all scopes...
2026-05-31 20:45:01.903 [info] Got 1 sessions for ...
2026-05-31 20:45:01.903 [info] Getting sessions for all scopes...
2026-05-31 20:45:01.903 [info] Got 1 sessions for ...
2026-05-31 20:45:38.519 [info] Getting sessions for all scopes...
2026-05-31 20:45:38.519 [info] Got 1 sessions for ...
2026-05-31 20:45:38.519 [info] Getting sessions for all scopes...
2026-05-31 20:45:38.519 [info] Got 1 sessions for ...
2026-05-31 20:45:51.363 [info] Getting sessions for all scopes...
2026-05-31 20:45:51.363 [info] Got 1 sessions for ...
2026-05-31 20:45:51.363 [info] Getting sessions for all scopes...
2026-05-31 20:45:51.363 [info] Got 1 sessions for ...
2026-05-31 20:46:01.777 [info] Getting sessions for all scopes...
2026-05-31 20:46:01.777 [info] Got 1 sessions for ...
2026-05-31 20:46:01.777 [info] Getting sessions for all scopes...
2026-05-31 20:46:01.777 [info] Got 1 sessions for ...
2026-05-31 20:46:14.532 [info] Getting sessions for all scopes...
2026-05-31 20:46:14.532 [info] Got 1 sessions for ...
2026-05-31 20:46:14.533 [info] Getting sessions for all scopes...
2026-05-31 20:46:14.533 [info] Got 1 sessions for ...
2026-05-31 20:46:45.814 [info] Getting sessions for all scopes...
2026-05-31 20:46:45.814 [info] Got 1 sessions for ...
2026-05-31 20:46:45.815 [info] Getting sessions for all scopes...
2026-05-31 20:46:45.815 [info] Got 1 sessions for ...
2026-05-31 20:55:05.021 [info] Getting sessions for all scopes...
2026-05-31 20:55:05.021 [info] Got 1 sessions for ...
2026-05-31 20:55:05.021 [info] Getting sessions for all scopes...
2026-05-31 20:55:05.021 [info] Got 1 sessions for ...
2026-05-31 20:55:07.255 [info] Getting sessions for all scopes...
2026-05-31 20:55:07.255 [info] Got 1 sessions for ...
2026-05-31 20:55:07.255 [info] Getting sessions for all scopes...
2026-05-31 20:55:07.255 [info] Got 1 sessions for ...
2026-05-31 20:55:08.639 [info] Getting sessions for all scopes...
2026-05-31 20:55:08.639 [info] Got 1 sessions for ...
2026-05-31 20:55:08.639 [info] Getting sessions for all scopes...
2026-05-31 20:55:08.639 [info] Got 1 sessions for ...
