2026-05-31 12:06:24.623 [info] Reading sessions from keychain...
2026-05-31 12:06:24.623 [info] Getting sessions for all scopes...
2026-05-31 12:06:24.655 [info] Got stored sessions!
2026-05-31 12:06:24.655 [info] Got 1 verified sessions.
2026-05-31 12:06:24.655 [info] Got 1 sessions for ...
2026-05-31 12:06:24.655 [info] Getting sessions for all scopes...
2026-05-31 12:06:24.655 [info] Got 1 sessions for ...
2026-05-31 12:06:24.655 [info] Getting sessions for all scopes...
2026-05-31 12:06:24.655 [info] Got 1 sessions for ...
2026-05-31 12:06:24.693 [info] Getting sessions for all scopes...
2026-05-31 12:06:24.693 [info] Got 1 sessions for ...
2026-05-31 12:06:26.625 [info] Getting sessions for all scopes...
2026-05-31 12:06:26.625 [info] Got 1 sessions for ...
2026-05-31 12:06:29.102 [info] Getting sessions for all scopes...
2026-05-31 12:06:29.102 [info] Got 1 sessions for ...
2026-05-31 12:06:29.102 [info] Getting sessions for all scopes...
2026-05-31 12:06:29.102 [info] Got 1 sessions for ...
2026-05-31 12:06:41.082 [info] Getting sessions for all scopes...
2026-05-31 12:06:41.082 [info] Got 1 sessions for ...
2026-05-31 12:06:41.083 [info] Getting sessions for all scopes...
2026-05-31 12:06:41.083 [info] Got 1 sessions for ...
2026-05-31 12:06:42.615 [info] Reading sessions from keychain...
2026-05-31 12:06:42.615 [info] Getting sessions for all scopes...
2026-05-31 12:06:42.682 [info] Got stored sessions!
2026-05-31 12:06:42.682 [info] Got 1 verified sessions.
2026-05-31 12:06:42.682 [info] Got 1 sessions for ...
2026-05-31 12:06:42.682 [info] Getting sessions for all scopes...
2026-05-31 12:06:42.682 [info] Got 1 sessions for ...
2026-05-31 12:06:42.736 [info] Getting sessions for all scopes...
2026-05-31 12:06:42.736 [info] Got 1 sessions for ...
2026-05-31 12:06:42.744 [info] Getting sessions for all scopes...
2026-05-31 12:06:42.745 [info] Got 1 sessions for ...
2026-05-31 12:06:44.678 [info] Getting sessions for all scopes...
2026-05-31 12:06:44.678 [info] Got 1 sessions for ...
2026-05-31 12:08:02.155 [info] Getting sessions for all scopes...
2026-05-31 12:08:02.155 [info] Got 1 sessions for ...
2026-05-31 12:08:02.155 [info] Getting sessions for all scopes...
2026-05-31 12:08:02.155 [info] Got 1 sessions for ...
2026-05-31 12:09:13.337 [info] Getting sessions for all scopes...
2026-05-31 12:09:13.337 [info] Got 1 sessions for ...
2026-05-31 12:09:13.337 [info] Getting sessions for all scopes...
2026-05-31 12:09:13.337 [info] Got 1 sessions for ...
2026-05-31 12:09:29.757 [info] Getting sessions for all scopes...
2026-05-31 12:09:29.758 [info] Got 1 sessions for ...
2026-05-31 12:09:29.758 [info] Getting sessions for all scopes...
2026-05-31 12:09:29.758 [info] Got 1 sessions for ...
2026-05-31 12:10:25.156 [info] Getting sessions for all scopes...
2026-05-31 12:10:25.156 [info] Got 1 sessions for ...
2026-05-31 12:10:25.156 [info] Getting sessions for all scopes...
2026-05-31 12:10:25.156 [info] Got 1 sessions for ...
2026-05-31 12:10:47.450 [info] Getting sessions for all scopes...
2026-05-31 12:10:47.450 [info] Got 1 sessions for ...
2026-05-31 12:10:47.450 [info] Getting sessions for all scopes...
2026-05-31 12:10:47.450 [info] Got 1 sessions for ...
2026-05-31 12:10:56.602 [info] Getting sessions for all scopes...
2026-05-31 12:10:56.603 [info] Got 1 sessions for ...
2026-05-31 12:10:56.603 [info] Getting sessions for all scopes...
2026-05-31 12:10:56.603 [info] Got 1 sessions for ...
2026-05-31 12:11:10.624 [info] Getting sessions for all scopes...
2026-05-31 12:11:10.624 [info] Got 1 sessions for ...
2026-05-31 12:11:10.625 [info] Getting sessions for all scopes...
2026-05-31 12:11:10.625 [info] Got 1 sessions for ...
2026-05-31 12:11:26.607 [info] Getting sessions for all scopes...
2026-05-31 12:11:26.607 [info] Got 1 sessions for ...
2026-05-31 12:11:26.607 [info] Getting sessions for all scopes...
2026-05-31 12:11:26.607 [info] Got 1 sessions for ...
2026-05-31 12:11:39.792 [info] Getting sessions for all scopes...
2026-05-31 12:11:39.792 [info] Got 1 sessions for ...
2026-05-31 12:11:39.792 [info] Getting sessions for all scopes...
2026-05-31 12:11:39.792 [info] Got 1 sessions for ...
2026-05-31 12:13:13.838 [info] Getting sessions for all scopes...
2026-05-31 12:13:13.838 [info] Got 1 sessions for ...
2026-05-31 12:13:13.838 [info] Getting sessions for all scopes...
2026-05-31 12:13:13.838 [info] Got 1 sessions for ...
2026-05-31 12:13:53.790 [info] Getting sessions for all scopes...
2026-05-31 12:13:53.790 [info] Got 1 sessions for ...
2026-05-31 12:13:53.791 [info] Getting sessions for all scopes...
2026-05-31 12:13:53.791 [info] Got 1 sessions for ...
2026-05-31 12:14:18.339 [info] Getting sessions for all scopes...
2026-05-31 12:14:18.340 [info] Got 1 sessions for ...
2026-05-31 12:14:18.340 [info] Getting sessions for all scopes...
2026-05-31 12:14:18.340 [info] Got 1 sessions for ...
2026-05-31 12:15:06.019 [info] Getting sessions for all scopes...
2026-05-31 12:15:06.019 [info] Got 1 sessions for ...
2026-05-31 12:15:06.020 [info] Getting sessions for all scopes...
2026-05-31 12:15:06.020 [info] Got 1 sessions for ...
2026-05-31 12:15:13.681 [info] Getting sessions for all scopes...
2026-05-31 12:15:13.681 [info] Got 1 sessions for ...
2026-05-31 12:15:13.681 [info] Getting sessions for all scopes...
2026-05-31 12:15:13.681 [info] Got 1 sessions for ...
2026-05-31 12:16:17.156 [info] Getting sessions for all scopes...
2026-05-31 12:16:17.156 [info] Got 1 sessions for ...
2026-05-31 12:16:17.156 [info] Getting sessions for all scopes...
2026-05-31 12:16:17.156 [info] Got 1 sessions for ...
2026-05-31 12:17:12.876 [info] Getting sessions for all scopes...
2026-05-31 12:17:12.876 [info] Got 1 sessions for ...
2026-05-31 12:17:12.876 [info] Getting sessions for all scopes...
2026-05-31 12:17:12.876 [info] Got 1 sessions for ...
2026-05-31 12:23:09.940 [info] Getting sessions for all scopes...
2026-05-31 12:23:09.940 [info] Got 1 sessions for ...
2026-05-31 12:23:09.940 [info] Getting sessions for all scopes...
2026-05-31 12:23:09.940 [info] Got 1 sessions for ...
2026-05-31 12:24:21.491 [info] Getting sessions for all scopes...
2026-05-31 12:24:21.491 [info] Got 1 sessions for ...
2026-05-31 12:24:21.491 [info] Getting sessions for all scopes...
2026-05-31 12:24:21.491 [info] Got 1 sessions for ...
2026-05-31 12:24:41.163 [info] Getting sessions for all scopes...
2026-05-31 12:24:41.163 [info] Got 1 sessions for ...
2026-05-31 12:24:41.163 [info] Getting sessions for all scopes...
2026-05-31 12:24:41.163 [info] Got 1 sessions for ...
2026-05-31 12:24:45.468 [info] Getting sessions for all scopes...
2026-05-31 12:24:45.468 [info] Got 1 sessions for ...
2026-05-31 12:24:45.469 [info] Getting sessions for all scopes...
2026-05-31 12:24:45.469 [info] Got 1 sessions for ...
2026-05-31 12:25:13.494 [info] Getting sessions for all scopes...
2026-05-31 12:25:13.494 [info] Got 1 sessions for ...
2026-05-31 12:25:13.494 [info] Getting sessions for all scopes...
2026-05-31 12:25:13.494 [info] Got 1 sessions for ...
2026-05-31 12:25:22.933 [info] Getting sessions for all scopes...
2026-05-31 12:25:22.933 [info] Got 1 sessions for ...
2026-05-31 12:25:22.934 [info] Getting sessions for all scopes...
2026-05-31 12:25:22.934 [info] Got 1 sessions for ...
2026-05-31 12:25:55.842 [info] Getting sessions for all scopes...
2026-05-31 12:25:55.842 [info] Got 1 sessions for ...
2026-05-31 12:25:55.842 [info] Getting sessions for all scopes...
2026-05-31 12:25:55.842 [info] Got 1 sessions for ...
2026-05-31 12:26:02.509 [info] Getting sessions for all scopes...
2026-05-31 12:26:02.509 [info] Got 1 sessions for ...
2026-05-31 12:26:02.509 [info] Getting sessions for all scopes...
2026-05-31 12:26:02.509 [info] Got 1 sessions for ...
2026-05-31 12:29:01.732 [info] Getting sessions for all scopes...
2026-05-31 12:29:01.732 [info] Got 1 sessions for ...
2026-05-31 12:29:01.732 [info] Getting sessions for all scopes...
2026-05-31 12:29:01.733 [info] Got 1 sessions for ...
2026-05-31 12:33:49.046 [info] Getting sessions for all scopes...
2026-05-31 12:33:49.046 [info] Got 1 sessions for ...
2026-05-31 12:33:49.046 [info] Getting sessions for all scopes...
2026-05-31 12:33:49.046 [info] Got 1 sessions for ...
2026-05-31 12:34:12.616 [info] Getting sessions for all scopes...
2026-05-31 12:34:12.616 [info] Got 1 sessions for ...
2026-05-31 12:34:12.617 [info] Getting sessions for all scopes...
2026-05-31 12:34:12.617 [info] Got 1 sessions for ...
2026-05-31 12:34:28.661 [info] Getting sessions for all scopes...
2026-05-31 12:34:28.661 [info] Got 1 sessions for ...
2026-05-31 12:34:28.662 [info] Getting sessions for all scopes...
2026-05-31 12:34:28.662 [info] Got 1 sessions for ...
2026-05-31 12:35:09.378 [info] Getting sessions for all scopes...
2026-05-31 12:35:09.378 [info] Got 1 sessions for ...
2026-05-31 12:35:09.378 [info] Getting sessions for all scopes...
2026-05-31 12:35:09.378 [info] Got 1 sessions for ...
2026-05-31 12:36:29.566 [info] Getting sessions for all scopes...
2026-05-31 12:36:29.566 [info] Got 1 sessions for ...
2026-05-31 12:36:29.567 [info] Getting sessions for all scopes...
2026-05-31 12:36:29.567 [info] Got 1 sessions for ...
2026-05-31 12:36:30.770 [info] Getting sessions for all scopes...
2026-05-31 12:36:30.770 [info] Got 1 sessions for ...
2026-05-31 12:36:30.770 [info] Getting sessions for all scopes...
2026-05-31 12:36:30.770 [info] Got 1 sessions for ...
2026-05-31 12:36:33.367 [info] Getting sessions for all scopes...
2026-05-31 12:36:33.367 [info] Got 1 sessions for ...
2026-05-31 12:36:33.369 [info] Getting sessions for all scopes...
2026-05-31 12:36:33.369 [info] Got 1 sessions for ...
2026-05-31 12:36:34.146 [info] Getting sessions for all scopes...
2026-05-31 12:36:34.146 [info] Got 1 sessions for ...
2026-05-31 12:36:34.147 [info] Getting sessions for all scopes...
2026-05-31 12:36:34.147 [info] Got 1 sessions for ...
2026-05-31 12:36:35.318 [info] Getting sessions for all scopes...
2026-05-31 12:36:35.318 [info] Got 1 sessions for ...
2026-05-31 12:36:35.318 [info] Getting sessions for all scopes...
2026-05-31 12:36:35.318 [info] Got 1 sessions for ...
2026-05-31 12:38:04.142 [info] Getting sessions for all scopes...
2026-05-31 12:38:04.142 [info] Got 1 sessions for ...
2026-05-31 12:38:04.143 [info] Getting sessions for all scopes...
2026-05-31 12:38:04.143 [info] Got 1 sessions for ...
2026-05-31 12:38:37.486 [info] Getting sessions for all scopes...
2026-05-31 12:38:37.486 [info] Got 1 sessions for ...
2026-05-31 12:38:37.487 [info] Getting sessions for all scopes...
2026-05-31 12:38:37.487 [info] Got 1 sessions for ...
2026-05-31 12:38:55.737 [info] Getting sessions for all scopes...
2026-05-31 12:38:55.737 [info] Got 1 sessions for ...
2026-05-31 12:38:55.738 [info] Getting sessions for all scopes...
2026-05-31 12:38:55.738 [info] Got 1 sessions for ...
2026-05-31 12:39:48.824 [info] Getting sessions for all scopes...
2026-05-31 12:39:48.824 [info] Got 1 sessions for ...
2026-05-31 12:39:48.824 [info] Getting sessions for all scopes...
2026-05-31 12:39:48.824 [info] Got 1 sessions for ...
2026-05-31 12:39:59.624 [info] Getting sessions for all scopes...
2026-05-31 12:39:59.624 [info] Got 1 sessions for ...
2026-05-31 12:39:59.624 [info] Getting sessions for all scopes...
2026-05-31 12:39:59.624 [info] Got 1 sessions for ...
2026-05-31 12:40:00.012 [info] Getting sessions for all scopes...
2026-05-31 12:40:00.012 [info] Got 1 sessions for ...
2026-05-31 12:40:00.012 [info] Getting sessions for all scopes...
2026-05-31 12:40:00.012 [info] Got 1 sessions for ...
2026-05-31 12:41:56.180 [info] Getting sessions for all scopes...
2026-05-31 12:41:56.180 [info] Got 1 sessions for ...
2026-05-31 12:41:56.180 [info] Getting sessions for all scopes...
2026-05-31 12:41:56.180 [info] Got 1 sessions for ...
2026-05-31 12:42:38.509 [info] Getting sessions for all scopes...
2026-05-31 12:42:38.509 [info] Got 1 sessions for ...
2026-05-31 12:42:38.509 [info] Getting sessions for all scopes...
2026-05-31 12:42:38.509 [info] Got 1 sessions for ...
2026-05-31 12:44:07.627 [info] Getting sessions for all scopes...
2026-05-31 12:44:07.627 [info] Got 1 sessions for ...
2026-05-31 12:44:07.627 [info] Getting sessions for all scopes...
2026-05-31 12:44:07.627 [info] Got 1 sessions for ...
2026-05-31 12:44:18.489 [info] Getting sessions for all scopes...
2026-05-31 12:44:18.489 [info] Got 1 sessions for ...
2026-05-31 12:44:18.489 [info] Getting sessions for all scopes...
2026-05-31 12:44:18.489 [info] Got 1 sessions for ...
2026-05-31 12:44:19.676 [info] Getting sessions for all scopes...
2026-05-31 12:44:19.676 [info] Got 1 sessions for ...
2026-05-31 12:44:19.677 [info] Getting sessions for all scopes...
2026-05-31 12:44:19.677 [info] Got 1 sessions for ...
2026-05-31 12:44:24.099 [info] Getting sessions for all scopes...
2026-05-31 12:44:24.099 [info] Got 1 sessions for ...
2026-05-31 12:44:24.100 [info] Getting sessions for all scopes...
2026-05-31 12:44:24.100 [info] Got 1 sessions for ...
2026-05-31 12:44:28.138 [info] Getting sessions for all scopes...
2026-05-31 12:44:28.138 [info] Got 1 sessions for ...
2026-05-31 12:44:28.138 [info] Getting sessions for all scopes...
2026-05-31 12:44:28.138 [info] Got 1 sessions for ...
2026-05-31 12:44:46.021 [info] Getting sessions for all scopes...
2026-05-31 12:44:46.021 [info] Got 1 sessions for ...
2026-05-31 12:44:46.021 [info] Getting sessions for all scopes...
2026-05-31 12:44:46.021 [info] Got 1 sessions for ...
2026-05-31 12:45:49.324 [info] Getting sessions for all scopes...
2026-05-31 12:45:49.324 [info] Got 1 sessions for ...
2026-05-31 12:45:49.324 [info] Getting sessions for all scopes...
2026-05-31 12:45:49.324 [info] Got 1 sessions for ...
2026-05-31 12:46:15.889 [info] Getting sessions for all scopes...
2026-05-31 12:46:15.889 [info] Got 1 sessions for ...
2026-05-31 12:46:15.890 [info] Getting sessions for all scopes...
2026-05-31 12:46:15.890 [info] Got 1 sessions for ...
2026-05-31 12:46:25.726 [info] Getting sessions for all scopes...
2026-05-31 12:46:25.726 [info] Got 1 sessions for ...
2026-05-31 12:46:25.726 [info] Getting sessions for all scopes...
2026-05-31 12:46:25.726 [info] Got 1 sessions for ...
2026-05-31 12:46:49.639 [info] Getting sessions for all scopes...
2026-05-31 12:46:49.639 [info] Got 1 sessions for ...
2026-05-31 12:46:49.640 [info] Getting sessions for all scopes...
2026-05-31 12:46:49.640 [info] Got 1 sessions for ...
2026-05-31 12:47:28.938 [info] Getting sessions for all scopes...
2026-05-31 12:47:28.938 [info] Got 1 sessions for ...
2026-05-31 12:47:28.938 [info] Getting sessions for all scopes...
2026-05-31 12:47:28.938 [info] Got 1 sessions for ...
2026-05-31 12:48:07.658 [info] Getting sessions for all scopes...
2026-05-31 12:48:07.658 [info] Got 1 sessions for ...
2026-05-31 12:48:07.659 [info] Getting sessions for all scopes...
2026-05-31 12:48:07.659 [info] Got 1 sessions for ...
2026-05-31 12:48:20.722 [info] Getting sessions for all scopes...
2026-05-31 12:48:20.722 [info] Got 1 sessions for ...
2026-05-31 12:48:20.723 [info] Getting sessions for all scopes...
2026-05-31 12:48:20.723 [info] Got 1 sessions for ...
2026-05-31 12:48:24.657 [info] Getting sessions for all scopes...
2026-05-31 12:48:24.657 [info] Got 1 sessions for ...
2026-05-31 12:48:24.657 [info] Getting sessions for all scopes...
2026-05-31 12:48:24.657 [info] Got 1 sessions for ...
2026-05-31 12:50:27.914 [info] Getting sessions for all scopes...
2026-05-31 12:50:27.914 [info] Got 1 sessions for ...
2026-05-31 12:50:27.914 [info] Getting sessions for all scopes...
2026-05-31 12:50:27.914 [info] Got 1 sessions for ...
2026-05-31 12:50:51.530 [info] Getting sessions for all scopes...
2026-05-31 12:50:51.530 [info] Got 1 sessions for ...
2026-05-31 12:50:51.530 [info] Getting sessions for all scopes...
2026-05-31 12:50:51.530 [info] Got 1 sessions for ...
2026-05-31 12:51:42.400 [info] Getting sessions for all scopes...
2026-05-31 12:51:42.400 [info] Got 1 sessions for ...
2026-05-31 12:51:42.401 [info] Getting sessions for all scopes...
2026-05-31 12:51:42.401 [info] Got 1 sessions for ...
2026-05-31 12:51:44.025 [info] Getting sessions for all scopes...
2026-05-31 12:51:44.025 [info] Got 1 sessions for ...
2026-05-31 12:51:44.026 [info] Getting sessions for all scopes...
2026-05-31 12:51:44.026 [info] Got 1 sessions for ...
2026-05-31 12:51:45.117 [info] Getting sessions for all scopes...
2026-05-31 12:51:45.117 [info] Got 1 sessions for ...
2026-05-31 12:51:45.118 [info] Getting sessions for all scopes...
2026-05-31 12:51:45.118 [info] Got 1 sessions for ...
2026-05-31 12:52:21.156 [info] Getting sessions for all scopes...
2026-05-31 12:52:21.156 [info] Got 1 sessions for ...
2026-05-31 12:52:21.156 [info] Getting sessions for all scopes...
2026-05-31 12:52:21.156 [info] Got 1 sessions for ...
