2026-05-31 20:05:49.460 [info] [main] Log level: Info
2026-05-31 20:05:49.460 [info] [main] Validating found git in: "git"
2026-05-31 20:05:49.460 [info] [main] Using git "2.54.0" from "git"
2026-05-31 20:05:49.460 [info] [Model][doInitialScan] Initial repository scan started
2026-05-31 20:05:49.460 [info] > git rev-parse --show-toplevel [30ms]
2026-05-31 20:05:49.461 [info] > git rev-parse --git-dir --git-common-dir --show-superproject-working-tree [3ms]
2026-05-31 20:05:49.469 [info] [Model][openRepository] Opened repository (path): /home/maksim/Projects/Go/Project/chat
2026-05-31 20:05:49.469 [info] [Model][openRepository] Opened repository (real path): /home/maksim/Projects/Go/Project/chat
2026-05-31 20:05:49.469 [info] [Model][openRepository] Opened repository (kind): repository
2026-05-31 20:05:49.482 [info] > git rev-parse --show-toplevel [2ms]
2026-05-31 20:05:49.483 [info] > git config --get commit.template [6ms]
2026-05-31 20:05:49.483 [info] > git config --get --local core.virtualfilesystem [9ms]
2026-05-31 20:05:49.483 [warning] [Git][config] git config failed: Failed to execute git
2026-05-31 20:05:49.492 [info] > git rev-parse --show-toplevel [4ms]
2026-05-31 20:05:49.496 [info] > git for-each-ref --format=%(refname)%00%(upstream:short)%00%(objectname)%00%(upstream:track)%00%(upstream:remotename)%00%(upstream:remoteref) refs/heads/main refs/remotes/main [4ms]
2026-05-31 20:05:49.496 [info] > git rev-parse --show-toplevel [1ms]
2026-05-31 20:05:49.512 [info] > git status -z -uall [9ms]
2026-05-31 20:05:49.512 [info] > git for-each-ref --sort -committerdate --format %(refname)%00%(objectname)%00%(*objectname) [6ms]
2026-05-31 20:05:49.523 [info] > git rev-parse --show-toplevel [24ms]
2026-05-31 20:05:49.530 [info] > git for-each-ref --format=%(refname)%00%(upstream:short)%00%(objectname)%00%(upstream:track)%00%(upstream:remotename)%00%(upstream:remoteref) refs/heads/main refs/remotes/main [9ms]
2026-05-31 20:05:49.540 [info] > git config --get --local branch.main.vscode-merge-base [7ms]
2026-05-31 20:05:49.540 [warning] [Git][config] git config failed: Failed to execute git
2026-05-31 20:05:49.543 [info] > git rev-parse --show-toplevel [14ms]
2026-05-31 20:05:49.544 [info] > git config --get commit.template [17ms]
2026-05-31 20:05:49.551 [info] > git rev-parse --show-toplevel [4ms]
2026-05-31 20:05:49.554 [info] > git reflog main --grep-reflog=branch: Created from *. [11ms]
2026-05-31 20:05:49.558 [info] > git symbolic-ref --short refs/remotes/origin/HEAD [1ms]
2026-05-31 20:05:49.558 [info] fatal: ref refs/remotes/origin/HEAD is not a symbolic ref
2026-05-31 20:05:49.558 [warning] [Repository][getDefaultBranch] Failed to get default branch details: Failed to execute git.
2026-05-31 20:05:49.561 [info] > git rev-parse --show-toplevel [7ms]
2026-05-31 20:05:49.561 [info] > git for-each-ref --format=%(refname)%00%(upstream:short)%00%(objectname)%00%(upstream:track)%00%(upstream:remotename)%00%(upstream:remoteref) refs/heads/main refs/remotes/main [10ms]
2026-05-31 20:05:49.569 [info] > git merge-base refs/heads/main refs/remotes/origin/main [8ms]
2026-05-31 20:05:49.574 [info] > git diff --raw --numstat --diff-filter=ADMR -z --find-renames=50% 924eb078d61de1f34c1199acc1fd434be595772c...refs/remotes/origin/main -- [2ms]
2026-05-31 20:05:49.574 [info] > git rev-parse --show-toplevel [5ms]
2026-05-31 20:05:49.575 [info] [Model][doInitialScan] Initial repository scan completed - repositories (1), closed repositories (0), parent repositories (0), unsafe repositories (0)
2026-05-31 20:05:49.581 [info] > git status -z -uall [3ms]
2026-05-31 20:05:49.582 [info] > git for-each-ref --sort -committerdate --format %(refname)%00%(objectname)%00%(*objectname) [1ms]
2026-05-31 20:05:49.791 [info] > git check-ignore -v -z --stdin [1ms]
2026-05-31 20:05:49.799 [info] > git show --textconv :tests/chat_test.go [4ms]
2026-05-31 20:05:49.800 [info] > git ls-files --stage -- tests/chat_test.go [1ms]
2026-05-31 20:05:49.810 [info] > git cat-file -s 511440dde5d73f379dfcbbc1ef09e22d4ef5fab4 [2ms]
2026-05-31 20:05:49.842 [info] > git blame --root --incremental 924eb078d61de1f34c1199acc1fd434be595772c -- tests/chat_test.go [3ms]
2026-05-31 20:05:49.990 [info] > git check-ignore -v -z --stdin [1ms]
2026-05-31 20:08:27.329 [info] > git check-ignore -v -z --stdin [1ms]
2026-05-31 20:08:27.762 [info] > git check-ignore -v -z --stdin [1ms]
2026-05-31 20:08:31.752 [info] > git check-ignore -v -z --stdin [1ms]
2026-05-31 20:08:32.254 [info] > git check-ignore -v -z --stdin [2ms]
2026-05-31 20:08:34.666 [info] > git check-ignore -v -z --stdin [1ms]
2026-05-31 20:08:37.312 [info] > git config --get commit.template [3ms]
2026-05-31 20:08:37.313 [info] > git for-each-ref --format=%(refname)%00%(upstream:short)%00%(objectname)%00%(upstream:track)%00%(upstream:remotename)%00%(upstream:remoteref) refs/heads/main refs/remotes/main [1ms]
2026-05-31 20:08:37.318 [info] > git status -z -uall [3ms]
2026-05-31 20:08:37.319 [info] > git for-each-ref --sort -committerdate --format %(refname)%00%(objectname)%00%(*objectname) [1ms]
2026-05-31 20:13:12.431 [info] > git check-ignore -v -z --stdin [1ms]
2026-05-31 20:13:14.736 [info] > git check-ignore -v -z --stdin [1ms]
2026-05-31 20:13:14.745 [info] > git ls-files --stage -- config/config_local.yaml [1ms]
2026-05-31 20:13:14.770 [info] > git show --textconv :config/config_local.yaml [29ms]
2026-05-31 20:13:14.770 [info] > git cat-file -s 45908350f5e0d2b714a86c270a5d0aa72ffd9cad [22ms]
2026-05-31 20:13:14.789 [info] > git blame --root --incremental 924eb078d61de1f34c1199acc1fd434be595772c -- config/config_local.yaml [2ms]
2026-05-31 20:13:17.129 [info] > git check-ignore -v -z --stdin [1ms]
2026-05-31 20:13:18.770 [info] > git config --get commit.template [4ms]
2026-05-31 20:13:18.771 [info] > git for-each-ref --format=%(refname)%00%(upstream:short)%00%(objectname)%00%(upstream:track)%00%(upstream:remotename)%00%(upstream:remoteref) refs/heads/main refs/remotes/main [2ms]
2026-05-31 20:13:18.777 [info] > git status -z -uall [3ms]
2026-05-31 20:13:18.778 [info] > git for-each-ref --sort -committerdate --format %(refname)%00%(objectname)%00%(*objectname) [1ms]
2026-05-31 20:13:19.085 [info] > git check-ignore -v -z --stdin [1ms]
2026-05-31 20:13:21.054 [info] > git check-ignore -v -z --stdin [1ms]
2026-05-31 20:13:21.061 [info] > git ls-files --stage -- cmd/migrator/main.go [0ms]
2026-05-31 20:13:21.073 [info] > git cat-file -s 55c377959ebad34fdeffea21c74bb0aff82f7086 [8ms]
2026-05-31 20:13:21.074 [info] > git show --textconv :cmd/migrator/main.go [16ms]
2026-05-31 20:13:21.081 [info] > git blame --root --incremental 924eb078d61de1f34c1199acc1fd434be595772c -- cmd/migrator/main.go [2ms]
2026-05-31 20:13:21.968 [info] > git check-ignore -v -z --stdin [1ms]
2026-05-31 20:13:21.975 [info] > git ls-files --stage -- cmd/chat/main.go [1ms]
2026-05-31 20:13:22.002 [info] > git cat-file -s 7c2f225eb702c576f3541985270b072e932861bc [24ms]
2026-05-31 20:13:22.002 [info] > git show --textconv :cmd/chat/main.go [31ms]
2026-05-31 20:13:22.010 [info] > git blame --root --incremental 924eb078d61de1f34c1199acc1fd434be595772c -- cmd/chat/main.go [2ms]
2026-05-31 20:13:22.709 [info] > git check-ignore -v -z --stdin [1ms]
2026-05-31 20:13:22.717 [info] > git show --textconv :cmd/migrator/main.go [4ms]
2026-05-31 20:13:22.717 [info] > git ls-files --stage -- cmd/migrator/main.go [0ms]
2026-05-31 20:13:22.721 [info] > git cat-file -s 55c377959ebad34fdeffea21c74bb0aff82f7086 [1ms]
2026-05-31 20:13:25.924 [info] > git check-ignore -v -z --stdin [1ms]
2026-05-31 20:13:25.935 [info] > git ls-files --stage -- internal/config/config.go [1ms]
2026-05-31 20:13:25.961 [info] > git cat-file -s 887cebf353b03a65bcd9a1632ea4b1d799e439c5 [24ms]
2026-05-31 20:13:25.962 [info] > git show --textconv :internal/config/config.go [31ms]
2026-05-31 20:13:25.969 [info] > git blame --root --incremental 924eb078d61de1f34c1199acc1fd434be595772c -- internal/config/config.go [2ms]
2026-05-31 20:13:31.159 [info] > git check-ignore -v -z --stdin [1ms]
2026-05-31 20:13:33.326 [info] > git check-ignore -v -z --stdin [1ms]
2026-05-31 20:13:35.079 [info] > git check-ignore -v -z --stdin [1ms]
2026-05-31 20:13:35.086 [info] > git show --textconv :config/config_local.yaml [3ms]
2026-05-31 20:13:35.087 [info] > git ls-files --stage -- config/config_local.yaml [1ms]
2026-05-31 20:13:35.091 [info] > git cat-file -s 45908350f5e0d2b714a86c270a5d0aa72ffd9cad [1ms]
2026-05-31 20:13:41.347 [info] > git check-ignore -v -z --stdin [1ms]
2026-05-31 20:13:41.353 [info] > git show --textconv :internal/config/config.go [3ms]
2026-05-31 20:13:41.354 [info] > git ls-files --stage -- internal/config/config.go [1ms]
2026-05-31 20:13:41.357 [info] > git cat-file -s 887cebf353b03a65bcd9a1632ea4b1d799e439c5 [1ms]
2026-05-31 20:13:44.520 [info] > git check-ignore -v -z --stdin [1ms]
2026-05-31 20:13:45.080 [info] > git check-ignore -v -z --stdin [1ms]
2026-05-31 20:13:45.652 [info] > git check-ignore -v -z --stdin [1ms]
2026-05-31 20:13:46.507 [info] > git check-ignore -v -z --stdin [1ms]
2026-05-31 20:13:47.170 [info] > git check-ignore -v -z --stdin [2ms]
2026-05-31 20:13:47.611 [info] > git check-ignore -v -z --stdin [1ms]
2026-05-31 20:13:48.030 [info] > git check-ignore -v -z --stdin [1ms]
2026-05-31 20:13:48.290 [info] > git check-ignore -v -z --stdin [1ms]
2026-05-31 20:13:48.495 [info] > git check-ignore -v -z --stdin [1ms]
2026-05-31 20:13:48.917 [info] > git check-ignore -v -z --stdin [1ms]
2026-05-31 20:13:49.131 [info] > git check-ignore -v -z --stdin [1ms]
2026-05-31 20:13:49.818 [info] > git check-ignore -v -z --stdin [1ms]
2026-05-31 20:13:50.245 [info] > git check-ignore -v -z --stdin [1ms]
2026-05-31 20:13:50.559 [info] > git check-ignore -v -z --stdin [1ms]
2026-05-31 20:13:50.986 [info] > git check-ignore -v -z --stdin [1ms]
2026-05-31 20:13:51.745 [info] > git check-ignore -v -z --stdin [1ms]
2026-05-31 20:13:52.778 [info] > git config --get commit.template [3ms]
2026-05-31 20:13:52.779 [info] > git for-each-ref --format=%(refname)%00%(upstream:short)%00%(objectname)%00%(upstream:track)%00%(upstream:remotename)%00%(upstream:remoteref) refs/heads/main refs/remotes/main [1ms]
2026-05-31 20:13:52.785 [info] > git status -z -uall [3ms]
2026-05-31 20:13:52.786 [info] > git for-each-ref --sort -committerdate --format %(refname)%00%(objectname)%00%(*objectname) [1ms]
2026-05-31 20:13:53.205 [info] > git check-ignore -v -z --stdin [1ms]
2026-05-31 20:13:54.378 [info] > git check-ignore -v -z --stdin [1ms]
2026-05-31 20:13:55.946 [info] > git check-ignore -v -z --stdin [1ms]
2026-05-31 20:13:56.205 [info] > git check-ignore -v -z --stdin [1ms]
2026-05-31 20:13:57.454 [info] > git check-ignore -v -z --stdin [1ms]
2026-05-31 20:13:58.584 [info] > git check-ignore -v -z --stdin [1ms]
2026-05-31 20:14:00.370 [info] > git check-ignore -v -z --stdin [1ms]
2026-05-31 20:14:17.435 [info] > git check-ignore -v -z --stdin [1ms]
2026-05-31 20:14:17.856 [info] > git check-ignore -v -z --stdin [1ms]
2026-05-31 20:14:18.601 [info] > git check-ignore -v -z --stdin [2ms]
2026-05-31 20:14:19.770 [info] > git check-ignore -v -z --stdin [2ms]
2026-05-31 20:14:20.653 [info] > git config --get commit.template [3ms]
2026-05-31 20:14:20.654 [info] > git for-each-ref --format=%(refname)%00%(upstream:short)%00%(objectname)%00%(upstream:track)%00%(upstream:remotename)%00%(upstream:remoteref) refs/heads/main refs/remotes/main [1ms]
2026-05-31 20:14:20.660 [info] > git status -z -uall [3ms]
2026-05-31 20:14:20.661 [info] > git for-each-ref --sort -committerdate --format %(refname)%00%(objectname)%00%(*objectname) [1ms]
2026-05-31 20:14:22.533 [info] > git check-ignore -v -z --stdin [1ms]
2026-05-31 20:14:22.540 [info] > git show --textconv :config/config_local.yaml [3ms]
2026-05-31 20:14:22.540 [info] > git ls-files --stage -- config/config_local.yaml [1ms]
2026-05-31 20:14:22.544 [info] > git cat-file -s 45908350f5e0d2b714a86c270a5d0aa72ffd9cad [1ms]
2026-05-31 20:14:26.508 [info] > git check-ignore -v -z --stdin [1ms]
2026-05-31 20:14:26.517 [info] > git show --textconv :internal/config/config.go [3ms]
2026-05-31 20:14:26.518 [info] > git ls-files --stage -- internal/config/config.go [1ms]
2026-05-31 20:14:26.521 [info] > git cat-file -s 887cebf353b03a65bcd9a1632ea4b1d799e439c5 [1ms]
2026-05-31 20:15:10.164 [info] > git config --get commit.template [4ms]
2026-05-31 20:15:10.165 [info] > git for-each-ref --format=%(refname)%00%(upstream:short)%00%(objectname)%00%(upstream:track)%00%(upstream:remotename)%00%(upstream:remoteref) refs/heads/main refs/remotes/main [1ms]
2026-05-31 20:15:10.170 [info] > git status -z -uall [3ms]
2026-05-31 20:15:10.171 [info] > git for-each-ref --sort -committerdate --format %(refname)%00%(objectname)%00%(*objectname) [1ms]
2026-05-31 20:15:10.480 [info] > git check-ignore -v -z --stdin [1ms]
2026-05-31 20:15:17.966 [info] > git config --get commit.template [4ms]
2026-05-31 20:15:17.966 [info] > git for-each-ref --format=%(refname)%00%(upstream:short)%00%(objectname)%00%(upstream:track)%00%(upstream:remotename)%00%(upstream:remoteref) refs/heads/main refs/remotes/main [1ms]
2026-05-31 20:15:17.972 [info] > git status -z -uall [3ms]
2026-05-31 20:15:17.973 [info] > git for-each-ref --sort -committerdate --format %(refname)%00%(objectname)%00%(*objectname) [1ms]
2026-05-31 20:15:18.282 [info] > git check-ignore -v -z --stdin [1ms]
2026-05-31 20:15:19.433 [info] > git ls-files --stage -- internal/config/config.go [1ms]
2026-05-31 20:15:19.436 [info] > git cat-file -s 887cebf353b03a65bcd9a1632ea4b1d799e439c5 [0ms]
2026-05-31 20:15:19.441 [info] > git show --textconv :internal/config/config.go [1ms]
2026-05-31 20:15:26.908 [info] > git config --get commit.template [1ms]
2026-05-31 20:15:26.914 [info] > git for-each-ref --format=%(refname)%00%(upstream:short)%00%(objectname)%00%(upstream:track)%00%(upstream:remotename)%00%(upstream:remoteref) refs/heads/main refs/remotes/main [2ms]
2026-05-31 20:15:26.922 [info] > git status -z -uall [5ms]
2026-05-31 20:15:26.923 [info] > git for-each-ref --sort -committerdate --format %(refname)%00%(objectname)%00%(*objectname) [2ms]
2026-05-31 20:15:36.001 [info] > git check-ignore -v -z --stdin [1ms]
2026-05-31 20:15:36.574 [info] > git config --get commit.template [3ms]
2026-05-31 20:15:36.575 [info] > git for-each-ref --format=%(refname)%00%(upstream:short)%00%(objectname)%00%(upstream:track)%00%(upstream:remotename)%00%(upstream:remoteref) refs/heads/main refs/remotes/main [1ms]
2026-05-31 20:15:36.610 [info] > git status -z -uall [3ms]
2026-05-31 20:15:36.611 [info] > git for-each-ref --sort -committerdate --format %(refname)%00%(objectname)%00%(*objectname) [1ms]
2026-05-31 20:15:44.086 [info] > git check-ignore -v -z --stdin [2ms]
2026-05-31 20:15:44.653 [info] > git config --get commit.template [3ms]
2026-05-31 20:15:44.654 [info] > git for-each-ref --format=%(refname)%00%(upstream:short)%00%(objectname)%00%(upstream:track)%00%(upstream:remotename)%00%(upstream:remoteref) refs/heads/main refs/remotes/main [1ms]
2026-05-31 20:15:44.660 [info] > git status -z -uall [3ms]
2026-05-31 20:15:44.661 [info] > git for-each-ref --sort -committerdate --format %(refname)%00%(objectname)%00%(*objectname) [1ms]
2026-05-31 20:15:48.099 [info] > git check-ignore -v -z --stdin [1ms]
2026-05-31 20:15:48.106 [info] > git show --textconv :internal/clients/permissions/client.go [3ms]
2026-05-31 20:15:48.109 [info] > git ls-files --stage -- internal/clients/permissions/client.go [3ms]
2026-05-31 20:15:48.112 [info] > git hash-object -t tree /dev/null [3ms]
2026-05-31 20:15:48.112 [warning] [GitFileSystemProvider][readFile] File not found - git:/home/maksim/Projects/Go/Project/chat/internal/clients/permissions/client.go.git?%7B%22path%22%3A%22%2Fhome%2Fmaksim%2FProjects%2FGo%2FProject%2Fchat%2Finternal%2Fclients%2Fpermissions%2Fclient.go%22%2C%22ref%22%3A%22%22%7D
2026-05-31 20:15:48.113 [info] > git hash-object -t tree /dev/null [1ms]
2026-05-31 20:15:48.113 [warning] [GitFileSystemProvider][stat] File not found - git:/home/maksim/Projects/Go/Project/chat/internal/clients/permissions/client.go.git?%7B%22path%22%3A%22%2Fhome%2Fmaksim%2FProjects%2FGo%2FProject%2Fchat%2Finternal%2Fclients%2Fpermissions%2Fclient.go%22%2C%22ref%22%3A%22%22%7D
2026-05-31 20:15:48.118 [info] > git blame --root --incremental 924eb078d61de1f34c1199acc1fd434be595772c -- internal/clients/permissions/client.go [1ms]
2026-05-31 20:15:48.118 [info] fatal: no such path internal/clients/permissions/client.go in 924eb078d61de1f34c1199acc1fd434be595772c
2026-05-31 20:15:48.350 [info] > git check-ignore -v -z --stdin [1ms]
2026-05-31 20:15:49.669 [info] > git config --get commit.template [4ms]
2026-05-31 20:15:49.669 [info] > git for-each-ref --format=%(refname)%00%(upstream:short)%00%(objectname)%00%(upstream:track)%00%(upstream:remotename)%00%(upstream:remoteref) refs/heads/main refs/remotes/main [1ms]
2026-05-31 20:15:49.675 [info] > git status -z -uall [3ms]
2026-05-31 20:15:49.676 [info] > git for-each-ref --sort -committerdate --format %(refname)%00%(objectname)%00%(*objectname) [1ms]
2026-05-31 20:15:58.964 [info] > git config --get commit.template [3ms]
2026-05-31 20:15:58.964 [info] > git for-each-ref --format=%(refname)%00%(upstream:short)%00%(objectname)%00%(upstream:track)%00%(upstream:remotename)%00%(upstream:remoteref) refs/heads/main refs/remotes/main [1ms]
2026-05-31 20:15:58.970 [info] > git status -z -uall [3ms]
2026-05-31 20:15:58.971 [info] > git for-each-ref --sort -committerdate --format %(refname)%00%(objectname)%00%(*objectname) [1ms]
2026-05-31 20:16:38.650 [info] > git config --get commit.template [3ms]
2026-05-31 20:16:38.651 [info] > git for-each-ref --format=%(refname)%00%(upstream:short)%00%(objectname)%00%(upstream:track)%00%(upstream:remotename)%00%(upstream:remoteref) refs/heads/main refs/remotes/main [1ms]
2026-05-31 20:16:38.657 [info] > git status -z -uall [3ms]
2026-05-31 20:16:38.657 [info] > git for-each-ref --sort -committerdate --format %(refname)%00%(objectname)%00%(*objectname) [1ms]
2026-05-31 20:16:43.666 [info] > git config --get commit.template [4ms]
2026-05-31 20:16:43.666 [info] > git for-each-ref --format=%(refname)%00%(upstream:short)%00%(objectname)%00%(upstream:track)%00%(upstream:remotename)%00%(upstream:remoteref) refs/heads/main refs/remotes/main [1ms]
2026-05-31 20:16:43.672 [info] > git status -z -uall [3ms]
2026-05-31 20:16:43.673 [info] > git for-each-ref --sort -committerdate --format %(refname)%00%(objectname)%00%(*objectname) [1ms]
2026-05-31 20:16:48.681 [info] > git config --get commit.template [3ms]
2026-05-31 20:16:48.681 [info] > git for-each-ref --format=%(refname)%00%(upstream:short)%00%(objectname)%00%(upstream:track)%00%(upstream:remotename)%00%(upstream:remoteref) refs/heads/main refs/remotes/main [1ms]
2026-05-31 20:16:48.688 [info] > git status -z -uall [4ms]
2026-05-31 20:16:48.688 [info] > git for-each-ref --sort -committerdate --format %(refname)%00%(objectname)%00%(*objectname) [1ms]
2026-05-31 20:16:51.004 [info] > git check-ignore -v -z --stdin [1ms]
2026-05-31 20:16:51.011 [info] > git show --textconv :go.mod [4ms]
2026-05-31 20:16:51.011 [info] > git ls-files --stage -- go.mod [1ms]
2026-05-31 20:16:51.015 [info] > git cat-file -s c5367156765524a9dcb971795ab2edeab80324af [1ms]
2026-05-31 20:16:51.040 [info] > git blame --root --incremental 924eb078d61de1f34c1199acc1fd434be595772c -- go.mod [20ms]
2026-05-31 20:16:59.477 [info] > git check-ignore -v -z --stdin [0ms]
2026-05-31 20:17:02.484 [info] > git config --get commit.template [3ms]
2026-05-31 20:17:02.485 [info] > git for-each-ref --format=%(refname)%00%(upstream:short)%00%(objectname)%00%(upstream:track)%00%(upstream:remotename)%00%(upstream:remoteref) refs/heads/main refs/remotes/main [1ms]
2026-05-31 20:17:02.491 [info] > git status -z -uall [3ms]
2026-05-31 20:17:02.492 [info] > git for-each-ref --sort -committerdate --format %(refname)%00%(objectname)%00%(*objectname) [1ms]
2026-05-31 20:17:02.800 [info] > git check-ignore -v -z --stdin [1ms]
2026-05-31 20:17:09.137 [info] > git check-ignore -v -z --stdin [1ms]
2026-05-31 20:17:09.145 [info] > git ls-files --stage -- internal/domain/models/models.go [1ms]
2026-05-31 20:17:09.173 [info] > git cat-file -s a3fb9aa7a23a840230779c24bf605c44bf2edf17 [25ms]
2026-05-31 20:17:09.174 [info] > git show --textconv :internal/domain/models/models.go [33ms]
2026-05-31 20:17:09.184 [info] > git blame --root --incremental 924eb078d61de1f34c1199acc1fd434be595772c -- internal/domain/models/models.go [1ms]
2026-05-31 20:17:09.431 [info] > git check-ignore -v -z --stdin [1ms]
2026-05-31 20:17:17.883 [info] > git config --get commit.template [3ms]
2026-05-31 20:17:17.884 [info] > git for-each-ref --format=%(refname)%00%(upstream:short)%00%(objectname)%00%(upstream:track)%00%(upstream:remotename)%00%(upstream:remoteref) refs/heads/main refs/remotes/main [1ms]
2026-05-31 20:17:17.890 [info] > git status -z -uall [3ms]
2026-05-31 20:17:17.891 [info] > git for-each-ref --sort -committerdate --format %(refname)%00%(objectname)%00%(*objectname) [1ms]
2026-05-31 20:22:03.175 [info] > git config --get commit.template [3ms]
2026-05-31 20:22:03.176 [info] > git for-each-ref --format=%(refname)%00%(upstream:short)%00%(objectname)%00%(upstream:track)%00%(upstream:remotename)%00%(upstream:remoteref) refs/heads/main refs/remotes/main [1ms]
2026-05-31 20:22:03.182 [info] > git status -z -uall [3ms]
2026-05-31 20:22:03.182 [info] > git for-each-ref --sort -committerdate --format %(refname)%00%(objectname)%00%(*objectname) [1ms]
2026-05-31 20:22:20.885 [info] > git config --get commit.template [1ms]
2026-05-31 20:22:20.890 [info] > git for-each-ref --format=%(refname)%00%(upstream:short)%00%(objectname)%00%(upstream:track)%00%(upstream:remotename)%00%(upstream:remoteref) refs/heads/main refs/remotes/main [2ms]
2026-05-31 20:22:20.896 [info] > git status -z -uall [3ms]
2026-05-31 20:22:20.896 [info] > git for-each-ref --sort -committerdate --format %(refname)%00%(objectname)%00%(*objectname) [1ms]
2026-05-31 20:22:35.817 [info] > git config --get commit.template [3ms]
2026-05-31 20:22:35.818 [info] > git for-each-ref --format=%(refname)%00%(upstream:short)%00%(objectname)%00%(upstream:track)%00%(upstream:remotename)%00%(upstream:remoteref) refs/heads/main refs/remotes/main [1ms]
2026-05-31 20:22:35.824 [info] > git status -z -uall [3ms]
2026-05-31 20:22:35.825 [info] > git for-each-ref --sort -committerdate --format %(refname)%00%(objectname)%00%(*objectname) [1ms]
2026-05-31 20:22:57.188 [info] > git check-ignore -v -z --stdin [1ms]
2026-05-31 20:22:57.205 [info] > git ls-files --stage -- internal/services/chat/chat.go [1ms]
2026-05-31 20:22:57.218 [info] > git cat-file -s 5b2ff8ac5b7b907140b72f7d3771b79b4cdcaf6b [10ms]
2026-05-31 20:22:57.219 [info] > git show --textconv :internal/services/chat/chat.go [18ms]
2026-05-31 20:22:57.228 [info] > git blame --root --incremental 924eb078d61de1f34c1199acc1fd434be595772c -- internal/services/chat/chat.go [1ms]
2026-05-31 20:22:57.466 [info] > git check-ignore -v -z --stdin [1ms]
2026-05-31 20:23:10.485 [info] > git check-ignore -v -z --stdin [1ms]
2026-05-31 20:23:12.079 [info] > git check-ignore -v -z --stdin [1ms]
2026-05-31 20:23:12.740 [info] > git check-ignore -v -z --stdin [1ms]
2026-05-31 20:23:15.116 [info] > git check-ignore -v -z --stdin [1ms]
2026-05-31 20:23:15.677 [info] > git check-ignore -v -z --stdin [1ms]
2026-05-31 20:23:16.180 [info] > git check-ignore -v -z --stdin [1ms]
2026-05-31 20:23:17.492 [info] > git check-ignore -v -z --stdin [1ms]
2026-05-31 20:23:17.760 [info] > git check-ignore -v -z --stdin [1ms]
2026-05-31 20:23:18.080 [info] > git check-ignore -v -z --stdin [1ms]
2026-05-31 20:23:18.467 [info] > git check-ignore -v -z --stdin [1ms]
2026-05-31 20:23:19.808 [info] > git check-ignore -v -z --stdin [1ms]
2026-05-31 20:23:20.256 [info] > git check-ignore -v -z --stdin [1ms]
2026-05-31 20:23:20.643 [info] > git check-ignore -v -z --stdin [1ms]
2026-05-31 20:23:20.989 [info] > git check-ignore -v -z --stdin [1ms]
2026-05-31 20:23:21.325 [info] > git check-ignore -v -z --stdin [1ms]
2026-05-31 20:23:21.625 [info] > git check-ignore -v -z --stdin [1ms]
2026-05-31 20:23:22.849 [info] > git check-ignore -v -z --stdin [1ms]
2026-05-31 20:23:25.213 [info] > git check-ignore -v -z --stdin [1ms]
2026-05-31 20:23:25.421 [info] > git check-ignore -v -z --stdin [1ms]
2026-05-31 20:23:25.656 [info] > git check-ignore -v -z --stdin [2ms]
2026-05-31 20:23:25.996 [info] > git check-ignore -v -z --stdin [1ms]
2026-05-31 20:23:26.618 [info] > git check-ignore -v -z --stdin [1ms]
2026-05-31 20:23:28.179 [info] > git check-ignore -v -z --stdin [1ms]
2026-05-31 20:23:28.798 [info] > git check-ignore -v -z --stdin [1ms]
2026-05-31 20:23:29.012 [info] > git check-ignore -v -z --stdin [1ms]
2026-05-31 20:23:29.286 [info] > git check-ignore -v -z --stdin [1ms]
2026-05-31 20:23:29.579 [info] > git check-ignore -v -z --stdin [1ms]
2026-05-31 20:23:32.462 [info] > git check-ignore -v -z --stdin [1ms]
2026-05-31 20:23:33.010 [info] > git check-ignore -v -z --stdin [1ms]
2026-05-31 20:23:34.017 [info] > git check-ignore -v -z --stdin [1ms]
2026-05-31 20:23:34.907 [info] > git config --get commit.template [3ms]
2026-05-31 20:23:34.908 [info] > git for-each-ref --format=%(refname)%00%(upstream:short)%00%(objectname)%00%(upstream:track)%00%(upstream:remotename)%00%(upstream:remoteref) refs/heads/main refs/remotes/main [1ms]
2026-05-31 20:23:34.914 [info] > git status -z -uall [2ms]
2026-05-31 20:23:34.915 [info] > git for-each-ref --sort -committerdate --format %(refname)%00%(objectname)%00%(*objectname) [1ms]
2026-05-31 20:23:35.222 [info] > git check-ignore -v -z --stdin [1ms]
2026-05-31 20:23:45.333 [info] > git check-ignore -v -z --stdin [1ms]
2026-05-31 20:23:46.859 [info] > git check-ignore -v -z --stdin [1ms]
2026-05-31 20:23:47.173 [info] > git check-ignore -v -z --stdin [1ms]
2026-05-31 20:23:47.587 [info] > git check-ignore -v -z --stdin [1ms]
2026-05-31 20:23:49.083 [info] > git check-ignore -v -z --stdin [2ms]
2026-05-31 20:23:49.710 [info] > git check-ignore -v -z --stdin [1ms]
2026-05-31 20:23:51.204 [info] > git check-ignore -v -z --stdin [1ms]
2026-05-31 20:23:51.872 [info] > git check-ignore -v -z --stdin [1ms]
2026-05-31 20:23:52.476 [info] > git check-ignore -v -z --stdin [1ms]
2026-05-31 20:23:55.571 [info] > git config --get commit.template [5ms]
2026-05-31 20:23:55.572 [info] > git for-each-ref --format=%(refname)%00%(upstream:short)%00%(objectname)%00%(upstream:track)%00%(upstream:remotename)%00%(upstream:remoteref) refs/heads/main refs/remotes/main [2ms]
2026-05-31 20:23:55.579 [info] > git status -z -uall [4ms]
2026-05-31 20:23:55.579 [info] > git for-each-ref --sort -committerdate --format %(refname)%00%(objectname)%00%(*objectname) [1ms]
2026-05-31 20:23:55.886 [info] > git check-ignore -v -z --stdin [1ms]
2026-05-31 20:24:01.304 [info] > git check-ignore -v -z --stdin [1ms]
2026-05-31 20:24:03.412 [info] > git check-ignore -v -z --stdin [1ms]
2026-05-31 20:24:27.424 [info] > git config --get commit.template [4ms]
2026-05-31 20:24:27.425 [info] > git for-each-ref --format=%(refname)%00%(upstream:short)%00%(objectname)%00%(upstream:track)%00%(upstream:remotename)%00%(upstream:remoteref) refs/heads/main refs/remotes/main [1ms]
2026-05-31 20:24:27.431 [info] > git status -z -uall [4ms]
2026-05-31 20:24:27.432 [info] > git for-each-ref --sort -committerdate --format %(refname)%00%(objectname)%00%(*objectname) [2ms]
2026-05-31 20:24:27.739 [info] > git check-ignore -v -z --stdin [1ms]
2026-05-31 20:24:53.276 [info] > git check-ignore -v -z --stdin [1ms]
2026-05-31 20:24:55.337 [info] > git check-ignore -v -z --stdin [0ms]
2026-05-31 20:24:57.247 [info] > git config --get commit.template [3ms]
2026-05-31 20:24:57.248 [info] > git for-each-ref --format=%(refname)%00%(upstream:short)%00%(objectname)%00%(upstream:track)%00%(upstream:remotename)%00%(upstream:remoteref) refs/heads/main refs/remotes/main [1ms]
2026-05-31 20:24:57.254 [info] > git status -z -uall [3ms]
2026-05-31 20:24:57.255 [info] > git for-each-ref --sort -committerdate --format %(refname)%00%(objectname)%00%(*objectname) [1ms]
2026-05-31 20:24:57.561 [info] > git check-ignore -v -z --stdin [1ms]
2026-05-31 20:25:01.169 [info] > git check-ignore -v -z --stdin [1ms]
2026-05-31 20:25:01.176 [info] > git ls-files --stage -- internal/app/app.go [1ms]
2026-05-31 20:25:01.187 [info] > git show --textconv :internal/app/app.go [15ms]
2026-05-31 20:25:01.187 [info] > git cat-file -s 87da6f712f8dfcca6e12e2b37618961bc980642c [1ms]
2026-05-31 20:25:01.193 [info] > git blame --root --incremental 924eb078d61de1f34c1199acc1fd434be595772c -- internal/app/app.go [1ms]
2026-05-31 20:25:21.910 [info] > git check-ignore -v -z --stdin [1ms]
2026-05-31 20:25:21.920 [info] > git show --textconv :internal/services/chat/chat.go [3ms]
2026-05-31 20:25:21.921 [info] > git ls-files --stage -- internal/services/chat/chat.go [1ms]
2026-05-31 20:25:21.924 [info] > git cat-file -s 5b2ff8ac5b7b907140b72f7d3771b79b4cdcaf6b [1ms]
2026-05-31 20:25:31.743 [info] > git check-ignore -v -z --stdin [1ms]
2026-05-31 20:25:36.949 [info] > git check-ignore -v -z --stdin [1ms]
2026-05-31 20:25:38.546 [info] > git config --get commit.template [4ms]
2026-05-31 20:25:38.547 [info] > git for-each-ref --format=%(refname)%00%(upstream:short)%00%(objectname)%00%(upstream:track)%00%(upstream:remotename)%00%(upstream:remoteref) refs/heads/main refs/remotes/main [1ms]
2026-05-31 20:25:38.553 [info] > git status -z -uall [3ms]
2026-05-31 20:25:38.554 [info] > git for-each-ref --sort -committerdate --format %(refname)%00%(objectname)%00%(*objectname) [2ms]
2026-05-31 20:25:38.860 [info] > git check-ignore -v -z --stdin [0ms]
2026-05-31 20:28:11.149 [info] > git config --get commit.template [3ms]
2026-05-31 20:28:11.149 [info] > git for-each-ref --format=%(refname)%00%(upstream:short)%00%(objectname)%00%(upstream:track)%00%(upstream:remotename)%00%(upstream:remoteref) refs/heads/main refs/remotes/main [1ms]
2026-05-31 20:28:11.155 [info] > git status -z -uall [3ms]
2026-05-31 20:28:11.156 [info] > git for-each-ref --sort -committerdate --format %(refname)%00%(objectname)%00%(*objectname) [1ms]
2026-05-31 20:28:11.463 [info] > git check-ignore -v -z --stdin [1ms]
2026-05-31 20:29:44.592 [info] > git check-ignore -v -z --stdin [1ms]
2026-05-31 20:29:46.073 [info] > git check-ignore -v -z --stdin [1ms]
2026-05-31 20:29:47.368 [info] > git check-ignore -v -z --stdin [1ms]
2026-05-31 20:29:48.550 [info] > git check-ignore -v -z --stdin [1ms]
2026-05-31 20:29:48.815 [info] > git check-ignore -v -z --stdin [1ms]
2026-05-31 20:29:50.690 [info] > git check-ignore -v -z --stdin [1ms]
2026-05-31 20:29:55.190 [info] > git check-ignore -v -z --stdin [1ms]
2026-05-31 20:29:56.230 [info] > git check-ignore -v -z --stdin [1ms]
2026-05-31 20:29:56.720 [info] > git check-ignore -v -z --stdin [1ms]
2026-05-31 20:29:58.308 [info] > git check-ignore -v -z --stdin [1ms]
2026-05-31 20:29:58.560 [info] > git check-ignore -v -z --stdin [1ms]
2026-05-31 20:29:59.269 [info] > git check-ignore -v -z --stdin [1ms]
2026-05-31 20:30:18.059 [info] > git check-ignore -v -z --stdin [1ms]
2026-05-31 20:30:21.770 [info] > git check-ignore -v -z --stdin [1ms]
2026-05-31 20:30:27.365 [info] > git check-ignore -v -z --stdin [1ms]
2026-05-31 20:30:28.132 [info] > git check-ignore -v -z --stdin [1ms]
2026-05-31 20:30:29.864 [info] > git config --get commit.template [4ms]
2026-05-31 20:30:29.864 [info] > git for-each-ref --format=%(refname)%00%(upstream:short)%00%(objectname)%00%(upstream:track)%00%(upstream:remotename)%00%(upstream:remoteref) refs/heads/main refs/remotes/main [1ms]
2026-05-31 20:30:29.872 [info] > git status -z -uall [4ms]
2026-05-31 20:30:29.872 [info] > git for-each-ref --sort -committerdate --format %(refname)%00%(objectname)%00%(*objectname) [1ms]
2026-05-31 20:30:30.178 [info] > git check-ignore -v -z --stdin [1ms]
2026-05-31 20:30:49.994 [info] > git check-ignore -v -z --stdin [1ms]
2026-05-31 20:30:50.941 [info] > git check-ignore -v -z --stdin [1ms]
2026-05-31 20:30:51.136 [info] > git check-ignore -v -z --stdin [1ms]
2026-05-31 20:30:51.891 [info] > git check-ignore -v -z --stdin [1ms]
2026-05-31 20:30:54.741 [info] > git check-ignore -v -z --stdin [1ms]
2026-05-31 20:30:55.907 [info] > git check-ignore -v -z --stdin [1ms]
2026-05-31 20:30:56.248 [info] > git check-ignore -v -z --stdin [1ms]
2026-05-31 20:30:56.514 [info] > git check-ignore -v -z --stdin [1ms]
2026-05-31 20:30:57.057 [info] > git check-ignore -v -z --stdin [1ms]
2026-05-31 20:30:59.051 [info] > git check-ignore -v -z --stdin [1ms]
2026-05-31 20:31:40.387 [info] > git check-ignore -v -z --stdin [1ms]
2026-05-31 20:31:41.767 [info] > git check-ignore -v -z --stdin [1ms]
2026-05-31 20:31:50.170 [info] > git check-ignore -v -z --stdin [1ms]
2026-05-31 20:31:51.055 [info] > git config --get commit.template [4ms]
2026-05-31 20:31:51.056 [info] > git for-each-ref --format=%(refname)%00%(upstream:short)%00%(objectname)%00%(upstream:track)%00%(upstream:remotename)%00%(upstream:remoteref) refs/heads/main refs/remotes/main [2ms]
2026-05-31 20:31:51.062 [info] > git status -z -uall [4ms]
2026-05-31 20:31:51.062 [info] > git for-each-ref --sort -committerdate --format %(refname)%00%(objectname)%00%(*objectname) [1ms]
2026-05-31 20:31:51.369 [info] > git check-ignore -v -z --stdin [1ms]
2026-05-31 20:31:52.011 [info] > git check-ignore -v -z --stdin [1ms]
2026-05-31 20:31:52.876 [info] > git check-ignore -v -z --stdin [1ms]
2026-05-31 20:31:54.038 [info] > git check-ignore -v -z --stdin [2ms]
2026-05-31 20:31:54.224 [info] > git check-ignore -v -z --stdin [1ms]
2026-05-31 20:31:55.854 [info] > git check-ignore -v -z --stdin [1ms]
2026-05-31 20:31:56.201 [info] > git check-ignore -v -z --stdin [1ms]
2026-05-31 20:31:57.142 [info] > git check-ignore -v -z --stdin [1ms]
2026-05-31 20:31:57.528 [info] > git check-ignore -v -z --stdin [1ms]
2026-05-31 20:31:57.909 [info] > git check-ignore -v -z --stdin [1ms]
2026-05-31 20:31:58.483 [info] > git check-ignore -v -z --stdin [1ms]
2026-05-31 20:31:59.498 [info] > git check-ignore -v -z --stdin [1ms]
2026-05-31 20:31:59.791 [info] > git check-ignore -v -z --stdin [1ms]
2026-05-31 20:32:00.413 [info] > git check-ignore -v -z --stdin [1ms]
2026-05-31 20:32:00.672 [info] > git check-ignore -v -z --stdin [1ms]
2026-05-31 20:32:01.193 [info] > git check-ignore -v -z --stdin [2ms]
2026-05-31 20:32:01.467 [info] > git check-ignore -v -z --stdin [1ms]
2026-05-31 20:32:02.101 [info] > git check-ignore -v -z --stdin [1ms]
2026-05-31 20:32:02.611 [info] > git check-ignore -v -z --stdin [2ms]
2026-05-31 20:32:03.312 [info] > git check-ignore -v -z --stdin [1ms]
2026-05-31 20:32:03.600 [info] > git check-ignore -v -z --stdin [1ms]
2026-05-31 20:32:04.446 [info] > git check-ignore -v -z --stdin [1ms]
2026-05-31 20:32:05.055 [info] > git check-ignore -v -z --stdin [1ms]
2026-05-31 20:32:05.709 [info] > git check-ignore -v -z --stdin [1ms]
2026-05-31 20:32:06.450 [info] > git check-ignore -v -z --stdin [1ms]
2026-05-31 20:32:06.971 [info] > git check-ignore -v -z --stdin [1ms]
2026-05-31 20:32:07.265 [info] > git check-ignore -v -z --stdin [1ms]
2026-05-31 20:32:08.739 [info] > git check-ignore -v -z --stdin [1ms]
2026-05-31 20:32:09.046 [info] > git check-ignore -v -z --stdin [0ms]
2026-05-31 20:32:18.444 [info] > git check-ignore -v -z --stdin [1ms]
2026-05-31 20:32:20.995 [info] > git check-ignore -v -z --stdin [1ms]
2026-05-31 20:32:22.524 [info] > git check-ignore -v -z --stdin [1ms]
2026-05-31 20:32:23.406 [info] > git check-ignore -v -z --stdin [1ms]
2026-05-31 20:32:24.031 [info] > git check-ignore -v -z --stdin [1ms]
2026-05-31 20:32:24.521 [info] > git check-ignore -v -z --stdin [1ms]
2026-05-31 20:32:26.675 [info] > git check-ignore -v -z --stdin [1ms]
2026-05-31 20:32:27.596 [info] > git check-ignore -v -z --stdin [1ms]
2026-05-31 20:32:28.091 [info] > git check-ignore -v -z --stdin [1ms]
2026-05-31 20:32:28.331 [info] > git check-ignore -v -z --stdin [1ms]
2026-05-31 20:32:28.697 [info] > git check-ignore -v -z --stdin [1ms]
2026-05-31 20:32:31.661 [info] > git check-ignore -v -z --stdin [1ms]
2026-05-31 20:32:41.943 [info] > git check-ignore -v -z --stdin [1ms]
2026-05-31 20:32:42.715 [info] > git check-ignore -v -z --stdin [1ms]
2026-05-31 20:32:44.218 [info] > git check-ignore -v -z --stdin [1ms]
2026-05-31 20:32:45.172 [info] > git check-ignore -v -z --stdin [1ms]
2026-05-31 20:32:46.128 [info] > git check-ignore -v -z --stdin [1ms]
2026-05-31 20:32:49.612 [info] > git check-ignore -v -z --stdin [1ms]
2026-05-31 20:32:50.045 [info] > git check-ignore -v -z --stdin [1ms]
2026-05-31 20:32:50.305 [info] > git check-ignore -v -z --stdin [1ms]
2026-05-31 20:32:51.405 [info] > git check-ignore -v -z --stdin [1ms]
2026-05-31 20:32:51.793 [info] > git check-ignore -v -z --stdin [1ms]
2026-05-31 20:33:30.731 [info] > git check-ignore -v -z --stdin [0ms]
2026-05-31 20:33:31.585 [info] > git check-ignore -v -z --stdin [1ms]
2026-05-31 20:33:31.999 [info] > git check-ignore -v -z --stdin [1ms]
2026-05-31 20:33:32.359 [info] > git check-ignore -v -z --stdin [1ms]
2026-05-31 20:33:33.528 [info] > git check-ignore -v -z --stdin [1ms]
2026-05-31 20:33:34.190 [info] > git check-ignore -v -z --stdin [1ms]
2026-05-31 20:33:35.850 [info] > git check-ignore -v -z --stdin [1ms]
2026-05-31 20:33:36.230 [info] > git check-ignore -v -z --stdin [1ms]
2026-05-31 20:33:40.776 [info] > git check-ignore -v -z --stdin [1ms]
2026-05-31 20:34:00.904 [info] > git check-ignore -v -z --stdin [1ms]
2026-05-31 20:34:00.911 [info] > git show --textconv :internal/services/chat/chat.go [3ms]
2026-05-31 20:34:00.912 [info] > git ls-files --stage -- internal/services/chat/chat.go [1ms]
2026-05-31 20:34:00.915 [info] > git cat-file -s 5b2ff8ac5b7b907140b72f7d3771b79b4cdcaf6b [1ms]
2026-05-31 20:34:03.778 [info] > git check-ignore -v -z --stdin [1ms]
2026-05-31 20:34:03.990 [info] > git check-ignore -v -z --stdin [1ms]
2026-05-31 20:34:06.900 [info] > git check-ignore -v -z --stdin [1ms]
2026-05-31 20:34:11.406 [info] > git check-ignore -v -z --stdin [1ms]
2026-05-31 20:34:12.916 [info] > git check-ignore -v -z --stdin [0ms]
2026-05-31 20:34:13.595 [info] > git check-ignore -v -z --stdin [1ms]
2026-05-31 20:34:13.801 [info] > git check-ignore -v -z --stdin [0ms]
2026-05-31 20:34:14.302 [info] > git check-ignore -v -z --stdin [1ms]
2026-05-31 20:34:15.090 [info] > git check-ignore -v -z --stdin [1ms]
2026-05-31 20:34:15.303 [info] > git check-ignore -v -z --stdin [1ms]
2026-05-31 20:34:15.536 [info] > git check-ignore -v -z --stdin [1ms]
2026-05-31 20:34:20.291 [info] > git check-ignore -v -z --stdin [1ms]
2026-05-31 20:34:20.497 [info] > git check-ignore -v -z --stdin [1ms]
2026-05-31 20:34:20.718 [info] > git check-ignore -v -z --stdin [1ms]
2026-05-31 20:34:21.524 [info] > git check-ignore -v -z --stdin [1ms]
2026-05-31 20:34:21.745 [info] > git check-ignore -v -z --stdin [1ms]
2026-05-31 20:34:22.013 [info] > git check-ignore -v -z --stdin [1ms]
2026-05-31 20:34:27.948 [info] > git check-ignore -v -z --stdin [1ms]
2026-05-31 20:34:28.328 [info] > git check-ignore -v -z --stdin [1ms]
2026-05-31 20:34:28.574 [info] > git check-ignore -v -z --stdin [1ms]
2026-05-31 20:34:29.215 [info] > git check-ignore -v -z --stdin [1ms]
2026-05-31 20:34:29.556 [info] > git check-ignore -v -z --stdin [1ms]
2026-05-31 20:34:35.429 [info] > git check-ignore -v -z --stdin [1ms]
2026-05-31 20:34:35.436 [info] > git show --textconv :internal/app/app.go [3ms]
2026-05-31 20:34:35.436 [info] > git ls-files --stage -- internal/app/app.go [0ms]
2026-05-31 20:34:35.440 [info] > git cat-file -s 87da6f712f8dfcca6e12e2b37618961bc980642c [1ms]
2026-05-31 20:34:43.642 [info] > git check-ignore -v -z --stdin [1ms]
2026-05-31 20:34:43.648 [info] > git show --textconv :internal/services/chat/chat.go [3ms]
2026-05-31 20:34:43.649 [info] > git ls-files --stage -- internal/services/chat/chat.go [1ms]
2026-05-31 20:34:43.652 [info] > git cat-file -s 5b2ff8ac5b7b907140b72f7d3771b79b4cdcaf6b [1ms]
2026-05-31 20:34:49.043 [info] > git check-ignore -v -z --stdin [1ms]
2026-05-31 20:34:49.449 [info] > git check-ignore -v -z --stdin [1ms]
2026-05-31 20:34:50.419 [info] > git check-ignore -v -z --stdin [1ms]
2026-05-31 20:34:53.222 [info] > git check-ignore -v -z --stdin [1ms]
2026-05-31 20:34:54.429 [info] > git check-ignore -v -z --stdin [1ms]
2026-05-31 20:34:54.910 [info] > git check-ignore -v -z --stdin [1ms]
2026-05-31 20:34:56.274 [info] > git check-ignore -v -z --stdin [1ms]
2026-05-31 20:34:58.154 [info] > git check-ignore -v -z --stdin [1ms]
2026-05-31 20:34:58.374 [info] > git check-ignore -v -z --stdin [1ms]
2026-05-31 20:35:25.382 [info] > git check-ignore -v -z --stdin [1ms]
2026-05-31 20:35:25.797 [info] > git check-ignore -v -z --stdin [1ms]
2026-05-31 20:35:28.419 [info] > git check-ignore -v -z --stdin [1ms]
2026-05-31 20:35:28.806 [info] > git check-ignore -v -z --stdin [0ms]
2026-05-31 20:35:29.382 [info] > git check-ignore -v -z --stdin [1ms]
2026-05-31 20:35:33.821 [info] > git check-ignore -v -z --stdin [0ms]
2026-05-31 20:35:36.604 [info] > git check-ignore -v -z --stdin [1ms]
2026-05-31 20:35:37.084 [info] > git check-ignore -v -z --stdin [1ms]
2026-05-31 20:35:38.739 [info] > git check-ignore -v -z --stdin [1ms]
2026-05-31 20:35:39.034 [info] > git check-ignore -v -z --stdin [1ms]
2026-05-31 20:35:39.500 [info] > git check-ignore -v -z --stdin [1ms]
2026-05-31 20:35:43.191 [info] > git check-ignore -v -z --stdin [1ms]
2026-05-31 20:35:48.706 [info] > git check-ignore -v -z --stdin [1ms]
2026-05-31 20:35:49.574 [info] > git check-ignore -v -z --stdin [1ms]
2026-05-31 20:35:57.204 [info] > git check-ignore -v -z --stdin [1ms]
2026-05-31 20:35:57.511 [info] > git check-ignore -v -z --stdin [1ms]
2026-05-31 20:35:57.777 [info] > git check-ignore -v -z --stdin [1ms]
2026-05-31 20:35:58.192 [info] > git check-ignore -v -z --stdin [1ms]
2026-05-31 20:35:58.780 [info] > git check-ignore -v -z --stdin [1ms]
2026-05-31 20:35:59.179 [info] > git check-ignore -v -z --stdin [1ms]
2026-05-31 20:36:01.021 [info] > git check-ignore -v -z --stdin [1ms]
2026-05-31 20:36:03.719 [info] > git check-ignore -v -z --stdin [1ms]
2026-05-31 20:36:05.048 [info] > git check-ignore -v -z --stdin [1ms]
2026-05-31 20:36:19.937 [info] > git check-ignore -v -z --stdin [1ms]
2026-05-31 20:36:20.315 [info] > git check-ignore -v -z --stdin [1ms]
2026-05-31 20:36:22.217 [info] > git check-ignore -v -z --stdin [1ms]
2026-05-31 20:36:22.697 [info] > git check-ignore -v -z --stdin [1ms]
2026-05-31 20:36:23.498 [info] > git check-ignore -v -z --stdin [1ms]
2026-05-31 20:36:24.019 [info] > git check-ignore -v -z --stdin [1ms]
2026-05-31 20:36:24.340 [info] > git check-ignore -v -z --stdin [1ms]
2026-05-31 20:36:24.961 [info] > git check-ignore -v -z --stdin [1ms]
2026-05-31 20:36:26.082 [info] > git check-ignore -v -z --stdin [1ms]
2026-05-31 20:36:26.490 [info] > git check-ignore -v -z --stdin [1ms]
2026-05-31 20:36:27.706 [info] > git check-ignore -v -z --stdin [1ms]
2026-05-31 20:36:28.058 [info] > git check-ignore -v -z --stdin [1ms]
2026-05-31 20:36:34.117 [info] > git check-ignore -v -z --stdin [1ms]
2026-05-31 20:36:34.313 [info] > git check-ignore -v -z --stdin [1ms]
2026-05-31 20:36:35.047 [info] > git check-ignore -v -z --stdin [1ms]
2026-05-31 20:36:35.260 [info] > git check-ignore -v -z --stdin [1ms]
2026-05-31 20:36:35.675 [info] > git check-ignore -v -z --stdin [1ms]
2026-05-31 20:36:36.209 [info] > git check-ignore -v -z --stdin [1ms]
2026-05-31 20:36:36.702 [info] > git check-ignore -v -z --stdin [1ms]
2026-05-31 20:36:37.004 [info] > git check-ignore -v -z --stdin [2ms]
2026-05-31 20:36:37.243 [info] > git check-ignore -v -z --stdin [1ms]
2026-05-31 20:36:37.470 [info] > git check-ignore -v -z --stdin [1ms]
2026-05-31 20:36:39.990 [info] > git config --get commit.template [3ms]
2026-05-31 20:36:39.991 [info] > git for-each-ref --format=%(refname)%00%(upstream:short)%00%(objectname)%00%(upstream:track)%00%(upstream:remotename)%00%(upstream:remoteref) refs/heads/main refs/remotes/main [1ms]
2026-05-31 20:36:39.997 [info] > git status -z -uall [3ms]
2026-05-31 20:36:39.998 [info] > git for-each-ref --sort -committerdate --format %(refname)%00%(objectname)%00%(*objectname) [1ms]
2026-05-31 20:36:40.306 [info] > git check-ignore -v -z --stdin [1ms]
2026-05-31 20:36:41.835 [info] > git check-ignore -v -z --stdin [1ms]
2026-05-31 20:36:43.551 [info] > git check-ignore -v -z --stdin [1ms]
2026-05-31 20:36:43.846 [info] > git check-ignore -v -z --stdin [1ms]
2026-05-31 20:36:44.540 [info] > git check-ignore -v -z --stdin [1ms]
2026-05-31 20:36:44.819 [info] > git check-ignore -v -z --stdin [1ms]
2026-05-31 20:36:45.881 [info] > git check-ignore -v -z --stdin [1ms]
2026-05-31 20:36:46.154 [info] > git check-ignore -v -z --stdin [1ms]
2026-05-31 20:36:46.555 [info] > git check-ignore -v -z --stdin [1ms]
2026-05-31 20:36:49.126 [info] > git check-ignore -v -z --stdin [1ms]
2026-05-31 20:37:08.423 [info] > git check-ignore -v -z --stdin [1ms]
2026-05-31 20:37:08.679 [info] > git check-ignore -v -z --stdin [1ms]
2026-05-31 20:37:10.661 [info] > git config --get commit.template [4ms]
2026-05-31 20:37:10.661 [info] > git for-each-ref --format=%(refname)%00%(upstream:short)%00%(objectname)%00%(upstream:track)%00%(upstream:remotename)%00%(upstream:remoteref) refs/heads/main refs/remotes/main [1ms]
2026-05-31 20:37:10.667 [info] > git status -z -uall [3ms]
2026-05-31 20:37:10.668 [info] > git for-each-ref --sort -committerdate --format %(refname)%00%(objectname)%00%(*objectname) [1ms]
2026-05-31 20:37:10.974 [info] > git check-ignore -v -z --stdin [1ms]
2026-05-31 20:37:15.850 [info] > git check-ignore -v -z --stdin [1ms]
2026-05-31 20:37:16.219 [info] > git check-ignore -v -z --stdin [1ms]
2026-05-31 20:37:17.007 [info] > git check-ignore -v -z --stdin [1ms]
2026-05-31 20:37:17.582 [info] > git check-ignore -v -z --stdin [0ms]
2026-05-31 20:37:18.119 [info] > git check-ignore -v -z --stdin [0ms]
2026-05-31 20:37:19.002 [info] > git config --get commit.template [3ms]
2026-05-31 20:37:19.003 [info] > git for-each-ref --format=%(refname)%00%(upstream:short)%00%(objectname)%00%(upstream:track)%00%(upstream:remotename)%00%(upstream:remoteref) refs/heads/main refs/remotes/main [1ms]
2026-05-31 20:37:19.009 [info] > git status -z -uall [4ms]
2026-05-31 20:37:19.009 [info] > git for-each-ref --sort -committerdate --format %(refname)%00%(objectname)%00%(*objectname) [1ms]
2026-05-31 20:37:19.316 [info] > git check-ignore -v -z --stdin [1ms]
2026-05-31 20:37:24.666 [info] > git check-ignore -v -z --stdin [1ms]
2026-05-31 20:37:25.217 [info] > git check-ignore -v -z --stdin [1ms]
2026-05-31 20:37:25.532 [info] > git check-ignore -v -z --stdin [1ms]
2026-05-31 20:37:26.921 [info] > git config --get commit.template [4ms]
2026-05-31 20:37:26.921 [info] > git for-each-ref --format=%(refname)%00%(upstream:short)%00%(objectname)%00%(upstream:track)%00%(upstream:remotename)%00%(upstream:remoteref) refs/heads/main refs/remotes/main [1ms]
2026-05-31 20:37:26.926 [info] > git status -z -uall [2ms]
2026-05-31 20:37:26.927 [info] > git for-each-ref --sort -committerdate --format %(refname)%00%(objectname)%00%(*objectname) [1ms]
2026-05-31 20:37:27.234 [info] > git check-ignore -v -z --stdin [1ms]
2026-05-31 20:37:34.263 [info] > git check-ignore -v -z --stdin [1ms]
2026-05-31 20:37:36.437 [info] > git check-ignore -v -z --stdin [1ms]
2026-05-31 20:37:39.449 [info] > git check-ignore -v -z --stdin [1ms]
2026-05-31 20:37:42.492 [info] > git check-ignore -v -z --stdin [1ms]
2026-05-31 20:37:47.425 [info] > git check-ignore -v -z --stdin [1ms]
2026-05-31 20:37:51.217 [info] > git check-ignore -v -z --stdin [1ms]
2026-05-31 20:37:52.924 [info] > git check-ignore -v -z --stdin [1ms]
2026-05-31 20:37:55.795 [info] > git check-ignore -v -z --stdin [1ms]
2026-05-31 20:37:58.698 [info] > git check-ignore -v -z --stdin [1ms]
2026-05-31 20:38:02.509 [info] > git check-ignore -v -z --stdin [1ms]
2026-05-31 20:38:04.733 [info] > git config --get commit.template [3ms]
2026-05-31 20:38:04.734 [info] > git for-each-ref --format=%(refname)%00%(upstream:short)%00%(objectname)%00%(upstream:track)%00%(upstream:remotename)%00%(upstream:remoteref) refs/heads/main refs/remotes/main [1ms]
2026-05-31 20:38:04.740 [info] > git status -z -uall [3ms]
2026-05-31 20:38:04.740 [info] > git for-each-ref --sort -committerdate --format %(refname)%00%(objectname)%00%(*objectname) [1ms]
2026-05-31 20:38:05.046 [info] > git check-ignore -v -z --stdin [0ms]
2026-05-31 20:38:05.400 [info] > git check-ignore -v -z --stdin [1ms]
2026-05-31 20:38:09.752 [info] > git config --get commit.template [4ms]
2026-05-31 20:38:09.752 [info] > git for-each-ref --format=%(refname)%00%(upstream:short)%00%(objectname)%00%(upstream:track)%00%(upstream:remotename)%00%(upstream:remoteref) refs/heads/main refs/remotes/main [1ms]
2026-05-31 20:38:09.758 [info] > git status -z -uall [3ms]
2026-05-31 20:38:09.759 [info] > git for-each-ref --sort -committerdate --format %(refname)%00%(objectname)%00%(*objectname) [1ms]
2026-05-31 20:38:10.066 [info] > git check-ignore -v -z --stdin [1ms]
2026-05-31 20:38:21.474 [info] > git check-ignore -v -z --stdin [1ms]
2026-05-31 20:38:23.486 [info] > git check-ignore -v -z --stdin [0ms]
2026-05-31 20:38:24.729 [info] > git check-ignore -v -z --stdin [1ms]
2026-05-31 20:38:28.833 [info] > git check-ignore -v -z --stdin [1ms]
2026-05-31 20:38:29.253 [info] > git check-ignore -v -z --stdin [1ms]
2026-05-31 20:38:29.847 [info] > git check-ignore -v -z --stdin [1ms]
2026-05-31 20:38:33.145 [info] > git check-ignore -v -z --stdin [1ms]
2026-05-31 20:38:33.806 [info] > git check-ignore -v -z --stdin [1ms]
2026-05-31 20:38:42.419 [info] > git check-ignore -v -z --stdin [1ms]
2026-05-31 20:38:44.087 [info] > git config --get commit.template [3ms]
2026-05-31 20:38:44.088 [info] > git for-each-ref --format=%(refname)%00%(upstream:short)%00%(objectname)%00%(upstream:track)%00%(upstream:remotename)%00%(upstream:remoteref) refs/heads/main refs/remotes/main [1ms]
2026-05-31 20:38:44.094 [info] > git status -z -uall [3ms]
2026-05-31 20:38:44.094 [info] > git for-each-ref --sort -committerdate --format %(refname)%00%(objectname)%00%(*objectname) [0ms]
2026-05-31 20:38:44.401 [info] > git check-ignore -v -z --stdin [1ms]
2026-05-31 20:38:46.660 [info] > git check-ignore -v -z --stdin [1ms]
2026-05-31 20:38:47.365 [info] > git check-ignore -v -z --stdin [1ms]
2026-05-31 20:38:50.151 [info] > git check-ignore -v -z --stdin [1ms]
2026-05-31 20:38:50.742 [info] > git check-ignore -v -z --stdin [1ms]
2026-05-31 20:38:51.170 [info] > git check-ignore -v -z --stdin [1ms]
2026-05-31 20:38:53.274 [info] > git check-ignore -v -z --stdin [1ms]
2026-05-31 20:38:53.574 [info] > git check-ignore -v -z --stdin [1ms]
2026-05-31 20:38:55.010 [info] > git check-ignore -v -z --stdin [1ms]
2026-05-31 20:38:55.889 [info] > git check-ignore -v -z --stdin [0ms]
2026-05-31 20:39:07.807 [info] > git check-ignore -v -z --stdin [1ms]
2026-05-31 20:39:20.851 [info] > git check-ignore -v -z --stdin [1ms]
2026-05-31 20:39:21.558 [info] > git check-ignore -v -z --stdin [1ms]
2026-05-31 20:39:22.901 [info] > git check-ignore -v -z --stdin [1ms]
2026-05-31 20:39:23.249 [info] > git check-ignore -v -z --stdin [1ms]
2026-05-31 20:39:27.390 [info] > git check-ignore -v -z --stdin [1ms]
2026-05-31 20:39:27.417 [info] > git ls-files --stage -- internal/storage/storage.go [1ms]
2026-05-31 20:39:27.446 [info] > git cat-file -s fce785c8e370cf2033da959a12d8681caf9217c1 [26ms]
2026-05-31 20:39:27.446 [info] > git show --textconv :internal/storage/storage.go [33ms]
2026-05-31 20:39:29.293 [info] > git check-ignore -v -z --stdin [1ms]
2026-05-31 20:39:29.300 [info] > git ls-files --stage -- internal/storage/postgresql/pgsql.go [0ms]
2026-05-31 20:39:29.329 [info] > git cat-file -s 3ebd39462423df09d962fd87d2fbe2cdf5457c34 [26ms]
2026-05-31 20:39:29.330 [info] > git show --textconv :internal/storage/postgresql/pgsql.go [33ms]
2026-05-31 20:39:29.336 [info] > git blame --root --incremental 924eb078d61de1f34c1199acc1fd434be595772c -- internal/storage/postgresql/pgsql.go [2ms]
2026-05-31 20:39:29.747 [info] > git check-ignore -v -z --stdin [1ms]
2026-05-31 20:39:29.755 [info] > git ls-files --stage -- internal/storage/postgresql/chats.go [1ms]
2026-05-31 20:39:29.781 [info] > git cat-file -s 1e1a6d523e5e7e62de1cf578669fc9386cdfec1e [24ms]
2026-05-31 20:39:29.781 [info] > git show --textconv :internal/storage/postgresql/chats.go [30ms]
2026-05-31 20:39:29.792 [info] > git blame --root --incremental 924eb078d61de1f34c1199acc1fd434be595772c -- internal/storage/postgresql/chats.go [2ms]
2026-05-31 20:40:05.968 [info] > git check-ignore -v -z --stdin [1ms]
2026-05-31 20:40:05.975 [info] > git show --textconv :internal/config/config.go [3ms]
2026-05-31 20:40:05.976 [info] > git ls-files --stage -- internal/config/config.go [1ms]
2026-05-31 20:40:05.980 [info] > git cat-file -s 887cebf353b03a65bcd9a1632ea4b1d799e439c5 [1ms]
2026-05-31 20:40:12.498 [info] > git check-ignore -v -z --stdin [1ms]
2026-05-31 20:40:12.504 [info] > git show --textconv :internal/services/chat/chat.go [3ms]
2026-05-31 20:40:12.505 [info] > git ls-files --stage -- internal/services/chat/chat.go [1ms]
2026-05-31 20:40:12.509 [info] > git cat-file -s 5b2ff8ac5b7b907140b72f7d3771b79b4cdcaf6b [1ms]
2026-05-31 20:40:15.132 [info] > git check-ignore -v -z --stdin [1ms]
2026-05-31 20:40:16.281 [info] > git check-ignore -v -z --stdin [1ms]
2026-05-31 20:40:16.782 [info] > git check-ignore -v -z --stdin [1ms]
2026-05-31 20:40:22.322 [info] > git check-ignore -v -z --stdin [1ms]
2026-05-31 20:40:22.682 [info] > git check-ignore -v -z --stdin [1ms]
2026-05-31 20:40:23.799 [info] > git check-ignore -v -z --stdin [1ms]
2026-05-31 20:40:27.015 [info] > git check-ignore -v -z --stdin [0ms]
2026-05-31 20:40:27.910 [info] > git check-ignore -v -z --stdin [1ms]
2026-05-31 20:40:28.321 [info] > git check-ignore -v -z --stdin [1ms]
2026-05-31 20:40:33.151 [info] > git check-ignore -v -z --stdin [1ms]
2026-05-31 20:40:34.003 [info] > git check-ignore -v -z --stdin [1ms]
2026-05-31 20:40:50.399 [info] > git check-ignore -v -z --stdin [1ms]
2026-05-31 20:40:50.694 [info] > git check-ignore -v -z --stdin [1ms]
2026-05-31 20:40:53.121 [info] > git check-ignore -v -z --stdin [1ms]
2026-05-31 20:40:53.483 [info] > git check-ignore -v -z --stdin [1ms]
2026-05-31 20:40:54.444 [info] > git check-ignore -v -z --stdin [1ms]
2026-05-31 20:40:55.991 [info] > git config --get commit.template [0ms]
2026-05-31 20:40:55.995 [info] > git for-each-ref --format=%(refname)%00%(upstream:short)%00%(objectname)%00%(upstream:track)%00%(upstream:remotename)%00%(upstream:remoteref) refs/heads/main refs/remotes/main [1ms]
2026-05-31 20:40:56.001 [info] > git status -z -uall [3ms]
2026-05-31 20:40:56.001 [info] > git for-each-ref --sort -committerdate --format %(refname)%00%(objectname)%00%(*objectname) [0ms]
2026-05-31 20:40:56.308 [info] > git check-ignore -v -z --stdin [1ms]
2026-05-31 20:41:12.991 [info] > git check-ignore -v -z --stdin [1ms]
2026-05-31 20:41:13.614 [info] > git check-ignore -v -z --stdin [1ms]
2026-05-31 20:41:15.640 [info] > git check-ignore -v -z --stdin [1ms]
2026-05-31 20:41:18.101 [info] > git check-ignore -v -z --stdin [1ms]
2026-05-31 20:41:18.477 [info] > git check-ignore -v -z --stdin [1ms]
2026-05-31 20:41:18.973 [info] > git check-ignore -v -z --stdin [1ms]
2026-05-31 20:41:21.648 [info] > git check-ignore -v -z --stdin [1ms]
2026-05-31 20:41:22.154 [info] > git check-ignore -v -z --stdin [1ms]
2026-05-31 20:41:22.670 [info] > git check-ignore -v -z --stdin [1ms]
2026-05-31 20:41:22.904 [info] > git check-ignore -v -z --stdin [1ms]
2026-05-31 20:41:23.465 [info] > git check-ignore -v -z --stdin [1ms]
2026-05-31 20:41:27.985 [info] > git check-ignore -v -z --stdin [1ms]
2026-05-31 20:41:28.610 [info] > git check-ignore -v -z --stdin [1ms]
2026-05-31 20:41:29.226 [info] > git check-ignore -v -z --stdin [1ms]
2026-05-31 20:41:29.419 [info] > git check-ignore -v -z --stdin [1ms]
2026-05-31 20:41:31.149 [info] > git config --get commit.template [3ms]
2026-05-31 20:41:31.150 [info] > git for-each-ref --format=%(refname)%00%(upstream:short)%00%(objectname)%00%(upstream:track)%00%(upstream:remotename)%00%(upstream:remoteref) refs/heads/main refs/remotes/main [1ms]
2026-05-31 20:41:31.157 [info] > git status -z -uall [4ms]
2026-05-31 20:41:31.157 [info] > git for-each-ref --sort -committerdate --format %(refname)%00%(objectname)%00%(*objectname) [1ms]
2026-05-31 20:41:31.464 [info] > git check-ignore -v -z --stdin [1ms]
2026-05-31 20:41:37.062 [info] > git check-ignore -v -z --stdin [1ms]
2026-05-31 20:41:37.791 [info] > git check-ignore -v -z --stdin [1ms]
2026-05-31 20:41:38.305 [info] > git check-ignore -v -z --stdin [1ms]
2026-05-31 20:41:43.745 [info] > git check-ignore -v -z --stdin [1ms]
2026-05-31 20:41:43.958 [info] > git check-ignore -v -z --stdin [1ms]
2026-05-31 20:41:44.893 [info] > git check-ignore -v -z --stdin [1ms]
2026-05-31 20:41:45.272 [info] > git check-ignore -v -z --stdin [1ms]
2026-05-31 20:41:48.731 [info] > git check-ignore -v -z --stdin [1ms]
2026-05-31 20:41:48.977 [info] > git check-ignore -v -z --stdin [1ms]
2026-05-31 20:41:49.420 [info] > git check-ignore -v -z --stdin [1ms]
2026-05-31 20:41:51.395 [info] > git config --get commit.template [3ms]
2026-05-31 20:41:51.396 [info] > git for-each-ref --format=%(refname)%00%(upstream:short)%00%(objectname)%00%(upstream:track)%00%(upstream:remotename)%00%(upstream:remoteref) refs/heads/main refs/remotes/main [1ms]
2026-05-31 20:41:51.402 [info] > git status -z -uall [3ms]
2026-05-31 20:41:51.403 [info] > git for-each-ref --sort -committerdate --format %(refname)%00%(objectname)%00%(*objectname) [1ms]
2026-05-31 20:41:51.709 [info] > git check-ignore -v -z --stdin [1ms]
2026-05-31 20:42:11.242 [info] > git check-ignore -v -z --stdin [1ms]
2026-05-31 20:42:12.023 [info] > git check-ignore -v -z --stdin [1ms]
2026-05-31 20:42:12.572 [info] > git check-ignore -v -z --stdin [1ms]
2026-05-31 20:42:16.394 [info] > git check-ignore -v -z --stdin [1ms]
2026-05-31 20:42:16.748 [info] > git check-ignore -v -z --stdin [0ms]
2026-05-31 20:42:17.243 [info] > git check-ignore -v -z --stdin [1ms]
2026-05-31 20:42:17.997 [info] > git check-ignore -v -z --stdin [1ms]
2026-05-31 20:42:19.573 [info] > git check-ignore -v -z --stdin [1ms]
2026-05-31 20:42:19.819 [info] > git check-ignore -v -z --stdin [1ms]
2026-05-31 20:42:20.820 [info] > git check-ignore -v -z --stdin [1ms]
2026-05-31 20:42:22.798 [info] > git check-ignore -v -z --stdin [1ms]
2026-05-31 20:42:23.110 [info] > git check-ignore -v -z --stdin [1ms]
2026-05-31 20:42:23.871 [info] > git check-ignore -v -z --stdin [1ms]
2026-05-31 20:42:25.301 [info] > git config --get commit.template [3ms]
2026-05-31 20:42:25.302 [info] > git for-each-ref --format=%(refname)%00%(upstream:short)%00%(objectname)%00%(upstream:track)%00%(upstream:remotename)%00%(upstream:remoteref) refs/heads/main refs/remotes/main [1ms]
2026-05-31 20:42:25.308 [info] > git status -z -uall [3ms]
2026-05-31 20:42:25.309 [info] > git for-each-ref --sort -committerdate --format %(refname)%00%(objectname)%00%(*objectname) [1ms]
2026-05-31 20:42:25.615 [info] > git check-ignore -v -z --stdin [1ms]
2026-05-31 20:42:38.076 [info] > git check-ignore -v -z --stdin [1ms]
2026-05-31 20:42:43.046 [info] > git check-ignore -v -z --stdin [1ms]
2026-05-31 20:42:43.720 [info] > git check-ignore -v -z --stdin [1ms]
2026-05-31 20:42:44.612 [info] > git check-ignore -v -z --stdin [1ms]
2026-05-31 20:42:45.560 [info] > git check-ignore -v -z --stdin [1ms]
2026-05-31 20:42:46.449 [info] > git check-ignore -v -z --stdin [2ms]
2026-05-31 20:42:46.695 [info] > git check-ignore -v -z --stdin [1ms]
2026-05-31 20:42:47.596 [info] > git check-ignore -v -z --stdin [1ms]
2026-05-31 20:42:49.153 [info] > git check-ignore -v -z --stdin [1ms]
2026-05-31 20:42:50.133 [info] > git check-ignore -v -z --stdin [1ms]
2026-05-31 20:42:51.275 [info] > git check-ignore -v -z --stdin [1ms]
2026-05-31 20:42:51.897 [info] > git check-ignore -v -z --stdin [1ms]
2026-05-31 20:42:54.139 [info] > git check-ignore -v -z --stdin [1ms]
2026-05-31 20:42:55.854 [info] > git check-ignore -v -z --stdin [1ms]
2026-05-31 20:42:57.643 [info] > git check-ignore -v -z --stdin [1ms]
2026-05-31 20:42:59.157 [info] > git config --get commit.template [4ms]
2026-05-31 20:42:59.157 [info] > git for-each-ref --format=%(refname)%00%(upstream:short)%00%(objectname)%00%(upstream:track)%00%(upstream:remotename)%00%(upstream:remoteref) refs/heads/main refs/remotes/main [1ms]
2026-05-31 20:42:59.163 [info] > git status -z -uall [3ms]
2026-05-31 20:42:59.164 [info] > git for-each-ref --sort -committerdate --format %(refname)%00%(objectname)%00%(*objectname) [1ms]
2026-05-31 20:42:59.471 [info] > git check-ignore -v -z --stdin [1ms]
2026-05-31 20:43:29.730 [info] > git config --get commit.template [3ms]
2026-05-31 20:43:29.731 [info] > git for-each-ref --format=%(refname)%00%(upstream:short)%00%(objectname)%00%(upstream:track)%00%(upstream:remotename)%00%(upstream:remoteref) refs/heads/main refs/remotes/main [1ms]
2026-05-31 20:43:29.737 [info] > git status -z -uall [3ms]
2026-05-31 20:43:29.738 [info] > git for-each-ref --sort -committerdate --format %(refname)%00%(objectname)%00%(*objectname) [1ms]
2026-05-31 20:43:30.049 [info] > git check-ignore -v -z --stdin [1ms]
2026-05-31 20:43:51.617 [info] > git check-ignore -v -z --stdin [1ms]
2026-05-31 20:43:51.624 [info] > git show --textconv :internal/services/chat/chat.go [3ms]
2026-05-31 20:43:51.624 [info] > git ls-files --stage -- internal/services/chat/chat.go [0ms]
2026-05-31 20:43:51.628 [info] > git cat-file -s 5b2ff8ac5b7b907140b72f7d3771b79b4cdcaf6b [1ms]
2026-05-31 20:43:53.219 [info] > git check-ignore -v -z --stdin [1ms]
2026-05-31 20:43:53.227 [info] > git ls-files --stage -- internal/grpc/chat/server.go [1ms]
2026-05-31 20:43:53.264 [info] > git show --textconv :internal/grpc/chat/server.go [41ms]
2026-05-31 20:43:53.264 [info] > git cat-file -s 121216754a92565b206fe3d697a3a64a6f195cef [34ms]
2026-05-31 20:43:53.272 [info] > git blame --root --incremental 924eb078d61de1f34c1199acc1fd434be595772c -- internal/grpc/chat/server.go [1ms]
2026-05-31 20:43:53.511 [info] > git check-ignore -v -z --stdin [1ms]
2026-05-31 20:43:56.937 [info] > git check-ignore -v -z --stdin [1ms]
2026-05-31 20:43:56.945 [info] > git ls-files --stage -- .gitignore [1ms]
2026-05-31 20:43:56.966 [info] > git cat-file -s 65d7bf492b64cb32a82d3644d23e1fbd64224806 [19ms]
2026-05-31 20:43:56.966 [info] > git show --textconv :.gitignore [25ms]
2026-05-31 20:43:57.324 [info] > git check-ignore -v -z --stdin [3ms]
2026-05-31 20:43:57.333 [info] > git ls-files --stage -- tests/helpers.go [1ms]
2026-05-31 20:43:57.357 [info] > git cat-file -s 4327eef4753632c50be2be605aa0264b65083c00 [21ms]
2026-05-31 20:43:57.357 [info] > git show --textconv :tests/helpers.go [28ms]
2026-05-31 20:43:57.363 [info] > git blame --root --incremental 924eb078d61de1f34c1199acc1fd434be595772c -- tests/helpers.go [1ms]
2026-05-31 20:43:57.733 [info] > git check-ignore -v -z --stdin [0ms]
2026-05-31 20:43:57.741 [info] > git ls-files --stage -- tests/create_chat_test.go [1ms]
2026-05-31 20:43:57.770 [info] > git cat-file -s 23f1220e0a2dc577d994e7e6a8d64e64258c9aff [26ms]
2026-05-31 20:43:57.770 [info] > git show --textconv :tests/create_chat_test.go [33ms]
2026-05-31 20:43:57.777 [info] > git blame --root --incremental 924eb078d61de1f34c1199acc1fd434be595772c -- tests/create_chat_test.go [1ms]
2026-05-31 20:43:58.477 [info] > git check-ignore -v -z --stdin [1ms]
2026-05-31 20:43:58.484 [info] > git show --textconv :tests/chat_test.go [3ms]
2026-05-31 20:43:58.484 [info] > git ls-files --stage -- tests/chat_test.go [1ms]
2026-05-31 20:43:58.488 [info] > git cat-file -s 511440dde5d73f379dfcbbc1ef09e22d4ef5fab4 [1ms]
2026-05-31 20:43:59.038 [info] > git check-ignore -v -z --stdin [1ms]
2026-05-31 20:43:59.049 [info] > git show --textconv :tests/create_chat_test.go [4ms]
2026-05-31 20:43:59.049 [info] > git ls-files --stage -- tests/create_chat_test.go [1ms]
2026-05-31 20:43:59.053 [info] > git cat-file -s 23f1220e0a2dc577d994e7e6a8d64e64258c9aff [1ms]
2026-05-31 20:43:59.535 [info] > git check-ignore -v -z --stdin [1ms]
2026-05-31 20:43:59.542 [info] > git show --textconv :tests/helpers.go [4ms]
2026-05-31 20:43:59.542 [info] > git ls-files --stage -- tests/helpers.go [0ms]
2026-05-31 20:43:59.546 [info] > git cat-file -s 4327eef4753632c50be2be605aa0264b65083c00 [1ms]
2026-05-31 20:44:00.177 [info] > git check-ignore -v -z --stdin [1ms]
2026-05-31 20:44:00.184 [info] > git show --textconv :go.mod [3ms]
2026-05-31 20:44:00.184 [info] > git ls-files --stage -- go.mod [1ms]
2026-05-31 20:44:00.188 [info] > git cat-file -s c5367156765524a9dcb971795ab2edeab80324af [1ms]
2026-05-31 20:44:02.218 [info] > git check-ignore -v -z --stdin [1ms]
2026-05-31 20:44:02.226 [info] > git ls-files --stage -- Makefile [1ms]
2026-05-31 20:44:02.249 [info] > git show --textconv :Makefile [27ms]
2026-05-31 20:44:02.249 [info] > git cat-file -s d5b5b35e7d3b725e8fc363e731372ec41dbef963 [21ms]
2026-05-31 20:44:02.256 [info] > git blame --root --incremental 924eb078d61de1f34c1199acc1fd434be595772c -- Makefile [1ms]
2026-05-31 20:44:03.879 [info] > git check-ignore -v -z --stdin [1ms]
2026-05-31 20:44:04.317 [info] > git check-ignore -v -z --stdin [1ms]
2026-05-31 20:44:05.885 [info] > git config --get commit.template [4ms]
2026-05-31 20:44:05.885 [info] > git for-each-ref --format=%(refname)%00%(upstream:short)%00%(objectname)%00%(upstream:track)%00%(upstream:remotename)%00%(upstream:remoteref) refs/heads/main refs/remotes/main [1ms]
2026-05-31 20:44:05.892 [info] > git status -z -uall [3ms]
2026-05-31 20:44:05.892 [info] > git for-each-ref --sort -committerdate --format %(refname)%00%(objectname)%00%(*objectname) [1ms]
2026-05-31 20:44:06.199 [info] > git check-ignore -v -z --stdin [1ms]
2026-05-31 20:44:19.063 [info] > git check-ignore -v -z --stdin [1ms]
2026-05-31 20:44:19.551 [info] > git check-ignore -v -z --stdin [1ms]
2026-05-31 20:44:19.763 [info] > git check-ignore -v -z --stdin [1ms]
2026-05-31 20:44:20.472 [info] > git check-ignore -v -z --stdin [1ms]
2026-05-31 20:44:22.294 [info] > git check-ignore -v -z --stdin [1ms]
2026-05-31 20:44:23.739 [info] > git config --get commit.template [4ms]
2026-05-31 20:44:23.740 [info] > git for-each-ref --format=%(refname)%00%(upstream:short)%00%(objectname)%00%(upstream:track)%00%(upstream:remotename)%00%(upstream:remoteref) refs/heads/main refs/remotes/main [1ms]
2026-05-31 20:44:23.746 [info] > git status -z -uall [3ms]
2026-05-31 20:44:23.747 [info] > git for-each-ref --sort -committerdate --format %(refname)%00%(objectname)%00%(*objectname) [1ms]
2026-05-31 20:44:24.053 [info] > git check-ignore -v -z --stdin [1ms]
2026-05-31 20:44:44.038 [info] > git check-ignore -v -z --stdin [1ms]
2026-05-31 20:44:44.443 [info] > git check-ignore -v -z --stdin [1ms]
2026-05-31 20:44:45.197 [info] > git check-ignore -v -z --stdin [1ms]
2026-05-31 20:44:45.959 [info] > git check-ignore -v -z --stdin [2ms]
2026-05-31 20:44:55.924 [info] > git check-ignore -v -z --stdin [1ms]
2026-05-31 20:45:35.649 [info] > git check-ignore -v -z --stdin [1ms]
2026-05-31 20:45:46.754 [info] > git check-ignore -v -z --stdin [1ms]
2026-05-31 20:45:47.236 [info] > git check-ignore -v -z --stdin [1ms]
2026-05-31 20:45:47.468 [info] > git check-ignore -v -z --stdin [1ms]
2026-05-31 20:45:48.363 [info] > git check-ignore -v -z --stdin [1ms]
2026-05-31 20:45:49.499 [info] > git check-ignore -v -z --stdin [1ms]
2026-05-31 20:45:49.819 [info] > git check-ignore -v -z --stdin [1ms]
2026-05-31 20:45:50.506 [info] > git check-ignore -v -z --stdin [1ms]
2026-05-31 20:45:56.093 [info] > git check-ignore -v -z --stdin [1ms]
2026-05-31 20:45:56.548 [info] > git check-ignore -v -z --stdin [1ms]
2026-05-31 20:45:59.284 [info] > git check-ignore -v -z --stdin [1ms]
2026-05-31 20:45:59.771 [info] > git check-ignore -v -z --stdin [1ms]
2026-05-31 20:46:00.464 [info] > git check-ignore -v -z --stdin [1ms]
2026-05-31 20:46:07.641 [info] > git check-ignore -v -z --stdin [1ms]
2026-05-31 20:46:09.958 [info] > git check-ignore -v -z --stdin [1ms]
2026-05-31 20:46:11.026 [info] > git check-ignore -v -z --stdin [1ms]
2026-05-31 20:46:11.299 [info] > git check-ignore -v -z --stdin [1ms]
2026-05-31 20:46:12.141 [info] > git check-ignore -v -z --stdin [2ms]
2026-05-31 20:46:12.568 [info] > git check-ignore -v -z --stdin [1ms]
2026-05-31 20:46:13.161 [info] > git check-ignore -v -z --stdin [1ms]
2026-05-31 20:46:13.635 [info] > git check-ignore -v -z --stdin [1ms]
2026-05-31 20:46:20.440 [info] > git check-ignore -v -z --stdin [1ms]
2026-05-31 20:46:22.081 [info] > git check-ignore -v -z --stdin [1ms]
2026-05-31 20:46:22.361 [info] > git check-ignore -v -z --stdin [1ms]
2026-05-31 20:46:23.362 [info] > git check-ignore -v -z --stdin [1ms]
2026-05-31 20:46:23.916 [info] > git check-ignore -v -z --stdin [1ms]
2026-05-31 20:46:24.410 [info] > git check-ignore -v -z --stdin [1ms]
2026-05-31 20:46:24.847 [info] > git check-ignore -v -z --stdin [1ms]
2026-05-31 20:46:26.273 [info] > git check-ignore -v -z --stdin [1ms]
2026-05-31 20:46:27.022 [info] > git check-ignore -v -z --stdin [1ms]
2026-05-31 20:46:28.630 [info] > git check-ignore -v -z --stdin [1ms]
2026-05-31 20:46:29.910 [info] > git config --get commit.template [4ms]
2026-05-31 20:46:29.911 [info] > git for-each-ref --format=%(refname)%00%(upstream:short)%00%(objectname)%00%(upstream:track)%00%(upstream:remotename)%00%(upstream:remoteref) refs/heads/main refs/remotes/main [1ms]
2026-05-31 20:46:29.917 [info] > git status -z -uall [3ms]
2026-05-31 20:46:29.918 [info] > git for-each-ref --sort -committerdate --format %(refname)%00%(objectname)%00%(*objectname) [1ms]
2026-05-31 20:46:30.225 [info] > git check-ignore -v -z --stdin [1ms]
2026-05-31 20:46:37.303 [info] > git check-ignore -v -z --stdin [1ms]
2026-05-31 20:46:37.943 [info] > git check-ignore -v -z --stdin [1ms]
2026-05-31 20:46:39.162 [info] > git config --get commit.template [3ms]
2026-05-31 20:46:39.163 [info] > git for-each-ref --format=%(refname)%00%(upstream:short)%00%(objectname)%00%(upstream:track)%00%(upstream:remotename)%00%(upstream:remoteref) refs/heads/main refs/remotes/main [1ms]
2026-05-31 20:46:39.169 [info] > git status -z -uall [3ms]
2026-05-31 20:46:39.170 [info] > git for-each-ref --sort -committerdate --format %(refname)%00%(objectname)%00%(*objectname) [1ms]
2026-05-31 20:46:39.477 [info] > git check-ignore -v -z --stdin [1ms]
2026-05-31 20:46:51.968 [info] > git check-ignore -v -z --stdin [1ms]
2026-05-31 20:46:52.200 [info] > git check-ignore -v -z --stdin [1ms]
2026-05-31 20:46:53.208 [info] > git check-ignore -v -z --stdin [1ms]
2026-05-31 20:46:53.909 [info] > git check-ignore -v -z --stdin [1ms]
2026-05-31 20:46:54.738 [info] > git check-ignore -v -z --stdin [1ms]
2026-05-31 20:46:56.065 [info] > git config --get commit.template [4ms]
2026-05-31 20:46:56.065 [info] > git for-each-ref --format=%(refname)%00%(upstream:short)%00%(objectname)%00%(upstream:track)%00%(upstream:remotename)%00%(upstream:remoteref) refs/heads/main refs/remotes/main [1ms]
2026-05-31 20:46:56.071 [info] > git status -z -uall [3ms]
2026-05-31 20:46:56.072 [info] > git for-each-ref --sort -committerdate --format %(refname)%00%(objectname)%00%(*objectname) [1ms]
2026-05-31 20:46:56.379 [info] > git check-ignore -v -z --stdin [1ms]
2026-05-31 20:46:58.976 [info] > git ls-files --stage -- Makefile [1ms]
2026-05-31 20:46:58.980 [info] > git cat-file -s d5b5b35e7d3b725e8fc363e731372ec41dbef963 [1ms]
2026-05-31 20:46:58.984 [info] > git show --textconv :Makefile [1ms]
2026-05-31 20:47:01.082 [info] > git config --get commit.template [4ms]
2026-05-31 20:47:01.082 [info] > git for-each-ref --format=%(refname)%00%(upstream:short)%00%(objectname)%00%(upstream:track)%00%(upstream:remotename)%00%(upstream:remoteref) refs/heads/main refs/remotes/main [1ms]
2026-05-31 20:47:01.089 [info] > git status -z -uall [4ms]
2026-05-31 20:47:01.089 [info] > git for-each-ref --sort -committerdate --format %(refname)%00%(objectname)%00%(*objectname) [1ms]
2026-05-31 20:47:01.396 [info] > git check-ignore -v -z --stdin [1ms]
2026-05-31 20:47:06.028 [info] > git check-ignore -v -z --stdin [1ms]
2026-05-31 20:47:06.035 [info] > git show --textconv :internal/grpc/chat/server.go [4ms]
2026-05-31 20:47:06.035 [info] > git ls-files --stage -- internal/grpc/chat/server.go [1ms]
2026-05-31 20:47:06.039 [info] > git cat-file -s 121216754a92565b206fe3d697a3a64a6f195cef [1ms]
2026-05-31 20:47:32.194 [info] > git check-ignore -v -z --stdin [1ms]
2026-05-31 20:47:32.600 [info] > git check-ignore -v -z --stdin [1ms]
2026-05-31 20:47:33.664 [info] > git check-ignore -v -z --stdin [1ms]
2026-05-31 20:47:34.598 [info] > git config --get commit.template [3ms]
2026-05-31 20:47:34.599 [info] > git for-each-ref --format=%(refname)%00%(upstream:short)%00%(objectname)%00%(upstream:track)%00%(upstream:remotename)%00%(upstream:remoteref) refs/heads/main refs/remotes/main [1ms]
2026-05-31 20:47:34.605 [info] > git status -z -uall [3ms]
2026-05-31 20:47:34.605 [info] > git for-each-ref --sort -committerdate --format %(refname)%00%(objectname)%00%(*objectname) [1ms]
2026-05-31 20:47:34.912 [info] > git check-ignore -v -z --stdin [1ms]
2026-05-31 20:47:38.062 [info] > git check-ignore -v -z --stdin [1ms]
2026-05-31 20:47:38.069 [info] > git show --textconv :internal/services/chat/chat.go [3ms]
2026-05-31 20:47:38.069 [info] > git ls-files --stage -- internal/services/chat/chat.go [1ms]
2026-05-31 20:47:38.073 [info] > git cat-file -s 5b2ff8ac5b7b907140b72f7d3771b79b4cdcaf6b [1ms]
2026-05-31 20:47:53.773 [info] > git check-ignore -v -z --stdin [1ms]
2026-05-31 20:47:54.709 [info] > git check-ignore -v -z --stdin [1ms]
2026-05-31 20:47:55.963 [info] > git check-ignore -v -z --stdin [1ms]
2026-05-31 20:47:56.586 [info] > git check-ignore -v -z --stdin [1ms]
2026-05-31 20:47:57.766 [info] > git check-ignore -v -z --stdin [1ms]
2026-05-31 20:47:59.452 [info] > git config --get commit.template [3ms]
2026-05-31 20:47:59.453 [info] > git for-each-ref --format=%(refname)%00%(upstream:short)%00%(objectname)%00%(upstream:track)%00%(upstream:remotename)%00%(upstream:remoteref) refs/heads/main refs/remotes/main [1ms]
2026-05-31 20:47:59.459 [info] > git status -z -uall [3ms]
2026-05-31 20:47:59.460 [info] > git for-each-ref --sort -committerdate --format %(refname)%00%(objectname)%00%(*objectname) [1ms]
2026-05-31 20:47:59.767 [info] > git check-ignore -v -z --stdin [1ms]
2026-05-31 20:48:01.138 [info] > git check-ignore -v -z --stdin [1ms]
2026-05-31 20:48:01.145 [info] > git show --textconv :internal/app/app.go [3ms]
2026-05-31 20:48:01.146 [info] > git ls-files --stage -- internal/app/app.go [1ms]
2026-05-31 20:48:01.150 [info] > git cat-file -s 87da6f712f8dfcca6e12e2b37618961bc980642c [1ms]
2026-05-31 20:48:02.470 [info] > git check-ignore -v -z --stdin [1ms]
2026-05-31 20:48:02.477 [info] > git show --textconv :internal/services/chat/chat.go [3ms]
2026-05-31 20:48:02.478 [info] > git ls-files --stage -- internal/services/chat/chat.go [2ms]
2026-05-31 20:48:02.481 [info] > git cat-file -s 5b2ff8ac5b7b907140b72f7d3771b79b4cdcaf6b [1ms]
2026-05-31 20:48:18.267 [info] > git check-ignore -v -z --stdin [1ms]
2026-05-31 20:48:18.880 [info] > git check-ignore -v -z --stdin [1ms]
2026-05-31 20:48:19.430 [info] > git check-ignore -v -z --stdin [1ms]
2026-05-31 20:48:21.610 [info] > git check-ignore -v -z --stdin [1ms]
2026-05-31 20:48:22.411 [info] > git check-ignore -v -z --stdin [1ms]
2026-05-31 20:48:26.736 [info] > git check-ignore -v -z --stdin [1ms]
2026-05-31 20:48:27.244 [info] > git check-ignore -v -z --stdin [1ms]
2026-05-31 20:48:27.772 [info] > git check-ignore -v -z --stdin [1ms]
2026-05-31 20:48:28.887 [info] > git check-ignore -v -z --stdin [1ms]
2026-05-31 20:48:30.430 [info] > git config --get commit.template [4ms]
2026-05-31 20:48:30.430 [info] > git for-each-ref --format=%(refname)%00%(upstream:short)%00%(objectname)%00%(upstream:track)%00%(upstream:remotename)%00%(upstream:remoteref) refs/heads/main refs/remotes/main [1ms]
2026-05-31 20:48:30.436 [info] > git status -z -uall [3ms]
2026-05-31 20:48:30.437 [info] > git for-each-ref --sort -committerdate --format %(refname)%00%(objectname)%00%(*objectname) [1ms]
2026-05-31 20:48:30.796 [info] > git check-ignore -v -z --stdin [1ms]
2026-05-31 20:48:30.803 [info] > git show --textconv :internal/app/app.go [4ms]
2026-05-31 20:48:30.804 [info] > git ls-files --stage -- internal/app/app.go [1ms]
2026-05-31 20:48:30.807 [info] > git cat-file -s 87da6f712f8dfcca6e12e2b37618961bc980642c [1ms]
2026-05-31 20:48:46.228 [info] > git check-ignore -v -z --stdin [1ms]
2026-05-31 20:48:46.241 [info] > git ls-files --stage -- internal/app/grpc/app.go [1ms]
2026-05-31 20:48:46.270 [info] > git show --textconv :internal/app/grpc/app.go [33ms]
2026-05-31 20:48:46.270 [info] > git cat-file -s 351030358652f556ae92c9123b79aadbd4865b8d [26ms]
2026-05-31 20:48:46.277 [info] > git blame --root --incremental 924eb078d61de1f34c1199acc1fd434be595772c -- internal/app/grpc/app.go [2ms]
2026-05-31 20:48:46.619 [info] > git check-ignore -v -z --stdin [1ms]
2026-05-31 20:48:46.625 [info] > git show --textconv :internal/app/app.go [3ms]
2026-05-31 20:48:46.626 [info] > git ls-files --stage -- internal/app/app.go [1ms]
2026-05-31 20:48:46.629 [info] > git cat-file -s 87da6f712f8dfcca6e12e2b37618961bc980642c [1ms]
2026-05-31 20:48:53.628 [info] > git check-ignore -v -z --stdin [0ms]
2026-05-31 20:48:53.639 [info] > git show --textconv :internal/grpc/chat/server.go [2ms]
2026-05-31 20:48:53.640 [info] > git ls-files --stage -- internal/grpc/chat/server.go [1ms]
2026-05-31 20:48:53.643 [info] > git cat-file -s 121216754a92565b206fe3d697a3a64a6f195cef [0ms]
2026-05-31 20:49:07.794 [info] > git check-ignore -v -z --stdin [1ms]
2026-05-31 20:49:08.099 [info] > git check-ignore -v -z --stdin [0ms]
2026-05-31 20:49:08.600 [info] > git check-ignore -v -z --stdin [1ms]
2026-05-31 20:49:10.103 [info] > git check-ignore -v -z --stdin [1ms]
2026-05-31 20:49:10.531 [info] > git check-ignore -v -z --stdin [1ms]
2026-05-31 20:49:11.994 [info] > git config --get commit.template [3ms]
2026-05-31 20:49:11.995 [info] > git for-each-ref --format=%(refname)%00%(upstream:short)%00%(objectname)%00%(upstream:track)%00%(upstream:remotename)%00%(upstream:remoteref) refs/heads/main refs/remotes/main [1ms]
2026-05-31 20:49:12.001 [info] > git status -z -uall [3ms]
2026-05-31 20:49:12.002 [info] > git for-each-ref --sort -committerdate --format %(refname)%00%(objectname)%00%(*objectname) [1ms]
2026-05-31 20:49:12.309 [info] > git check-ignore -v -z --stdin [1ms]
2026-05-31 20:49:20.584 [info] > git check-ignore -v -z --stdin [1ms]
2026-05-31 20:49:21.435 [info] > git check-ignore -v -z --stdin [1ms]
2026-05-31 20:49:22.647 [info] > git check-ignore -v -z --stdin [1ms]
2026-05-31 20:49:29.041 [info] > git check-ignore -v -z --stdin [1ms]
2026-05-31 20:49:29.481 [info] > git check-ignore -v -z --stdin [1ms]
2026-05-31 20:49:30.409 [info] > git check-ignore -v -z --stdin [1ms]
2026-05-31 20:49:31.303 [info] > git check-ignore -v -z --stdin [0ms]
2026-05-31 20:49:31.536 [info] > git check-ignore -v -z --stdin [1ms]
2026-05-31 20:49:31.749 [info] > git check-ignore -v -z --stdin [1ms]
2026-05-31 20:49:32.459 [info] > git check-ignore -v -z --stdin [1ms]
2026-05-31 20:49:33.874 [info] > git check-ignore -v -z --stdin [1ms]
2026-05-31 20:49:33.965 [info] > git config --get commit.template [1ms]
2026-05-31 20:49:33.969 [info] > git for-each-ref --format=%(refname)%00%(upstream:short)%00%(objectname)%00%(upstream:track)%00%(upstream:remotename)%00%(upstream:remoteref) refs/heads/main refs/remotes/main [1ms]
2026-05-31 20:49:33.975 [info] > git status -z -uall [3ms]
2026-05-31 20:49:33.976 [info] > git for-each-ref --sort -committerdate --format %(refname)%00%(objectname)%00%(*objectname) [1ms]
2026-05-31 20:49:34.283 [info] > git check-ignore -v -z --stdin [1ms]
2026-05-31 20:49:38.984 [info] > git config --get commit.template [3ms]
2026-05-31 20:49:38.985 [info] > git for-each-ref --format=%(refname)%00%(upstream:short)%00%(objectname)%00%(upstream:track)%00%(upstream:remotename)%00%(upstream:remoteref) refs/heads/main refs/remotes/main [1ms]
2026-05-31 20:49:39.022 [info] > git status -z -uall [3ms]
2026-05-31 20:49:39.023 [info] > git for-each-ref --sort -committerdate --format %(refname)%00%(objectname)%00%(*objectname) [1ms]
2026-05-31 20:49:39.330 [info] > git check-ignore -v -z --stdin [1ms]
2026-05-31 20:49:42.059 [info] > git check-ignore -v -z --stdin [0ms]
2026-05-31 20:49:42.963 [info] > git check-ignore -v -z --stdin [1ms]
2026-05-31 20:49:45.397 [info] > git check-ignore -v -z --stdin [1ms]
2026-05-31 20:49:47.504 [info] > git check-ignore -v -z --stdin [1ms]
2026-05-31 20:49:48.712 [info] > git config --get commit.template [4ms]
2026-05-31 20:49:48.712 [info] > git for-each-ref --format=%(refname)%00%(upstream:short)%00%(objectname)%00%(upstream:track)%00%(upstream:remotename)%00%(upstream:remoteref) refs/heads/main refs/remotes/main [1ms]
2026-05-31 20:49:48.719 [info] > git status -z -uall [4ms]
2026-05-31 20:49:48.719 [info] > git for-each-ref --sort -committerdate --format %(refname)%00%(objectname)%00%(*objectname) [1ms]
2026-05-31 20:49:49.026 [info] > git check-ignore -v -z --stdin [1ms]
2026-05-31 20:49:57.391 [info] > git check-ignore -v -z --stdin [1ms]
2026-05-31 20:49:57.643 [info] > git check-ignore -v -z --stdin [1ms]
2026-05-31 20:49:59.152 [info] > git check-ignore -v -z --stdin [1ms]
2026-05-31 20:49:59.358 [info] > git check-ignore -v -z --stdin [1ms]
2026-05-31 20:50:00.579 [info] > git check-ignore -v -z --stdin [1ms]
2026-05-31 20:50:02.164 [info] > git config --get commit.template [4ms]
2026-05-31 20:50:02.165 [info] > git for-each-ref --format=%(refname)%00%(upstream:short)%00%(objectname)%00%(upstream:track)%00%(upstream:remotename)%00%(upstream:remoteref) refs/heads/main refs/remotes/main [1ms]
2026-05-31 20:50:02.170 [info] > git status -z -uall [3ms]
2026-05-31 20:50:02.171 [info] > git for-each-ref --sort -committerdate --format %(refname)%00%(objectname)%00%(*objectname) [1ms]
2026-05-31 20:50:02.478 [info] > git check-ignore -v -z --stdin [1ms]
2026-05-31 20:50:10.555 [info] > git check-ignore -v -z --stdin [1ms]
2026-05-31 20:50:10.563 [info] > git show --textconv :internal/app/app.go [4ms]
2026-05-31 20:50:10.563 [info] > git ls-files --stage -- internal/app/app.go [1ms]
2026-05-31 20:50:10.567 [info] > git cat-file -s 87da6f712f8dfcca6e12e2b37618961bc980642c [1ms]
2026-05-31 20:50:11.301 [info] > git check-ignore -v -z --stdin [1ms]
2026-05-31 20:50:11.308 [info] > git show --textconv :internal/grpc/chat/server.go [4ms]
2026-05-31 20:50:11.308 [info] > git ls-files --stage -- internal/grpc/chat/server.go [1ms]
2026-05-31 20:50:11.312 [info] > git cat-file -s 121216754a92565b206fe3d697a3a64a6f195cef [1ms]
2026-05-31 20:50:12.636 [info] > git check-ignore -v -z --stdin [1ms]
2026-05-31 20:50:12.643 [info] > git show --textconv :internal/services/chat/chat.go [3ms]
2026-05-31 20:50:12.643 [info] > git ls-files --stage -- internal/services/chat/chat.go [0ms]
2026-05-31 20:50:12.647 [info] > git cat-file -s 5b2ff8ac5b7b907140b72f7d3771b79b4cdcaf6b [1ms]
2026-05-31 20:50:26.882 [info] > git check-ignore -v -z --stdin [1ms]
2026-05-31 20:50:26.889 [info] > git show --textconv :internal/app/grpc/app.go [3ms]
2026-05-31 20:50:26.890 [info] > git ls-files --stage -- internal/app/grpc/app.go [1ms]
2026-05-31 20:50:26.893 [info] > git cat-file -s 351030358652f556ae92c9123b79aadbd4865b8d [1ms]
2026-05-31 20:50:46.552 [info] > git check-ignore -v -z --stdin [1ms]
2026-05-31 20:50:46.559 [info] > git show --textconv :internal/app/app.go [4ms]
2026-05-31 20:50:46.560 [info] > git ls-files --stage -- internal/app/app.go [1ms]
2026-05-31 20:50:46.563 [info] > git cat-file -s 87da6f712f8dfcca6e12e2b37618961bc980642c [1ms]
2026-05-31 20:50:50.886 [info] > git check-ignore -v -z --stdin [0ms]
2026-05-31 20:50:50.893 [info] > git show --textconv :internal/services/chat/chat.go [3ms]
2026-05-31 20:50:50.894 [info] > git ls-files --stage -- internal/services/chat/chat.go [1ms]
2026-05-31 20:50:50.897 [info] > git cat-file -s 5b2ff8ac5b7b907140b72f7d3771b79b4cdcaf6b [1ms]
2026-05-31 20:50:55.749 [info] > git check-ignore -v -z --stdin [1ms]
2026-05-31 20:50:58.614 [info] > git check-ignore -v -z --stdin [1ms]
2026-05-31 20:51:00.936 [info] > git check-ignore -v -z --stdin [1ms]
2026-05-31 20:51:01.509 [info] > git check-ignore -v -z --stdin [1ms]
2026-05-31 20:51:02.077 [info] > git check-ignore -v -z --stdin [1ms]
2026-05-31 20:51:02.585 [info] > git check-ignore -v -z --stdin [1ms]
2026-05-31 20:51:03.559 [info] > git check-ignore -v -z --stdin [1ms]
2026-05-31 20:51:05.847 [info] > git check-ignore -v -z --stdin [0ms]
2026-05-31 20:51:06.362 [info] > git check-ignore -v -z --stdin [1ms]
2026-05-31 20:51:06.803 [info] > git check-ignore -v -z --stdin [1ms]
2026-05-31 20:51:07.897 [info] > git check-ignore -v -z --stdin [1ms]
2026-05-31 20:51:08.446 [info] > git check-ignore -v -z --stdin [1ms]
2026-05-31 20:51:10.002 [info] > git config --get commit.template [4ms]
2026-05-31 20:51:10.002 [info] > git for-each-ref --format=%(refname)%00%(upstream:short)%00%(objectname)%00%(upstream:track)%00%(upstream:remotename)%00%(upstream:remoteref) refs/heads/main refs/remotes/main [1ms]
2026-05-31 20:51:10.008 [info] > git status -z -uall [3ms]
2026-05-31 20:51:10.009 [info] > git for-each-ref --sort -committerdate --format %(refname)%00%(objectname)%00%(*objectname) [1ms]
2026-05-31 20:51:10.316 [info] > git check-ignore -v -z --stdin [1ms]
2026-05-31 20:51:10.729 [info] > git check-ignore -v -z --stdin [1ms]
2026-05-31 20:51:10.736 [info] > git show --textconv :internal/app/app.go [3ms]
2026-05-31 20:51:10.737 [info] > git ls-files --stage -- internal/app/app.go [1ms]
2026-05-31 20:51:10.740 [info] > git cat-file -s 87da6f712f8dfcca6e12e2b37618961bc980642c [1ms]
2026-05-31 20:51:13.886 [info] > git check-ignore -v -z --stdin [1ms]
2026-05-31 20:51:14.546 [info] > git check-ignore -v -z --stdin [1ms]
2026-05-31 20:51:16.715 [info] > git check-ignore -v -z --stdin [1ms]
2026-05-31 20:51:16.989 [info] > git check-ignore -v -z --stdin [1ms]
2026-05-31 20:51:18.117 [info] > git check-ignore -v -z --stdin [1ms]
2026-05-31 20:51:18.337 [info] > git check-ignore -v -z --stdin [1ms]
2026-05-31 20:51:18.684 [info] > git check-ignore -v -z --stdin [1ms]
2026-05-31 20:51:19.078 [info] > git check-ignore -v -z --stdin [1ms]
2026-05-31 20:51:19.926 [info] > git check-ignore -v -z --stdin [1ms]
2026-05-31 20:51:22.595 [info] > git check-ignore -v -z --stdin [1ms]
2026-05-31 20:51:22.923 [info] > git check-ignore -v -z --stdin [1ms]
2026-05-31 20:51:23.871 [info] > git check-ignore -v -z --stdin [1ms]
2026-05-31 20:51:26.409 [info] > git check-ignore -v -z --stdin [1ms]
2026-05-31 20:51:28.744 [info] > git check-ignore -v -z --stdin [1ms]
2026-05-31 20:51:29.291 [info] > git check-ignore -v -z --stdin [1ms]
2026-05-31 20:51:29.953 [info] > git check-ignore -v -z --stdin [1ms]
2026-05-31 20:51:34.471 [info] > git check-ignore -v -z --stdin [1ms]
2026-05-31 20:51:35.020 [info] > git check-ignore -v -z --stdin [1ms]
2026-05-31 20:51:35.571 [info] > git check-ignore -v -z --stdin [1ms]
2026-05-31 20:51:38.490 [info] > git check-ignore -v -z --stdin [1ms]
2026-05-31 20:51:49.596 [info] > git check-ignore -v -z --stdin [1ms]
2026-05-31 20:51:49.942 [info] > git check-ignore -v -z --stdin [1ms]
2026-05-31 20:52:03.369 [info] > git check-ignore -v -z --stdin [1ms]
2026-05-31 20:52:04.683 [info] > git check-ignore -v -z --stdin [1ms]
2026-05-31 20:52:05.338 [info] > git check-ignore -v -z --stdin [2ms]
2026-05-31 20:52:05.550 [info] > git check-ignore -v -z --stdin [1ms]
2026-05-31 20:52:06.165 [info] > git check-ignore -v -z --stdin [1ms]
2026-05-31 20:52:06.411 [info] > git check-ignore -v -z --stdin [1ms]
2026-05-31 20:52:07.199 [info] > git check-ignore -v -z --stdin [1ms]
2026-05-31 20:52:07.534 [info] > git check-ignore -v -z --stdin [1ms]
2026-05-31 20:52:08.302 [info] > git check-ignore -v -z --stdin [1ms]
2026-05-31 20:52:09.617 [info] > git check-ignore -v -z --stdin [1ms]
2026-05-31 20:52:09.956 [info] > git check-ignore -v -z --stdin [1ms]
2026-05-31 20:52:10.289 [info] > git check-ignore -v -z --stdin [1ms]
2026-05-31 20:52:10.904 [info] > git check-ignore -v -z --stdin [1ms]
2026-05-31 20:52:13.688 [info] > git check-ignore -v -z --stdin [1ms]
2026-05-31 20:52:14.516 [info] > git check-ignore -v -z --stdin [1ms]
2026-05-31 20:52:15.798 [info] > git config --get commit.template [3ms]
2026-05-31 20:52:15.799 [info] > git for-each-ref --format=%(refname)%00%(upstream:short)%00%(objectname)%00%(upstream:track)%00%(upstream:remotename)%00%(upstream:remoteref) refs/heads/main refs/remotes/main [1ms]
2026-05-31 20:52:15.805 [info] > git status -z -uall [3ms]
2026-05-31 20:52:15.805 [info] > git for-each-ref --sort -committerdate --format %(refname)%00%(objectname)%00%(*objectname) [1ms]
2026-05-31 20:52:16.112 [info] > git check-ignore -v -z --stdin [1ms]
2026-05-31 20:52:18.869 [info] > git check-ignore -v -z --stdin [1ms]
2026-05-31 20:52:19.475 [info] > git check-ignore -v -z --stdin [1ms]
2026-05-31 20:52:19.768 [info] > git check-ignore -v -z --stdin [1ms]
2026-05-31 20:52:20.190 [info] > git check-ignore -v -z --stdin [1ms]
2026-05-31 20:52:20.738 [info] > git check-ignore -v -z --stdin [1ms]
2026-05-31 20:52:35.292 [info] > git check-ignore -v -z --stdin [1ms]
2026-05-31 20:52:35.299 [info] > git show --textconv :internal/services/chat/chat.go [3ms]
2026-05-31 20:52:35.299 [info] > git ls-files --stage -- internal/services/chat/chat.go [0ms]
2026-05-31 20:52:35.303 [info] > git cat-file -s 5b2ff8ac5b7b907140b72f7d3771b79b4cdcaf6b [1ms]
2026-05-31 20:52:57.867 [info] > git config --get commit.template [3ms]
2026-05-31 20:52:57.868 [info] > git for-each-ref --format=%(refname)%00%(upstream:short)%00%(objectname)%00%(upstream:track)%00%(upstream:remotename)%00%(upstream:remoteref) refs/heads/main refs/remotes/main [1ms]
2026-05-31 20:52:57.874 [info] > git status -z -uall [3ms]
2026-05-31 20:52:57.875 [info] > git for-each-ref --sort -committerdate --format %(refname)%00%(objectname)%00%(*objectname) [1ms]
2026-05-31 20:53:00.973 [info] > git check-ignore -v -z --stdin [1ms]
2026-05-31 20:53:00.981 [info] > git show --textconv :internal/services/chat/chat.go [3ms]
2026-05-31 20:53:00.982 [info] > git ls-files --stage -- internal/services/chat/chat.go [1ms]
2026-05-31 20:53:00.986 [info] > git cat-file -s 5b2ff8ac5b7b907140b72f7d3771b79b4cdcaf6b [1ms]
2026-05-31 20:53:04.477 [info] > git check-ignore -v -z --stdin [1ms]
2026-05-31 20:53:04.483 [info] > git show --textconv :internal/app/app.go [3ms]
2026-05-31 20:53:04.484 [info] > git ls-files --stage -- internal/app/app.go [1ms]
2026-05-31 20:53:04.487 [info] > git cat-file -s 87da6f712f8dfcca6e12e2b37618961bc980642c [1ms]
2026-05-31 20:53:08.612 [info] > git config --get commit.template [3ms]
2026-05-31 20:53:08.613 [info] > git for-each-ref --format=%(refname)%00%(upstream:short)%00%(objectname)%00%(upstream:track)%00%(upstream:remotename)%00%(upstream:remoteref) refs/heads/main refs/remotes/main [1ms]
2026-05-31 20:53:08.619 [info] > git status -z -uall [3ms]
2026-05-31 20:53:08.620 [info] > git for-each-ref --sort -committerdate --format %(refname)%00%(objectname)%00%(*objectname) [1ms]
2026-05-31 20:53:08.927 [info] > git check-ignore -v -z --stdin [1ms]
2026-05-31 20:53:22.223 [info] > git check-ignore -v -z --stdin [1ms]
2026-05-31 20:53:22.229 [info] > git show --textconv :cmd/migrator/main.go [3ms]
2026-05-31 20:53:22.230 [info] > git ls-files --stage -- cmd/migrator/main.go [1ms]
2026-05-31 20:53:22.233 [info] > git cat-file -s 55c377959ebad34fdeffea21c74bb0aff82f7086 [0ms]
2026-05-31 20:53:23.896 [info] > git check-ignore -v -z --stdin [1ms]
2026-05-31 20:53:23.903 [info] > git show --textconv :cmd/chat/main.go [3ms]
2026-05-31 20:53:23.904 [info] > git ls-files --stage -- cmd/chat/main.go [1ms]
2026-05-31 20:53:23.907 [info] > git cat-file -s 7c2f225eb702c576f3541985270b072e932861bc [1ms]
2026-05-31 20:53:27.166 [info] > git check-ignore -v -z --stdin [1ms]
2026-05-31 20:53:27.577 [info] > git check-ignore -v -z --stdin [1ms]
2026-05-31 20:53:28.104 [info] > git check-ignore -v -z --stdin [1ms]
2026-05-31 20:53:28.524 [info] > git check-ignore -v -z --stdin [1ms]
2026-05-31 20:53:28.811 [info] > git check-ignore -v -z --stdin [1ms]
2026-05-31 20:53:30.060 [info] > git check-ignore -v -z --stdin [1ms]
2026-05-31 20:53:30.761 [info] > git check-ignore -v -z --stdin [1ms]
2026-05-31 20:53:31.561 [info] > git check-ignore -v -z --stdin [1ms]
2026-05-31 20:53:32.444 [info] > git config --get commit.template [3ms]
2026-05-31 20:53:32.445 [info] > git for-each-ref --format=%(refname)%00%(upstream:short)%00%(objectname)%00%(upstream:track)%00%(upstream:remotename)%00%(upstream:remoteref) refs/heads/main refs/remotes/main [1ms]
2026-05-31 20:53:32.451 [info] > git status -z -uall [4ms]
2026-05-31 20:53:32.452 [info] > git for-each-ref --sort -committerdate --format %(refname)%00%(objectname)%00%(*objectname) [2ms]
2026-05-31 20:53:32.760 [info] > git check-ignore -v -z --stdin [1ms]
2026-05-31 20:53:37.993 [info] > git check-ignore -v -z --stdin [1ms]
2026-05-31 20:53:38.418 [info] > git check-ignore -v -z --stdin [1ms]
2026-05-31 20:53:41.027 [info] > git check-ignore -v -z --stdin [1ms]
2026-05-31 20:53:42.191 [info] > git check-ignore -v -z --stdin [1ms]
2026-05-31 20:53:43.491 [info] > git check-ignore -v -z --stdin [1ms]
2026-05-31 20:53:44.527 [info] > git check-ignore -v -z --stdin [1ms]
2026-05-31 20:53:45.567 [info] > git check-ignore -v -z --stdin [1ms]
2026-05-31 20:53:47.323 [info] > git check-ignore -v -z --stdin [1ms]
2026-05-31 20:53:47.542 [info] > git check-ignore -v -z --stdin [1ms]
2026-05-31 20:53:48.143 [info] > git check-ignore -v -z --stdin [1ms]
2026-05-31 20:53:49.164 [info] > git check-ignore -v -z --stdin [0ms]
2026-05-31 20:53:50.588 [info] > git config --get commit.template [3ms]
2026-05-31 20:53:50.589 [info] > git for-each-ref --format=%(refname)%00%(upstream:short)%00%(objectname)%00%(upstream:track)%00%(upstream:remotename)%00%(upstream:remoteref) refs/heads/main refs/remotes/main [1ms]
2026-05-31 20:53:50.595 [info] > git status -z -uall [3ms]
2026-05-31 20:53:50.596 [info] > git for-each-ref --sort -committerdate --format %(refname)%00%(objectname)%00%(*objectname) [1ms]
2026-05-31 20:53:50.902 [info] > git check-ignore -v -z --stdin [1ms]
